2025-10-19 13:30:38 | INFO | EM | ================================================================================
2025-10-19 13:30:38 | INFO | EM | RUN START | run_id=20251019_133038 | run_name=LMI_C_r1_002
2025-10-19 13:30:38 | INFO | EM | COMMAND: /root/miniconda3/bin/python /root/hyperparameter-tuning/main.py --task_type=LMI --epochs=10 --seed=0 --run_name=LMI_C_r1_002 --dimensions=32 --hidden1=128 --hidden2=64 --lr=5e-05 --weight_decay=0.0001 --dropout=0.0 --batch=32 --moco_queue=1024 --moco_momentum=0.99 --moco_t=0.2 --loss_ratio1=0.6 --loss_ratio2=0.5 --loss_ratio3=0.4 --feature_type=one_hot --augment=random_permute_features,attribute_mask,noise_then_mask --augment_mode=online --proj_dim=32 --similarity_threshold=0.5 --noise_std=0.02 --mask_rate=0.2
2025-10-19 13:30:38 | INFO | EM | ================================================================================
2025-10-19 13:30:38 | INFO | EM.result | Result directory: /root/OUTPUT/result/LMI_C_r1_002_data_20251019_133038
2025-10-19 13:30:38 | INFO | EM | Initialized logging and result directory.
2025-10-19 13:30:38 | INFO | EM | Using CUDA: True
2025-10-19 13:30:38 | INFO | EM | CUDA device count: 1
2025-10-19 13:30:38 | INFO | EM | Current CUDA device: 0
2025-10-19 13:30:38 | INFO | EM | CUDA device name: NVIDIA GeForce RTX 4090
2025-10-19 13:30:38 | INFO | EM | === Augmentation Config ===
2025-10-19 13:30:38 | INFO | EM | [AUG CONFIG] Multiple augmentations detected: random_permute_features, attribute_mask, noise_then_mask
2025-10-19 13:30:38 | INFO | EM | augment=random_permute_features,attribute_mask,noise_then_mask | mode=online | noise_std=0.02 | mask_rate=0.2 | augment_seed=None (None means seed+fold for static)
2025-10-19 13:30:38 | INFO | EM | ===========================
2025-10-19 13:30:38 | INFO | EM | Loading dataset1/LDA.edgelist seed0 dataset...
2025-10-19 13:30:38 | INFO | EM | Selected cross_validation type: 5_cv1
2025-10-19 13:30:38 | INFO | EM | Selected task_type: LMI
2025-10-19 13:30:38 | INFO | EM | Selected feature_type: one_hot
2025-10-19 13:30:38 | INFO | EM | Selected embed_dim: N/A
2025-10-19 13:30:38 | INFO | EM | Selected learning_rate: N/A
2025-10-19 13:30:38 | INFO | EM | Selected epochs: 10
2025-10-19 13:30:38 | INFO | EM | Selected task type...
2025-10-19 13:30:47 | INFO | EM.print | [AUG][static][fold=1] start name=random_permute_features noise_std=0.02 mask_rate=0.2 seed=0
2025-10-19 13:30:47 | INFO | EM.print | [AUG][static][fold=1] done name=random_permute_features shape=(1140, 1140)
2025-10-19 13:30:47 | INFO | EM.augment | [AUGMENT][fold=1] name=random_permute_features noise_std=0.02 mask_rate=0.2 seed=0 masked_cols=0 shape=(1140, 1140) mean=0.0009 std=0.0296
2025-10-19 13:30:55 | INFO | EM.print | [AUG][static][fold=2] start name=random_permute_features noise_std=0.02 mask_rate=0.2 seed=1
2025-10-19 13:30:55 | INFO | EM.print | [AUG][static][fold=2] done name=random_permute_features shape=(1140, 1140)
2025-10-19 13:30:55 | INFO | EM.augment | [AUGMENT][fold=2] name=random_permute_features noise_std=0.02 mask_rate=0.2 seed=1 masked_cols=0 shape=(1140, 1140) mean=0.0009 std=0.0296
2025-10-19 13:31:04 | INFO | EM.print | [AUG][static][fold=3] start name=random_permute_features noise_std=0.02 mask_rate=0.2 seed=2
2025-10-19 13:31:04 | INFO | EM.print | [AUG][static][fold=3] done name=random_permute_features shape=(1140, 1140)
2025-10-19 13:31:04 | INFO | EM.augment | [AUGMENT][fold=3] name=random_permute_features noise_std=0.02 mask_rate=0.2 seed=2 masked_cols=0 shape=(1140, 1140) mean=0.0009 std=0.0296
2025-10-19 13:31:12 | INFO | EM.print | [AUG][static][fold=4] start name=random_permute_features noise_std=0.02 mask_rate=0.2 seed=3
2025-10-19 13:31:12 | INFO | EM.print | [AUG][static][fold=4] done name=random_permute_features shape=(1140, 1140)
2025-10-19 13:31:12 | INFO | EM.augment | [AUGMENT][fold=4] name=random_permute_features noise_std=0.02 mask_rate=0.2 seed=3 masked_cols=0 shape=(1140, 1140) mean=0.0009 std=0.0296
2025-10-19 13:31:20 | INFO | EM.print | [AUG][static][fold=5] start name=random_permute_features noise_std=0.02 mask_rate=0.2 seed=4
2025-10-19 13:31:20 | INFO | EM.print | [AUG][static][fold=5] done name=random_permute_features shape=(1140, 1140)
2025-10-19 13:31:20 | INFO | EM.augment | [AUGMENT][fold=5] name=random_permute_features noise_std=0.02 mask_rate=0.2 seed=4 masked_cols=0 shape=(1140, 1140) mean=0.0009 std=0.0296
2025-10-19 13:31:20 | INFO | EM | [DATALOADER] os=linux workers=8 prefetch_factor=4
2025-10-19 13:31:20 | INFO | EM.fold_stats | Saved fold stats to /root/OUTPUT/result/metrics/fold_stats.json
2025-10-19 13:31:20 | INFO | EM | Loading finished!
2025-10-19 13:31:20 | INFO | EM | Starting 5-fold cross validation...
2025-10-19 13:31:20 | INFO | EM | === Fold 1/5 ===
2025-10-19 13:31:20 | INFO | EM.result.save | Saved result text: /root/OUTPUT/result/LMI_C_r1_002_data_20251019_133038/metrics/adv_config_fold_1_20251019_133038.json.txt
2025-10-19 13:31:20 | INFO | EM.print | [SAVE] adv config saved: metrics/adv_config_fold_1_20251019_133038.json
2025-10-19 13:31:20 | INFO | EM.print | Start Training...
2025-10-19 13:31:20 | INFO | EM.print | -------- Epoch 1 --------
2025-10-19 13:31:21 | INFO | EM.print | [AUG][online][epoch=1][iter=0] start name=random_permute_features noise_std=0.02 mask_rate=0.2 seed=0
2025-10-19 13:31:21 | INFO | EM.print | [AUG][online][epoch=1][iter=0] done name=random_permute_features shape=(1140, 1140)
2025-10-19 13:31:21 | INFO | EM.print | [ONLINE-AUG] mode=online name=random_permute_features noise_std=0.02 mask_rate=0.2 base_seed=0
2025-10-19 13:31:21 | INFO | EM.print | epoch: 1/ iteration: 1/ loss_train: 2.2113075 | task_loss:0.6948 cont_loss:3.0162 adv_loss:0.7159
2025-10-19 13:31:23 | INFO | EM.print | epoch: 1/ iteration: 101/ loss_train: 4.006687 | task_loss:0.4673 cont_loss:6.9301 adv_loss:0.6531
2025-10-19 13:31:24 | INFO | EM.print | epoch: 0001 loss_train: 3.9584 task_loss: 0.3956 cont_loss: 6.9314 adv_loss: 0.6384 auroc_train: 0.7994 auprc_train: 0.7853 precision_train: 0.6852 recall_train: 0.8357 f1_train: 0.7530 cm_train: (tn=1322, fp=823, fn=352, tp=1791)
2025-10-19 13:31:24 | INFO | EM.print | -------- Epoch 2 --------
2025-10-19 13:31:24 | INFO | EM.print | [AUG][online][epoch=2][iter=0] start name=random_permute_features noise_std=0.02 mask_rate=0.2 seed=1000
2025-10-19 13:31:24 | INFO | EM.print | [AUG][online][epoch=2][iter=0] done name=random_permute_features shape=(1140, 1140)
2025-10-19 13:31:24 | INFO | EM.print | [ONLINE-AUG] mode=online name=random_permute_features noise_std=0.02 mask_rate=0.2 base_seed=0
2025-10-19 13:31:24 | INFO | EM.print | epoch: 2/ iteration: 1/ loss_train: 3.9391026 | task_loss:0.3625 cont_loss:6.9310 adv_loss:0.6403
2025-10-19 13:31:27 | INFO | EM.print | epoch: 2/ iteration: 101/ loss_train: 3.9209368 | task_loss:0.3811 cont_loss:6.9319 adv_loss:0.5659
2025-10-19 13:31:28 | INFO | EM.print | epoch: 0002 loss_train: 3.8286 task_loss: 0.2503 cont_loss: 6.9322 adv_loss: 0.5309 auroc_train: 0.9313 auprc_train: 0.9272 precision_train: 0.8515 recall_train: 0.8483 f1_train: 0.8499 cm_train: (tn=1829, fp=317, fn=325, tp=1817)
2025-10-19 13:31:28 | INFO | EM.print | -------- Epoch 3 --------
2025-10-19 13:31:28 | INFO | EM.print | [AUG][online][epoch=3][iter=0] start name=random_permute_features noise_std=0.02 mask_rate=0.2 seed=2000
2025-10-19 13:31:28 | INFO | EM.print | [AUG][online][epoch=3][iter=0] done name=random_permute_features shape=(1140, 1140)
2025-10-19 13:31:28 | INFO | EM.print | [ONLINE-AUG] mode=online name=random_permute_features noise_std=0.02 mask_rate=0.2 base_seed=0
2025-10-19 13:31:28 | INFO | EM.print | epoch: 3/ iteration: 1/ loss_train: 3.8646998 | task_loss:0.3070 cont_loss:6.9316 adv_loss:0.5367
2025-10-19 13:31:30 | INFO | EM.print | epoch: 3/ iteration: 101/ loss_train: 3.900653 | task_loss:0.4545 cont_loss:6.9334 adv_loss:0.4032
2025-10-19 13:31:31 | INFO | EM.print | epoch: 0003 loss_train: 3.7701 task_loss: 0.2647 cont_loss: 6.9320 adv_loss: 0.3632 auroc_train: 0.9459 auprc_train: 0.9445 precision_train: 0.8637 recall_train: 0.8754 f1_train: 0.8695 cm_train: (tn=1849, fp=296, fn=267, tp=1876)
2025-10-19 13:31:31 | INFO | EM.print | -------- Epoch 4 --------
2025-10-19 13:31:31 | INFO | EM.print | [AUG][online][epoch=4][iter=0] start name=random_permute_features noise_std=0.02 mask_rate=0.2 seed=3000
2025-10-19 13:31:31 | INFO | EM.print | [AUG][online][epoch=4][iter=0] done name=random_permute_features shape=(1140, 1140)
2025-10-19 13:31:31 | INFO | EM.print | [ONLINE-AUG] mode=online name=random_permute_features noise_std=0.02 mask_rate=0.2 base_seed=0
2025-10-19 13:31:31 | INFO | EM.print | epoch: 4/ iteration: 1/ loss_train: 3.7614133 | task_loss:0.2514 cont_loss:6.9311 adv_loss:0.3624
2025-10-19 13:31:34 | INFO | EM.print | epoch: 4/ iteration: 101/ loss_train: 3.6809845 | task_loss:0.1952 cont_loss:6.9295 adv_loss:0.2477
2025-10-19 13:31:34 | INFO | EM.print | epoch: 0004 loss_train: 3.6444 task_loss: 0.1582 cont_loss: 6.9269 adv_loss: 0.2152 auroc_train: 0.9513 auprc_train: 0.9498 precision_train: 0.8798 recall_train: 0.8802 f1_train: 0.8800 cm_train: (tn=1885, fp=258, fn=257, tp=1888)
2025-10-19 13:31:34 | INFO | EM.print | -------- Epoch 5 --------
2025-10-19 13:31:35 | INFO | EM.print | [AUG][online][epoch=5][iter=0] start name=random_permute_features noise_std=0.02 mask_rate=0.2 seed=4000
2025-10-19 13:31:35 | INFO | EM.print | [AUG][online][epoch=5][iter=0] done name=random_permute_features shape=(1140, 1140)
2025-10-19 13:31:35 | INFO | EM.print | [ONLINE-AUG] mode=online name=random_permute_features noise_std=0.02 mask_rate=0.2 base_seed=0
2025-10-19 13:31:35 | INFO | EM.print | epoch: 5/ iteration: 1/ loss_train: 3.690044 | task_loss:0.2325 cont_loss:6.9278 adv_loss:0.2167
2025-10-19 13:31:37 | INFO | EM.print | epoch: 5/ iteration: 101/ loss_train: 3.6889262 | task_loss:0.2890 cont_loss:6.9198 adv_loss:0.1391
2025-10-19 13:31:38 | INFO | EM.print | epoch: 0005 loss_train: 3.6950 task_loss: 0.3183 cont_loss: 6.9148 adv_loss: 0.1166 auroc_train: 0.9531 auprc_train: 0.9511 precision_train: 0.8832 recall_train: 0.8815 f1_train: 0.8824 cm_train: (tn=1894, fp=250, fn=254, tp=1890)
2025-10-19 13:31:38 | INFO | EM.print | -------- Epoch 6 --------
2025-10-19 13:31:38 | INFO | EM.print | [AUG][online][epoch=6][iter=0] start name=random_permute_features noise_std=0.02 mask_rate=0.2 seed=5000
2025-10-19 13:31:38 | INFO | EM.print | [AUG][online][epoch=6][iter=0] done name=random_permute_features shape=(1140, 1140)
2025-10-19 13:31:38 | INFO | EM.print | [ONLINE-AUG] mode=online name=random_permute_features noise_std=0.02 mask_rate=0.2 base_seed=0
2025-10-19 13:31:38 | INFO | EM.print | epoch: 6/ iteration: 1/ loss_train: 3.6614432 | task_loss:0.2630 cont_loss:6.9176 adv_loss:0.1121
2025-10-19 13:31:41 | INFO | EM.print | epoch: 6/ iteration: 101/ loss_train: 3.586176 | task_loss:0.1743 cont_loss:6.8951 adv_loss:0.0851
2025-10-19 13:31:41 | INFO | EM.print | epoch: 0006 loss_train: 3.6554 task_loss: 0.3191 cont_loss: 6.8635 adv_loss: 0.0804 auroc_train: 0.9551 auprc_train: 0.9536 precision_train: 0.8840 recall_train: 0.8856 f1_train: 0.8848 cm_train: (tn=1897, fp=249, fn=245, tp=1897)
2025-10-19 13:31:41 | INFO | EM.print | -------- Epoch 7 --------
2025-10-19 13:31:41 | INFO | EM.print | [AUG][online][epoch=7][iter=0] start name=random_permute_features noise_std=0.02 mask_rate=0.2 seed=6000
2025-10-19 13:31:41 | INFO | EM.print | [AUG][online][epoch=7][iter=0] done name=random_permute_features shape=(1140, 1140)
2025-10-19 13:31:41 | INFO | EM.print | [ONLINE-AUG] mode=online name=random_permute_features noise_std=0.02 mask_rate=0.2 base_seed=0
2025-10-19 13:31:41 | INFO | EM.print | epoch: 7/ iteration: 1/ loss_train: 3.658383 | task_loss:0.3208 cont_loss:6.8702 adv_loss:0.0769
2025-10-19 13:31:44 | INFO | EM.print | epoch: 7/ iteration: 101/ loss_train: 3.6165862 | task_loss:0.3555 cont_loss:6.7639 adv_loss:0.0533
2025-10-19 13:31:45 | INFO | EM.print | epoch: 0007 loss_train: 3.4919 task_loss: 0.1900 cont_loss: 6.7146 adv_loss: 0.0514 auroc_train: 0.9566 auprc_train: 0.9557 precision_train: 0.8899 recall_train: 0.8820 f1_train: 0.8859 cm_train: (tn=1910, fp=234, fn=253, tp=1891)
2025-10-19 13:31:45 | INFO | EM.print | -------- Epoch 8 --------
2025-10-19 13:31:45 | INFO | EM.print | [AUG][online][epoch=8][iter=0] start name=random_permute_features noise_std=0.02 mask_rate=0.2 seed=7000
2025-10-19 13:31:45 | INFO | EM.print | [AUG][online][epoch=8][iter=0] done name=random_permute_features shape=(1140, 1140)
2025-10-19 13:31:45 | INFO | EM.print | [ONLINE-AUG] mode=online name=random_permute_features noise_std=0.02 mask_rate=0.2 base_seed=0
2025-10-19 13:31:45 | INFO | EM.print | epoch: 8/ iteration: 1/ loss_train: 3.5748324 | task_loss:0.2620 cont_loss:6.7932 adv_loss:0.0526
2025-10-19 13:31:47 | INFO | EM.print | epoch: 8/ iteration: 101/ loss_train: 3.5333688 | task_loss:0.2439 cont_loss:6.7323 adv_loss:0.0522
2025-10-19 13:31:48 | INFO | EM.print | epoch: 0008 loss_train: 3.5386 task_loss: 0.3039 cont_loss: 6.6713 adv_loss: 0.0516 auroc_train: 0.9592 auprc_train: 0.9586 precision_train: 0.8840 recall_train: 0.8890 f1_train: 0.8865 cm_train: (tn=1894, fp=250, fn=238, tp=1906)
2025-10-19 13:31:48 | INFO | EM.print | -------- Epoch 9 --------
2025-10-19 13:31:48 | INFO | EM.print | [AUG][online][epoch=9][iter=0] start name=random_permute_features noise_std=0.02 mask_rate=0.2 seed=8000
2025-10-19 13:31:48 | INFO | EM.print | [AUG][online][epoch=9][iter=0] done name=random_permute_features shape=(1140, 1140)
2025-10-19 13:31:48 | INFO | EM.print | [ONLINE-AUG] mode=online name=random_permute_features noise_std=0.02 mask_rate=0.2 base_seed=0
2025-10-19 13:31:48 | INFO | EM.print | epoch: 9/ iteration: 1/ loss_train: 3.5730574 | task_loss:0.2532 cont_loss:6.8124 adv_loss:0.0374
2025-10-19 13:31:51 | INFO | EM.print | epoch: 9/ iteration: 101/ loss_train: 3.4842138 | task_loss:0.2368 cont_loss:6.6473 adv_loss:0.0462
2025-10-19 13:31:52 | INFO | EM.print | epoch: 0009 loss_train: 3.5346 task_loss: 0.2608 cont_loss: 6.7336 adv_loss: 0.0282 auroc_train: 0.9624 auprc_train: 0.9616 precision_train: 0.8922 recall_train: 0.8876 f1_train: 0.8899 cm_train: (tn=1913, fp=230, fn=241, tp=1904)
2025-10-19 13:31:52 | INFO | EM.print | -------- Epoch 10 --------
2025-10-19 13:31:52 | INFO | EM.print | [AUG][online][epoch=10][iter=0] start name=random_permute_features noise_std=0.02 mask_rate=0.2 seed=9000
2025-10-19 13:31:52 | INFO | EM.print | [AUG][online][epoch=10][iter=0] done name=random_permute_features shape=(1140, 1140)
2025-10-19 13:31:52 | INFO | EM.print | [ONLINE-AUG] mode=online name=random_permute_features noise_std=0.02 mask_rate=0.2 base_seed=0
2025-10-19 13:31:52 | INFO | EM.print | epoch: 10/ iteration: 1/ loss_train: 3.7171721 | task_loss:0.3215 cont_loss:7.0186 adv_loss:0.0376
2025-10-19 13:31:54 | INFO | EM.print | epoch: 10/ iteration: 101/ loss_train: 3.6654503 | task_loss:0.4054 cont_loss:6.8228 adv_loss:0.0270
2025-10-19 13:31:55 | INFO | EM.print | epoch: 0010 loss_train: 3.5179 task_loss: 0.1818 cont_loss: 6.7996 adv_loss: 0.0227 auroc_train: 0.9621 auprc_train: 0.9614 precision_train: 0.8918 recall_train: 0.8876 f1_train: 0.8897 cm_train: (tn=1912, fp=231, fn=241, tp=1904)
2025-10-19 13:31:55 | INFO | EM.print | Optimization Finished!
2025-10-19 13:31:55 | INFO | EM.result.save | Saved result text: /root/OUTPUT/result/LMI_C_r1_002_data_20251019_133038/metrics/train_epoch_metrics_fold_1_20251019_133038.csv.txt
2025-10-19 13:31:55 | INFO | EM.print | [SAVE] Per-epoch train metrics saved: train_epoch_metrics_fold_1_20251019_133038.csv
2025-10-19 13:31:56 | INFO | EM.print | loss_test: 3.5686 auroc_test: 0.9443 auprc_test: 0.9392 precision_test: 0.8399 recall_test: 0.8973 f1_test: 0.8676 cm_test: (tn=440, fp=90, fn=54, tp=472)
2025-10-19 13:31:56 | INFO | EM | Fold 1 completed.
2025-10-19 13:31:56 | INFO | EM | === Fold 2/5 ===
2025-10-19 13:31:56 | INFO | EM.result.save | Saved result text: /root/OUTPUT/result/LMI_C_r1_002_data_20251019_133038/metrics/adv_config_fold_2_20251019_133038.json.txt
2025-10-19 13:31:56 | INFO | EM.print | [SAVE] adv config saved: metrics/adv_config_fold_2_20251019_133038.json
2025-10-19 13:31:56 | INFO | EM.print | Start Training...
2025-10-19 13:31:56 | INFO | EM.print | -------- Epoch 1 --------
2025-10-19 13:31:56 | INFO | EM.print | [AUG][online][epoch=1][iter=0] start name=random_permute_features noise_std=0.02 mask_rate=0.2 seed=0
2025-10-19 13:31:56 | INFO | EM.print | [AUG][online][epoch=1][iter=0] done name=random_permute_features shape=(1140, 1140)
2025-10-19 13:31:56 | INFO | EM.print | [ONLINE-AUG] mode=online name=random_permute_features noise_std=0.02 mask_rate=0.2 base_seed=0
2025-10-19 13:31:56 | INFO | EM.print | epoch: 1/ iteration: 1/ loss_train: 2.2004883 | task_loss:0.7511 cont_loss:2.9390 adv_loss:0.7009
2025-10-19 13:31:59 | INFO | EM.print | epoch: 1/ iteration: 101/ loss_train: 3.9848623 | task_loss:0.4335 cont_loss:6.9304 adv_loss:0.6489
2025-10-19 13:32:00 | INFO | EM.print | epoch: 0001 loss_train: 3.9240 task_loss: 0.3461 cont_loss: 6.9318 adv_loss: 0.6260 auroc_train: 0.7862 auprc_train: 0.7786 precision_train: 0.7104 recall_train: 0.7134 f1_train: 0.7119 cm_train: (tn=1523, fp=623, fn=614, tp=1528)
2025-10-19 13:32:00 | INFO | EM.print | -------- Epoch 2 --------
2025-10-19 13:32:00 | INFO | EM.print | [AUG][online][epoch=2][iter=0] start name=random_permute_features noise_std=0.02 mask_rate=0.2 seed=1000
2025-10-19 13:32:00 | INFO | EM.print | [AUG][online][epoch=2][iter=0] done name=random_permute_features shape=(1140, 1140)
2025-10-19 13:32:00 | INFO | EM.print | [ONLINE-AUG] mode=online name=random_permute_features noise_std=0.02 mask_rate=0.2 base_seed=0
2025-10-19 13:32:00 | INFO | EM.print | epoch: 2/ iteration: 1/ loss_train: 3.936319 | task_loss:0.3675 cont_loss:6.9313 adv_loss:0.6255
2025-10-19 13:32:02 | INFO | EM.print | epoch: 2/ iteration: 101/ loss_train: 3.8551726 | task_loss:0.2904 cont_loss:6.9319 adv_loss:0.5373
2025-10-19 13:32:03 | INFO | EM.print | epoch: 0002 loss_train: 3.8379 task_loss: 0.2860 cont_loss: 6.9330 adv_loss: 0.4997 auroc_train: 0.9335 auprc_train: 0.9307 precision_train: 0.8502 recall_train: 0.8549 f1_train: 0.8526 cm_train: (tn=1821, fp=323, fn=311, tp=1833)
2025-10-19 13:32:03 | INFO | EM.print | -------- Epoch 3 --------
2025-10-19 13:32:03 | INFO | EM.print | [AUG][online][epoch=3][iter=0] start name=random_permute_features noise_std=0.02 mask_rate=0.2 seed=2000
2025-10-19 13:32:03 | INFO | EM.print | [AUG][online][epoch=3][iter=0] done name=random_permute_features shape=(1140, 1140)
2025-10-19 13:32:03 | INFO | EM.print | [ONLINE-AUG] mode=online name=random_permute_features noise_std=0.02 mask_rate=0.2 base_seed=0
2025-10-19 13:32:03 | INFO | EM.print | epoch: 3/ iteration: 1/ loss_train: 3.8482304 | task_loss:0.3045 cont_loss:6.9316 adv_loss:0.4994
2025-10-19 13:32:06 | INFO | EM.print | epoch: 3/ iteration: 101/ loss_train: 3.7393808 | task_loss:0.2036 cont_loss:6.9319 adv_loss:0.3782
2025-10-19 13:32:07 | INFO | EM.print | epoch: 0003 loss_train: 3.7793 task_loss: 0.3011 cont_loss: 6.9294 adv_loss: 0.3348 auroc_train: 0.9478 auprc_train: 0.9466 precision_train: 0.8685 recall_train: 0.8779 f1_train: 0.8732 cm_train: (tn=1858, fp=285, fn=262, tp=1883)
2025-10-19 13:32:07 | INFO | EM.print | -------- Epoch 4 --------
2025-10-19 13:32:07 | INFO | EM.print | [AUG][online][epoch=4][iter=0] start name=random_permute_features noise_std=0.02 mask_rate=0.2 seed=3000
2025-10-19 13:32:07 | INFO | EM.print | [AUG][online][epoch=4][iter=0] done name=random_permute_features shape=(1140, 1140)
2025-10-19 13:32:07 | INFO | EM.print | [ONLINE-AUG] mode=online name=random_permute_features noise_std=0.02 mask_rate=0.2 base_seed=0
2025-10-19 13:32:07 | INFO | EM.print | epoch: 4/ iteration: 1/ loss_train: 3.8747647 | task_loss:0.4644 cont_loss:6.9328 adv_loss:0.3243
2025-10-19 13:32:09 | INFO | EM.print | epoch: 4/ iteration: 101/ loss_train: 3.7427197 | task_loss:0.3047 cont_loss:6.9282 adv_loss:0.2395
2025-10-19 13:32:10 | INFO | EM.print | epoch: 0004 loss_train: 3.6976 task_loss: 0.2587 cont_loss: 6.9293 adv_loss: 0.1942 auroc_train: 0.9509 auprc_train: 0.9494 precision_train: 0.8764 recall_train: 0.8739 f1_train: 0.8752 cm_train: (tn=1882, fp=264, fn=270, tp=1872)
2025-10-19 13:32:10 | INFO | EM.print | -------- Epoch 5 --------
2025-10-19 13:32:10 | INFO | EM.print | [AUG][online][epoch=5][iter=0] start name=random_permute_features noise_std=0.02 mask_rate=0.2 seed=4000
2025-10-19 13:32:10 | INFO | EM.print | [AUG][online][epoch=5][iter=0] done name=random_permute_features shape=(1140, 1140)
2025-10-19 13:32:10 | INFO | EM.print | [ONLINE-AUG] mode=online name=random_permute_features noise_std=0.02 mask_rate=0.2 base_seed=0
2025-10-19 13:32:10 | INFO | EM.print | epoch: 5/ iteration: 1/ loss_train: 3.6590366 | task_loss:0.1985 cont_loss:6.9284 adv_loss:0.1893
2025-10-19 13:32:13 | INFO | EM.print | epoch: 5/ iteration: 101/ loss_train: 3.6360402 | task_loss:0.2095 cont_loss:6.9236 adv_loss:0.1213
2025-10-19 13:32:14 | INFO | EM.print | epoch: 0005 loss_train: 3.7462 task_loss: 0.4028 cont_loss: 6.9184 adv_loss: 0.1134 auroc_train: 0.9566 auprc_train: 0.9553 precision_train: 0.8821 recall_train: 0.8937 f1_train: 0.8879 cm_train: (tn=1888, fp=256, fn=228, tp=1916)
2025-10-19 13:32:14 | INFO | EM.print | -------- Epoch 6 --------
2025-10-19 13:32:14 | INFO | EM.print | [AUG][online][epoch=6][iter=0] start name=random_permute_features noise_std=0.02 mask_rate=0.2 seed=5000
2025-10-19 13:32:14 | INFO | EM.print | [AUG][online][epoch=6][iter=0] done name=random_permute_features shape=(1140, 1140)
2025-10-19 13:32:14 | INFO | EM.print | [ONLINE-AUG] mode=online name=random_permute_features noise_std=0.02 mask_rate=0.2 base_seed=0
2025-10-19 13:32:14 | INFO | EM.print | epoch: 6/ iteration: 1/ loss_train: 3.5950212 | task_loss:0.1596 cont_loss:6.9164 adv_loss:0.1027
2025-10-19 13:32:16 | INFO | EM.print | epoch: 6/ iteration: 101/ loss_train: 3.6505263 | task_loss:0.2880 cont_loss:6.8915 adv_loss:0.0800
2025-10-19 13:32:17 | INFO | EM.print | epoch: 0006 loss_train: 3.5879 task_loss: 0.2178 cont_loss: 6.8570 adv_loss: 0.0718 auroc_train: 0.9590 auprc_train: 0.9582 precision_train: 0.8874 recall_train: 0.8961 f1_train: 0.8917 cm_train: (tn=1898, fp=244, fn=223, tp=1923)
2025-10-19 13:32:17 | INFO | EM.print | -------- Epoch 7 --------
2025-10-19 13:32:17 | INFO | EM.print | [AUG][online][epoch=7][iter=0] start name=random_permute_features noise_std=0.02 mask_rate=0.2 seed=6000
2025-10-19 13:32:17 | INFO | EM.print | [AUG][online][epoch=7][iter=0] done name=random_permute_features shape=(1140, 1140)
2025-10-19 13:32:17 | INFO | EM.print | [ONLINE-AUG] mode=online name=random_permute_features noise_std=0.02 mask_rate=0.2 base_seed=0
2025-10-19 13:32:17 | INFO | EM.print | epoch: 7/ iteration: 1/ loss_train: 3.5899053 | task_loss:0.2167 cont_loss:6.8566 adv_loss:0.0789
2025-10-19 13:32:19 | INFO | EM.print | epoch: 7/ iteration: 101/ loss_train: 3.6998968 | task_loss:0.4833 cont_loss:6.7721 adv_loss:0.0597
2025-10-19 13:32:20 | INFO | EM.print | epoch: 0007 loss_train: 3.6587 task_loss: 0.3975 cont_loss: 6.7913 adv_loss: 0.0614 auroc_train: 0.9593 auprc_train: 0.9586 precision_train: 0.8861 recall_train: 0.8960 f1_train: 0.8910 cm_train: (tn=1897, fp=247, fn=223, tp=1921)
2025-10-19 13:32:20 | INFO | EM.print | -------- Epoch 8 --------
2025-10-19 13:32:20 | INFO | EM.print | [AUG][online][epoch=8][iter=0] start name=random_permute_features noise_std=0.02 mask_rate=0.2 seed=7000
2025-10-19 13:32:20 | INFO | EM.print | [AUG][online][epoch=8][iter=0] done name=random_permute_features shape=(1140, 1140)
2025-10-19 13:32:20 | INFO | EM.print | [ONLINE-AUG] mode=online name=random_permute_features noise_std=0.02 mask_rate=0.2 base_seed=0
2025-10-19 13:32:20 | INFO | EM.print | epoch: 8/ iteration: 1/ loss_train: 3.5018842 | task_loss:0.2058 cont_loss:6.7129 adv_loss:0.0548
2025-10-19 13:32:23 | INFO | EM.print | epoch: 8/ iteration: 101/ loss_train: 3.5297785 | task_loss:0.2604 cont_loss:6.7101 adv_loss:0.0462
2025-10-19 13:32:24 | INFO | EM.print | epoch: 0008 loss_train: 3.5169 task_loss: 0.2893 cont_loss: 6.6584 adv_loss: 0.0355 auroc_train: 0.9605 auprc_train: 0.9589 precision_train: 0.8804 recall_train: 0.9006 f1_train: 0.8904 cm_train: (tn=1884, fp=262, fn=213, tp=1929)
2025-10-19 13:32:24 | INFO | EM.print | -------- Epoch 9 --------
2025-10-19 13:32:24 | INFO | EM.print | [AUG][online][epoch=9][iter=0] start name=random_permute_features noise_std=0.02 mask_rate=0.2 seed=8000
2025-10-19 13:32:24 | INFO | EM.print | [AUG][online][epoch=9][iter=0] done name=random_permute_features shape=(1140, 1140)
2025-10-19 13:32:24 | INFO | EM.print | [ONLINE-AUG] mode=online name=random_permute_features noise_std=0.02 mask_rate=0.2 base_seed=0
2025-10-19 13:32:24 | INFO | EM.print | epoch: 9/ iteration: 1/ loss_train: 3.5358608 | task_loss:0.3045 cont_loss:6.6717 adv_loss:0.0432
2025-10-19 13:32:26 | INFO | EM.print | epoch: 9/ iteration: 101/ loss_train: 3.6410851 | task_loss:0.3259 cont_loss:6.8621 adv_loss:0.0363
2025-10-19 13:32:27 | INFO | EM.print | epoch: 0009 loss_train: 3.5509 task_loss: 0.3224 cont_loss: 6.6883 adv_loss: 0.0333 auroc_train: 0.9621 auprc_train: 0.9615 precision_train: 0.8863 recall_train: 0.8908 f1_train: 0.8885 cm_train: (tn=1900, fp=245, fn=234, tp=1909)
2025-10-19 13:32:27 | INFO | EM.print | -------- Epoch 10 --------
2025-10-19 13:32:27 | INFO | EM.print | [AUG][online][epoch=10][iter=0] start name=random_permute_features noise_std=0.02 mask_rate=0.2 seed=9000
2025-10-19 13:32:27 | INFO | EM.print | [AUG][online][epoch=10][iter=0] done name=random_permute_features shape=(1140, 1140)
2025-10-19 13:32:27 | INFO | EM.print | [ONLINE-AUG] mode=online name=random_permute_features noise_std=0.02 mask_rate=0.2 base_seed=0
2025-10-19 13:32:27 | INFO | EM.print | epoch: 10/ iteration: 1/ loss_train: 3.4250689 | task_loss:0.1618 cont_loss:6.6301 adv_loss:0.0324
2025-10-19 13:32:30 | INFO | EM.print | epoch: 10/ iteration: 101/ loss_train: 3.5236654 | task_loss:0.1899 cont_loss:6.7972 adv_loss:0.0278
2025-10-19 13:32:30 | INFO | EM.print | epoch: 0010 loss_train: 3.3932 task_loss: 0.1739 cont_loss: 6.5517 adv_loss: 0.0325 auroc_train: 0.9639 auprc_train: 0.9637 precision_train: 0.8868 recall_train: 0.8992 f1_train: 0.8930 cm_train: (tn=1899, fp=246, fn=216, tp=1927)
2025-10-19 13:32:30 | INFO | EM.print | Optimization Finished!
2025-10-19 13:32:30 | INFO | EM.result.save | Saved result text: /root/OUTPUT/result/LMI_C_r1_002_data_20251019_133038/metrics/train_epoch_metrics_fold_2_20251019_133038.csv.txt
2025-10-19 13:32:30 | INFO | EM.print | [SAVE] Per-epoch train metrics saved: train_epoch_metrics_fold_2_20251019_133038.csv
2025-10-19 13:32:31 | INFO | EM.print | loss_test: 3.5882 auroc_test: 0.9439 auprc_test: 0.9411 precision_test: 0.8676 recall_test: 0.8577 f1_test: 0.8626 cm_test: (tn=460, fp=69, fn=75, tp=452)
2025-10-19 13:32:31 | INFO | EM | Fold 2 completed.
2025-10-19 13:32:31 | INFO | EM | === Fold 3/5 ===
2025-10-19 13:32:31 | INFO | EM.result.save | Saved result text: /root/OUTPUT/result/LMI_C_r1_002_data_20251019_133038/metrics/adv_config_fold_3_20251019_133038.json.txt
2025-10-19 13:32:31 | INFO | EM.print | [SAVE] adv config saved: metrics/adv_config_fold_3_20251019_133038.json
2025-10-19 13:32:31 | INFO | EM.print | Start Training...
2025-10-19 13:32:31 | INFO | EM.print | -------- Epoch 1 --------
2025-10-19 13:32:32 | INFO | EM.print | [AUG][online][epoch=1][iter=0] start name=random_permute_features noise_std=0.02 mask_rate=0.2 seed=0
2025-10-19 13:32:32 | INFO | EM.print | [AUG][online][epoch=1][iter=0] done name=random_permute_features shape=(1140, 1140)
2025-10-19 13:32:32 | INFO | EM.print | [ONLINE-AUG] mode=online name=random_permute_features noise_std=0.02 mask_rate=0.2 base_seed=0
2025-10-19 13:32:32 | INFO | EM.print | epoch: 1/ iteration: 1/ loss_train: 2.186202 | task_loss:0.7839 cont_loss:2.8249 adv_loss:0.7586
2025-10-19 13:32:34 | INFO | EM.print | epoch: 1/ iteration: 101/ loss_train: 4.0204215 | task_loss:0.4916 cont_loss:6.9309 adv_loss:0.6500
2025-10-19 13:32:35 | INFO | EM.print | epoch: 0001 loss_train: 3.9614 task_loss: 0.4039 cont_loss: 6.9318 adv_loss: 0.6328 auroc_train: 0.7544 auprc_train: 0.7536 precision_train: 0.6448 recall_train: 0.6968 f1_train: 0.6698 cm_train: (tn=1321, fp=823, fn=650, tp=1494)
2025-10-19 13:32:35 | INFO | EM.print | -------- Epoch 2 --------
2025-10-19 13:32:35 | INFO | EM.print | [AUG][online][epoch=2][iter=0] start name=random_permute_features noise_std=0.02 mask_rate=0.2 seed=1000
2025-10-19 13:32:35 | INFO | EM.print | [AUG][online][epoch=2][iter=0] done name=random_permute_features shape=(1140, 1140)
2025-10-19 13:32:35 | INFO | EM.print | [ONLINE-AUG] mode=online name=random_permute_features noise_std=0.02 mask_rate=0.2 base_seed=0
2025-10-19 13:32:35 | INFO | EM.print | epoch: 2/ iteration: 1/ loss_train: 3.9074552 | task_loss:0.3180 cont_loss:6.9313 adv_loss:0.6274
2025-10-19 13:32:38 | INFO | EM.print | epoch: 2/ iteration: 101/ loss_train: 3.9827971 | task_loss:0.4803 cont_loss:6.9325 adv_loss:0.5709
2025-10-19 13:32:39 | INFO | EM.print | epoch: 0002 loss_train: 3.8596 task_loss: 0.2908 cont_loss: 6.9322 adv_loss: 0.5475 auroc_train: 0.9305 auprc_train: 0.9254 precision_train: 0.8530 recall_train: 0.8562 f1_train: 0.8546 cm_train: (tn=1830, fp=316, fn=308, tp=1834)
2025-10-19 13:32:39 | INFO | EM.print | -------- Epoch 3 --------
2025-10-19 13:32:39 | INFO | EM.print | [AUG][online][epoch=3][iter=0] start name=random_permute_features noise_std=0.02 mask_rate=0.2 seed=2000
2025-10-19 13:32:39 | INFO | EM.print | [AUG][online][epoch=3][iter=0] done name=random_permute_features shape=(1140, 1140)
2025-10-19 13:32:39 | INFO | EM.print | [ONLINE-AUG] mode=online name=random_permute_features noise_std=0.02 mask_rate=0.2 base_seed=0
2025-10-19 13:32:39 | INFO | EM.print | epoch: 3/ iteration: 1/ loss_train: 3.8613012 | task_loss:0.2960 cont_loss:6.9322 adv_loss:0.5440
2025-10-19 13:32:41 | INFO | EM.print | epoch: 3/ iteration: 101/ loss_train: 3.7766323 | task_loss:0.2161 cont_loss:6.9310 adv_loss:0.4536
2025-10-19 13:32:42 | INFO | EM.print | epoch: 0003 loss_train: 3.8413 task_loss: 0.3489 cont_loss: 6.9321 adv_loss: 0.4149 auroc_train: 0.9439 auprc_train: 0.9423 precision_train: 0.8646 recall_train: 0.8779 f1_train: 0.8712 cm_train: (tn=1847, fp=295, fn=262, tp=1884)
2025-10-19 13:32:42 | INFO | EM.print | -------- Epoch 4 --------
2025-10-19 13:32:42 | INFO | EM.print | [AUG][online][epoch=4][iter=0] start name=random_permute_features noise_std=0.02 mask_rate=0.2 seed=3000
2025-10-19 13:32:42 | INFO | EM.print | [AUG][online][epoch=4][iter=0] done name=random_permute_features shape=(1140, 1140)
2025-10-19 13:32:42 | INFO | EM.print | [ONLINE-AUG] mode=online name=random_permute_features noise_std=0.02 mask_rate=0.2 base_seed=0
2025-10-19 13:32:42 | INFO | EM.print | epoch: 4/ iteration: 1/ loss_train: 3.8230584 | task_loss:0.3184 cont_loss:6.9314 adv_loss:0.4158
2025-10-19 13:32:45 | INFO | EM.print | epoch: 4/ iteration: 101/ loss_train: 3.8320363 | task_loss:0.4080 cont_loss:6.9325 adv_loss:0.3025
2025-10-19 13:32:46 | INFO | EM.print | epoch: 0004 loss_train: 3.7039 task_loss: 0.2127 cont_loss: 6.9311 adv_loss: 0.2770 auroc_train: 0.9498 auprc_train: 0.9483 precision_train: 0.8706 recall_train: 0.8726 f1_train: 0.8716 cm_train: (tn=1867, fp=278, fn=273, tp=1870)
2025-10-19 13:32:46 | INFO | EM.print | -------- Epoch 5 --------
2025-10-19 13:32:46 | INFO | EM.print | [AUG][online][epoch=5][iter=0] start name=random_permute_features noise_std=0.02 mask_rate=0.2 seed=4000
2025-10-19 13:32:46 | INFO | EM.print | [AUG][online][epoch=5][iter=0] done name=random_permute_features shape=(1140, 1140)
2025-10-19 13:32:46 | INFO | EM.print | [ONLINE-AUG] mode=online name=random_permute_features noise_std=0.02 mask_rate=0.2 base_seed=0
2025-10-19 13:32:46 | INFO | EM.print | epoch: 5/ iteration: 1/ loss_train: 3.7620268 | task_loss:0.3084 cont_loss:6.9300 adv_loss:0.2799
2025-10-19 13:32:48 | INFO | EM.print | epoch: 5/ iteration: 101/ loss_train: 3.6761215 | task_loss:0.2241 cont_loss:6.9272 adv_loss:0.1952
2025-10-19 13:32:49 | INFO | EM.print | epoch: 0005 loss_train: 3.7279 task_loss: 0.3270 cont_loss: 6.9263 adv_loss: 0.1714 auroc_train: 0.9536 auprc_train: 0.9514 precision_train: 0.8749 recall_train: 0.8847 f1_train: 0.8798 cm_train: (tn=1874, fp=271, fn=247, tp=1896)
2025-10-19 13:32:49 | INFO | EM.print | -------- Epoch 6 --------
2025-10-19 13:32:49 | INFO | EM.print | [AUG][online][epoch=6][iter=0] start name=random_permute_features noise_std=0.02 mask_rate=0.2 seed=5000
2025-10-19 13:32:49 | INFO | EM.print | [AUG][online][epoch=6][iter=0] done name=random_permute_features shape=(1140, 1140)
2025-10-19 13:32:49 | INFO | EM.print | [ONLINE-AUG] mode=online name=random_permute_features noise_std=0.02 mask_rate=0.2 base_seed=0
2025-10-19 13:32:49 | INFO | EM.print | epoch: 6/ iteration: 1/ loss_train: 3.676237 | task_loss:0.2350 cont_loss:6.9273 adv_loss:0.1790
2025-10-19 13:32:52 | INFO | EM.print | epoch: 6/ iteration: 101/ loss_train: 3.66962 | task_loss:0.2590 cont_loss:6.9248 adv_loss:0.1296
2025-10-19 13:32:53 | INFO | EM.print | epoch: 0006 loss_train: 3.7648 task_loss: 0.4405 cont_loss: 6.9143 adv_loss: 0.1084 auroc_train: 0.9552 auprc_train: 0.9544 precision_train: 0.8768 recall_train: 0.8915 f1_train: 0.8841 cm_train: (tn=1872, fp=269, fn=233, tp=1914)
2025-10-19 13:32:53 | INFO | EM.print | -------- Epoch 7 --------
2025-10-19 13:32:53 | INFO | EM.print | [AUG][online][epoch=7][iter=0] start name=random_permute_features noise_std=0.02 mask_rate=0.2 seed=6000
2025-10-19 13:32:53 | INFO | EM.print | [AUG][online][epoch=7][iter=0] done name=random_permute_features shape=(1140, 1140)
2025-10-19 13:32:53 | INFO | EM.print | [ONLINE-AUG] mode=online name=random_permute_features noise_std=0.02 mask_rate=0.2 base_seed=0
2025-10-19 13:32:53 | INFO | EM.print | epoch: 7/ iteration: 1/ loss_train: 3.7989008 | task_loss:0.5028 cont_loss:6.9090 adv_loss:0.1068
2025-10-19 13:32:55 | INFO | EM.print | epoch: 7/ iteration: 101/ loss_train: 3.6871216 | task_loss:0.3440 cont_loss:6.8948 adv_loss:0.0833
2025-10-19 13:32:56 | INFO | EM.print | epoch: 0007 loss_train: 3.6437 task_loss: 0.3059 cont_loss: 6.8627 adv_loss: 0.0718 auroc_train: 0.9557 auprc_train: 0.9552 precision_train: 0.8726 recall_train: 0.8922 f1_train: 0.8823 cm_train: (tn=1867, fp=279, fn=231, tp=1911)
2025-10-19 13:32:56 | INFO | EM.print | -------- Epoch 8 --------
2025-10-19 13:32:56 | INFO | EM.print | [AUG][online][epoch=8][iter=0] start name=random_permute_features noise_std=0.02 mask_rate=0.2 seed=7000
2025-10-19 13:32:56 | INFO | EM.print | [AUG][online][epoch=8][iter=0] done name=random_permute_features shape=(1140, 1140)
2025-10-19 13:32:56 | INFO | EM.print | [ONLINE-AUG] mode=online name=random_permute_features noise_std=0.02 mask_rate=0.2 base_seed=0
2025-10-19 13:32:56 | INFO | EM.print | epoch: 8/ iteration: 1/ loss_train: 3.643932 | task_loss:0.3090 cont_loss:6.8520 adv_loss:0.0814
2025-10-19 13:32:58 | INFO | EM.print | epoch: 8/ iteration: 101/ loss_train: 3.6520019 | task_loss:0.3014 cont_loss:6.8961 adv_loss:0.0577
2025-10-19 13:32:59 | INFO | EM.print | epoch: 0008 loss_train: 3.5944 task_loss: 0.2619 cont_loss: 6.8328 adv_loss: 0.0520 auroc_train: 0.9585 auprc_train: 0.9574 precision_train: 0.8824 recall_train: 0.8959 f1_train: 0.8891 cm_train: (tn=1889, fp=256, fn=223, tp=1920)
2025-10-19 13:32:59 | INFO | EM.print | -------- Epoch 9 --------
2025-10-19 13:32:59 | INFO | EM.print | [AUG][online][epoch=9][iter=0] start name=random_permute_features noise_std=0.02 mask_rate=0.2 seed=8000
2025-10-19 13:32:59 | INFO | EM.print | [AUG][online][epoch=9][iter=0] done name=random_permute_features shape=(1140, 1140)
2025-10-19 13:32:59 | INFO | EM.print | [ONLINE-AUG] mode=online name=random_permute_features noise_std=0.02 mask_rate=0.2 base_seed=0
2025-10-19 13:32:59 | INFO | EM.print | epoch: 9/ iteration: 1/ loss_train: 3.4855926 | task_loss:0.1732 cont_loss:6.7196 adv_loss:0.0546
2025-10-19 13:33:02 | INFO | EM.print | epoch: 9/ iteration: 101/ loss_train: 3.6081028 | task_loss:0.2894 cont_loss:6.8300 adv_loss:0.0486
2025-10-19 13:33:03 | INFO | EM.print | epoch: 0009 loss_train: 3.6916 task_loss: 0.4159 cont_loss: 6.8434 adv_loss: 0.0510 auroc_train: 0.9587 auprc_train: 0.9573 precision_train: 0.8799 recall_train: 0.8918 f1_train: 0.8859 cm_train: (tn=1882, fp=261, fn=232, tp=1913)
2025-10-19 13:33:03 | INFO | EM.print | -------- Epoch 10 --------
2025-10-19 13:33:03 | INFO | EM.print | [AUG][online][epoch=10][iter=0] start name=random_permute_features noise_std=0.02 mask_rate=0.2 seed=9000
2025-10-19 13:33:03 | INFO | EM.print | [AUG][online][epoch=10][iter=0] done name=random_permute_features shape=(1140, 1140)
2025-10-19 13:33:03 | INFO | EM.print | [ONLINE-AUG] mode=online name=random_permute_features noise_std=0.02 mask_rate=0.2 base_seed=0
2025-10-19 13:33:03 | INFO | EM.print | epoch: 10/ iteration: 1/ loss_train: 3.5686553 | task_loss:0.3739 cont_loss:6.6563 adv_loss:0.0403
2025-10-19 13:33:05 | INFO | EM.print | epoch: 10/ iteration: 101/ loss_train: 3.5909777 | task_loss:0.1758 cont_loss:6.9430 adv_loss:0.0351
2025-10-19 13:33:06 | INFO | EM.print | epoch: 0010 loss_train: 3.6396 task_loss: 0.2936 cont_loss: 6.9024 adv_loss: 0.0307 auroc_train: 0.9604 auprc_train: 0.9600 precision_train: 0.8835 recall_train: 0.8938 f1_train: 0.8886 cm_train: (tn=1889, fp=253, fn=228, tp=1918)
2025-10-19 13:33:06 | INFO | EM.print | Optimization Finished!
2025-10-19 13:33:06 | INFO | EM.result.save | Saved result text: /root/OUTPUT/result/LMI_C_r1_002_data_20251019_133038/metrics/train_epoch_metrics_fold_3_20251019_133038.csv.txt
2025-10-19 13:33:06 | INFO | EM.print | [SAVE] Per-epoch train metrics saved: train_epoch_metrics_fold_3_20251019_133038.csv
2025-10-19 13:33:07 | INFO | EM.print | loss_test: 3.6120 auroc_test: 0.9499 auprc_test: 0.9498 precision_test: 0.8965 recall_test: 0.8693 f1_test: 0.8827 cm_test: (tn=475, fp=53, fn=69, tp=459)
2025-10-19 13:33:07 | INFO | EM | Fold 3 completed.
2025-10-19 13:33:07 | INFO | EM | === Fold 4/5 ===
2025-10-19 13:33:07 | INFO | EM.result.save | Saved result text: /root/OUTPUT/result/LMI_C_r1_002_data_20251019_133038/metrics/adv_config_fold_4_20251019_133038.json.txt
2025-10-19 13:33:07 | INFO | EM.print | [SAVE] adv config saved: metrics/adv_config_fold_4_20251019_133038.json
2025-10-19 13:33:07 | INFO | EM.print | Start Training...
2025-10-19 13:33:07 | INFO | EM.print | -------- Epoch 1 --------
2025-10-19 13:33:08 | INFO | EM.print | [AUG][online][epoch=1][iter=0] start name=random_permute_features noise_std=0.02 mask_rate=0.2 seed=0
2025-10-19 13:33:08 | INFO | EM.print | [AUG][online][epoch=1][iter=0] done name=random_permute_features shape=(1140, 1140)
2025-10-19 13:33:08 | INFO | EM.print | [ONLINE-AUG] mode=online name=random_permute_features noise_std=0.02 mask_rate=0.2 base_seed=0
2025-10-19 13:33:08 | INFO | EM.print | epoch: 1/ iteration: 1/ loss_train: 2.1109107 | task_loss:0.7272 cont_loss:2.7860 adv_loss:0.7041
2025-10-19 13:33:10 | INFO | EM.print | epoch: 1/ iteration: 101/ loss_train: 4.010639 | task_loss:0.4681 cont_loss:6.9314 adv_loss:0.6602
2025-10-19 13:33:11 | INFO | EM.print | epoch: 0001 loss_train: 4.0318 task_loss: 0.5159 cont_loss: 6.9314 adv_loss: 0.6414 auroc_train: 0.7830 auprc_train: 0.7741 precision_train: 0.6857 recall_train: 0.7193 f1_train: 0.7021 cm_train: (tn=1441, fp=706, fn=601, tp=1540)
2025-10-19 13:33:11 | INFO | EM.print | -------- Epoch 2 --------
2025-10-19 13:33:11 | INFO | EM.print | [AUG][online][epoch=2][iter=0] start name=random_permute_features noise_std=0.02 mask_rate=0.2 seed=1000
2025-10-19 13:33:11 | INFO | EM.print | [AUG][online][epoch=2][iter=0] done name=random_permute_features shape=(1140, 1140)
2025-10-19 13:33:11 | INFO | EM.print | [ONLINE-AUG] mode=online name=random_permute_features noise_std=0.02 mask_rate=0.2 base_seed=0
2025-10-19 13:33:11 | INFO | EM.print | epoch: 2/ iteration: 1/ loss_train: 3.995956 | task_loss:0.4554 cont_loss:6.9321 adv_loss:0.6416
2025-10-19 13:33:14 | INFO | EM.print | epoch: 2/ iteration: 101/ loss_train: 3.904058 | task_loss:0.3657 cont_loss:6.9322 adv_loss:0.5464
2025-10-19 13:33:14 | INFO | EM.print | epoch: 0002 loss_train: 3.8415 task_loss: 0.2895 cont_loss: 6.9317 adv_loss: 0.5049 auroc_train: 0.9224 auprc_train: 0.9176 precision_train: 0.8441 recall_train: 0.8406 f1_train: 0.8423 cm_train: (tn=1810, fp=333, fn=342, tp=1803)
2025-10-19 13:33:14 | INFO | EM.print | -------- Epoch 3 --------
2025-10-19 13:33:14 | INFO | EM.print | [AUG][online][epoch=3][iter=0] start name=random_permute_features noise_std=0.02 mask_rate=0.2 seed=2000
2025-10-19 13:33:14 | INFO | EM.print | [AUG][online][epoch=3][iter=0] done name=random_permute_features shape=(1140, 1140)
2025-10-19 13:33:14 | INFO | EM.print | [ONLINE-AUG] mode=online name=random_permute_features noise_std=0.02 mask_rate=0.2 base_seed=0
2025-10-19 13:33:14 | INFO | EM.print | epoch: 3/ iteration: 1/ loss_train: 3.8548963 | task_loss:0.3140 cont_loss:6.9325 adv_loss:0.5006
2025-10-19 13:33:17 | INFO | EM.print | epoch: 3/ iteration: 101/ loss_train: 3.8558755 | task_loss:0.4186 cont_loss:6.9321 adv_loss:0.3466
2025-10-19 13:33:18 | INFO | EM.print | epoch: 0003 loss_train: 3.8458 task_loss: 0.4279 cont_loss: 6.9310 adv_loss: 0.3087 auroc_train: 0.9454 auprc_train: 0.9408 precision_train: 0.8706 recall_train: 0.8706 f1_train: 0.8706 cm_train: (tn=1862, fp=278, fn=278, tp=1870)
2025-10-19 13:33:18 | INFO | EM.print | -------- Epoch 4 --------
2025-10-19 13:33:18 | INFO | EM.print | [AUG][online][epoch=4][iter=0] start name=random_permute_features noise_std=0.02 mask_rate=0.2 seed=3000
2025-10-19 13:33:18 | INFO | EM.print | [AUG][online][epoch=4][iter=0] done name=random_permute_features shape=(1140, 1140)
2025-10-19 13:33:18 | INFO | EM.print | [ONLINE-AUG] mode=online name=random_permute_features noise_std=0.02 mask_rate=0.2 base_seed=0
2025-10-19 13:33:18 | INFO | EM.print | epoch: 4/ iteration: 1/ loss_train: 3.8234544 | task_loss:0.3872 cont_loss:6.9311 adv_loss:0.3139
2025-10-19 13:33:20 | INFO | EM.print | epoch: 4/ iteration: 101/ loss_train: 3.658459 | task_loss:0.1986 cont_loss:6.9316 adv_loss:0.1837
2025-10-19 13:33:21 | INFO | EM.print | epoch: 0004 loss_train: 3.6138 task_loss: 0.1480 cont_loss: 6.9313 adv_loss: 0.1483 auroc_train: 0.9476 auprc_train: 0.9449 precision_train: 0.8749 recall_train: 0.8745 f1_train: 0.8747 cm_train: (tn=1876, fp=268, fn=269, tp=1875)
2025-10-19 13:33:21 | INFO | EM.print | -------- Epoch 5 --------
2025-10-19 13:33:21 | INFO | EM.print | [AUG][online][epoch=5][iter=0] start name=random_permute_features noise_std=0.02 mask_rate=0.2 seed=4000
2025-10-19 13:33:21 | INFO | EM.print | [AUG][online][epoch=5][iter=0] done name=random_permute_features shape=(1140, 1140)
2025-10-19 13:33:21 | INFO | EM.print | [ONLINE-AUG] mode=online name=random_permute_features noise_std=0.02 mask_rate=0.2 base_seed=0
2025-10-19 13:33:21 | INFO | EM.print | epoch: 5/ iteration: 1/ loss_train: 3.63908 | task_loss:0.1809 cont_loss:6.9288 adv_loss:0.1653
2025-10-19 13:33:24 | INFO | EM.print | epoch: 5/ iteration: 101/ loss_train: 3.679518 | task_loss:0.2867 cont_loss:6.9305 adv_loss:0.1057
2025-10-19 13:33:25 | INFO | EM.print | epoch: 0005 loss_train: 3.7655 task_loss: 0.4371 cont_loss: 6.9295 adv_loss: 0.0963 auroc_train: 0.9499 auprc_train: 0.9477 precision_train: 0.8744 recall_train: 0.8772 f1_train: 0.8758 cm_train: (tn=1876, fp=270, fn=263, tp=1879)
2025-10-19 13:33:25 | INFO | EM.print | -------- Epoch 6 --------
2025-10-19 13:33:25 | INFO | EM.print | [AUG][online][epoch=6][iter=0] start name=random_permute_features noise_std=0.02 mask_rate=0.2 seed=5000
2025-10-19 13:33:25 | INFO | EM.print | [AUG][online][epoch=6][iter=0] done name=random_permute_features shape=(1140, 1140)
2025-10-19 13:33:25 | INFO | EM.print | [ONLINE-AUG] mode=online name=random_permute_features noise_std=0.02 mask_rate=0.2 base_seed=0
2025-10-19 13:33:25 | INFO | EM.print | epoch: 6/ iteration: 1/ loss_train: 3.6472895 | task_loss:0.2444 cont_loss:6.9303 adv_loss:0.0888
2025-10-19 13:33:28 | INFO | EM.print | epoch: 6/ iteration: 101/ loss_train: 3.680946 | task_loss:0.3184 cont_loss:6.9250 adv_loss:0.0684
2025-10-19 13:33:29 | INFO | EM.print | epoch: 0006 loss_train: 3.6649 task_loss: 0.2848 cont_loss: 6.9246 adv_loss: 0.0795 auroc_train: 0.9555 auprc_train: 0.9532 precision_train: 0.8783 recall_train: 0.8816 f1_train: 0.8799 cm_train: (tn=1881, fp=262, fn=254, tp=1891)
2025-10-19 13:33:29 | INFO | EM.print | -------- Epoch 7 --------
2025-10-19 13:33:29 | INFO | EM.print | [AUG][online][epoch=7][iter=0] start name=random_permute_features noise_std=0.02 mask_rate=0.2 seed=6000
2025-10-19 13:33:29 | INFO | EM.print | [AUG][online][epoch=7][iter=0] done name=random_permute_features shape=(1140, 1140)
2025-10-19 13:33:29 | INFO | EM.print | [ONLINE-AUG] mode=online name=random_permute_features noise_std=0.02 mask_rate=0.2 base_seed=0
2025-10-19 13:33:29 | INFO | EM.print | epoch: 7/ iteration: 1/ loss_train: 3.5759375 | task_loss:0.1479 cont_loss:6.9210 adv_loss:0.0666
2025-10-19 13:33:31 | INFO | EM.print | epoch: 7/ iteration: 101/ loss_train: 3.7618284 | task_loss:0.4770 cont_loss:6.9071 adv_loss:0.0552
2025-10-19 13:33:32 | INFO | EM.print | epoch: 0007 loss_train: 3.6153 task_loss: 0.2329 cont_loss: 6.9143 adv_loss: 0.0461 auroc_train: 0.9567 auprc_train: 0.9536 precision_train: 0.8784 recall_train: 0.8972 f1_train: 0.8877 cm_train: (tn=1881, fp=266, fn=220, tp=1921)
2025-10-19 13:33:32 | INFO | EM.print | -------- Epoch 8 --------
2025-10-19 13:33:32 | INFO | EM.print | [AUG][online][epoch=8][iter=0] start name=random_permute_features noise_std=0.02 mask_rate=0.2 seed=7000
2025-10-19 13:33:32 | INFO | EM.print | [AUG][online][epoch=8][iter=0] done name=random_permute_features shape=(1140, 1140)
2025-10-19 13:33:32 | INFO | EM.print | [ONLINE-AUG] mode=online name=random_permute_features noise_std=0.02 mask_rate=0.2 base_seed=0
2025-10-19 13:33:32 | INFO | EM.print | epoch: 8/ iteration: 1/ loss_train: 3.6276677 | task_loss:0.2619 cont_loss:6.9085 adv_loss:0.0407
2025-10-19 13:33:35 | INFO | EM.print | epoch: 8/ iteration: 101/ loss_train: 3.5363908 | task_loss:0.1576 cont_loss:6.8551 adv_loss:0.0357
2025-10-19 13:33:36 | INFO | EM.print | epoch: 0008 loss_train: 3.5907 task_loss: 0.2303 cont_loss: 6.8775 adv_loss: 0.0345 auroc_train: 0.9589 auprc_train: 0.9572 precision_train: 0.8795 recall_train: 0.8984 f1_train: 0.8888 cm_train: (tn=1879, fp=264, fn=218, tp=1927)
2025-10-19 13:33:36 | INFO | EM.print | -------- Epoch 9 --------
2025-10-19 13:33:36 | INFO | EM.print | [AUG][online][epoch=9][iter=0] start name=random_permute_features noise_std=0.02 mask_rate=0.2 seed=8000
2025-10-19 13:33:36 | INFO | EM.print | [AUG][online][epoch=9][iter=0] done name=random_permute_features shape=(1140, 1140)
2025-10-19 13:33:36 | INFO | EM.print | [ONLINE-AUG] mode=online name=random_permute_features noise_std=0.02 mask_rate=0.2 base_seed=0
2025-10-19 13:33:36 | INFO | EM.print | epoch: 9/ iteration: 1/ loss_train: 3.5587883 | task_loss:0.2091 cont_loss:6.8413 adv_loss:0.0317
2025-10-19 13:33:38 | INFO | EM.print | epoch: 9/ iteration: 101/ loss_train: 3.6794603 | task_loss:0.4559 cont_loss:6.7734 adv_loss:0.0480
2025-10-19 13:33:39 | INFO | EM.print | epoch: 0009 loss_train: 3.5565 task_loss: 0.2728 cont_loss: 6.7600 adv_loss: 0.0321 auroc_train: 0.9595 auprc_train: 0.9574 precision_train: 0.8858 recall_train: 0.8998 f1_train: 0.8927 cm_train: (tn=1893, fp=249, fn=215, tp=1931)
2025-10-19 13:33:39 | INFO | EM.print | -------- Epoch 10 --------
2025-10-19 13:33:39 | INFO | EM.print | [AUG][online][epoch=10][iter=0] start name=random_permute_features noise_std=0.02 mask_rate=0.2 seed=9000
2025-10-19 13:33:39 | INFO | EM.print | [AUG][online][epoch=10][iter=0] done name=random_permute_features shape=(1140, 1140)
2025-10-19 13:33:39 | INFO | EM.print | [ONLINE-AUG] mode=online name=random_permute_features noise_std=0.02 mask_rate=0.2 base_seed=0
2025-10-19 13:33:39 | INFO | EM.print | epoch: 10/ iteration: 1/ loss_train: 3.4678667 | task_loss:0.1150 cont_loss:6.7716 adv_loss:0.0327
2025-10-19 13:33:42 | INFO | EM.print | epoch: 10/ iteration: 101/ loss_train: 3.5953622 | task_loss:0.3983 cont_loss:6.6885 adv_loss:0.0304
2025-10-19 13:33:43 | INFO | EM.print | epoch: 0010 loss_train: 3.6639 task_loss: 0.3271 cont_loss: 6.9101 adv_loss: 0.0314 auroc_train: 0.9570 auprc_train: 0.9566 precision_train: 0.8716 recall_train: 0.8952 f1_train: 0.8832 cm_train: (tn=1859, fp=283, fn=225, tp=1921)
2025-10-19 13:33:43 | INFO | EM.print | Optimization Finished!
2025-10-19 13:33:43 | INFO | EM.result.save | Saved result text: /root/OUTPUT/result/LMI_C_r1_002_data_20251019_133038/metrics/train_epoch_metrics_fold_4_20251019_133038.csv.txt
2025-10-19 13:33:43 | INFO | EM.print | [SAVE] Per-epoch train metrics saved: train_epoch_metrics_fold_4_20251019_133038.csv
2025-10-19 13:33:44 | INFO | EM.print | loss_test: 3.5403 auroc_test: 0.9504 auprc_test: 0.9526 precision_test: 0.8646 recall_test: 0.8809 f1_test: 0.8727 cm_test: (tn=454, fp=73, fn=63, tp=466)
2025-10-19 13:33:44 | INFO | EM | Fold 4 completed.
2025-10-19 13:33:44 | INFO | EM | === Fold 5/5 ===
2025-10-19 13:33:44 | INFO | EM.result.save | Saved result text: /root/OUTPUT/result/LMI_C_r1_002_data_20251019_133038/metrics/adv_config_fold_5_20251019_133038.json.txt
2025-10-19 13:33:44 | INFO | EM.print | [SAVE] adv config saved: metrics/adv_config_fold_5_20251019_133038.json
2025-10-19 13:33:44 | INFO | EM.print | Start Training...
2025-10-19 13:33:44 | INFO | EM.print | -------- Epoch 1 --------
2025-10-19 13:33:44 | INFO | EM.print | [AUG][online][epoch=1][iter=0] start name=random_permute_features noise_std=0.02 mask_rate=0.2 seed=0
2025-10-19 13:33:44 | INFO | EM.print | [AUG][online][epoch=1][iter=0] done name=random_permute_features shape=(1140, 1140)
2025-10-19 13:33:44 | INFO | EM.print | [ONLINE-AUG] mode=online name=random_permute_features noise_std=0.02 mask_rate=0.2 base_seed=0
2025-10-19 13:33:44 | INFO | EM.print | epoch: 1/ iteration: 1/ loss_train: 2.1452968 | task_loss:0.6763 cont_loss:2.7545 adv_loss:0.9056
2025-10-19 13:33:47 | INFO | EM.print | epoch: 1/ iteration: 101/ loss_train: 3.9940524 | task_loss:0.4419 cont_loss:6.9309 adv_loss:0.6587
2025-10-19 13:33:47 | INFO | EM.print | epoch: 0001 loss_train: 3.9812 task_loss: 0.4399 cont_loss: 6.9315 adv_loss: 0.6288 auroc_train: 0.7776 auprc_train: 0.7650 precision_train: 0.6901 recall_train: 0.7732 f1_train: 0.7293 cm_train: (tn=1401, fp=744, fn=486, tp=1657)
2025-10-19 13:33:47 | INFO | EM.print | -------- Epoch 2 --------
2025-10-19 13:33:47 | INFO | EM.print | [AUG][online][epoch=2][iter=0] start name=random_permute_features noise_std=0.02 mask_rate=0.2 seed=1000
2025-10-19 13:33:47 | INFO | EM.print | [AUG][online][epoch=2][iter=0] done name=random_permute_features shape=(1140, 1140)
2025-10-19 13:33:47 | INFO | EM.print | [ONLINE-AUG] mode=online name=random_permute_features noise_std=0.02 mask_rate=0.2 base_seed=0
2025-10-19 13:33:47 | INFO | EM.print | epoch: 2/ iteration: 1/ loss_train: 3.9808388 | task_loss:0.4380 cont_loss:6.9323 adv_loss:0.6297
2025-10-19 13:33:50 | INFO | EM.print | epoch: 2/ iteration: 101/ loss_train: 3.8788357 | task_loss:0.3131 cont_loss:6.9324 adv_loss:0.5619
2025-10-19 13:33:51 | INFO | EM.print | epoch: 0002 loss_train: 3.8434 task_loss: 0.2710 cont_loss: 6.9321 adv_loss: 0.5369 auroc_train: 0.9236 auprc_train: 0.9193 precision_train: 0.8454 recall_train: 0.8391 f1_train: 0.8422 cm_train: (tn=1815, fp=329, fn=345, tp=1799)
2025-10-19 13:33:51 | INFO | EM.print | -------- Epoch 3 --------
2025-10-19 13:33:51 | INFO | EM.print | [AUG][online][epoch=3][iter=0] start name=random_permute_features noise_std=0.02 mask_rate=0.2 seed=2000
2025-10-19 13:33:51 | INFO | EM.print | [AUG][online][epoch=3][iter=0] done name=random_permute_features shape=(1140, 1140)
2025-10-19 13:33:51 | INFO | EM.print | [ONLINE-AUG] mode=online name=random_permute_features noise_std=0.02 mask_rate=0.2 base_seed=0
2025-10-19 13:33:51 | INFO | EM.print | epoch: 3/ iteration: 1/ loss_train: 3.7621448 | task_loss:0.1341 cont_loss:6.9323 adv_loss:0.5389
2025-10-19 13:33:53 | INFO | EM.print | epoch: 3/ iteration: 101/ loss_train: 3.8379724 | task_loss:0.3242 cont_loss:6.9304 adv_loss:0.4456
2025-10-19 13:33:54 | INFO | EM.print | epoch: 0003 loss_train: 3.7761 task_loss: 0.2424 cont_loss: 6.9310 adv_loss: 0.4129 auroc_train: 0.9444 auprc_train: 0.9434 precision_train: 0.8702 recall_train: 0.8697 f1_train: 0.8700 cm_train: (tn=1868, fp=278, fn=279, tp=1863)
2025-10-19 13:33:54 | INFO | EM.print | -------- Epoch 4 --------
2025-10-19 13:33:54 | INFO | EM.print | [AUG][online][epoch=4][iter=0] start name=random_permute_features noise_std=0.02 mask_rate=0.2 seed=3000
2025-10-19 13:33:54 | INFO | EM.print | [AUG][online][epoch=4][iter=0] done name=random_permute_features shape=(1140, 1140)
2025-10-19 13:33:54 | INFO | EM.print | [ONLINE-AUG] mode=online name=random_permute_features noise_std=0.02 mask_rate=0.2 base_seed=0
2025-10-19 13:33:54 | INFO | EM.print | epoch: 4/ iteration: 1/ loss_train: 3.8278103 | task_loss:0.3364 cont_loss:6.9324 adv_loss:0.3995
2025-10-19 13:33:57 | INFO | EM.print | epoch: 4/ iteration: 101/ loss_train: 3.833537 | task_loss:0.4171 cont_loss:6.9309 adv_loss:0.2947
2025-10-19 13:33:58 | INFO | EM.print | epoch: 0004 loss_train: 3.6949 task_loss: 0.2102 cont_loss: 6.9298 adv_loss: 0.2596 auroc_train: 0.9478 auprc_train: 0.9458 precision_train: 0.8714 recall_train: 0.8661 f1_train: 0.8688 cm_train: (tn=1870, fp=274, fn=287, tp=1857)
2025-10-19 13:33:58 | INFO | EM.print | -------- Epoch 5 --------
2025-10-19 13:33:58 | INFO | EM.print | [AUG][online][epoch=5][iter=0] start name=random_permute_features noise_std=0.02 mask_rate=0.2 seed=4000
2025-10-19 13:33:58 | INFO | EM.print | [AUG][online][epoch=5][iter=0] done name=random_permute_features shape=(1140, 1140)
2025-10-19 13:33:58 | INFO | EM.print | [ONLINE-AUG] mode=online name=random_permute_features noise_std=0.02 mask_rate=0.2 base_seed=0
2025-10-19 13:33:58 | INFO | EM.print | epoch: 5/ iteration: 1/ loss_train: 3.7340918 | task_loss:0.2737 cont_loss:6.9280 adv_loss:0.2647
2025-10-19 13:34:00 | INFO | EM.print | epoch: 5/ iteration: 101/ loss_train: 3.7020643 | task_loss:0.2816 cont_loss:6.9253 adv_loss:0.1760
2025-10-19 13:34:01 | INFO | EM.print | epoch: 0005 loss_train: 3.7226 task_loss: 0.3318 cont_loss: 6.9237 adv_loss: 0.1540 auroc_train: 0.9515 auprc_train: 0.9509 precision_train: 0.8762 recall_train: 0.8774 f1_train: 0.8768 cm_train: (tn=1876, fp=266, fn=263, tp=1883)
2025-10-19 13:34:01 | INFO | EM.print | -------- Epoch 6 --------
2025-10-19 13:34:01 | INFO | EM.print | [AUG][online][epoch=6][iter=0] start name=random_permute_features noise_std=0.02 mask_rate=0.2 seed=5000
2025-10-19 13:34:01 | INFO | EM.print | [AUG][online][epoch=6][iter=0] done name=random_permute_features shape=(1140, 1140)
2025-10-19 13:34:01 | INFO | EM.print | [ONLINE-AUG] mode=online name=random_permute_features noise_std=0.02 mask_rate=0.2 base_seed=0
2025-10-19 13:34:01 | INFO | EM.print | epoch: 6/ iteration: 1/ loss_train: 3.658623 | task_loss:0.2253 cont_loss:6.9231 adv_loss:0.1547
2025-10-19 13:34:04 | INFO | EM.print | epoch: 6/ iteration: 101/ loss_train: 3.6179295 | task_loss:0.2142 cont_loss:6.8991 adv_loss:0.0997
2025-10-19 13:34:05 | INFO | EM.print | epoch: 0006 loss_train: 3.6279 task_loss: 0.2361 cont_loss: 6.8950 adv_loss: 0.0968 auroc_train: 0.9561 auprc_train: 0.9549 precision_train: 0.8848 recall_train: 0.8840 f1_train: 0.8844 cm_train: (tn=1895, fp=247, fn=249, tp=1897)
2025-10-19 13:34:05 | INFO | EM.print | -------- Epoch 7 --------
2025-10-19 13:34:05 | INFO | EM.print | [AUG][online][epoch=7][iter=0] start name=random_permute_features noise_std=0.02 mask_rate=0.2 seed=6000
2025-10-19 13:34:05 | INFO | EM.print | [AUG][online][epoch=7][iter=0] done name=random_permute_features shape=(1140, 1140)
2025-10-19 13:34:05 | INFO | EM.print | [ONLINE-AUG] mode=online name=random_permute_features noise_std=0.02 mask_rate=0.2 base_seed=0
2025-10-19 13:34:05 | INFO | EM.print | epoch: 7/ iteration: 1/ loss_train: 3.6322262 | task_loss:0.2459 cont_loss:6.8922 adv_loss:0.0965
2025-10-19 13:34:07 | INFO | EM.print | epoch: 7/ iteration: 101/ loss_train: 3.5640373 | task_loss:0.2038 cont_loss:6.8262 adv_loss:0.0717
2025-10-19 13:34:08 | INFO | EM.print | epoch: 0007 loss_train: 3.6001 task_loss: 0.2778 cont_loss: 6.8160 adv_loss: 0.0635 auroc_train: 0.9582 auprc_train: 0.9564 precision_train: 0.8827 recall_train: 0.8880 f1_train: 0.8853 cm_train: (tn=1892, fp=253, fn=240, tp=1903)
2025-10-19 13:34:08 | INFO | EM.print | -------- Epoch 8 --------
2025-10-19 13:34:08 | INFO | EM.print | [AUG][online][epoch=8][iter=0] start name=random_permute_features noise_std=0.02 mask_rate=0.2 seed=7000
2025-10-19 13:34:08 | INFO | EM.print | [AUG][online][epoch=8][iter=0] done name=random_permute_features shape=(1140, 1140)
2025-10-19 13:34:08 | INFO | EM.print | [ONLINE-AUG] mode=online name=random_permute_features noise_std=0.02 mask_rate=0.2 base_seed=0
2025-10-19 13:34:08 | INFO | EM.print | epoch: 8/ iteration: 1/ loss_train: 3.551109 | task_loss:0.2023 cont_loss:6.7965 adv_loss:0.0787
2025-10-19 13:34:11 | INFO | EM.print | epoch: 8/ iteration: 101/ loss_train: 3.5704975 | task_loss:0.2736 cont_loss:6.7549 adv_loss:0.0722
2025-10-19 13:34:12 | INFO | EM.print | epoch: 0008 loss_train: 3.6197 task_loss: 0.3844 cont_loss: 6.7418 adv_loss: 0.0455 auroc_train: 0.9595 auprc_train: 0.9585 precision_train: 0.8908 recall_train: 0.8891 f1_train: 0.8899 cm_train: (tn=1908, fp=234, fn=238, tp=1908)
2025-10-19 13:34:12 | INFO | EM.print | -------- Epoch 9 --------
2025-10-19 13:34:12 | INFO | EM.print | [AUG][online][epoch=9][iter=0] start name=random_permute_features noise_std=0.02 mask_rate=0.2 seed=8000
2025-10-19 13:34:12 | INFO | EM.print | [AUG][online][epoch=9][iter=0] done name=random_permute_features shape=(1140, 1140)
2025-10-19 13:34:12 | INFO | EM.print | [ONLINE-AUG] mode=online name=random_permute_features noise_std=0.02 mask_rate=0.2 base_seed=0
2025-10-19 13:34:12 | INFO | EM.print | epoch: 9/ iteration: 1/ loss_train: 3.5173495 | task_loss:0.1880 cont_loss:6.7706 adv_loss:0.0481
2025-10-19 13:34:14 | INFO | EM.print | epoch: 9/ iteration: 101/ loss_train: 3.6599631 | task_loss:0.2911 cont_loss:6.9318 adv_loss:0.0484
2025-10-19 13:34:15 | INFO | EM.print | epoch: 0009 loss_train: 3.4853 task_loss: 0.2465 cont_loss: 6.6481 adv_loss: 0.0335 auroc_train: 0.9603 auprc_train: 0.9596 precision_train: 0.8806 recall_train: 0.8945 f1_train: 0.8875 cm_train: (tn=1885, fp=260, fn=226, tp=1917)
2025-10-19 13:34:15 | INFO | EM.print | -------- Epoch 10 --------
2025-10-19 13:34:15 | INFO | EM.print | [AUG][online][epoch=10][iter=0] start name=random_permute_features noise_std=0.02 mask_rate=0.2 seed=9000
2025-10-19 13:34:15 | INFO | EM.print | [AUG][online][epoch=10][iter=0] done name=random_permute_features shape=(1140, 1140)
2025-10-19 13:34:15 | INFO | EM.print | [ONLINE-AUG] mode=online name=random_permute_features noise_std=0.02 mask_rate=0.2 base_seed=0
2025-10-19 13:34:15 | INFO | EM.print | epoch: 10/ iteration: 1/ loss_train: 3.592471 | task_loss:0.1981 cont_loss:6.9175 adv_loss:0.0372
2025-10-19 13:34:18 | INFO | EM.print | epoch: 10/ iteration: 101/ loss_train: 3.5256047 | task_loss:0.1552 cont_loss:6.8364 adv_loss:0.0358
2025-10-19 13:34:19 | INFO | EM.print | epoch: 0010 loss_train: 3.5885 task_loss: 0.2455 cont_loss: 6.8586 adv_loss: 0.0300 auroc_train: 0.9590 auprc_train: 0.9583 precision_train: 0.8828 recall_train: 0.8824 f1_train: 0.8826 cm_train: (tn=1894, fp=251, fn=252, tp=1891)
2025-10-19 13:34:19 | INFO | EM.print | Optimization Finished!
2025-10-19 13:34:19 | INFO | EM.result.save | Saved result text: /root/OUTPUT/result/LMI_C_r1_002_data_20251019_133038/metrics/train_epoch_metrics_fold_5_20251019_133038.csv.txt
2025-10-19 13:34:19 | INFO | EM.print | [SAVE] Per-epoch train metrics saved: train_epoch_metrics_fold_5_20251019_133038.csv
2025-10-19 13:34:19 | INFO | EM.print | loss_test: 3.6042 auroc_test: 0.9471 auprc_test: 0.9471 precision_test: 0.8707 recall_test: 0.8707 f1_test: 0.8707 cm_test: (tn=462, fp=68, fn=68, tp=458)
2025-10-19 13:34:19 | INFO | EM | Fold 5 completed.
2025-10-19 13:34:19 | INFO | EM | === 5-Fold Cross Validation Results ===
2025-10-19 13:34:19 | INFO | EM | AUROC: 0.9471 ± 0.0027
2025-10-19 13:34:19 | INFO | EM | AUPRC: 0.9460 ± 0.0051
2025-10-19 13:34:19 | INFO | EM | F1-Score: 0.8713 ± 0.0066
2025-10-19 13:34:19 | INFO | EM | Loss: 3.5827 ± 0.0259
2025-10-19 13:34:19 | INFO | EM.result.save | Saved result text: /root/OUTPUT/result/LMI_C_r1_002_data_20251019_133038/result_summary_20251019_133038.txt
2025-10-19 13:34:19 | INFO | EM | Detailed Results:
2025-10-19 13:34:19 | INFO | EM | Fold 1: AUROC=0.9443, AUPRC=0.9392, F1=0.8676
2025-10-19 13:34:19 | INFO | EM | Fold 2: AUROC=0.9439, AUPRC=0.9411, F1=0.8626
2025-10-19 13:34:19 | INFO | EM | Fold 3: AUROC=0.9499, AUPRC=0.9498, F1=0.8827
2025-10-19 13:34:19 | INFO | EM | Fold 4: AUROC=0.9504, AUPRC=0.9526, F1=0.8727
2025-10-19 13:34:19 | INFO | EM | Fold 5: AUROC=0.9471, AUPRC=0.9471, F1=0.8707
2025-10-19 13:34:19 | INFO | EM.result.save | Saved result text: /root/OUTPUT/result/LMI_C_r1_002_data_20251019_133038/per_fold_20251019_133038.txt
2025-10-19 13:34:19 | INFO | EM.result.save | Saved result text: /root/OUTPUT/result/LMI_C_r1_002_data_20251019_133038/metrics/result_extra_20251019_133038.txt
2025-10-19 13:34:19 | INFO | EM | Precision: 0.8678 ± 0.0180
2025-10-19 13:34:19 | INFO | EM | Recall: 0.8752 ± 0.0133
2025-10-19 13:34:19 | INFO | EM | Confusion Matrix (sum): tn=2291, fp=353, fn=329, tp=2307
2025-10-19 13:34:19 | INFO | EM | All folds completed!
2025-10-19 13:34:19 | INFO | EM | ================================================================================
2025-10-19 13:34:19 | INFO | EM | RUN END   | run_id=20251019_133038 | run_name=LMI_C_r1_002
2025-10-19 13:34:19 | INFO | EM | RESULT DIR: /root/OUTPUT/result/LMI_C_r1_002_data_20251019_133038
2025-10-19 13:34:19 | INFO | EM | ================================================================================
