2025-10-19 02:39:20 | INFO | EM | ================================================================================
2025-10-19 02:39:20 | INFO | EM | RUN START | run_id=20251019_023920 | run_name=LDA_C_r1_007
2025-10-19 02:39:20 | INFO | EM | COMMAND: /root/miniconda3/bin/python /root/hyperparameter-tuning/main.py --task_type=LDA --epochs=10 --seed=0 --run_name=LDA_C_r1_007 --dimensions=32 --hidden1=128 --hidden2=64 --lr=0.0005 --weight_decay=1e-05 --dropout=0.05 --batch=64 --moco_queue=8192 --moco_momentum=0.99 --moco_t=0.2 --loss_ratio1=0.4 --loss_ratio2=0.4 --loss_ratio3=0.2 --feature_type=one_hot --augment=random_permute_features,attribute_mask,noise_then_mask --augment_mode=static --proj_dim=64 --similarity_threshold=0.6 --noise_std=0.02 --mask_rate=0.2
2025-10-19 02:39:20 | INFO | EM | ================================================================================
2025-10-19 02:39:20 | INFO | EM.result | Result directory: /root/OUTPUT/result/LDA_C_r1_007_data_20251019_023920
2025-10-19 02:39:20 | INFO | EM | Initialized logging and result directory.
2025-10-19 02:39:20 | INFO | EM | Using CUDA: True
2025-10-19 02:39:20 | INFO | EM | CUDA device count: 1
2025-10-19 02:39:20 | INFO | EM | Current CUDA device: 0
2025-10-19 02:39:20 | INFO | EM | CUDA device name: NVIDIA GeForce RTX 4090
2025-10-19 02:39:20 | INFO | EM | === Augmentation Config ===
2025-10-19 02:39:20 | INFO | EM | [AUG CONFIG] Multiple augmentations detected: random_permute_features, attribute_mask, noise_then_mask
2025-10-19 02:39:20 | INFO | EM | augment=random_permute_features,attribute_mask,noise_then_mask | mode=static | noise_std=0.02 | mask_rate=0.2 | augment_seed=None (None means seed+fold for static)
2025-10-19 02:39:20 | INFO | EM | ===========================
2025-10-19 02:39:20 | INFO | EM | Loading dataset1/LDA.edgelist seed0 dataset...
2025-10-19 02:39:20 | INFO | EM | Selected cross_validation type: 5_cv1
2025-10-19 02:39:20 | INFO | EM | Selected task_type: LDA
2025-10-19 02:39:20 | INFO | EM | Selected feature_type: one_hot
2025-10-19 02:39:20 | INFO | EM | Selected embed_dim: N/A
2025-10-19 02:39:20 | INFO | EM | Selected learning_rate: N/A
2025-10-19 02:39:20 | INFO | EM | Selected epochs: 10
2025-10-19 02:39:20 | INFO | EM | Selected task type...
2025-10-19 02:39:29 | INFO | EM.print | [AUG][static][fold=1] start name=random_permute_features noise_std=0.02 mask_rate=0.2 seed=0
2025-10-19 02:39:29 | INFO | EM.print | [AUG][static][fold=1] done name=random_permute_features shape=(1140, 1140)
2025-10-19 02:39:29 | INFO | EM.augment | [AUGMENT][fold=1] name=random_permute_features noise_std=0.02 mask_rate=0.2 seed=0 masked_cols=0 shape=(1140, 1140) mean=0.0009 std=0.0296
2025-10-19 02:39:37 | INFO | EM.print | [AUG][static][fold=2] start name=random_permute_features noise_std=0.02 mask_rate=0.2 seed=1
2025-10-19 02:39:37 | INFO | EM.print | [AUG][static][fold=2] done name=random_permute_features shape=(1140, 1140)
2025-10-19 02:39:37 | INFO | EM.augment | [AUGMENT][fold=2] name=random_permute_features noise_std=0.02 mask_rate=0.2 seed=1 masked_cols=0 shape=(1140, 1140) mean=0.0009 std=0.0296
2025-10-19 02:39:45 | INFO | EM.print | [AUG][static][fold=3] start name=random_permute_features noise_std=0.02 mask_rate=0.2 seed=2
2025-10-19 02:39:45 | INFO | EM.print | [AUG][static][fold=3] done name=random_permute_features shape=(1140, 1140)
2025-10-19 02:39:45 | INFO | EM.augment | [AUGMENT][fold=3] name=random_permute_features noise_std=0.02 mask_rate=0.2 seed=2 masked_cols=0 shape=(1140, 1140) mean=0.0009 std=0.0296
2025-10-19 02:39:53 | INFO | EM.print | [AUG][static][fold=4] start name=random_permute_features noise_std=0.02 mask_rate=0.2 seed=3
2025-10-19 02:39:53 | INFO | EM.print | [AUG][static][fold=4] done name=random_permute_features shape=(1140, 1140)
2025-10-19 02:39:53 | INFO | EM.augment | [AUGMENT][fold=4] name=random_permute_features noise_std=0.02 mask_rate=0.2 seed=3 masked_cols=0 shape=(1140, 1140) mean=0.0009 std=0.0296
2025-10-19 02:40:01 | INFO | EM.print | [AUG][static][fold=5] start name=random_permute_features noise_std=0.02 mask_rate=0.2 seed=4
2025-10-19 02:40:01 | INFO | EM.print | [AUG][static][fold=5] done name=random_permute_features shape=(1140, 1140)
2025-10-19 02:40:01 | INFO | EM.augment | [AUGMENT][fold=5] name=random_permute_features noise_std=0.02 mask_rate=0.2 seed=4 masked_cols=0 shape=(1140, 1140) mean=0.0009 std=0.0296
2025-10-19 02:40:01 | INFO | EM | [DATALOADER] os=linux workers=8 prefetch_factor=4
2025-10-19 02:40:01 | INFO | EM.fold_stats | Saved fold stats to /root/OUTPUT/result/metrics/fold_stats.json
2025-10-19 02:40:01 | INFO | EM | Loading finished!
2025-10-19 02:40:01 | INFO | EM | Starting 5-fold cross validation...
2025-10-19 02:40:01 | INFO | EM | === Fold 1/5 ===
2025-10-19 02:40:01 | INFO | EM.result.save | Saved result text: /root/OUTPUT/result/LDA_C_r1_007_data_20251019_023920/metrics/adv_config_fold_1_20251019_023920.json.txt
2025-10-19 02:40:01 | INFO | EM.print | [SAVE] adv config saved: metrics/adv_config_fold_1_20251019_023920.json
2025-10-19 02:40:01 | INFO | EM.print | Start Training...
2025-10-19 02:40:01 | INFO | EM.print | -------- Epoch 1 --------
2025-10-19 02:40:02 | INFO | EM.print | epoch: 1/ iteration: 1/ loss_train: 2.6389725 | task_loss:0.7281 cont_loss:5.5194 adv_loss:0.6999
2025-10-19 02:40:04 | INFO | EM.print | epoch: 0001 loss_train: 3.7114 task_loss: 0.3162 cont_loss: 8.9440 adv_loss: 0.0365 auroc_train: 0.8928 auprc_train: 0.8875 precision_train: 0.7944 recall_train: 0.8181 f1_train: 0.8061 cm_train: (tn=1690, fp=454, fn=390, tp=1754)
2025-10-19 02:40:04 | INFO | EM.print | -------- Epoch 2 --------
2025-10-19 02:40:04 | INFO | EM.print | epoch: 2/ iteration: 1/ loss_train: 3.7214663 | task_loss:0.3443 cont_loss:8.9425 adv_loss:0.0338
2025-10-19 02:40:06 | INFO | EM.print | epoch: 0002 loss_train: 3.6070 task_loss: 0.2475 cont_loss: 8.7668 adv_loss: 0.0060 auroc_train: 0.9477 auprc_train: 0.9426 precision_train: 0.8652 recall_train: 0.8866 f1_train: 0.8758 cm_train: (tn=1849, fp=296, fn=243, tp=1900)
2025-10-19 02:40:06 | INFO | EM.print | -------- Epoch 3 --------
2025-10-19 02:40:06 | INFO | EM.print | epoch: 3/ iteration: 1/ loss_train: 3.6017964 | task_loss:0.2485 cont_loss:8.7529 adv_loss:0.0062
2025-10-19 02:40:07 | INFO | EM.print | epoch: 0003 loss_train: 3.6108 task_loss: 0.2933 cont_loss: 8.7304 adv_loss: 0.0066 auroc_train: 0.9563 auprc_train: 0.9538 precision_train: 0.8776 recall_train: 0.8923 f1_train: 0.8849 cm_train: (tn=1876, fp=267, fn=231, tp=1914)
2025-10-19 02:40:07 | INFO | EM.print | -------- Epoch 4 --------
2025-10-19 02:40:07 | INFO | EM.print | epoch: 4/ iteration: 1/ loss_train: 3.5473292 | task_loss:0.1375 cont_loss:8.7276 adv_loss:0.0065
2025-10-19 02:40:09 | INFO | EM.print | epoch: 0004 loss_train: 3.5752 task_loss: 0.4623 cont_loss: 8.4739 adv_loss: 0.0034 auroc_train: 0.9629 auprc_train: 0.9599 precision_train: 0.8925 recall_train: 0.9062 f1_train: 0.8993 cm_train: (tn=1910, fp=234, fn=201, tp=1943)
2025-10-19 02:40:09 | INFO | EM.print | -------- Epoch 5 --------
2025-10-19 02:40:09 | INFO | EM.print | epoch: 5/ iteration: 1/ loss_train: 3.451862 | task_loss:0.1717 cont_loss:8.4563 adv_loss:0.0033
2025-10-19 02:40:11 | INFO | EM.print | epoch: 0005 loss_train: 3.5689 task_loss: 0.2827 cont_loss: 8.6382 adv_loss: 0.0030 auroc_train: 0.9652 auprc_train: 0.9615 precision_train: 0.8898 recall_train: 0.9226 f1_train: 0.9059 cm_train: (tn=1898, fp=245, fn=166, tp=1979)
2025-10-19 02:40:11 | INFO | EM.print | -------- Epoch 6 --------
2025-10-19 02:40:11 | INFO | EM.print | epoch: 6/ iteration: 1/ loss_train: 3.5766275 | task_loss:0.3217 cont_loss:8.6185 adv_loss:0.0028
2025-10-19 02:40:13 | INFO | EM.print | epoch: 0006 loss_train: 3.1851 task_loss: 0.2597 cont_loss: 7.6995 adv_loss: 0.0072 auroc_train: 0.9657 auprc_train: 0.9605 precision_train: 0.8913 recall_train: 0.9146 f1_train: 0.9028 cm_train: (tn=1907, fp=239, fn=183, tp=1959)
2025-10-19 02:40:13 | INFO | EM.print | -------- Epoch 7 --------
2025-10-19 02:40:13 | INFO | EM.print | epoch: 7/ iteration: 1/ loss_train: 3.2402444 | task_loss:0.2717 cont_loss:7.8258 adv_loss:0.0062
2025-10-19 02:40:14 | INFO | EM.print | epoch: 0007 loss_train: 3.6675 task_loss: 0.2509 cont_loss: 8.9174 adv_loss: 0.0011 auroc_train: 0.9644 auprc_train: 0.9604 precision_train: 0.8851 recall_train: 0.9174 f1_train: 0.9010 cm_train: (tn=1891, fp=255, fn=177, tp=1965)
2025-10-19 02:40:14 | INFO | EM.print | -------- Epoch 8 --------
2025-10-19 02:40:14 | INFO | EM.print | epoch: 8/ iteration: 1/ loss_train: 3.6592324 | task_loss:0.2300 cont_loss:8.9175 adv_loss:0.0011
2025-10-19 02:40:16 | INFO | EM.print | epoch: 0008 loss_train: 3.5604 task_loss: 0.0855 cont_loss: 8.8152 adv_loss: 0.0007 auroc_train: 0.9726 auprc_train: 0.9691 precision_train: 0.8968 recall_train: 0.9385 f1_train: 0.9172 cm_train: (tn=1909, fp=232, fn=132, tp=2015)
2025-10-19 02:40:16 | INFO | EM.print | -------- Epoch 9 --------
2025-10-19 02:40:16 | INFO | EM.print | epoch: 9/ iteration: 1/ loss_train: 3.585105 | task_loss:0.1480 cont_loss:8.8145 adv_loss:0.0006
2025-10-19 02:40:18 | INFO | EM.print | epoch: 0009 loss_train: 3.6247 task_loss: 0.3368 cont_loss: 8.7245 adv_loss: 0.0009 auroc_train: 0.9769 auprc_train: 0.9732 precision_train: 0.9113 recall_train: 0.9436 f1_train: 0.9272 cm_train: (tn=1946, fp=197, fn=121, tp=2024)
2025-10-19 02:40:18 | INFO | EM.print | -------- Epoch 10 --------
2025-10-19 02:40:18 | INFO | EM.print | epoch: 10/ iteration: 1/ loss_train: 3.5434005 | task_loss:0.1262 cont_loss:8.7318 adv_loss:0.0009
2025-10-19 02:40:20 | INFO | EM.print | epoch: 0010 loss_train: 3.6217 task_loss: 0.2083 cont_loss: 8.8456 adv_loss: 0.0006 auroc_train: 0.9803 auprc_train: 0.9767 precision_train: 0.9185 recall_train: 0.9562 f1_train: 0.9369 cm_train: (tn=1962, fp=182, fn=94, tp=2050)
2025-10-19 02:40:20 | INFO | EM.print | Optimization Finished!
2025-10-19 02:40:20 | INFO | EM.result.save | Saved result text: /root/OUTPUT/result/LDA_C_r1_007_data_20251019_023920/metrics/train_epoch_metrics_fold_1_20251019_023920.csv.txt
2025-10-19 02:40:20 | INFO | EM.print | [SAVE] Per-epoch train metrics saved: train_epoch_metrics_fold_1_20251019_023920.csv
2025-10-19 02:40:20 | INFO | EM.print | loss_test: 3.6866 auroc_test: 0.9544 auprc_test: 0.9503 precision_test: 0.8736 recall_test: 0.9043 f1_test: 0.8887 cm_test: (tn=445, fp=67, fn=49, tp=463)
2025-10-19 02:40:20 | INFO | EM | Fold 1 completed.
2025-10-19 02:40:20 | INFO | EM | === Fold 2/5 ===
2025-10-19 02:40:20 | INFO | EM.result.save | Saved result text: /root/OUTPUT/result/LDA_C_r1_007_data_20251019_023920/metrics/adv_config_fold_2_20251019_023920.json.txt
2025-10-19 02:40:20 | INFO | EM.print | [SAVE] adv config saved: metrics/adv_config_fold_2_20251019_023920.json
2025-10-19 02:40:20 | INFO | EM.print | Start Training...
2025-10-19 02:40:20 | INFO | EM.print | -------- Epoch 1 --------
2025-10-19 02:40:21 | INFO | EM.print | epoch: 1/ iteration: 1/ loss_train: 2.3903148 | task_loss:0.6982 cont_loss:4.9295 adv_loss:0.6962
2025-10-19 02:40:22 | INFO | EM.print | epoch: 0001 loss_train: 3.7153 task_loss: 0.3259 cont_loss: 8.9470 adv_loss: 0.0306 auroc_train: 0.8777 auprc_train: 0.8757 precision_train: 0.7690 recall_train: 0.8006 f1_train: 0.7845 cm_train: (tn=1626, fp=516, fn=428, tp=1718)
2025-10-19 02:40:22 | INFO | EM.print | -------- Epoch 2 --------
2025-10-19 02:40:22 | INFO | EM.print | epoch: 2/ iteration: 1/ loss_train: 3.6953583 | task_loss:0.2805 cont_loss:8.9436 adv_loss:0.0286
2025-10-19 02:40:24 | INFO | EM.print | epoch: 0002 loss_train: 3.6127 task_loss: 0.3380 cont_loss: 8.6918 adv_loss: 0.0037 auroc_train: 0.9465 auprc_train: 0.9431 precision_train: 0.8606 recall_train: 0.8871 f1_train: 0.8736 cm_train: (tn=1837, fp=308, fn=242, tp=1901)
2025-10-19 02:40:24 | INFO | EM.print | -------- Epoch 3 --------
2025-10-19 02:40:24 | INFO | EM.print | epoch: 3/ iteration: 1/ loss_train: 3.5656958 | task_loss:0.2228 cont_loss:8.6890 adv_loss:0.0048
2025-10-19 02:40:26 | INFO | EM.print | epoch: 0003 loss_train: 3.5798 task_loss: 0.2488 cont_loss: 8.6998 adv_loss: 0.0020 auroc_train: 0.9548 auprc_train: 0.9509 precision_train: 0.8757 recall_train: 0.8949 f1_train: 0.8852 cm_train: (tn=1875, fp=272, fn=225, tp=1916)
2025-10-19 02:40:26 | INFO | EM.print | -------- Epoch 4 --------
2025-10-19 02:40:26 | INFO | EM.print | epoch: 4/ iteration: 1/ loss_train: 3.5501635 | task_loss:0.1787 cont_loss:8.6958 adv_loss:0.0018
2025-10-19 02:40:27 | INFO | EM.print | epoch: 0004 loss_train: 3.5988 task_loss: 0.3064 cont_loss: 8.6889 adv_loss: 0.0032 auroc_train: 0.9609 auprc_train: 0.9583 precision_train: 0.8796 recall_train: 0.9067 f1_train: 0.8929 cm_train: (tn=1879, fp=266, fn=200, tp=1943)
2025-10-19 02:40:27 | INFO | EM.print | -------- Epoch 5 --------
2025-10-19 02:40:27 | INFO | EM.print | epoch: 5/ iteration: 1/ loss_train: 3.5989203 | task_loss:0.2855 cont_loss:8.7103 adv_loss:0.0030
2025-10-19 02:40:29 | INFO | EM.print | epoch: 0005 loss_train: 3.5383 task_loss: 0.1622 cont_loss: 8.6829 adv_loss: 0.0011 auroc_train: 0.9618 auprc_train: 0.9590 precision_train: 0.8776 recall_train: 0.9104 f1_train: 0.8937 cm_train: (tn=1873, fp=272, fn=192, tp=1951)
2025-10-19 02:40:29 | INFO | EM.print | -------- Epoch 6 --------
2025-10-19 02:40:29 | INFO | EM.print | epoch: 6/ iteration: 1/ loss_train: 3.543296 | task_loss:0.1937 cont_loss:8.6638 adv_loss:0.0015
2025-10-19 02:40:31 | INFO | EM.print | epoch: 0006 loss_train: 3.6318 task_loss: 0.2666 cont_loss: 8.8112 adv_loss: 0.0030 auroc_train: 0.9643 auprc_train: 0.9610 precision_train: 0.8825 recall_train: 0.9175 f1_train: 0.8997 cm_train: (tn=1881, fp=262, fn=177, tp=1968)
2025-10-19 02:40:31 | INFO | EM.print | -------- Epoch 7 --------
2025-10-19 02:40:31 | INFO | EM.print | epoch: 7/ iteration: 1/ loss_train: 3.6134229 | task_loss:0.2148 cont_loss:8.8169 adv_loss:0.0037
2025-10-19 02:40:33 | INFO | EM.print | epoch: 0007 loss_train: 3.5508 task_loss: 0.1708 cont_loss: 8.7051 adv_loss: 0.0022 auroc_train: 0.9675 auprc_train: 0.9653 precision_train: 0.8843 recall_train: 0.9231 f1_train: 0.9033 cm_train: (tn=1884, fp=259, fn=165, tp=1980)
2025-10-19 02:40:33 | INFO | EM.print | -------- Epoch 8 --------
2025-10-19 02:40:33 | INFO | EM.print | epoch: 8/ iteration: 1/ loss_train: 3.5493398 | task_loss:0.1655 cont_loss:8.7068 adv_loss:0.0020
2025-10-19 02:40:34 | INFO | EM.print | epoch: 0008 loss_train: 3.6036 task_loss: 0.2449 cont_loss: 8.7634 adv_loss: 0.0012 auroc_train: 0.9681 auprc_train: 0.9669 precision_train: 0.8765 recall_train: 0.9174 f1_train: 0.8965 cm_train: (tn=1868, fp=277, fn=177, tp=1966)
2025-10-19 02:40:34 | INFO | EM.print | -------- Epoch 9 --------
2025-10-19 02:40:34 | INFO | EM.print | epoch: 9/ iteration: 1/ loss_train: 3.596709 | task_loss:0.2294 cont_loss:8.7616 adv_loss:0.0014
2025-10-19 02:40:36 | INFO | EM.print | epoch: 0009 loss_train: 3.6212 task_loss: 0.1850 cont_loss: 8.8667 adv_loss: 0.0024 auroc_train: 0.9695 auprc_train: 0.9677 precision_train: 0.8833 recall_train: 0.9319 f1_train: 0.9069 cm_train: (tn=1880, fp=264, fn=146, tp=1998)
2025-10-19 02:40:36 | INFO | EM.print | -------- Epoch 10 --------
2025-10-19 02:40:36 | INFO | EM.print | epoch: 10/ iteration: 1/ loss_train: 3.645506 | task_loss:0.2437 cont_loss:8.8683 adv_loss:0.0034
2025-10-19 02:40:38 | INFO | EM.print | epoch: 0010 loss_train: 3.6187 task_loss: 0.2697 cont_loss: 8.7766 adv_loss: 0.0007 auroc_train: 0.9692 auprc_train: 0.9685 precision_train: 0.8813 recall_train: 0.9347 f1_train: 0.9072 cm_train: (tn=1874, fp=270, fn=140, tp=2004)
2025-10-19 02:40:38 | INFO | EM.print | Optimization Finished!
2025-10-19 02:40:38 | INFO | EM.result.save | Saved result text: /root/OUTPUT/result/LDA_C_r1_007_data_20251019_023920/metrics/train_epoch_metrics_fold_2_20251019_023920.csv.txt
2025-10-19 02:40:38 | INFO | EM.print | [SAVE] Per-epoch train metrics saved: train_epoch_metrics_fold_2_20251019_023920.csv
2025-10-19 02:40:38 | INFO | EM.print | loss_test: 3.7516 auroc_test: 0.9284 auprc_test: 0.9225 precision_test: 0.8434 recall_test: 0.8782 f1_test: 0.8604 cm_test: (tn=432, fp=83, fn=62, tp=447)
2025-10-19 02:40:38 | INFO | EM | Fold 2 completed.
2025-10-19 02:40:38 | INFO | EM | === Fold 3/5 ===
2025-10-19 02:40:38 | INFO | EM.result.save | Saved result text: /root/OUTPUT/result/LDA_C_r1_007_data_20251019_023920/metrics/adv_config_fold_3_20251019_023920.json.txt
2025-10-19 02:40:38 | INFO | EM.print | [SAVE] adv config saved: metrics/adv_config_fold_3_20251019_023920.json
2025-10-19 02:40:38 | INFO | EM.print | Start Training...
2025-10-19 02:40:38 | INFO | EM.print | -------- Epoch 1 --------
2025-10-19 02:40:39 | INFO | EM.print | epoch: 1/ iteration: 1/ loss_train: 2.337875 | task_loss:0.7177 cont_loss:4.7505 adv_loss:0.7530
2025-10-19 02:40:41 | INFO | EM.print | epoch: 0001 loss_train: 3.7094 task_loss: 0.2973 cont_loss: 8.9465 adv_loss: 0.0595 auroc_train: 0.8696 auprc_train: 0.8657 precision_train: 0.7653 recall_train: 0.7874 f1_train: 0.7762 cm_train: (tn=1625, fp=518, fn=456, tp=1689)
2025-10-19 02:40:41 | INFO | EM.print | -------- Epoch 2 --------
2025-10-19 02:40:41 | INFO | EM.print | epoch: 2/ iteration: 1/ loss_train: 3.6774573 | task_loss:0.2237 cont_loss:8.9426 adv_loss:0.0546
2025-10-19 02:40:43 | INFO | EM.print | epoch: 0002 loss_train: 3.5558 task_loss: 0.2341 cont_loss: 8.6526 adv_loss: 0.0055 auroc_train: 0.9458 auprc_train: 0.9415 precision_train: 0.8536 recall_train: 0.8927 f1_train: 0.8727 cm_train: (tn=1817, fp=328, fn=230, tp=1913)
2025-10-19 02:40:43 | INFO | EM.print | -------- Epoch 3 --------
2025-10-19 02:40:43 | INFO | EM.print | epoch: 3/ iteration: 1/ loss_train: 3.6017454 | task_loss:0.3458 cont_loss:8.6558 adv_loss:0.0055
2025-10-19 02:40:44 | INFO | EM.print | epoch: 0003 loss_train: 3.5467 task_loss: 0.2219 cont_loss: 8.6428 adv_loss: 0.0038 auroc_train: 0.9555 auprc_train: 0.9525 precision_train: 0.8733 recall_train: 0.9030 f1_train: 0.8879 cm_train: (tn=1862, fp=281, fn=208, tp=1937)
2025-10-19 02:40:44 | INFO | EM.print | -------- Epoch 4 --------
2025-10-19 02:40:44 | INFO | EM.print | epoch: 4/ iteration: 1/ loss_train: 3.5845175 | task_loss:0.3077 cont_loss:8.6517 adv_loss:0.0037
2025-10-19 02:40:46 | INFO | EM.print | epoch: 0004 loss_train: 3.5186 task_loss: 0.1665 cont_loss: 8.6280 adv_loss: 0.0042 auroc_train: 0.9572 auprc_train: 0.9546 precision_train: 0.8709 recall_train: 0.9071 f1_train: 0.8886 cm_train: (tn=1858, fp=288, fn=199, tp=1943)
2025-10-19 02:40:46 | INFO | EM.print | -------- Epoch 5 --------
2025-10-19 02:40:46 | INFO | EM.print | epoch: 5/ iteration: 1/ loss_train: 3.5555782 | task_loss:0.2650 cont_loss:8.6216 adv_loss:0.0047
2025-10-19 02:40:48 | INFO | EM.print | epoch: 0005 loss_train: 3.6255 task_loss: 0.2820 cont_loss: 8.7808 adv_loss: 0.0019 auroc_train: 0.9621 auprc_train: 0.9584 precision_train: 0.8783 recall_train: 0.9197 f1_train: 0.8985 cm_train: (tn=1873, fp=273, fn=172, tp=1970)
2025-10-19 02:40:48 | INFO | EM.print | -------- Epoch 6 --------
2025-10-19 02:40:48 | INFO | EM.print | epoch: 6/ iteration: 1/ loss_train: 3.6100836 | task_loss:0.2363 cont_loss:8.7879 adv_loss:0.0021
2025-10-19 02:40:50 | INFO | EM.print | epoch: 0006 loss_train: 3.5391 task_loss: 0.1974 cont_loss: 8.6469 adv_loss: 0.0068 auroc_train: 0.9637 auprc_train: 0.9596 precision_train: 0.8818 recall_train: 0.9193 f1_train: 0.9002 cm_train: (tn=1881, fp=264, fn=173, tp=1970)
2025-10-19 02:40:50 | INFO | EM.print | -------- Epoch 7 --------
2025-10-19 02:40:50 | INFO | EM.print | epoch: 7/ iteration: 1/ loss_train: 3.5192258 | task_loss:0.1242 cont_loss:8.6702 adv_loss:0.0074
2025-10-19 02:40:51 | INFO | EM.print | epoch: 0007 loss_train: 3.6017 task_loss: 0.2404 cont_loss: 8.7635 adv_loss: 0.0007 auroc_train: 0.9578 auprc_train: 0.9522 precision_train: 0.8712 recall_train: 0.9240 f1_train: 0.8968 cm_train: (tn=1851, fp=293, fn=163, tp=1981)
2025-10-19 02:40:51 | INFO | EM.print | -------- Epoch 8 --------
2025-10-19 02:40:51 | INFO | EM.print | epoch: 8/ iteration: 1/ loss_train: 3.6200402 | task_loss:0.2866 cont_loss:8.7632 adv_loss:0.0006
2025-10-19 02:40:53 | INFO | EM.print | epoch: 0008 loss_train: 3.6134 task_loss: 0.2069 cont_loss: 8.8264 adv_loss: 0.0005 auroc_train: 0.9683 auprc_train: 0.9642 precision_train: 0.8927 recall_train: 0.9360 f1_train: 0.9139 cm_train: (tn=1905, fp=241, fn=137, tp=2005)
2025-10-19 02:40:53 | INFO | EM.print | -------- Epoch 9 --------
2025-10-19 02:40:53 | INFO | EM.print | epoch: 9/ iteration: 1/ loss_train: 3.6226785 | task_loss:0.2268 cont_loss:8.8296 adv_loss:0.0005
2025-10-19 02:40:55 | INFO | EM.print | epoch: 0009 loss_train: 3.6279 task_loss: 0.2580 cont_loss: 8.8112 adv_loss: 0.0012 auroc_train: 0.9710 auprc_train: 0.9668 precision_train: 0.8948 recall_train: 0.9441 f1_train: 0.9188 cm_train: (tn=1905, fp=238, fn=120, tp=2025)
2025-10-19 02:40:55 | INFO | EM.print | -------- Epoch 10 --------
2025-10-19 02:40:55 | INFO | EM.print | epoch: 10/ iteration: 1/ loss_train: 3.6489763 | task_loss:0.3128 cont_loss:8.8091 adv_loss:0.0010
2025-10-19 02:40:56 | INFO | EM.print | epoch: 0010 loss_train: 3.6276 task_loss: 0.2529 cont_loss: 8.8155 adv_loss: 0.0010 auroc_train: 0.9763 auprc_train: 0.9733 precision_train: 0.9028 recall_train: 0.9483 f1_train: 0.9250 cm_train: (tn=1923, fp=219, fn=111, tp=2035)
2025-10-19 02:40:56 | INFO | EM.print | Optimization Finished!
2025-10-19 02:40:56 | INFO | EM.result.save | Saved result text: /root/OUTPUT/result/LDA_C_r1_007_data_20251019_023920/metrics/train_epoch_metrics_fold_3_20251019_023920.csv.txt
2025-10-19 02:40:56 | INFO | EM.print | [SAVE] Per-epoch train metrics saved: train_epoch_metrics_fold_3_20251019_023920.csv
2025-10-19 02:40:57 | INFO | EM.print | loss_test: 3.6479 auroc_test: 0.9610 auprc_test: 0.9605 precision_test: 0.9095 recall_test: 0.8811 f1_test: 0.8950 cm_test: (tn=466, fp=45, fn=61, tp=452)
2025-10-19 02:40:57 | INFO | EM | Fold 3 completed.
2025-10-19 02:40:57 | INFO | EM | === Fold 4/5 ===
2025-10-19 02:40:57 | INFO | EM.result.save | Saved result text: /root/OUTPUT/result/LDA_C_r1_007_data_20251019_023920/metrics/adv_config_fold_4_20251019_023920.json.txt
2025-10-19 02:40:57 | INFO | EM.print | [SAVE] adv config saved: metrics/adv_config_fold_4_20251019_023920.json
2025-10-19 02:40:57 | INFO | EM.print | Start Training...
2025-10-19 02:40:57 | INFO | EM.print | -------- Epoch 1 --------
2025-10-19 02:40:58 | INFO | EM.print | epoch: 1/ iteration: 1/ loss_train: 2.3215873 | task_loss:0.6726 cont_loss:4.7764 adv_loss:0.7099
2025-10-19 02:40:59 | INFO | EM.print | epoch: 0001 loss_train: 3.7681 task_loss: 0.4314 cont_loss: 8.9694 adv_loss: 0.0388 auroc_train: 0.8743 auprc_train: 0.8675 precision_train: 0.7733 recall_train: 0.7744 f1_train: 0.7738 cm_train: (tn=1656, fp=487, fn=484, tp=1661)
2025-10-19 02:40:59 | INFO | EM.print | -------- Epoch 2 --------
2025-10-19 02:40:59 | INFO | EM.print | epoch: 2/ iteration: 1/ loss_train: 3.7865567 | task_loss:0.4812 cont_loss:8.9668 adv_loss:0.0368
2025-10-19 02:41:01 | INFO | EM.print | epoch: 0002 loss_train: 3.5919 task_loss: 0.2081 cont_loss: 8.7691 adv_loss: 0.0051 auroc_train: 0.9432 auprc_train: 0.9339 precision_train: 0.8651 recall_train: 0.8829 f1_train: 0.8739 cm_train: (tn=1850, fp=295, fn=251, tp=1892)
2025-10-19 02:41:01 | INFO | EM.print | -------- Epoch 3 --------
2025-10-19 02:41:01 | INFO | EM.print | epoch: 3/ iteration: 1/ loss_train: 3.594172 | task_loss:0.2071 cont_loss:8.7759 adv_loss:0.0049
2025-10-19 02:41:03 | INFO | EM.print | epoch: 0003 loss_train: 3.5219 task_loss: 0.2489 cont_loss: 8.5537 adv_loss: 0.0042 auroc_train: 0.9561 auprc_train: 0.9518 precision_train: 0.8738 recall_train: 0.9043 f1_train: 0.8888 cm_train: (tn=1865, fp=280, fn=205, tp=1938)
2025-10-19 02:41:03 | INFO | EM.print | -------- Epoch 4 --------
2025-10-19 02:41:03 | INFO | EM.print | epoch: 4/ iteration: 1/ loss_train: 3.5112298 | task_loss:0.2236 cont_loss:8.5523 adv_loss:0.0043
2025-10-19 02:41:04 | INFO | EM.print | epoch: 0004 loss_train: 3.7567 task_loss: 0.4613 cont_loss: 8.9054 adv_loss: 0.0501 auroc_train: 0.9457 auprc_train: 0.9358 precision_train: 0.8539 recall_train: 0.9049 f1_train: 0.8786 cm_train: (tn=1812, fp=332, fn=204, tp=1940)
2025-10-19 02:41:04 | INFO | EM.print | -------- Epoch 5 --------
2025-10-19 02:41:04 | INFO | EM.print | epoch: 5/ iteration: 1/ loss_train: 3.6335077 | task_loss:0.1575 cont_loss:8.9072 adv_loss:0.0382
2025-10-19 02:41:06 | INFO | EM.print | epoch: 0005 loss_train: 3.7635 task_loss: 0.4677 cont_loss: 8.9401 adv_loss: 0.0018 auroc_train: 0.9472 auprc_train: 0.9430 precision_train: 0.8603 recall_train: 0.8980 f1_train: 0.8788 cm_train: (tn=1828, fp=313, fn=219, tp=1928)
2025-10-19 02:41:06 | INFO | EM.print | -------- Epoch 6 --------
2025-10-19 02:41:06 | INFO | EM.print | epoch: 6/ iteration: 1/ loss_train: 3.737439 | task_loss:0.4021 cont_loss:8.9405 adv_loss:0.0018
2025-10-19 02:41:08 | INFO | EM.print | epoch: 0006 loss_train: 3.6510 task_loss: 0.2173 cont_loss: 8.9094 adv_loss: 0.0015 auroc_train: 0.9583 auprc_train: 0.9520 precision_train: 0.8756 recall_train: 0.9230 f1_train: 0.8986 cm_train: (tn=1865, fp=281, fn=165, tp=1977)
2025-10-19 02:41:08 | INFO | EM.print | -------- Epoch 7 --------
2025-10-19 02:41:08 | INFO | EM.print | epoch: 7/ iteration: 1/ loss_train: 3.6753972 | task_loss:0.2795 cont_loss:8.9084 adv_loss:0.0013
2025-10-19 02:41:10 | INFO | EM.print | epoch: 0007 loss_train: 3.5953 task_loss: 0.1689 cont_loss: 8.8185 adv_loss: 0.0015 auroc_train: 0.9626 auprc_train: 0.9595 precision_train: 0.8738 recall_train: 0.9239 f1_train: 0.8982 cm_train: (tn=1859, fp=286, fn=163, tp=1980)
2025-10-19 02:41:10 | INFO | EM.print | -------- Epoch 8 --------
2025-10-19 02:41:10 | INFO | EM.print | epoch: 8/ iteration: 1/ loss_train: 3.638299 | task_loss:0.2772 cont_loss:8.8179 adv_loss:0.0012
2025-10-19 02:41:11 | INFO | EM.print | epoch: 0008 loss_train: 3.5932 task_loss: 0.1713 cont_loss: 8.8112 adv_loss: 0.0007 auroc_train: 0.9669 auprc_train: 0.9610 precision_train: 0.8852 recall_train: 0.9393 f1_train: 0.9114 cm_train: (tn=1885, fp=261, fn=130, tp=2012)
2025-10-19 02:41:11 | INFO | EM.print | -------- Epoch 9 --------
2025-10-19 02:41:12 | INFO | EM.print | epoch: 9/ iteration: 1/ loss_train: 3.584534 | task_loss:0.1523 cont_loss:8.8077 adv_loss:0.0026
2025-10-19 02:41:13 | INFO | EM.print | epoch: 0009 loss_train: 3.5728 task_loss: 0.1252 cont_loss: 8.8059 adv_loss: 0.0019 auroc_train: 0.9732 auprc_train: 0.9678 precision_train: 0.9020 recall_train: 0.9365 f1_train: 0.9190 cm_train: (tn=1927, fp=218, fn=136, tp=2007)
2025-10-19 02:41:13 | INFO | EM.print | -------- Epoch 10 --------
2025-10-19 02:41:13 | INFO | EM.print | epoch: 10/ iteration: 1/ loss_train: 3.59182 | task_loss:0.1714 cont_loss:8.8077 adv_loss:0.0009
2025-10-19 02:41:15 | INFO | EM.print | epoch: 0010 loss_train: 3.5952 task_loss: 0.2048 cont_loss: 8.7828 adv_loss: 0.0009 auroc_train: 0.9751 auprc_train: 0.9716 precision_train: 0.9054 recall_train: 0.9408 f1_train: 0.9228 cm_train: (tn=1931, fp=211, fn=127, tp=2019)
2025-10-19 02:41:15 | INFO | EM.print | Optimization Finished!
2025-10-19 02:41:15 | INFO | EM.result.save | Saved result text: /root/OUTPUT/result/LDA_C_r1_007_data_20251019_023920/metrics/train_epoch_metrics_fold_4_20251019_023920.csv.txt
2025-10-19 02:41:15 | INFO | EM.print | [SAVE] Per-epoch train metrics saved: train_epoch_metrics_fold_4_20251019_023920.csv
2025-10-19 02:41:16 | INFO | EM.print | loss_test: 3.6392 auroc_test: 0.9547 auprc_test: 0.9524 precision_test: 0.8688 recall_test: 0.9050 f1_test: 0.8865 cm_test: (tn=450, fp=69, fn=48, tp=457)
2025-10-19 02:41:16 | INFO | EM | Fold 4 completed.
2025-10-19 02:41:16 | INFO | EM | === Fold 5/5 ===
2025-10-19 02:41:16 | INFO | EM.result.save | Saved result text: /root/OUTPUT/result/LDA_C_r1_007_data_20251019_023920/metrics/adv_config_fold_5_20251019_023920.json.txt
2025-10-19 02:41:16 | INFO | EM.print | [SAVE] adv config saved: metrics/adv_config_fold_5_20251019_023920.json
2025-10-19 02:41:16 | INFO | EM.print | Start Training...
2025-10-19 02:41:16 | INFO | EM.print | -------- Epoch 1 --------
2025-10-19 02:41:16 | INFO | EM.print | epoch: 1/ iteration: 1/ loss_train: 2.4730275 | task_loss:0.6922 cont_loss:5.1166 adv_loss:0.7475
2025-10-19 02:41:18 | INFO | EM.print | epoch: 0001 loss_train: 3.7367 task_loss: 0.3708 cont_loss: 8.9447 adv_loss: 0.0525 auroc_train: 0.8882 auprc_train: 0.8818 precision_train: 0.7933 recall_train: 0.7974 f1_train: 0.7954 cm_train: (tn=1695, fp=446, fn=435, tp=1712)
2025-10-19 02:41:18 | INFO | EM.print | -------- Epoch 2 --------
2025-10-19 02:41:18 | INFO | EM.print | epoch: 2/ iteration: 1/ loss_train: 3.7306652 | task_loss:0.3597 cont_loss:8.9430 adv_loss:0.0479
2025-10-19 02:41:20 | INFO | EM.print | epoch: 0002 loss_train: 3.6537 task_loss: 0.3076 cont_loss: 8.8245 adv_loss: 0.0040 auroc_train: 0.9472 auprc_train: 0.9425 precision_train: 0.8721 recall_train: 0.8871 f1_train: 0.8795 cm_train: (tn=1865, fp=279, fn=242, tp=1902)
2025-10-19 02:41:20 | INFO | EM.print | -------- Epoch 3 --------
2025-10-19 02:41:20 | INFO | EM.print | epoch: 3/ iteration: 1/ loss_train: 3.6130419 | task_loss:0.2101 cont_loss:8.8204 adv_loss:0.0042
2025-10-19 02:41:21 | INFO | EM.print | epoch: 0003 loss_train: 3.6066 task_loss: 0.2412 cont_loss: 8.7714 adv_loss: 0.0079 auroc_train: 0.9584 auprc_train: 0.9563 precision_train: 0.8758 recall_train: 0.9012 f1_train: 0.8883 cm_train: (tn=1869, fp=274, fn=212, tp=1933)
2025-10-19 02:41:21 | INFO | EM.print | -------- Epoch 4 --------
2025-10-19 02:41:21 | INFO | EM.print | epoch: 4/ iteration: 1/ loss_train: 3.5611377 | task_loss:0.1255 cont_loss:8.7734 adv_loss:0.0078
2025-10-19 02:41:23 | INFO | EM.print | epoch: 0004 loss_train: 3.6659 task_loss: 0.3089 cont_loss: 8.8512 adv_loss: 0.0095 auroc_train: 0.9579 auprc_train: 0.9542 precision_train: 0.8781 recall_train: 0.9101 f1_train: 0.8938 cm_train: (tn=1871, fp=271, fn=193, tp=1953)
2025-10-19 02:41:23 | INFO | EM.print | -------- Epoch 5 --------
2025-10-19 02:41:23 | INFO | EM.print | epoch: 5/ iteration: 1/ loss_train: 3.703934 | task_loss:0.3997 cont_loss:8.8559 adv_loss:0.0086
2025-10-19 02:41:25 | INFO | EM.print | epoch: 0005 loss_train: 3.6996 task_loss: 0.2969 cont_loss: 8.9503 adv_loss: 0.0037 auroc_train: 0.9524 auprc_train: 0.9492 precision_train: 0.8674 recall_train: 0.9062 f1_train: 0.8864 cm_train: (tn=1848, fp=297, fn=201, tp=1942)
2025-10-19 02:41:25 | INFO | EM.print | -------- Epoch 6 --------
2025-10-19 02:41:25 | INFO | EM.print | epoch: 6/ iteration: 1/ loss_train: 3.675909 | task_loss:0.2373 cont_loss:8.9512 adv_loss:0.0027
2025-10-19 02:41:27 | INFO | EM.print | epoch: 0006 loss_train: 3.7081 task_loss: 0.3057 cont_loss: 8.9640 adv_loss: 0.0011 auroc_train: 0.9569 auprc_train: 0.9543 precision_train: 0.8743 recall_train: 0.9077 f1_train: 0.8907 cm_train: (tn=1863, fp=280, fn=198, tp=1947)
2025-10-19 02:41:27 | INFO | EM.print | -------- Epoch 7 --------
2025-10-19 02:41:27 | INFO | EM.print | epoch: 7/ iteration: 1/ loss_train: 3.7295945 | task_loss:0.3590 cont_loss:8.9643 adv_loss:0.0012
2025-10-19 02:41:28 | INFO | EM.print | epoch: 0007 loss_train: 3.6808 task_loss: 0.2762 cont_loss: 8.9254 adv_loss: 0.0007 auroc_train: 0.9656 auprc_train: 0.9615 precision_train: 0.8837 recall_train: 0.9254 f1_train: 0.9041 cm_train: (tn=1883, fp=261, fn=160, tp=1984)
2025-10-19 02:41:28 | INFO | EM.print | -------- Epoch 8 --------
2025-10-19 02:41:28 | INFO | EM.print | epoch: 8/ iteration: 1/ loss_train: 3.69395 | task_loss:0.3101 cont_loss:8.9245 adv_loss:0.0006
2025-10-19 02:41:30 | INFO | EM.print | epoch: 0008 loss_train: 3.6415 task_loss: 0.2305 cont_loss: 8.8731 adv_loss: 0.0005 auroc_train: 0.9702 auprc_train: 0.9674 precision_train: 0.8960 recall_train: 0.9319 f1_train: 0.9136 cm_train: (tn=1912, fp=232, fn=146, tp=1998)
2025-10-19 02:41:30 | INFO | EM.print | -------- Epoch 9 --------
2025-10-19 02:41:30 | INFO | EM.print | epoch: 9/ iteration: 1/ loss_train: 3.6382933 | task_loss:0.2241 cont_loss:8.8714 adv_loss:0.0004
2025-10-19 02:41:32 | INFO | EM.print | epoch: 0009 loss_train: 3.6130 task_loss: 0.1920 cont_loss: 8.8404 adv_loss: 0.0004 auroc_train: 0.9738 auprc_train: 0.9704 precision_train: 0.9039 recall_train: 0.9422 f1_train: 0.9227 cm_train: (tn=1927, fp=215, fn=124, tp=2022)
2025-10-19 02:41:32 | INFO | EM.print | -------- Epoch 10 --------
2025-10-19 02:41:32 | INFO | EM.print | epoch: 10/ iteration: 1/ loss_train: 3.6267107 | task_loss:0.2254 cont_loss:8.8411 adv_loss:0.0006
2025-10-19 02:41:34 | INFO | EM.print | epoch: 0010 loss_train: 3.6187 task_loss: 0.1982 cont_loss: 8.8482 adv_loss: 0.0005 auroc_train: 0.9773 auprc_train: 0.9737 precision_train: 0.9144 recall_train: 0.9524 f1_train: 0.9330 cm_train: (tn=1954, fp=191, fn=102, tp=2041)
2025-10-19 02:41:34 | INFO | EM.print | Optimization Finished!
2025-10-19 02:41:34 | INFO | EM.result.save | Saved result text: /root/OUTPUT/result/LDA_C_r1_007_data_20251019_023920/metrics/train_epoch_metrics_fold_5_20251019_023920.csv.txt
2025-10-19 02:41:34 | INFO | EM.print | [SAVE] Per-epoch train metrics saved: train_epoch_metrics_fold_5_20251019_023920.csv
2025-10-19 02:41:34 | INFO | EM.print | loss_test: 3.6470 auroc_test: 0.9546 auprc_test: 0.9543 precision_test: 0.8669 recall_test: 0.9142 f1_test: 0.8899 cm_test: (tn=439, fp=72, fn=44, tp=469)
2025-10-19 02:41:34 | INFO | EM | Fold 5 completed.
2025-10-19 02:41:34 | INFO | EM | === 5-Fold Cross Validation Results ===
2025-10-19 02:41:34 | INFO | EM | AUROC: 0.9506 ± 0.0114
2025-10-19 02:41:34 | INFO | EM | AUPRC: 0.9480 ± 0.0132
2025-10-19 02:41:34 | INFO | EM | F1-Score: 0.8841 ± 0.0122
2025-10-19 02:41:34 | INFO | EM | Loss: 3.6745 ± 0.0420
2025-10-19 02:41:34 | INFO | EM.result.save | Saved result text: /root/OUTPUT/result/LDA_C_r1_007_data_20251019_023920/result_summary_20251019_023920.txt
2025-10-19 02:41:34 | INFO | EM | Detailed Results:
2025-10-19 02:41:34 | INFO | EM | Fold 1: AUROC=0.9544, AUPRC=0.9503, F1=0.8887
2025-10-19 02:41:34 | INFO | EM | Fold 2: AUROC=0.9284, AUPRC=0.9225, F1=0.8604
2025-10-19 02:41:34 | INFO | EM | Fold 3: AUROC=0.9610, AUPRC=0.9605, F1=0.8950
2025-10-19 02:41:34 | INFO | EM | Fold 4: AUROC=0.9547, AUPRC=0.9524, F1=0.8865
2025-10-19 02:41:34 | INFO | EM | Fold 5: AUROC=0.9546, AUPRC=0.9543, F1=0.8899
2025-10-19 02:41:34 | INFO | EM.result.save | Saved result text: /root/OUTPUT/result/LDA_C_r1_007_data_20251019_023920/per_fold_20251019_023920.txt
2025-10-19 02:41:34 | INFO | EM.result.save | Saved result text: /root/OUTPUT/result/LDA_C_r1_007_data_20251019_023920/metrics/result_extra_20251019_023920.txt
2025-10-19 02:41:34 | INFO | EM | Precision: 0.8724 ± 0.0213
2025-10-19 02:41:34 | INFO | EM | Recall: 0.8966 ± 0.0143
2025-10-19 02:41:34 | INFO | EM | Confusion Matrix (sum): tn=2232, fp=336, fn=264, tp=2288
2025-10-19 02:41:34 | INFO | EM | All folds completed!
2025-10-19 02:41:34 | INFO | EM | ================================================================================
2025-10-19 02:41:34 | INFO | EM | RUN END   | run_id=20251019_023920 | run_name=LDA_C_r1_007
2025-10-19 02:41:34 | INFO | EM | RESULT DIR: /root/OUTPUT/result/LDA_C_r1_007_data_20251019_023920
2025-10-19 02:41:34 | INFO | EM | ================================================================================
