2025-10-19 17:57:49 | INFO | EM | ================================================================================
2025-10-19 17:57:49 | INFO | EM | RUN START | run_id=20251019_175749 | run_name=LDA_stageA_eps0.008_steps5
2025-10-19 17:57:49 | INFO | EM | COMMAND: /root/miniconda3/bin/python /root/hyperparameter-tuning/main.py --task_type LDA --run_name LDA_stageA_eps0.008_steps5 --feature_type one_hot --batch 64 --lr 0.0005 --weight_decay 0.0005 --dropout 0.05 --epochs 10 --augment_mode online --moco_queue 4096 --moco_momentum 0.99 --moco_t 0.07 --loss_ratio1 0.45 --loss_ratio2 0.55 --loss_ratio3 0.5 --enable_threshold_scan true --threshold_min 0.35 --threshold_max 0.65 --threshold_step 0.01 --enable_temp_scaling true --temp_grid_min 0.5 --temp_grid_max 3.0 --temp_grid_num 26 --adv_warmup_end 3 --adv_mode mgraph --adv_norm linf --adv_rand_init true --adv_project true --adv_on_moco true --adv_eps 0.008 --adv_alpha 0.0016 --adv_steps 5
2025-10-19 17:57:49 | INFO | EM | ================================================================================
2025-10-19 17:57:49 | INFO | EM.result | Result directory: /root/OUTPUT/result/LDA_stageA_eps0.008_steps5_data_20251019_175749
2025-10-19 17:57:49 | INFO | EM | Initialized logging and result directory.
2025-10-19 17:57:49 | INFO | EM | Using CUDA: True
2025-10-19 17:57:49 | INFO | EM | CUDA device count: 1
2025-10-19 17:57:49 | INFO | EM | Current CUDA device: 0
2025-10-19 17:57:49 | INFO | EM | CUDA device name: NVIDIA GeForce RTX 4090
2025-10-19 17:57:49 | INFO | EM | === Augmentation Config ===
2025-10-19 17:57:49 | INFO | EM | [AUG CONFIG] Multiple augmentations detected: random_permute_features, attribute_mask, noise_then_mask
2025-10-19 17:57:49 | INFO | EM | augment=random_permute_features,attribute_mask,noise_then_mask | mode=online | noise_std=0.01 | mask_rate=0.1 | augment_seed=None (None means seed+fold for static)
2025-10-19 17:57:49 | INFO | EM | ===========================
2025-10-19 17:57:49 | INFO | EM | Loading dataset1/LDA.edgelist seed0 dataset...
2025-10-19 17:57:49 | INFO | EM | Selected cross_validation type: 5_cv1
2025-10-19 17:57:49 | INFO | EM | Selected task_type: LDA
2025-10-19 17:57:49 | INFO | EM | Selected feature_type: one_hot
2025-10-19 17:57:49 | INFO | EM | Selected embed_dim: N/A
2025-10-19 17:57:49 | INFO | EM | Selected learning_rate: N/A
2025-10-19 17:57:49 | INFO | EM | Selected epochs: 10
2025-10-19 17:57:49 | INFO | EM | Selected task type...
2025-10-19 17:57:58 | INFO | EM.print | [AUG][static][fold=1] start name=random_permute_features noise_std=0.01 mask_rate=0.1 seed=0
2025-10-19 17:57:58 | INFO | EM.print | [AUG][static][fold=1] done name=random_permute_features shape=(1140, 1140)
2025-10-19 17:57:58 | INFO | EM.augment | [AUGMENT][fold=1] name=random_permute_features noise_std=0.01 mask_rate=0.1 seed=0 masked_cols=0 shape=(1140, 1140) mean=0.0009 std=0.0296
2025-10-19 17:58:06 | INFO | EM.print | [AUG][static][fold=2] start name=random_permute_features noise_std=0.01 mask_rate=0.1 seed=1
2025-10-19 17:58:06 | INFO | EM.print | [AUG][static][fold=2] done name=random_permute_features shape=(1140, 1140)
2025-10-19 17:58:06 | INFO | EM.augment | [AUGMENT][fold=2] name=random_permute_features noise_std=0.01 mask_rate=0.1 seed=1 masked_cols=0 shape=(1140, 1140) mean=0.0009 std=0.0296
2025-10-19 17:58:15 | INFO | EM.print | [AUG][static][fold=3] start name=random_permute_features noise_std=0.01 mask_rate=0.1 seed=2
2025-10-19 17:58:15 | INFO | EM.print | [AUG][static][fold=3] done name=random_permute_features shape=(1140, 1140)
2025-10-19 17:58:15 | INFO | EM.augment | [AUGMENT][fold=3] name=random_permute_features noise_std=0.01 mask_rate=0.1 seed=2 masked_cols=0 shape=(1140, 1140) mean=0.0009 std=0.0296
2025-10-19 17:58:23 | INFO | EM.print | [AUG][static][fold=4] start name=random_permute_features noise_std=0.01 mask_rate=0.1 seed=3
2025-10-19 17:58:23 | INFO | EM.print | [AUG][static][fold=4] done name=random_permute_features shape=(1140, 1140)
2025-10-19 17:58:23 | INFO | EM.augment | [AUGMENT][fold=4] name=random_permute_features noise_std=0.01 mask_rate=0.1 seed=3 masked_cols=0 shape=(1140, 1140) mean=0.0009 std=0.0296
2025-10-19 17:58:31 | INFO | EM.print | [AUG][static][fold=5] start name=random_permute_features noise_std=0.01 mask_rate=0.1 seed=4
2025-10-19 17:58:31 | INFO | EM.print | [AUG][static][fold=5] done name=random_permute_features shape=(1140, 1140)
2025-10-19 17:58:31 | INFO | EM.augment | [AUGMENT][fold=5] name=random_permute_features noise_std=0.01 mask_rate=0.1 seed=4 masked_cols=0 shape=(1140, 1140) mean=0.0009 std=0.0296
2025-10-19 17:58:31 | INFO | EM | [DATALOADER] os=linux workers=8 prefetch_factor=4
2025-10-19 17:58:31 | INFO | EM.fold_stats | Saved fold stats to /root/OUTPUT/result/metrics/fold_stats.json
2025-10-19 17:58:31 | INFO | EM | Loading finished!
2025-10-19 17:58:31 | INFO | EM | Starting 5-fold cross validation...
2025-10-19 17:58:31 | INFO | EM | === Fold 1/5 ===
2025-10-19 17:58:32 | INFO | EM.result.save | Saved result text: /root/OUTPUT/result/LDA_stageA_eps0.008_steps5_data_20251019_175749/metrics/adv_config_fold_1_20251019_175749.json.txt
2025-10-19 17:58:32 | INFO | EM.print | [SAVE] adv config saved: metrics/adv_config_fold_1_20251019_175749.json
2025-10-19 17:58:32 | INFO | EM.print | Start Training...
2025-10-19 17:58:32 | INFO | EM.print | -------- Epoch 1 --------
2025-10-19 17:58:32 | INFO | EM.print | [AUG][online][epoch=1][iter=0] start name=random_permute_features noise_std=0.01 mask_rate=0.1 seed=0
2025-10-19 17:58:32 | INFO | EM.print | [AUG][online][epoch=1][iter=0] done name=random_permute_features shape=(1140, 1140)
2025-10-19 17:58:32 | INFO | EM.print | [ONLINE-AUG] mode=online name=random_permute_features noise_std=0.01 mask_rate=0.1 base_seed=0
2025-10-19 17:58:32 | INFO | EM.print | epoch: 1/ iteration: 1/ loss_train: 0.79117584 | task_loss:0.6695 cont_loss:0.2574 adv_loss:0.6966
2025-10-19 17:58:34 | INFO | EM.print | epoch: 0001 loss_train: 4.6764 task_loss: 0.3331 cont_loss: 8.1278 adv_loss: 0.1123 auroc_train: 0.8848 auprc_train: 0.8836 precision_train: 0.7877 recall_train: 0.8256 f1_train: 0.8062 cm_train: (tn=1667, fp=477, fn=374, tp=1770)
2025-10-19 17:58:34 | INFO | EM.print | -------- Epoch 2 --------
2025-10-19 17:58:34 | INFO | EM.print | [AUG][online][epoch=2][iter=0] start name=random_permute_features noise_std=0.01 mask_rate=0.1 seed=1000
2025-10-19 17:58:34 | INFO | EM.print | [AUG][online][epoch=2][iter=0] done name=random_permute_features shape=(1140, 1140)
2025-10-19 17:58:34 | INFO | EM.print | [ONLINE-AUG] mode=online name=random_permute_features noise_std=0.01 mask_rate=0.1 base_seed=0
2025-10-19 17:58:34 | INFO | EM.print | epoch: 2/ iteration: 1/ loss_train: 4.6667895 | task_loss:0.3105 cont_loss:8.1228 adv_loss:0.1191
2025-10-19 17:58:36 | INFO | EM.print | epoch: 0002 loss_train: 4.5089 task_loss: 0.2433 cont_loss: 7.9693 adv_loss: 0.0325 auroc_train: 0.9420 auprc_train: 0.9374 precision_train: 0.8623 recall_train: 0.8759 f1_train: 0.8690 cm_train: (tn=1844, fp=300, fn=266, tp=1878)
2025-10-19 17:58:36 | INFO | EM.print | -------- Epoch 3 --------
2025-10-19 17:58:36 | INFO | EM.print | [AUG][online][epoch=3][iter=0] start name=random_permute_features noise_std=0.01 mask_rate=0.1 seed=2000
2025-10-19 17:58:36 | INFO | EM.print | [AUG][online][epoch=3][iter=0] done name=random_permute_features shape=(1140, 1140)
2025-10-19 17:58:36 | INFO | EM.print | [ONLINE-AUG] mode=online name=random_permute_features noise_std=0.01 mask_rate=0.1 base_seed=0
2025-10-19 17:58:36 | INFO | EM.print | epoch: 3/ iteration: 1/ loss_train: 15.978935 | task_loss:1.4063 cont_loss:6.6610 adv_loss:23.3651
2025-10-19 17:58:45 | INFO | EM.print | epoch: 0003 loss_train: 5.2427 task_loss: 0.7023 cont_loss: 8.3056 adv_loss: 0.7173 auroc_train: 0.4629 auprc_train: 0.4670 precision_train: 0.4791 recall_train: 0.4813 f1_train: 0.4802 cm_train: (tn=1022, fp=1122, fn=1112, tp=1032)
2025-10-19 17:58:45 | INFO | EM.print | -------- Epoch 4 --------
2025-10-19 17:58:45 | INFO | EM.print | [AUG][online][epoch=4][iter=0] start name=random_permute_features noise_std=0.01 mask_rate=0.1 seed=3000
2025-10-19 17:58:45 | INFO | EM.print | [AUG][online][epoch=4][iter=0] done name=random_permute_features shape=(1140, 1140)
2025-10-19 17:58:45 | INFO | EM.print | [ONLINE-AUG] mode=online name=random_permute_features noise_std=0.01 mask_rate=0.1 base_seed=0
2025-10-19 17:58:45 | INFO | EM.print | epoch: 4/ iteration: 1/ loss_train: 5.2464886 | task_loss:0.7009 cont_loss:8.3122 adv_loss:0.7188
2025-10-19 17:58:54 | INFO | EM.print | epoch: 0004 loss_train: 5.2546 task_loss: 0.7005 cont_loss: 8.3172 adv_loss: 0.7298 auroc_train: 0.4917 auprc_train: 0.4919 precision_train: 0.4947 recall_train: 0.5028 f1_train: 0.4987 cm_train: (tn=1043, fp=1101, fn=1066, tp=1078)
2025-10-19 17:58:54 | INFO | EM.print | -------- Epoch 5 --------
2025-10-19 17:58:54 | INFO | EM.print | [AUG][online][epoch=5][iter=0] start name=random_permute_features noise_std=0.01 mask_rate=0.1 seed=4000
2025-10-19 17:58:54 | INFO | EM.print | [AUG][online][epoch=5][iter=0] done name=random_permute_features shape=(1140, 1140)
2025-10-19 17:58:54 | INFO | EM.print | [ONLINE-AUG] mode=online name=random_permute_features noise_std=0.01 mask_rate=0.1 base_seed=0
2025-10-19 17:58:54 | INFO | EM.print | epoch: 5/ iteration: 1/ loss_train: 5.238923 | task_loss:0.6990 cont_loss:8.3138 adv_loss:0.7036
2025-10-19 17:59:03 | INFO | EM.print | epoch: 0005 loss_train: 5.2359 task_loss: 0.6972 cont_loss: 8.3130 adv_loss: 0.6999 auroc_train: 0.4986 auprc_train: 0.4953 precision_train: 0.4959 recall_train: 0.5133 f1_train: 0.5045 cm_train: (tn=1027, fp=1118, fn=1043, tp=1100)
2025-10-19 17:59:03 | INFO | EM.print | -------- Epoch 6 --------
2025-10-19 17:59:03 | INFO | EM.print | [AUG][online][epoch=6][iter=0] start name=random_permute_features noise_std=0.01 mask_rate=0.1 seed=5000
2025-10-19 17:59:03 | INFO | EM.print | [AUG][online][epoch=6][iter=0] done name=random_permute_features shape=(1140, 1140)
2025-10-19 17:59:03 | INFO | EM.print | [ONLINE-AUG] mode=online name=random_permute_features noise_std=0.01 mask_rate=0.1 base_seed=0
2025-10-19 17:59:03 | INFO | EM.print | epoch: 6/ iteration: 1/ loss_train: 5.2312307 | task_loss:0.6927 cont_loss:8.3105 adv_loss:0.6975
2025-10-19 17:59:11 | INFO | EM.print | epoch: 0006 loss_train: 5.2357 task_loss: 0.6932 cont_loss: 8.3222 adv_loss: 0.6930 auroc_train: 0.4911 auprc_train: 0.4918 precision_train: 0.4933 recall_train: 0.5839 f1_train: 0.5348 cm_train: (tn=855, fp=1287, fn=893, tp=1253)
2025-10-19 17:59:11 | INFO | EM.print | -------- Epoch 7 --------
2025-10-19 17:59:11 | INFO | EM.print | [AUG][online][epoch=7][iter=0] start name=random_permute_features noise_std=0.01 mask_rate=0.1 seed=6000
2025-10-19 17:59:11 | INFO | EM.print | [AUG][online][epoch=7][iter=0] done name=random_permute_features shape=(1140, 1140)
2025-10-19 17:59:11 | INFO | EM.print | [ONLINE-AUG] mode=online name=random_permute_features noise_std=0.01 mask_rate=0.1 base_seed=0
2025-10-19 17:59:11 | INFO | EM.print | epoch: 7/ iteration: 1/ loss_train: 5.2285113 | task_loss:0.6913 cont_loss:8.3103 adv_loss:0.6935
2025-10-19 17:59:20 | INFO | EM.print | epoch: 0007 loss_train: 5.2376 task_loss: 0.7079 cont_loss: 8.3175 adv_loss: 0.6889 auroc_train: 0.4952 auprc_train: 0.4936 precision_train: 0.4887 recall_train: 0.4333 f1_train: 0.4593 cm_train: (tn=1172, fp=972, fn=1215, tp=929)
2025-10-19 17:59:20 | INFO | EM.print | -------- Epoch 8 --------
2025-10-19 17:59:20 | INFO | EM.print | [AUG][online][epoch=8][iter=0] start name=random_permute_features noise_std=0.01 mask_rate=0.1 seed=7000
2025-10-19 17:59:20 | INFO | EM.print | [AUG][online][epoch=8][iter=0] done name=random_permute_features shape=(1140, 1140)
2025-10-19 17:59:20 | INFO | EM.print | [ONLINE-AUG] mode=online name=random_permute_features noise_std=0.01 mask_rate=0.1 base_seed=0
2025-10-19 17:59:20 | INFO | EM.print | epoch: 8/ iteration: 1/ loss_train: 5.23033 | task_loss:0.6938 cont_loss:8.3155 adv_loss:0.6893
2025-10-19 17:59:29 | INFO | EM.print | epoch: 0008 loss_train: 5.2275 task_loss: 0.6937 cont_loss: 8.3151 adv_loss: 0.6840 auroc_train: 0.4938 auprc_train: 0.4959 precision_train: 0.4966 recall_train: 0.5865 f1_train: 0.5378 cm_train: (tn=868, fp=1275, fn=887, tp=1258)
2025-10-19 17:59:29 | INFO | EM.print | -------- Epoch 9 --------
2025-10-19 17:59:29 | INFO | EM.print | [AUG][online][epoch=9][iter=0] start name=random_permute_features noise_std=0.01 mask_rate=0.1 seed=8000
2025-10-19 17:59:29 | INFO | EM.print | [AUG][online][epoch=9][iter=0] done name=random_permute_features shape=(1140, 1140)
2025-10-19 17:59:29 | INFO | EM.print | [ONLINE-AUG] mode=online name=random_permute_features noise_std=0.01 mask_rate=0.1 base_seed=0
2025-10-19 17:59:30 | INFO | EM.print | epoch: 9/ iteration: 1/ loss_train: 5.2260103 | task_loss:0.6921 cont_loss:8.3153 adv_loss:0.6822
2025-10-19 17:59:39 | INFO | EM.print | epoch: 0009 loss_train: 5.2182 task_loss: 0.6823 cont_loss: 8.3137 adv_loss: 0.6772 auroc_train: 0.5051 auprc_train: 0.4999 precision_train: 0.5062 recall_train: 0.5378 f1_train: 0.5215 cm_train: (tn=1022, fp=1124, fn=990, tp=1152)
2025-10-19 17:59:39 | INFO | EM.print | -------- Epoch 10 --------
2025-10-19 17:59:39 | INFO | EM.print | [AUG][online][epoch=10][iter=0] start name=random_permute_features noise_std=0.01 mask_rate=0.1 seed=9000
2025-10-19 17:59:39 | INFO | EM.print | [AUG][online][epoch=10][iter=0] done name=random_permute_features shape=(1140, 1140)
2025-10-19 17:59:39 | INFO | EM.print | [ONLINE-AUG] mode=online name=random_permute_features noise_std=0.01 mask_rate=0.1 base_seed=0
2025-10-19 17:59:39 | INFO | EM.print | epoch: 10/ iteration: 1/ loss_train: 5.2264857 | task_loss:0.7009 cont_loss:8.3124 adv_loss:0.6785
2025-10-19 17:59:48 | INFO | EM.print | epoch: 0010 loss_train: 5.2146 task_loss: 0.6850 cont_loss: 8.3080 adv_loss: 0.6738 auroc_train: 0.5226 auprc_train: 0.5160 precision_train: 0.5125 recall_train: 0.4594 f1_train: 0.4845 cm_train: (tn=1207, fp=937, fn=1159, tp=985)
2025-10-19 17:59:48 | INFO | EM.print | Optimization Finished!
2025-10-19 17:59:48 | INFO | EM.result.save | Saved result text: /root/OUTPUT/result/LDA_stageA_eps0.008_steps5_data_20251019_175749/metrics/train_epoch_metrics_fold_1_20251019_175749.csv.txt
2025-10-19 17:59:48 | INFO | EM.print | [SAVE] Per-epoch train metrics saved: train_epoch_metrics_fold_1_20251019_175749.csv
2025-10-19 17:59:49 | INFO | EM.result.save | Saved result text: /root/OUTPUT/result/LDA_stageA_eps0.008_steps5_data_20251019_175749/metrics/threshold_scan_fold_1_20251019_175749.txt
2025-10-19 17:59:49 | INFO | EM.print | loss_test: 5.2083 auroc_test: 0.7684 auprc_test: 0.7886 precision_test: 0.5691 recall_test: 0.8658 f1_test: 0.6867 cm_test: (tn=173, fp=337, fn=69, tp=445)
2025-10-19 17:59:49 | INFO | EM | Fold 1 completed.
2025-10-19 17:59:49 | INFO | EM | === Fold 2/5 ===
2025-10-19 17:59:49 | INFO | EM.result.save | Saved result text: /root/OUTPUT/result/LDA_stageA_eps0.008_steps5_data_20251019_175749/metrics/adv_config_fold_2_20251019_175749.json.txt
2025-10-19 17:59:49 | INFO | EM.print | [SAVE] adv config saved: metrics/adv_config_fold_2_20251019_175749.json
2025-10-19 17:59:49 | INFO | EM.print | Start Training...
2025-10-19 17:59:49 | INFO | EM.print | -------- Epoch 1 --------
2025-10-19 17:59:49 | INFO | EM.print | [AUG][online][epoch=1][iter=0] start name=random_permute_features noise_std=0.01 mask_rate=0.1 seed=0
2025-10-19 17:59:49 | INFO | EM.print | [AUG][online][epoch=1][iter=0] done name=random_permute_features shape=(1140, 1140)
2025-10-19 17:59:49 | INFO | EM.print | [ONLINE-AUG] mode=online name=random_permute_features noise_std=0.01 mask_rate=0.1 base_seed=0
2025-10-19 17:59:49 | INFO | EM.print | epoch: 1/ iteration: 1/ loss_train: 0.78683126 | task_loss:0.7272 cont_loss:0.0690 adv_loss:0.8433
2025-10-19 17:59:51 | INFO | EM.print | epoch: 0001 loss_train: 4.7143 task_loss: 0.4383 cont_loss: 8.0756 adv_loss: 0.1509 auroc_train: 0.8186 auprc_train: 0.8140 precision_train: 0.7335 recall_train: 0.7322 f1_train: 0.7328 cm_train: (tn=1575, fp=570, fn=574, tp=1569)
2025-10-19 17:59:51 | INFO | EM.print | -------- Epoch 2 --------
2025-10-19 17:59:51 | INFO | EM.print | [AUG][online][epoch=2][iter=0] start name=random_permute_features noise_std=0.01 mask_rate=0.1 seed=1000
2025-10-19 17:59:51 | INFO | EM.print | [AUG][online][epoch=2][iter=0] done name=random_permute_features shape=(1140, 1140)
2025-10-19 17:59:51 | INFO | EM.print | [ONLINE-AUG] mode=online name=random_permute_features noise_std=0.01 mask_rate=0.1 base_seed=0
2025-10-19 17:59:51 | INFO | EM.print | epoch: 2/ iteration: 1/ loss_train: 4.6163297 | task_loss:0.2362 cont_loss:8.0669 adv_loss:0.1466
2025-10-19 17:59:52 | INFO | EM.print | epoch: 0002 loss_train: 4.4938 task_loss: 0.2712 cont_loss: 7.9096 adv_loss: 0.0430 auroc_train: 0.9395 auprc_train: 0.9335 precision_train: 0.8569 recall_train: 0.8853 f1_train: 0.8708 cm_train: (tn=1827, fp=317, fn=246, tp=1898)
2025-10-19 17:59:52 | INFO | EM.print | -------- Epoch 3 --------
2025-10-19 17:59:52 | INFO | EM.print | [AUG][online][epoch=3][iter=0] start name=random_permute_features noise_std=0.01 mask_rate=0.1 seed=2000
2025-10-19 17:59:52 | INFO | EM.print | [AUG][online][epoch=3][iter=0] done name=random_permute_features shape=(1140, 1140)
2025-10-19 17:59:52 | INFO | EM.print | [ONLINE-AUG] mode=online name=random_permute_features noise_std=0.01 mask_rate=0.1 base_seed=0
2025-10-19 17:59:53 | INFO | EM.print | epoch: 3/ iteration: 1/ loss_train: 18.011097 | task_loss:2.0728 cont_loss:7.7338 adv_loss:25.6495
2025-10-19 18:00:01 | INFO | EM.print | epoch: 0003 loss_train: 5.2543 task_loss: 0.6964 cont_loss: 8.3267 adv_loss: 0.7226 auroc_train: 0.4546 auprc_train: 0.4559 precision_train: 0.4735 recall_train: 0.4958 f1_train: 0.4844 cm_train: (tn=959, fp=1183, fn=1082, tp=1064)
2025-10-19 18:00:02 | INFO | EM.print | -------- Epoch 4 --------
2025-10-19 18:00:02 | INFO | EM.print | [AUG][online][epoch=4][iter=0] start name=random_permute_features noise_std=0.01 mask_rate=0.1 seed=3000
2025-10-19 18:00:02 | INFO | EM.print | [AUG][online][epoch=4][iter=0] done name=random_permute_features shape=(1140, 1140)
2025-10-19 18:00:02 | INFO | EM.print | [ONLINE-AUG] mode=online name=random_permute_features noise_std=0.01 mask_rate=0.1 base_seed=0
2025-10-19 18:00:02 | INFO | EM.print | epoch: 4/ iteration: 1/ loss_train: 5.255595 | task_loss:0.7006 cont_loss:8.3232 adv_loss:0.7251
2025-10-19 18:00:10 | INFO | EM.print | epoch: 0004 loss_train: 5.2429 task_loss: 0.7148 cont_loss: 8.3115 adv_loss: 0.6998 auroc_train: 0.4914 auprc_train: 0.4963 precision_train: 0.4960 recall_train: 0.4923 f1_train: 0.4941 cm_train: (tn=1073, fp=1072, fn=1088, tp=1055)
2025-10-19 18:00:10 | INFO | EM.print | -------- Epoch 5 --------
2025-10-19 18:00:10 | INFO | EM.print | [AUG][online][epoch=5][iter=0] start name=random_permute_features noise_std=0.01 mask_rate=0.1 seed=4000
2025-10-19 18:00:10 | INFO | EM.print | [AUG][online][epoch=5][iter=0] done name=random_permute_features shape=(1140, 1140)
2025-10-19 18:00:10 | INFO | EM.print | [ONLINE-AUG] mode=online name=random_permute_features noise_std=0.01 mask_rate=0.1 base_seed=0
2025-10-19 18:00:11 | INFO | EM.print | epoch: 5/ iteration: 1/ loss_train: 5.242517 | task_loss:0.7108 cont_loss:8.3137 adv_loss:0.7003
2025-10-19 18:00:20 | INFO | EM.print | epoch: 0005 loss_train: 5.2376 task_loss: 0.6965 cont_loss: 8.3126 adv_loss: 0.7045 auroc_train: 0.4994 auprc_train: 0.4997 precision_train: 0.5009 recall_train: 0.5182 f1_train: 0.5094 cm_train: (tn=1040, fp=1106, fn=1032, tp=1110)
2025-10-19 18:00:20 | INFO | EM.print | -------- Epoch 6 --------
2025-10-19 18:00:20 | INFO | EM.print | [AUG][online][epoch=6][iter=0] start name=random_permute_features noise_std=0.01 mask_rate=0.1 seed=5000
2025-10-19 18:00:20 | INFO | EM.print | [AUG][online][epoch=6][iter=0] done name=random_permute_features shape=(1140, 1140)
2025-10-19 18:00:20 | INFO | EM.print | [ONLINE-AUG] mode=online name=random_permute_features noise_std=0.01 mask_rate=0.1 base_seed=0
2025-10-19 18:00:20 | INFO | EM.print | epoch: 6/ iteration: 1/ loss_train: 5.232027 | task_loss:0.6969 cont_loss:8.3093 adv_loss:0.6966
2025-10-19 18:00:29 | INFO | EM.print | epoch: 0006 loss_train: 5.2304 task_loss: 0.6932 cont_loss: 8.3105 adv_loss: 0.6953 auroc_train: 0.5029 auprc_train: 0.5013 precision_train: 0.5028 recall_train: 0.5818 f1_train: 0.5394 cm_train: (tn=909, fp=1234, fn=897, tp=1248)
2025-10-19 18:00:29 | INFO | EM.print | -------- Epoch 7 --------
2025-10-19 18:00:29 | INFO | EM.print | [AUG][online][epoch=7][iter=0] start name=random_permute_features noise_std=0.01 mask_rate=0.1 seed=6000
2025-10-19 18:00:29 | INFO | EM.print | [AUG][online][epoch=7][iter=0] done name=random_permute_features shape=(1140, 1140)
2025-10-19 18:00:29 | INFO | EM.print | [ONLINE-AUG] mode=online name=random_permute_features noise_std=0.01 mask_rate=0.1 base_seed=0
2025-10-19 18:00:29 | INFO | EM.print | epoch: 7/ iteration: 1/ loss_train: 5.234215 | task_loss:0.6922 cont_loss:8.3138 adv_loss:0.7003
2025-10-19 18:00:38 | INFO | EM.print | epoch: 0007 loss_train: 5.2319 task_loss: 0.6979 cont_loss: 8.3134 adv_loss: 0.6910 auroc_train: 0.4997 auprc_train: 0.5035 precision_train: 0.4993 recall_train: 0.4818 f1_train: 0.4904 cm_train: (tn=1108, fp=1036, fn=1111, tp=1033)
2025-10-19 18:00:38 | INFO | EM.print | -------- Epoch 8 --------
2025-10-19 18:00:38 | INFO | EM.print | [AUG][online][epoch=8][iter=0] start name=random_permute_features noise_std=0.01 mask_rate=0.1 seed=7000
2025-10-19 18:00:38 | INFO | EM.print | [AUG][online][epoch=8][iter=0] done name=random_permute_features shape=(1140, 1140)
2025-10-19 18:00:38 | INFO | EM.print | [ONLINE-AUG] mode=online name=random_permute_features noise_std=0.01 mask_rate=0.1 base_seed=0
2025-10-19 18:00:39 | INFO | EM.print | epoch: 8/ iteration: 1/ loss_train: 5.2317986 | task_loss:0.6917 cont_loss:8.3137 adv_loss:0.6959
2025-10-19 18:00:48 | INFO | EM.print | epoch: 0008 loss_train: 5.2307 task_loss: 0.6924 cont_loss: 8.3147 adv_loss: 0.6921 auroc_train: 0.5012 auprc_train: 0.4975 precision_train: 0.4986 recall_train: 0.5175 f1_train: 0.5079 cm_train: (tn=1033, fp=1114, fn=1033, tp=1108)
2025-10-19 18:00:48 | INFO | EM.print | -------- Epoch 9 --------
2025-10-19 18:00:48 | INFO | EM.print | [AUG][online][epoch=9][iter=0] start name=random_permute_features noise_std=0.01 mask_rate=0.1 seed=8000
2025-10-19 18:00:48 | INFO | EM.print | [AUG][online][epoch=9][iter=0] done name=random_permute_features shape=(1140, 1140)
2025-10-19 18:00:48 | INFO | EM.print | [ONLINE-AUG] mode=online name=random_permute_features noise_std=0.01 mask_rate=0.1 base_seed=0
2025-10-19 18:00:48 | INFO | EM.print | epoch: 9/ iteration: 1/ loss_train: 5.2291384 | task_loss:0.6926 cont_loss:8.3162 adv_loss:0.6871
2025-10-19 18:00:57 | INFO | EM.print | epoch: 0009 loss_train: 5.2238 task_loss: 0.6938 cont_loss: 8.3136 adv_loss: 0.6781 auroc_train: 0.4854 auprc_train: 0.4885 precision_train: 0.4948 recall_train: 0.6241 f1_train: 0.5520 cm_train: (tn=778, fp=1366, fn=806, tp=1338)
2025-10-19 18:00:57 | INFO | EM.print | -------- Epoch 10 --------
2025-10-19 18:00:58 | INFO | EM.print | [AUG][online][epoch=10][iter=0] start name=random_permute_features noise_std=0.01 mask_rate=0.1 seed=9000
2025-10-19 18:00:58 | INFO | EM.print | [AUG][online][epoch=10][iter=0] done name=random_permute_features shape=(1140, 1140)
2025-10-19 18:00:58 | INFO | EM.print | [ONLINE-AUG] mode=online name=random_permute_features noise_std=0.01 mask_rate=0.1 base_seed=0
2025-10-19 18:00:58 | INFO | EM.print | epoch: 10/ iteration: 1/ loss_train: 5.2263308 | task_loss:0.6929 cont_loss:8.3133 adv_loss:0.6844
2025-10-19 18:01:08 | INFO | EM.print | epoch: 0010 loss_train: 5.2229 task_loss: 0.6911 cont_loss: 8.3140 adv_loss: 0.6783 auroc_train: 0.5008 auprc_train: 0.5016 precision_train: 0.5008 recall_train: 0.4476 f1_train: 0.4727 cm_train: (tn=1183, fp=958, fn=1186, tp=961)
2025-10-19 18:01:08 | INFO | EM.print | Optimization Finished!
2025-10-19 18:01:08 | INFO | EM.result.save | Saved result text: /root/OUTPUT/result/LDA_stageA_eps0.008_steps5_data_20251019_175749/metrics/train_epoch_metrics_fold_2_20251019_175749.csv.txt
2025-10-19 18:01:08 | INFO | EM.print | [SAVE] Per-epoch train metrics saved: train_epoch_metrics_fold_2_20251019_175749.csv
2025-10-19 18:01:09 | INFO | EM.result.save | Saved result text: /root/OUTPUT/result/LDA_stageA_eps0.008_steps5_data_20251019_175749/metrics/threshold_scan_fold_2_20251019_175749.txt
2025-10-19 18:01:09 | INFO | EM.print | loss_test: 5.2186 auroc_test: 0.7615 auprc_test: 0.7581 precision_test: 0.5792 recall_test: 0.8160 f1_test: 0.6775 cm_test: (tn=210, fp=303, fn=94, tp=417)
2025-10-19 18:01:09 | INFO | EM | Fold 2 completed.
2025-10-19 18:01:09 | INFO | EM | === Fold 3/5 ===
2025-10-19 18:01:09 | INFO | EM.result.save | Saved result text: /root/OUTPUT/result/LDA_stageA_eps0.008_steps5_data_20251019_175749/metrics/adv_config_fold_3_20251019_175749.json.txt
2025-10-19 18:01:09 | INFO | EM.print | [SAVE] adv config saved: metrics/adv_config_fold_3_20251019_175749.json
2025-10-19 18:01:09 | INFO | EM.print | Start Training...
2025-10-19 18:01:09 | INFO | EM.print | -------- Epoch 1 --------
2025-10-19 18:01:10 | INFO | EM.print | [AUG][online][epoch=1][iter=0] start name=random_permute_features noise_std=0.01 mask_rate=0.1 seed=0
2025-10-19 18:01:10 | INFO | EM.print | [AUG][online][epoch=1][iter=0] done name=random_permute_features shape=(1140, 1140)
2025-10-19 18:01:10 | INFO | EM.print | [ONLINE-AUG] mode=online name=random_permute_features noise_std=0.01 mask_rate=0.1 base_seed=0
2025-10-19 18:01:10 | INFO | EM.print | epoch: 1/ iteration: 1/ loss_train: 0.7130679 | task_loss:0.7015 cont_loss:0.0874 adv_loss:0.6987
2025-10-19 18:01:12 | INFO | EM.print | epoch: 0001 loss_train: 4.6023 task_loss: 0.3946 cont_loss: 7.9861 adv_loss: 0.0648 auroc_train: 0.8891 auprc_train: 0.8834 precision_train: 0.7911 recall_train: 0.8021 f1_train: 0.7966 cm_train: (tn=1691, fp=454, fn=424, tp=1719)
2025-10-19 18:01:12 | INFO | EM.print | -------- Epoch 2 --------
2025-10-19 18:01:12 | INFO | EM.print | [AUG][online][epoch=2][iter=0] start name=random_permute_features noise_std=0.01 mask_rate=0.1 seed=1000
2025-10-19 18:01:12 | INFO | EM.print | [AUG][online][epoch=2][iter=0] done name=random_permute_features shape=(1140, 1140)
2025-10-19 18:01:12 | INFO | EM.print | [ONLINE-AUG] mode=online name=random_permute_features noise_std=0.01 mask_rate=0.1 base_seed=0
2025-10-19 18:01:12 | INFO | EM.print | epoch: 2/ iteration: 1/ loss_train: 4.538992 | task_loss:0.2822 cont_loss:7.9676 adv_loss:0.0596
2025-10-19 18:01:14 | INFO | EM.print | epoch: 0002 loss_train: 4.5404 task_loss: 0.3787 cont_loss: 7.9258 adv_loss: 0.0215 auroc_train: 0.9428 auprc_train: 0.9365 precision_train: 0.8625 recall_train: 0.8871 f1_train: 0.8746 cm_train: (tn=1842, fp=303, fn=242, tp=1901)
2025-10-19 18:01:14 | INFO | EM.print | -------- Epoch 3 --------
2025-10-19 18:01:14 | INFO | EM.print | [AUG][online][epoch=3][iter=0] start name=random_permute_features noise_std=0.01 mask_rate=0.1 seed=2000
2025-10-19 18:01:14 | INFO | EM.print | [AUG][online][epoch=3][iter=0] done name=random_permute_features shape=(1140, 1140)
2025-10-19 18:01:14 | INFO | EM.print | [ONLINE-AUG] mode=online name=random_permute_features noise_std=0.01 mask_rate=0.1 base_seed=0
2025-10-19 18:01:14 | INFO | EM.print | epoch: 3/ iteration: 1/ loss_train: 17.796011 | task_loss:0.8821 cont_loss:6.8333 adv_loss:27.2815
2025-10-19 18:01:24 | INFO | EM.print | epoch: 0003 loss_train: 5.2380 task_loss: 0.7065 cont_loss: 8.2883 adv_loss: 0.7230 auroc_train: 0.4534 auprc_train: 0.4556 precision_train: 0.4740 recall_train: 0.4634 f1_train: 0.4687 cm_train: (tn=1037, fp=1104, fn=1152, tp=995)
2025-10-19 18:01:24 | INFO | EM.print | -------- Epoch 4 --------
2025-10-19 18:01:24 | INFO | EM.print | [AUG][online][epoch=4][iter=0] start name=random_permute_features noise_std=0.01 mask_rate=0.1 seed=3000
2025-10-19 18:01:24 | INFO | EM.print | [AUG][online][epoch=4][iter=0] done name=random_permute_features shape=(1140, 1140)
2025-10-19 18:01:24 | INFO | EM.print | [ONLINE-AUG] mode=online name=random_permute_features noise_std=0.01 mask_rate=0.1 base_seed=0
2025-10-19 18:01:24 | INFO | EM.print | epoch: 4/ iteration: 1/ loss_train: 5.2326875 | task_loss:0.6929 cont_loss:8.2963 adv_loss:0.7159
2025-10-19 18:01:33 | INFO | EM.print | epoch: 0004 loss_train: 5.2346 task_loss: 0.6922 cont_loss: 8.3105 adv_loss: 0.7046 auroc_train: 0.4923 auprc_train: 0.4923 precision_train: 0.4978 recall_train: 0.4799 f1_train: 0.4887 cm_train: (tn=1106, fp=1038, fn=1115, tp=1029)
2025-10-19 18:01:33 | INFO | EM.print | -------- Epoch 5 --------
2025-10-19 18:01:33 | INFO | EM.print | [AUG][online][epoch=5][iter=0] start name=random_permute_features noise_std=0.01 mask_rate=0.1 seed=4000
2025-10-19 18:01:33 | INFO | EM.print | [AUG][online][epoch=5][iter=0] done name=random_permute_features shape=(1140, 1140)
2025-10-19 18:01:33 | INFO | EM.print | [ONLINE-AUG] mode=online name=random_permute_features noise_std=0.01 mask_rate=0.1 base_seed=0
2025-10-19 18:01:34 | INFO | EM.print | epoch: 5/ iteration: 1/ loss_train: 5.2391205 | task_loss:0.6964 cont_loss:8.3052 adv_loss:0.7157
2025-10-19 18:01:42 | INFO | EM.print | epoch: 0005 loss_train: 5.2285 task_loss: 0.6923 cont_loss: 8.3039 adv_loss: 0.6997 auroc_train: 0.4905 auprc_train: 0.4932 precision_train: 0.4918 recall_train: 0.5343 f1_train: 0.5122 cm_train: (tn=959, fp=1184, fn=999, tp=1146)
2025-10-19 18:01:42 | INFO | EM.print | -------- Epoch 6 --------
2025-10-19 18:01:42 | INFO | EM.print | [AUG][online][epoch=6][iter=0] start name=random_permute_features noise_std=0.01 mask_rate=0.1 seed=5000
2025-10-19 18:01:42 | INFO | EM.print | [AUG][online][epoch=6][iter=0] done name=random_permute_features shape=(1140, 1140)
2025-10-19 18:01:42 | INFO | EM.print | [ONLINE-AUG] mode=online name=random_permute_features noise_std=0.01 mask_rate=0.1 base_seed=0
2025-10-19 18:01:43 | INFO | EM.print | epoch: 6/ iteration: 1/ loss_train: 5.2296176 | task_loss:0.6917 cont_loss:8.3065 adv_loss:0.6996
2025-10-19 18:01:52 | INFO | EM.print | epoch: 0006 loss_train: 5.2299 task_loss: 0.6896 cont_loss: 8.3124 adv_loss: 0.6955 auroc_train: 0.5008 auprc_train: 0.4956 precision_train: 0.5037 recall_train: 0.5014 f1_train: 0.5026 cm_train: (tn=1085, fp=1059, fn=1069, tp=1075)
2025-10-19 18:01:52 | INFO | EM.print | -------- Epoch 7 --------
2025-10-19 18:01:52 | INFO | EM.print | [AUG][online][epoch=7][iter=0] start name=random_permute_features noise_std=0.01 mask_rate=0.1 seed=6000
2025-10-19 18:01:52 | INFO | EM.print | [AUG][online][epoch=7][iter=0] done name=random_permute_features shape=(1140, 1140)
2025-10-19 18:01:52 | INFO | EM.print | [ONLINE-AUG] mode=online name=random_permute_features noise_std=0.01 mask_rate=0.1 base_seed=0
2025-10-19 18:01:52 | INFO | EM.print | epoch: 7/ iteration: 1/ loss_train: 5.2323475 | task_loss:0.6904 cont_loss:8.3127 adv_loss:0.6993
2025-10-19 18:02:01 | INFO | EM.print | epoch: 0007 loss_train: 5.2259 task_loss: 0.6783 cont_loss: 8.3144 adv_loss: 0.6956 auroc_train: 0.4962 auprc_train: 0.4940 precision_train: 0.4958 recall_train: 0.4688 f1_train: 0.4819 cm_train: (tn=1122, fp=1022, fn=1139, tp=1005)
2025-10-19 18:02:01 | INFO | EM.print | -------- Epoch 8 --------
2025-10-19 18:02:01 | INFO | EM.print | [AUG][online][epoch=8][iter=0] start name=random_permute_features noise_std=0.01 mask_rate=0.1 seed=7000
2025-10-19 18:02:01 | INFO | EM.print | [AUG][online][epoch=8][iter=0] done name=random_permute_features shape=(1140, 1140)
2025-10-19 18:02:01 | INFO | EM.print | [ONLINE-AUG] mode=online name=random_permute_features noise_std=0.01 mask_rate=0.1 base_seed=0
2025-10-19 18:02:01 | INFO | EM.print | epoch: 8/ iteration: 1/ loss_train: 5.2408385 | task_loss:0.7137 cont_loss:8.3144 adv_loss:0.6935
2025-10-19 18:02:12 | INFO | EM.print | epoch: 0008 loss_train: 5.2342 task_loss: 0.7082 cont_loss: 8.3092 adv_loss: 0.6909 auroc_train: 0.4975 auprc_train: 0.4915 precision_train: 0.4983 recall_train: 0.4883 f1_train: 0.4933 cm_train: (tn=1090, fp=1054, fn=1097, tp=1047)
2025-10-19 18:02:12 | INFO | EM.print | -------- Epoch 9 --------
2025-10-19 18:02:12 | INFO | EM.print | [AUG][online][epoch=9][iter=0] start name=random_permute_features noise_std=0.01 mask_rate=0.1 seed=8000
2025-10-19 18:02:12 | INFO | EM.print | [AUG][online][epoch=9][iter=0] done name=random_permute_features shape=(1140, 1140)
2025-10-19 18:02:12 | INFO | EM.print | [ONLINE-AUG] mode=online name=random_permute_features noise_std=0.01 mask_rate=0.1 base_seed=0
2025-10-19 18:02:12 | INFO | EM.print | epoch: 9/ iteration: 1/ loss_train: 5.228679 | task_loss:0.6951 cont_loss:8.3117 adv_loss:0.6889
2025-10-19 18:02:22 | INFO | EM.print | epoch: 0009 loss_train: 5.2047 task_loss: 0.7088 cont_loss: 8.2605 adv_loss: 0.6849 auroc_train: 0.5062 auprc_train: 0.5035 precision_train: 0.5021 recall_train: 0.4925 f1_train: 0.4973 cm_train: (tn=1103, fp=1045, fn=1086, tp=1054)
2025-10-19 18:02:22 | INFO | EM.print | -------- Epoch 10 --------
2025-10-19 18:02:22 | INFO | EM.print | [AUG][online][epoch=10][iter=0] start name=random_permute_features noise_std=0.01 mask_rate=0.1 seed=9000
2025-10-19 18:02:22 | INFO | EM.print | [AUG][online][epoch=10][iter=0] done name=random_permute_features shape=(1140, 1140)
2025-10-19 18:02:22 | INFO | EM.print | [ONLINE-AUG] mode=online name=random_permute_features noise_std=0.01 mask_rate=0.1 base_seed=0
2025-10-19 18:02:23 | INFO | EM.print | epoch: 10/ iteration: 1/ loss_train: 5.2001967 | task_loss:0.7017 cont_loss:8.2617 adv_loss:0.6810
2025-10-19 18:02:33 | INFO | EM.print | epoch: 0010 loss_train: 5.2173 task_loss: 0.6905 cont_loss: 8.3078 adv_loss: 0.6746 auroc_train: 0.5220 auprc_train: 0.5109 precision_train: 0.5172 recall_train: 0.5049 f1_train: 0.5110 cm_train: (tn=1135, fp=1010, fn=1061, tp=1082)
2025-10-19 18:02:33 | INFO | EM.print | Optimization Finished!
2025-10-19 18:02:33 | INFO | EM.result.save | Saved result text: /root/OUTPUT/result/LDA_stageA_eps0.008_steps5_data_20251019_175749/metrics/train_epoch_metrics_fold_3_20251019_175749.csv.txt
2025-10-19 18:02:33 | INFO | EM.print | [SAVE] Per-epoch train metrics saved: train_epoch_metrics_fold_3_20251019_175749.csv
2025-10-19 18:02:34 | INFO | EM.result.save | Saved result text: /root/OUTPUT/result/LDA_stageA_eps0.008_steps5_data_20251019_175749/metrics/threshold_scan_fold_3_20251019_175749.txt
2025-10-19 18:02:34 | INFO | EM.print | loss_test: 5.2112 auroc_test: 0.7671 auprc_test: 0.7968 precision_test: 0.5557 recall_test: 0.9276 f1_test: 0.6950 cm_test: (tn=134, fp=379, fn=37, tp=474)
2025-10-19 18:02:34 | INFO | EM | Fold 3 completed.
2025-10-19 18:02:34 | INFO | EM | === Fold 4/5 ===
2025-10-19 18:02:34 | INFO | EM.result.save | Saved result text: /root/OUTPUT/result/LDA_stageA_eps0.008_steps5_data_20251019_175749/metrics/adv_config_fold_4_20251019_175749.json.txt
2025-10-19 18:02:34 | INFO | EM.print | [SAVE] adv config saved: metrics/adv_config_fold_4_20251019_175749.json
2025-10-19 18:02:34 | INFO | EM.print | Start Training...
2025-10-19 18:02:34 | INFO | EM.print | -------- Epoch 1 --------
2025-10-19 18:02:34 | INFO | EM.print | [AUG][online][epoch=1][iter=0] start name=random_permute_features noise_std=0.01 mask_rate=0.1 seed=0
2025-10-19 18:02:34 | INFO | EM.print | [AUG][online][epoch=1][iter=0] done name=random_permute_features shape=(1140, 1140)
2025-10-19 18:02:34 | INFO | EM.print | [ONLINE-AUG] mode=online name=random_permute_features noise_std=0.01 mask_rate=0.1 base_seed=0
2025-10-19 18:02:34 | INFO | EM.print | epoch: 1/ iteration: 1/ loss_train: 0.8778887 | task_loss:0.7807 cont_loss:0.0487 adv_loss:0.9996
2025-10-19 18:02:36 | INFO | EM.print | epoch: 0001 loss_train: 4.6922 task_loss: 0.2665 cont_loss: 8.0629 adv_loss: 0.2753 auroc_train: 0.8433 auprc_train: 0.8326 precision_train: 0.7436 recall_train: 0.7706 f1_train: 0.7569 cm_train: (tn=1573, fp=570, fn=492, tp=1653)
2025-10-19 18:02:36 | INFO | EM.print | -------- Epoch 2 --------
2025-10-19 18:02:36 | INFO | EM.print | [AUG][online][epoch=2][iter=0] start name=random_permute_features noise_std=0.01 mask_rate=0.1 seed=1000
2025-10-19 18:02:36 | INFO | EM.print | [AUG][online][epoch=2][iter=0] done name=random_permute_features shape=(1140, 1140)
2025-10-19 18:02:36 | INFO | EM.print | [ONLINE-AUG] mode=online name=random_permute_features noise_std=0.01 mask_rate=0.1 base_seed=0
2025-10-19 18:02:36 | INFO | EM.print | epoch: 2/ iteration: 1/ loss_train: 4.7032256 | task_loss:0.3104 cont_loss:8.0565 adv_loss:0.2649
2025-10-19 18:02:38 | INFO | EM.print | epoch: 0002 loss_train: 4.4877 task_loss: 0.2628 cont_loss: 7.9074 adv_loss: 0.0408 auroc_train: 0.9410 auprc_train: 0.9350 precision_train: 0.8596 recall_train: 0.8749 f1_train: 0.8672 cm_train: (tn=1840, fp=306, fn=268, tp=1874)
2025-10-19 18:02:38 | INFO | EM.print | -------- Epoch 3 --------
2025-10-19 18:02:38 | INFO | EM.print | [AUG][online][epoch=3][iter=0] start name=random_permute_features noise_std=0.01 mask_rate=0.1 seed=2000
2025-10-19 18:02:38 | INFO | EM.print | [AUG][online][epoch=3][iter=0] done name=random_permute_features shape=(1140, 1140)
2025-10-19 18:02:38 | INFO | EM.print | [ONLINE-AUG] mode=online name=random_permute_features noise_std=0.01 mask_rate=0.1 base_seed=0
2025-10-19 18:02:38 | INFO | EM.print | epoch: 3/ iteration: 1/ loss_train: 17.244621 | task_loss:1.0645 cont_loss:6.3118 adv_loss:26.5883
2025-10-19 18:02:48 | INFO | EM.print | epoch: 0003 loss_train: 5.2492 task_loss: 0.7462 cont_loss: 8.2832 adv_loss: 0.7153 auroc_train: 0.4386 auprc_train: 0.4454 precision_train: 0.4587 recall_train: 0.4760 f1_train: 0.4672 cm_train: (tn=938, fp=1205, fn=1124, tp=1021)
2025-10-19 18:02:48 | INFO | EM.print | -------- Epoch 4 --------
2025-10-19 18:02:48 | INFO | EM.print | [AUG][online][epoch=4][iter=0] start name=random_permute_features noise_std=0.01 mask_rate=0.1 seed=3000
2025-10-19 18:02:48 | INFO | EM.print | [AUG][online][epoch=4][iter=0] done name=random_permute_features shape=(1140, 1140)
2025-10-19 18:02:48 | INFO | EM.print | [ONLINE-AUG] mode=online name=random_permute_features noise_std=0.01 mask_rate=0.1 base_seed=0
2025-10-19 18:02:48 | INFO | EM.print | epoch: 4/ iteration: 1/ loss_train: 5.228799 | task_loss:0.6839 cont_loss:8.2898 adv_loss:0.7233
2025-10-19 18:02:58 | INFO | EM.print | epoch: 0004 loss_train: 5.2379 task_loss: 0.6931 cont_loss: 8.3150 adv_loss: 0.7054 auroc_train: 0.5122 auprc_train: 0.5084 precision_train: 0.5123 recall_train: 0.5333 f1_train: 0.5226 cm_train: (tn=1054, fp=1089, fn=1001, tp=1144)
2025-10-19 18:02:58 | INFO | EM.print | -------- Epoch 5 --------
2025-10-19 18:02:58 | INFO | EM.print | [AUG][online][epoch=5][iter=0] start name=random_permute_features noise_std=0.01 mask_rate=0.1 seed=4000
2025-10-19 18:02:58 | INFO | EM.print | [AUG][online][epoch=5][iter=0] done name=random_permute_features shape=(1140, 1140)
2025-10-19 18:02:58 | INFO | EM.print | [ONLINE-AUG] mode=online name=random_permute_features noise_std=0.01 mask_rate=0.1 base_seed=0
2025-10-19 18:02:58 | INFO | EM.print | epoch: 5/ iteration: 1/ loss_train: 5.2413754 | task_loss:0.6934 cont_loss:8.3211 adv_loss:0.7054
2025-10-19 18:03:08 | INFO | EM.print | epoch: 0005 loss_train: 5.2290 task_loss: 0.6909 cont_loss: 8.3146 adv_loss: 0.6902 auroc_train: 0.5052 auprc_train: 0.5026 precision_train: 0.5054 recall_train: 0.5259 f1_train: 0.5154 cm_train: (tn=1039, fp=1104, fn=1017, tp=1128)
2025-10-19 18:03:08 | INFO | EM.print | -------- Epoch 6 --------
2025-10-19 18:03:09 | INFO | EM.print | [AUG][online][epoch=6][iter=0] start name=random_permute_features noise_std=0.01 mask_rate=0.1 seed=5000
2025-10-19 18:03:09 | INFO | EM.print | [AUG][online][epoch=6][iter=0] done name=random_permute_features shape=(1140, 1140)
2025-10-19 18:03:09 | INFO | EM.print | [ONLINE-AUG] mode=online name=random_permute_features noise_std=0.01 mask_rate=0.1 base_seed=0
2025-10-19 18:03:09 | INFO | EM.print | epoch: 6/ iteration: 1/ loss_train: 5.2370124 | task_loss:0.7019 cont_loss:8.3138 adv_loss:0.6971
2025-10-19 18:03:19 | INFO | EM.print | epoch: 0006 loss_train: 5.2321 task_loss: 0.6966 cont_loss: 8.3170 adv_loss: 0.6885 auroc_train: 0.4915 auprc_train: 0.4963 precision_train: 0.4979 recall_train: 0.4953 f1_train: 0.4966 cm_train: (tn=1067, fp=1073, fn=1084, tp=1064)
2025-10-19 18:03:19 | INFO | EM.print | -------- Epoch 7 --------
2025-10-19 18:03:19 | INFO | EM.print | [AUG][online][epoch=7][iter=0] start name=random_permute_features noise_std=0.01 mask_rate=0.1 seed=6000
2025-10-19 18:03:19 | INFO | EM.print | [AUG][online][epoch=7][iter=0] done name=random_permute_features shape=(1140, 1140)
2025-10-19 18:03:19 | INFO | EM.print | [ONLINE-AUG] mode=online name=random_permute_features noise_std=0.01 mask_rate=0.1 base_seed=0
2025-10-19 18:03:19 | INFO | EM.print | epoch: 7/ iteration: 1/ loss_train: 5.231512 | task_loss:0.7008 cont_loss:8.3149 adv_loss:0.6859
2025-10-19 18:03:29 | INFO | EM.print | epoch: 0007 loss_train: 5.2255 task_loss: 0.6941 cont_loss: 8.3165 adv_loss: 0.6782 auroc_train: 0.4885 auprc_train: 0.4893 precision_train: 0.4960 recall_train: 0.5179 f1_train: 0.5067 cm_train: (tn=1014, fp=1129, fn=1034, tp=1111)
2025-10-19 18:03:29 | INFO | EM.print | -------- Epoch 8 --------
2025-10-19 18:03:29 | INFO | EM.print | [AUG][online][epoch=8][iter=0] start name=random_permute_features noise_std=0.01 mask_rate=0.1 seed=7000
2025-10-19 18:03:29 | INFO | EM.print | [AUG][online][epoch=8][iter=0] done name=random_permute_features shape=(1140, 1140)
2025-10-19 18:03:29 | INFO | EM.print | [ONLINE-AUG] mode=online name=random_permute_features noise_std=0.01 mask_rate=0.1 base_seed=0
2025-10-19 18:03:30 | INFO | EM.print | epoch: 8/ iteration: 1/ loss_train: 5.224626 | task_loss:0.6965 cont_loss:8.3162 adv_loss:0.6746
2025-10-19 18:03:39 | INFO | EM.print | epoch: 0008 loss_train: 5.2193 task_loss: 0.6845 cont_loss: 8.3177 adv_loss: 0.6730 auroc_train: 0.5109 auprc_train: 0.5101 precision_train: 0.5015 recall_train: 0.5461 f1_train: 0.5229 cm_train: (tn=977, fp=1165, fn=974, tp=1172)
2025-10-19 18:03:39 | INFO | EM.print | -------- Epoch 9 --------
2025-10-19 18:03:39 | INFO | EM.print | [AUG][online][epoch=9][iter=0] start name=random_permute_features noise_std=0.01 mask_rate=0.1 seed=8000
2025-10-19 18:03:39 | INFO | EM.print | [AUG][online][epoch=9][iter=0] done name=random_permute_features shape=(1140, 1140)
2025-10-19 18:03:39 | INFO | EM.print | [ONLINE-AUG] mode=online name=random_permute_features noise_std=0.01 mask_rate=0.1 base_seed=0
2025-10-19 18:03:39 | INFO | EM.print | epoch: 9/ iteration: 1/ loss_train: 5.2245955 | task_loss:0.7004 cont_loss:8.3174 adv_loss:0.6697
2025-10-19 18:03:48 | INFO | EM.print | epoch: 0009 loss_train: 5.2191 task_loss: 0.6937 cont_loss: 8.3171 adv_loss: 0.6650 auroc_train: 0.5147 auprc_train: 0.5080 precision_train: 0.5132 recall_train: 0.3882 f1_train: 0.4420 cm_train: (tn=1352, fp=790, fn=1313, tp=833)
2025-10-19 18:03:48 | INFO | EM.print | -------- Epoch 10 --------
2025-10-19 18:03:48 | INFO | EM.print | [AUG][online][epoch=10][iter=0] start name=random_permute_features noise_std=0.01 mask_rate=0.1 seed=9000
2025-10-19 18:03:48 | INFO | EM.print | [AUG][online][epoch=10][iter=0] done name=random_permute_features shape=(1140, 1140)
2025-10-19 18:03:48 | INFO | EM.print | [ONLINE-AUG] mode=online name=random_permute_features noise_std=0.01 mask_rate=0.1 base_seed=0
2025-10-19 18:03:49 | INFO | EM.print | epoch: 10/ iteration: 1/ loss_train: 5.218151 | task_loss:0.6902 cont_loss:8.3170 adv_loss:0.6664
2025-10-19 18:03:58 | INFO | EM.print | epoch: 0010 loss_train: 5.1955 task_loss: 0.6413 cont_loss: 8.3170 adv_loss: 0.6651 auroc_train: 0.5721 auprc_train: 0.5448 precision_train: 0.5522 recall_train: 0.6939 f1_train: 0.6150 cm_train: (tn=939, fp=1206, fn=656, tp=1487)
2025-10-19 18:03:58 | INFO | EM.print | Optimization Finished!
2025-10-19 18:03:58 | INFO | EM.result.save | Saved result text: /root/OUTPUT/result/LDA_stageA_eps0.008_steps5_data_20251019_175749/metrics/train_epoch_metrics_fold_4_20251019_175749.csv.txt
2025-10-19 18:03:58 | INFO | EM.print | [SAVE] Per-epoch train metrics saved: train_epoch_metrics_fold_4_20251019_175749.csv
2025-10-19 18:03:59 | INFO | EM.result.save | Saved result text: /root/OUTPUT/result/LDA_stageA_eps0.008_steps5_data_20251019_175749/metrics/threshold_scan_fold_4_20251019_175749.txt
2025-10-19 18:03:59 | INFO | EM.print | loss_test: 5.1959 auroc_test: 0.7922 auprc_test: 0.7782 precision_test: 0.5875 recall_test: 0.9144 f1_test: 0.7154 cm_test: (tn=180, fp=330, fn=44, tp=470)
2025-10-19 18:03:59 | INFO | EM | Fold 4 completed.
2025-10-19 18:03:59 | INFO | EM | === Fold 5/5 ===
2025-10-19 18:03:59 | INFO | EM.result.save | Saved result text: /root/OUTPUT/result/LDA_stageA_eps0.008_steps5_data_20251019_175749/metrics/adv_config_fold_5_20251019_175749.json.txt
2025-10-19 18:03:59 | INFO | EM.print | [SAVE] adv config saved: metrics/adv_config_fold_5_20251019_175749.json
2025-10-19 18:03:59 | INFO | EM.print | Start Training...
2025-10-19 18:03:59 | INFO | EM.print | -------- Epoch 1 --------
2025-10-19 18:03:59 | INFO | EM.print | [AUG][online][epoch=1][iter=0] start name=random_permute_features noise_std=0.01 mask_rate=0.1 seed=0
2025-10-19 18:03:59 | INFO | EM.print | [AUG][online][epoch=1][iter=0] done name=random_permute_features shape=(1140, 1140)
2025-10-19 18:03:59 | INFO | EM.print | [ONLINE-AUG] mode=online name=random_permute_features noise_std=0.01 mask_rate=0.1 base_seed=0
2025-10-19 18:03:59 | INFO | EM.print | epoch: 1/ iteration: 1/ loss_train: 0.72236574 | task_loss:0.6831 cont_loss:0.0923 adv_loss:0.7284
2025-10-19 18:04:01 | INFO | EM.print | epoch: 0001 loss_train: 4.6789 task_loss: 0.3663 cont_loss: 8.0484 adv_loss: 0.1749 auroc_train: 0.9002 auprc_train: 0.8912 precision_train: 0.7967 recall_train: 0.8447 f1_train: 0.8200 cm_train: (tn=1682, fp=462, fn=333, tp=1811)
2025-10-19 18:04:01 | INFO | EM.print | -------- Epoch 2 --------
2025-10-19 18:04:01 | INFO | EM.print | [AUG][online][epoch=2][iter=0] start name=random_permute_features noise_std=0.01 mask_rate=0.1 seed=1000
2025-10-19 18:04:01 | INFO | EM.print | [AUG][online][epoch=2][iter=0] done name=random_permute_features shape=(1140, 1140)
2025-10-19 18:04:01 | INFO | EM.print | [ONLINE-AUG] mode=online name=random_permute_features noise_std=0.01 mask_rate=0.1 base_seed=0
2025-10-19 18:04:01 | INFO | EM.print | epoch: 2/ iteration: 1/ loss_train: 4.61629 | task_loss:0.2493 cont_loss:8.0504 adv_loss:0.1528
2025-10-19 18:04:03 | INFO | EM.print | epoch: 0002 loss_train: 4.5212 task_loss: 0.3095 cont_loss: 7.9387 adv_loss: 0.0313 auroc_train: 0.9457 auprc_train: 0.9439 precision_train: 0.8677 recall_train: 0.8847 f1_train: 0.8762 cm_train: (tn=1856, fp=289, fn=247, tp=1896)
2025-10-19 18:04:03 | INFO | EM.print | -------- Epoch 3 --------
2025-10-19 18:04:03 | INFO | EM.print | [AUG][online][epoch=3][iter=0] start name=random_permute_features noise_std=0.01 mask_rate=0.1 seed=2000
2025-10-19 18:04:03 | INFO | EM.print | [AUG][online][epoch=3][iter=0] done name=random_permute_features shape=(1140, 1140)
2025-10-19 18:04:03 | INFO | EM.print | [ONLINE-AUG] mode=online name=random_permute_features noise_std=0.01 mask_rate=0.1 base_seed=0
2025-10-19 18:04:03 | INFO | EM.print | epoch: 3/ iteration: 1/ loss_train: 16.582794 | task_loss:1.8553 cont_loss:7.0775 adv_loss:23.7105
2025-10-19 18:04:13 | INFO | EM.print | epoch: 0003 loss_train: 5.2332 task_loss: 0.7004 cont_loss: 8.3003 adv_loss: 0.7058 auroc_train: 0.4491 auprc_train: 0.4590 precision_train: 0.4659 recall_train: 0.4720 f1_train: 0.4689 cm_train: (tn=987, fp=1159, fn=1131, tp=1011)
2025-10-19 18:04:13 | INFO | EM.print | -------- Epoch 4 --------
2025-10-19 18:04:13 | INFO | EM.print | [AUG][online][epoch=4][iter=0] start name=random_permute_features noise_std=0.01 mask_rate=0.1 seed=3000
2025-10-19 18:04:13 | INFO | EM.print | [AUG][online][epoch=4][iter=0] done name=random_permute_features shape=(1140, 1140)
2025-10-19 18:04:13 | INFO | EM.print | [ONLINE-AUG] mode=online name=random_permute_features noise_std=0.01 mask_rate=0.1 base_seed=0
2025-10-19 18:04:13 | INFO | EM.print | epoch: 4/ iteration: 1/ loss_train: 5.2317224 | task_loss:0.6938 cont_loss:8.3028 adv_loss:0.7059
2025-10-19 18:04:22 | INFO | EM.print | epoch: 0004 loss_train: 5.2473 task_loss: 0.7214 cont_loss: 8.3170 adv_loss: 0.6965 auroc_train: 0.4927 auprc_train: 0.4920 precision_train: 0.4965 recall_train: 0.4595 f1_train: 0.4773 cm_train: (tn=1142, fp=1000, fn=1160, tp=986)
2025-10-19 18:04:22 | INFO | EM.print | -------- Epoch 5 --------
2025-10-19 18:04:22 | INFO | EM.print | [AUG][online][epoch=5][iter=0] start name=random_permute_features noise_std=0.01 mask_rate=0.1 seed=4000
2025-10-19 18:04:22 | INFO | EM.print | [AUG][online][epoch=5][iter=0] done name=random_permute_features shape=(1140, 1140)
2025-10-19 18:04:22 | INFO | EM.print | [ONLINE-AUG] mode=online name=random_permute_features noise_std=0.01 mask_rate=0.1 base_seed=0
2025-10-19 18:04:23 | INFO | EM.print | epoch: 5/ iteration: 1/ loss_train: 5.230467 | task_loss:0.7009 cont_loss:8.3028 adv_loss:0.6971
2025-10-19 18:04:32 | INFO | EM.print | epoch: 0005 loss_train: 5.2293 task_loss: 0.6942 cont_loss: 8.3075 adv_loss: 0.6955 auroc_train: 0.4975 auprc_train: 0.4931 precision_train: 0.4940 recall_train: 0.4436 f1_train: 0.4674 cm_train: (tn=1170, fp=974, fn=1193, tp=951)
2025-10-19 18:04:32 | INFO | EM.print | -------- Epoch 6 --------
2025-10-19 18:04:32 | INFO | EM.print | [AUG][online][epoch=6][iter=0] start name=random_permute_features noise_std=0.01 mask_rate=0.1 seed=5000
2025-10-19 18:04:32 | INFO | EM.print | [AUG][online][epoch=6][iter=0] done name=random_permute_features shape=(1140, 1140)
2025-10-19 18:04:32 | INFO | EM.print | [ONLINE-AUG] mode=online name=random_permute_features noise_std=0.01 mask_rate=0.1 base_seed=0
2025-10-19 18:04:32 | INFO | EM.print | epoch: 6/ iteration: 1/ loss_train: 5.230822 | task_loss:0.6953 cont_loss:8.3094 adv_loss:0.6955
2025-10-19 18:04:41 | INFO | EM.print | epoch: 0006 loss_train: 5.2290 task_loss: 0.6919 cont_loss: 8.3100 adv_loss: 0.6944 auroc_train: 0.4944 auprc_train: 0.4916 precision_train: 0.4936 recall_train: 0.5356 f1_train: 0.5137 cm_train: (tn=961, fp=1180, fn=997, tp=1150)
2025-10-19 18:04:41 | INFO | EM.print | -------- Epoch 7 --------
2025-10-19 18:04:41 | INFO | EM.print | [AUG][online][epoch=7][iter=0] start name=random_permute_features noise_std=0.01 mask_rate=0.1 seed=6000
2025-10-19 18:04:41 | INFO | EM.print | [AUG][online][epoch=7][iter=0] done name=random_permute_features shape=(1140, 1140)
2025-10-19 18:04:41 | INFO | EM.print | [ONLINE-AUG] mode=online name=random_permute_features noise_std=0.01 mask_rate=0.1 base_seed=0
2025-10-19 18:04:41 | INFO | EM.print | epoch: 7/ iteration: 1/ loss_train: 5.2287254 | task_loss:0.6894 cont_loss:8.3110 adv_loss:0.6950
2025-10-19 18:04:50 | INFO | EM.print | epoch: 0007 loss_train: 5.2168 task_loss: 0.6993 cont_loss: 8.2821 adv_loss: 0.6939 auroc_train: 0.4957 auprc_train: 0.4962 precision_train: 0.5011 recall_train: 0.6657 f1_train: 0.5718 cm_train: (tn=721, fp=1422, fn=717, tp=1428)
2025-10-19 18:04:50 | INFO | EM.print | -------- Epoch 8 --------
2025-10-19 18:04:50 | INFO | EM.print | [AUG][online][epoch=8][iter=0] start name=random_permute_features noise_std=0.01 mask_rate=0.1 seed=7000
2025-10-19 18:04:50 | INFO | EM.print | [AUG][online][epoch=8][iter=0] done name=random_permute_features shape=(1140, 1140)
2025-10-19 18:04:50 | INFO | EM.print | [ONLINE-AUG] mode=online name=random_permute_features noise_std=0.01 mask_rate=0.1 base_seed=0
2025-10-19 18:04:51 | INFO | EM.print | epoch: 8/ iteration: 1/ loss_train: 5.2155986 | task_loss:0.6977 cont_loss:8.2812 adv_loss:0.6940
2025-10-19 18:05:00 | INFO | EM.print | epoch: 0008 loss_train: 5.2281 task_loss: 0.6956 cont_loss: 8.3063 adv_loss: 0.6932 auroc_train: 0.4932 auprc_train: 0.4942 precision_train: 0.4958 recall_train: 0.6021 f1_train: 0.5438 cm_train: (tn=831, fp=1313, fn=853, tp=1291)
2025-10-19 18:05:00 | INFO | EM.print | -------- Epoch 9 --------
2025-10-19 18:05:00 | INFO | EM.print | [AUG][online][epoch=9][iter=0] start name=random_permute_features noise_std=0.01 mask_rate=0.1 seed=8000
2025-10-19 18:05:00 | INFO | EM.print | [AUG][online][epoch=9][iter=0] done name=random_permute_features shape=(1140, 1140)
2025-10-19 18:05:00 | INFO | EM.print | [ONLINE-AUG] mode=online name=random_permute_features noise_std=0.01 mask_rate=0.1 base_seed=0
2025-10-19 18:05:00 | INFO | EM.print | epoch: 9/ iteration: 1/ loss_train: 5.226171 | task_loss:0.6948 cont_loss:8.3024 adv_loss:0.6944
2025-10-19 18:05:09 | INFO | EM.print | epoch: 0009 loss_train: 5.2304 task_loss: 0.6955 cont_loss: 8.3100 adv_loss: 0.6939 auroc_train: 0.4846 auprc_train: 0.4924 precision_train: 0.4899 recall_train: 0.4867 f1_train: 0.4883 cm_train: (tn=1059, fp=1086, fn=1100, tp=1043)
2025-10-19 18:05:09 | INFO | EM.print | -------- Epoch 10 --------
2025-10-19 18:05:09 | INFO | EM.print | [AUG][online][epoch=10][iter=0] start name=random_permute_features noise_std=0.01 mask_rate=0.1 seed=9000
2025-10-19 18:05:09 | INFO | EM.print | [AUG][online][epoch=10][iter=0] done name=random_permute_features shape=(1140, 1140)
2025-10-19 18:05:09 | INFO | EM.print | [ONLINE-AUG] mode=online name=random_permute_features noise_std=0.01 mask_rate=0.1 base_seed=0
2025-10-19 18:05:09 | INFO | EM.print | epoch: 10/ iteration: 1/ loss_train: 5.2260814 | task_loss:0.6856 cont_loss:8.3100 adv_loss:0.6941
2025-10-19 18:05:19 | INFO | EM.print | epoch: 0010 loss_train: 5.2243 task_loss: 0.6933 cont_loss: 8.3017 adv_loss: 0.6927 auroc_train: 0.4946 auprc_train: 0.4961 precision_train: 0.4948 recall_train: 0.5072 f1_train: 0.5009 cm_train: (tn=1035, fp=1110, fn=1056, tp=1087)
2025-10-19 18:05:19 | INFO | EM.print | Optimization Finished!
2025-10-19 18:05:19 | INFO | EM.result.save | Saved result text: /root/OUTPUT/result/LDA_stageA_eps0.008_steps5_data_20251019_175749/metrics/train_epoch_metrics_fold_5_20251019_175749.csv.txt
2025-10-19 18:05:19 | INFO | EM.print | [SAVE] Per-epoch train metrics saved: train_epoch_metrics_fold_5_20251019_175749.csv
2025-10-19 18:05:20 | INFO | EM.result.save | Saved result text: /root/OUTPUT/result/LDA_stageA_eps0.008_steps5_data_20251019_175749/metrics/threshold_scan_fold_5_20251019_175749.txt
2025-10-19 18:05:20 | INFO | EM.print | loss_test: 5.2245 auroc_test: 0.6957 auprc_test: 0.6070 precision_test: 0.5010 recall_test: 1.0000 f1_test: 0.6675 cm_test: (tn=0, fp=511, fn=0, tp=513)
2025-10-19 18:05:20 | INFO | EM | Fold 5 completed.
2025-10-19 18:05:20 | INFO | EM | === 5-Fold Cross Validation Results ===
2025-10-19 18:05:20 | INFO | EM | AUROC: 0.7570 ± 0.0324
2025-10-19 18:05:20 | INFO | EM | AUPRC: 0.7457 ± 0.0706
2025-10-19 18:05:20 | INFO | EM | F1-Score: 0.6884 ± 0.0163
2025-10-19 18:05:20 | INFO | EM | Loss: 5.2117 ± 0.0097
2025-10-19 18:05:20 | INFO | EM.result.save | Saved result text: /root/OUTPUT/result/LDA_stageA_eps0.008_steps5_data_20251019_175749/result_summary_20251019_175749.txt
2025-10-19 18:05:20 | INFO | EM | Detailed Results:
2025-10-19 18:05:20 | INFO | EM | Fold 1: AUROC=0.7684, AUPRC=0.7886, F1=0.6867
2025-10-19 18:05:20 | INFO | EM | Fold 2: AUROC=0.7615, AUPRC=0.7581, F1=0.6775
2025-10-19 18:05:20 | INFO | EM | Fold 3: AUROC=0.7671, AUPRC=0.7968, F1=0.6950
2025-10-19 18:05:20 | INFO | EM | Fold 4: AUROC=0.7922, AUPRC=0.7782, F1=0.7154
2025-10-19 18:05:20 | INFO | EM | Fold 5: AUROC=0.6957, AUPRC=0.6070, F1=0.6675
2025-10-19 18:05:20 | INFO | EM.result.save | Saved result text: /root/OUTPUT/result/LDA_stageA_eps0.008_steps5_data_20251019_175749/per_fold_20251019_175749.txt
2025-10-19 18:05:20 | INFO | EM.result.save | Saved result text: /root/OUTPUT/result/LDA_stageA_eps0.008_steps5_data_20251019_175749/metrics/result_extra_20251019_175749.txt
2025-10-19 18:05:20 | INFO | EM | Precision: 0.5585 ± 0.0306
2025-10-19 18:05:20 | INFO | EM | Recall: 0.9048 ± 0.0618
2025-10-19 18:05:20 | INFO | EM | Confusion Matrix (sum): tn=697, fp=1860, fn=244, tp=2319
2025-10-19 18:05:20 | INFO | EM | All folds completed!
2025-10-19 18:05:20 | INFO | EM | ================================================================================
2025-10-19 18:05:20 | INFO | EM | RUN END   | run_id=20251019_175749 | run_name=LDA_stageA_eps0.008_steps5
2025-10-19 18:05:20 | INFO | EM | RESULT DIR: /root/OUTPUT/result/LDA_stageA_eps0.008_steps5_data_20251019_175749
2025-10-19 18:05:20 | INFO | EM | ================================================================================
