2025-10-19 18:50:09 | INFO | EM | ================================================================================
2025-10-19 18:50:09 | INFO | EM | RUN START | run_id=20251019_185009 | run_name=LMI_stageA_eps0.012_steps5
2025-10-19 18:50:09 | INFO | EM | COMMAND: /root/miniconda3/bin/python /root/hyperparameter-tuning/main.py --task_type LMI --run_name LMI_stageA_eps0.012_steps5 --feature_type one_hot --batch 64 --lr 0.0005 --weight_decay 0.0005 --dropout 0.05 --epochs 10 --augment_mode online --moco_queue 4096 --moco_momentum 0.99 --moco_t 0.07 --loss_ratio1 0.45 --loss_ratio2 0.55 --loss_ratio3 0.5 --enable_threshold_scan true --threshold_min 0.35 --threshold_max 0.65 --threshold_step 0.01 --enable_temp_scaling true --temp_grid_min 0.5 --temp_grid_max 3.0 --temp_grid_num 26 --adv_warmup_end 3 --adv_mode mgraph --adv_norm linf --adv_rand_init true --adv_project true --adv_on_moco true --adv_eps 0.012 --adv_alpha 0.0024000000000000002 --adv_steps 5
2025-10-19 18:50:09 | INFO | EM | ================================================================================
2025-10-19 18:50:09 | INFO | EM.result | Result directory: /root/OUTPUT/result/LMI_stageA_eps0.012_steps5_data_20251019_185009
2025-10-19 18:50:09 | INFO | EM | Initialized logging and result directory.
2025-10-19 18:50:09 | INFO | EM | Using CUDA: True
2025-10-19 18:50:09 | INFO | EM | CUDA device count: 1
2025-10-19 18:50:09 | INFO | EM | Current CUDA device: 0
2025-10-19 18:50:09 | INFO | EM | CUDA device name: NVIDIA GeForce RTX 4090
2025-10-19 18:50:09 | INFO | EM | === Augmentation Config ===
2025-10-19 18:50:09 | INFO | EM | [AUG CONFIG] Multiple augmentations detected: random_permute_features, attribute_mask, noise_then_mask
2025-10-19 18:50:09 | INFO | EM | augment=random_permute_features,attribute_mask,noise_then_mask | mode=online | noise_std=0.01 | mask_rate=0.1 | augment_seed=None (None means seed+fold for static)
2025-10-19 18:50:09 | INFO | EM | ===========================
2025-10-19 18:50:09 | INFO | EM | Loading dataset1/LDA.edgelist seed0 dataset...
2025-10-19 18:50:09 | INFO | EM | Selected cross_validation type: 5_cv1
2025-10-19 18:50:09 | INFO | EM | Selected task_type: LMI
2025-10-19 18:50:09 | INFO | EM | Selected feature_type: one_hot
2025-10-19 18:50:09 | INFO | EM | Selected embed_dim: N/A
2025-10-19 18:50:09 | INFO | EM | Selected learning_rate: N/A
2025-10-19 18:50:09 | INFO | EM | Selected epochs: 10
2025-10-19 18:50:09 | INFO | EM | Selected task type...
2025-10-19 18:50:18 | INFO | EM.print | [AUG][static][fold=1] start name=random_permute_features noise_std=0.01 mask_rate=0.1 seed=0
2025-10-19 18:50:18 | INFO | EM.print | [AUG][static][fold=1] done name=random_permute_features shape=(1140, 1140)
2025-10-19 18:50:18 | INFO | EM.augment | [AUGMENT][fold=1] name=random_permute_features noise_std=0.01 mask_rate=0.1 seed=0 masked_cols=0 shape=(1140, 1140) mean=0.0009 std=0.0296
2025-10-19 18:50:27 | INFO | EM.print | [AUG][static][fold=2] start name=random_permute_features noise_std=0.01 mask_rate=0.1 seed=1
2025-10-19 18:50:27 | INFO | EM.print | [AUG][static][fold=2] done name=random_permute_features shape=(1140, 1140)
2025-10-19 18:50:27 | INFO | EM.augment | [AUGMENT][fold=2] name=random_permute_features noise_std=0.01 mask_rate=0.1 seed=1 masked_cols=0 shape=(1140, 1140) mean=0.0009 std=0.0296
2025-10-19 18:50:35 | INFO | EM.print | [AUG][static][fold=3] start name=random_permute_features noise_std=0.01 mask_rate=0.1 seed=2
2025-10-19 18:50:35 | INFO | EM.print | [AUG][static][fold=3] done name=random_permute_features shape=(1140, 1140)
2025-10-19 18:50:35 | INFO | EM.augment | [AUGMENT][fold=3] name=random_permute_features noise_std=0.01 mask_rate=0.1 seed=2 masked_cols=0 shape=(1140, 1140) mean=0.0009 std=0.0296
2025-10-19 18:50:43 | INFO | EM.print | [AUG][static][fold=4] start name=random_permute_features noise_std=0.01 mask_rate=0.1 seed=3
2025-10-19 18:50:43 | INFO | EM.print | [AUG][static][fold=4] done name=random_permute_features shape=(1140, 1140)
2025-10-19 18:50:43 | INFO | EM.augment | [AUGMENT][fold=4] name=random_permute_features noise_std=0.01 mask_rate=0.1 seed=3 masked_cols=0 shape=(1140, 1140) mean=0.0009 std=0.0296
2025-10-19 18:50:51 | INFO | EM.print | [AUG][static][fold=5] start name=random_permute_features noise_std=0.01 mask_rate=0.1 seed=4
2025-10-19 18:50:51 | INFO | EM.print | [AUG][static][fold=5] done name=random_permute_features shape=(1140, 1140)
2025-10-19 18:50:51 | INFO | EM.augment | [AUGMENT][fold=5] name=random_permute_features noise_std=0.01 mask_rate=0.1 seed=4 masked_cols=0 shape=(1140, 1140) mean=0.0009 std=0.0296
2025-10-19 18:50:51 | INFO | EM | [DATALOADER] os=linux workers=8 prefetch_factor=4
2025-10-19 18:50:51 | INFO | EM.fold_stats | Saved fold stats to /root/OUTPUT/result/metrics/fold_stats.json
2025-10-19 18:50:51 | INFO | EM | Loading finished!
2025-10-19 18:50:51 | INFO | EM | Starting 5-fold cross validation...
2025-10-19 18:50:51 | INFO | EM | === Fold 1/5 ===
2025-10-19 18:50:51 | INFO | EM.result.save | Saved result text: /root/OUTPUT/result/LMI_stageA_eps0.012_steps5_data_20251019_185009/metrics/adv_config_fold_1_20251019_185009.json.txt
2025-10-19 18:50:51 | INFO | EM.print | [SAVE] adv config saved: metrics/adv_config_fold_1_20251019_185009.json
2025-10-19 18:50:51 | INFO | EM.print | Start Training...
2025-10-19 18:50:51 | INFO | EM.print | -------- Epoch 1 --------
2025-10-19 18:50:51 | INFO | EM.print | [AUG][online][epoch=1][iter=0] start name=random_permute_features noise_std=0.01 mask_rate=0.1 seed=0
2025-10-19 18:50:51 | INFO | EM.print | [AUG][online][epoch=1][iter=0] done name=random_permute_features shape=(1140, 1140)
2025-10-19 18:50:51 | INFO | EM.print | [ONLINE-AUG] mode=online name=random_permute_features noise_std=0.01 mask_rate=0.1 base_seed=0
2025-10-19 18:50:52 | INFO | EM.print | epoch: 1/ iteration: 1/ loss_train: 0.79130393 | task_loss:0.6699 cont_loss:0.2572 adv_loss:0.6968
2025-10-19 18:50:54 | INFO | EM.print | epoch: 0001 loss_train: 4.7031 task_loss: 0.4951 cont_loss: 8.0971 adv_loss: 0.0538 auroc_train: 0.8176 auprc_train: 0.8184 precision_train: 0.7191 recall_train: 0.7617 f1_train: 0.7398 cm_train: (tn=1506, fp=638, fn=511, tp=1633)
2025-10-19 18:50:54 | INFO | EM.print | -------- Epoch 2 --------
2025-10-19 18:50:54 | INFO | EM.print | [AUG][online][epoch=2][iter=0] start name=random_permute_features noise_std=0.01 mask_rate=0.1 seed=1000
2025-10-19 18:50:54 | INFO | EM.print | [AUG][online][epoch=2][iter=0] done name=random_permute_features shape=(1140, 1140)
2025-10-19 18:50:54 | INFO | EM.print | [ONLINE-AUG] mode=online name=random_permute_features noise_std=0.01 mask_rate=0.1 base_seed=0
2025-10-19 18:50:54 | INFO | EM.print | epoch: 2/ iteration: 1/ loss_train: 4.641451 | task_loss:0.3308 cont_loss:8.1127 adv_loss:0.0612
2025-10-19 18:50:55 | INFO | EM.print | epoch: 0002 loss_train: 4.5260 task_loss: 0.2703 cont_loss: 7.9849 adv_loss: 0.0253 auroc_train: 0.9170 auprc_train: 0.9141 precision_train: 0.8312 recall_train: 0.8293 f1_train: 0.8303 cm_train: (tn=1783, fp=361, fn=366, tp=1778)
2025-10-19 18:50:55 | INFO | EM.print | -------- Epoch 3 --------
2025-10-19 18:50:55 | INFO | EM.print | [AUG][online][epoch=3][iter=0] start name=random_permute_features noise_std=0.01 mask_rate=0.1 seed=2000
2025-10-19 18:50:55 | INFO | EM.print | [AUG][online][epoch=3][iter=0] done name=random_permute_features shape=(1140, 1140)
2025-10-19 18:50:55 | INFO | EM.print | [ONLINE-AUG] mode=online name=random_permute_features noise_std=0.01 mask_rate=0.1 base_seed=0
2025-10-19 18:50:56 | INFO | EM.print | epoch: 3/ iteration: 1/ loss_train: 22.36484 | task_loss:1.2826 cont_loss:6.8364 adv_loss:36.0554
2025-10-19 18:51:05 | INFO | EM.print | epoch: 0003 loss_train: 5.2516 task_loss: 0.7169 cont_loss: 8.2953 adv_loss: 0.7330 auroc_train: 0.4640 auprc_train: 0.4704 precision_train: 0.4758 recall_train: 0.4487 f1_train: 0.4618 cm_train: (tn=1084, fp=1060, fn=1182, tp=962)
2025-10-19 18:51:05 | INFO | EM.print | -------- Epoch 4 --------
2025-10-19 18:51:05 | INFO | EM.print | [AUG][online][epoch=4][iter=0] start name=random_permute_features noise_std=0.01 mask_rate=0.1 seed=3000
2025-10-19 18:51:05 | INFO | EM.print | [AUG][online][epoch=4][iter=0] done name=random_permute_features shape=(1140, 1140)
2025-10-19 18:51:05 | INFO | EM.print | [ONLINE-AUG] mode=online name=random_permute_features noise_std=0.01 mask_rate=0.1 base_seed=0
2025-10-19 18:51:05 | INFO | EM.print | epoch: 4/ iteration: 1/ loss_train: 5.2358313 | task_loss:0.6891 cont_loss:8.2984 adv_loss:0.7233
2025-10-19 18:51:14 | INFO | EM.print | epoch: 0004 loss_train: 5.2374 task_loss: 0.6947 cont_loss: 8.3104 adv_loss: 0.7081 auroc_train: 0.4922 auprc_train: 0.4882 precision_train: 0.4975 recall_train: 0.4641 f1_train: 0.4802 cm_train: (tn=1139, fp=1005, fn=1149, tp=995)
2025-10-19 18:51:14 | INFO | EM.print | -------- Epoch 5 --------
2025-10-19 18:51:14 | INFO | EM.print | [AUG][online][epoch=5][iter=0] start name=random_permute_features noise_std=0.01 mask_rate=0.1 seed=4000
2025-10-19 18:51:14 | INFO | EM.print | [AUG][online][epoch=5][iter=0] done name=random_permute_features shape=(1140, 1140)
2025-10-19 18:51:14 | INFO | EM.print | [ONLINE-AUG] mode=online name=random_permute_features noise_std=0.01 mask_rate=0.1 base_seed=0
2025-10-19 18:51:14 | INFO | EM.print | epoch: 5/ iteration: 1/ loss_train: 5.2293444 | task_loss:0.6954 cont_loss:8.2973 adv_loss:0.7058
2025-10-19 18:51:23 | INFO | EM.print | epoch: 0005 loss_train: 5.2318 task_loss: 0.6952 cont_loss: 8.3053 adv_loss: 0.7020 auroc_train: 0.4922 auprc_train: 0.4883 precision_train: 0.4965 recall_train: 0.4979 f1_train: 0.4972 cm_train: (tn=1063, fp=1082, fn=1076, tp=1067)
2025-10-19 18:51:23 | INFO | EM.print | -------- Epoch 6 --------
2025-10-19 18:51:23 | INFO | EM.print | [AUG][online][epoch=6][iter=0] start name=random_permute_features noise_std=0.01 mask_rate=0.1 seed=5000
2025-10-19 18:51:23 | INFO | EM.print | [AUG][online][epoch=6][iter=0] done name=random_permute_features shape=(1140, 1140)
2025-10-19 18:51:23 | INFO | EM.print | [ONLINE-AUG] mode=online name=random_permute_features noise_std=0.01 mask_rate=0.1 base_seed=0
2025-10-19 18:51:23 | INFO | EM.print | epoch: 6/ iteration: 1/ loss_train: 5.235758 | task_loss:0.6933 cont_loss:8.3150 adv_loss:0.7010
2025-10-19 18:51:32 | INFO | EM.print | epoch: 0006 loss_train: 5.2296 task_loss: 0.6932 cont_loss: 8.3062 adv_loss: 0.6985 auroc_train: 0.4886 auprc_train: 0.4915 precision_train: 0.4948 recall_train: 0.6230 f1_train: 0.5516 cm_train: (tn=777, fp=1365, fn=809, tp=1337)
2025-10-19 18:51:32 | INFO | EM.print | -------- Epoch 7 --------
2025-10-19 18:51:32 | INFO | EM.print | [AUG][online][epoch=7][iter=0] start name=random_permute_features noise_std=0.01 mask_rate=0.1 seed=6000
2025-10-19 18:51:32 | INFO | EM.print | [AUG][online][epoch=7][iter=0] done name=random_permute_features shape=(1140, 1140)
2025-10-19 18:51:32 | INFO | EM.print | [ONLINE-AUG] mode=online name=random_permute_features noise_std=0.01 mask_rate=0.1 base_seed=0
2025-10-19 18:51:32 | INFO | EM.print | epoch: 7/ iteration: 1/ loss_train: 5.2399015 | task_loss:0.6905 cont_loss:8.3224 adv_loss:0.7037
2025-10-19 18:51:41 | INFO | EM.print | epoch: 0007 loss_train: 5.2395 task_loss: 0.7083 cont_loss: 8.3099 adv_loss: 0.7007 auroc_train: 0.4933 auprc_train: 0.4913 precision_train: 0.4898 recall_train: 0.4151 f1_train: 0.4494 cm_train: (tn=1217, fp=927, fn=1254, tp=890)
2025-10-19 18:51:41 | INFO | EM.print | -------- Epoch 8 --------
2025-10-19 18:51:41 | INFO | EM.print | [AUG][online][epoch=8][iter=0] start name=random_permute_features noise_std=0.01 mask_rate=0.1 seed=7000
2025-10-19 18:51:41 | INFO | EM.print | [AUG][online][epoch=8][iter=0] done name=random_permute_features shape=(1140, 1140)
2025-10-19 18:51:41 | INFO | EM.print | [ONLINE-AUG] mode=online name=random_permute_features noise_std=0.01 mask_rate=0.1 base_seed=0
2025-10-19 18:51:41 | INFO | EM.print | epoch: 8/ iteration: 1/ loss_train: 5.2344975 | task_loss:0.6933 cont_loss:8.3130 adv_loss:0.7008
2025-10-19 18:51:50 | INFO | EM.print | epoch: 0008 loss_train: 5.2308 task_loss: 0.6931 cont_loss: 8.3138 adv_loss: 0.6926 auroc_train: 0.4935 auprc_train: 0.4960 precision_train: 0.4990 recall_train: 0.5776 f1_train: 0.5354 cm_train: (tn=899, fp=1244, fn=906, tp=1239)
2025-10-19 18:51:50 | INFO | EM.print | -------- Epoch 9 --------
2025-10-19 18:51:50 | INFO | EM.print | [AUG][online][epoch=9][iter=0] start name=random_permute_features noise_std=0.01 mask_rate=0.1 seed=8000
2025-10-19 18:51:50 | INFO | EM.print | [AUG][online][epoch=9][iter=0] done name=random_permute_features shape=(1140, 1140)
2025-10-19 18:51:50 | INFO | EM.print | [ONLINE-AUG] mode=online name=random_permute_features noise_std=0.01 mask_rate=0.1 base_seed=0
2025-10-19 18:51:50 | INFO | EM.print | epoch: 9/ iteration: 1/ loss_train: 5.2328453 | task_loss:0.6928 cont_loss:8.3144 adv_loss:0.6964
2025-10-19 18:51:58 | INFO | EM.print | epoch: 0009 loss_train: 5.2252 task_loss: 0.6884 cont_loss: 8.3155 adv_loss: 0.6838 auroc_train: 0.4838 auprc_train: 0.4875 precision_train: 0.4952 recall_train: 0.5289 f1_train: 0.5115 cm_train: (tn=991, fp=1155, fn=1009, tp=1133)
2025-10-19 18:51:58 | INFO | EM.print | -------- Epoch 10 --------
2025-10-19 18:51:58 | INFO | EM.print | [AUG][online][epoch=10][iter=0] start name=random_permute_features noise_std=0.01 mask_rate=0.1 seed=9000
2025-10-19 18:51:58 | INFO | EM.print | [AUG][online][epoch=10][iter=0] done name=random_permute_features shape=(1140, 1140)
2025-10-19 18:51:58 | INFO | EM.print | [ONLINE-AUG] mode=online name=random_permute_features noise_std=0.01 mask_rate=0.1 base_seed=0
2025-10-19 18:51:59 | INFO | EM.print | epoch: 10/ iteration: 1/ loss_train: 5.2327585 | task_loss:0.7003 cont_loss:8.3156 adv_loss:0.6881
2025-10-19 18:52:07 | INFO | EM.print | epoch: 0010 loss_train: 5.2252 task_loss: 0.6961 cont_loss: 8.3135 adv_loss: 0.6790 auroc_train: 0.4805 auprc_train: 0.4892 precision_train: 0.4850 recall_train: 0.3843 f1_train: 0.4288 cm_train: (tn=1269, fp=875, fn=1320, tp=824)
2025-10-19 18:52:07 | INFO | EM.print | Optimization Finished!
2025-10-19 18:52:07 | INFO | EM.result.save | Saved result text: /root/OUTPUT/result/LMI_stageA_eps0.012_steps5_data_20251019_185009/metrics/train_epoch_metrics_fold_1_20251019_185009.csv.txt
2025-10-19 18:52:07 | INFO | EM.print | [SAVE] Per-epoch train metrics saved: train_epoch_metrics_fold_1_20251019_185009.csv
2025-10-19 18:52:08 | INFO | EM.result.save | Saved result text: /root/OUTPUT/result/LMI_stageA_eps0.012_steps5_data_20251019_185009/metrics/threshold_scan_fold_1_20251019_185009.txt
2025-10-19 18:52:08 | ERROR | EM.print | /root/miniconda3/lib/python3.12/site-packages/sklearn/metrics/_classification.py:1731: UndefinedMetricWarning: Precision is ill-defined and being set to 0.0 due to no predicted samples. Use `zero_division` parameter to control this behavior.
2025-10-19 18:52:08 | ERROR | EM.print |   _warn_prf(average, modifier, f"{metric.capitalize()} is", result.shape[0])
2025-10-19 18:52:08 | INFO | EM.print | loss_test: 5.2156 auroc_test: 0.8156 auprc_test: 0.7864 precision_test: 0.0000 recall_test: 0.0000 f1_test: 0.0000 cm_test: (tn=510, fp=0, fn=514, tp=0)
2025-10-19 18:52:08 | INFO | EM | Fold 1 completed.
2025-10-19 18:52:08 | INFO | EM | === Fold 2/5 ===
2025-10-19 18:52:08 | INFO | EM.result.save | Saved result text: /root/OUTPUT/result/LMI_stageA_eps0.012_steps5_data_20251019_185009/metrics/adv_config_fold_2_20251019_185009.json.txt
2025-10-19 18:52:08 | INFO | EM.print | [SAVE] adv config saved: metrics/adv_config_fold_2_20251019_185009.json
2025-10-19 18:52:08 | INFO | EM.print | Start Training...
2025-10-19 18:52:08 | INFO | EM.print | -------- Epoch 1 --------
2025-10-19 18:52:09 | INFO | EM.print | [AUG][online][epoch=1][iter=0] start name=random_permute_features noise_std=0.01 mask_rate=0.1 seed=0
2025-10-19 18:52:09 | INFO | EM.print | [AUG][online][epoch=1][iter=0] done name=random_permute_features shape=(1140, 1140)
2025-10-19 18:52:09 | INFO | EM.print | [ONLINE-AUG] mode=online name=random_permute_features noise_std=0.01 mask_rate=0.1 base_seed=0
2025-10-19 18:52:09 | INFO | EM.print | epoch: 1/ iteration: 1/ loss_train: 0.78620887 | task_loss:0.7250 cont_loss:0.0690 adv_loss:0.8439
2025-10-19 18:52:10 | INFO | EM.print | epoch: 0001 loss_train: 4.7035 task_loss: 0.4601 cont_loss: 8.0535 adv_loss: 0.1341 auroc_train: 0.7654 auprc_train: 0.7675 precision_train: 0.6861 recall_train: 0.6701 f1_train: 0.6780 cm_train: (tn=1488, fp=657, fn=707, tp=1436)
2025-10-19 18:52:10 | INFO | EM.print | -------- Epoch 2 --------
2025-10-19 18:52:10 | INFO | EM.print | [AUG][online][epoch=2][iter=0] start name=random_permute_features noise_std=0.01 mask_rate=0.1 seed=1000
2025-10-19 18:52:10 | INFO | EM.print | [AUG][online][epoch=2][iter=0] done name=random_permute_features shape=(1140, 1140)
2025-10-19 18:52:10 | INFO | EM.print | [ONLINE-AUG] mode=online name=random_permute_features noise_std=0.01 mask_rate=0.1 base_seed=0
2025-10-19 18:52:10 | INFO | EM.print | epoch: 2/ iteration: 1/ loss_train: 4.637393 | task_loss:0.3291 cont_loss:8.0657 adv_loss:0.1063
2025-10-19 18:52:12 | INFO | EM.print | epoch: 0002 loss_train: 4.5046 task_loss: 0.2612 cont_loss: 7.9451 adv_loss: 0.0346 auroc_train: 0.9146 auprc_train: 0.9095 precision_train: 0.8402 recall_train: 0.8438 f1_train: 0.8420 cm_train: (tn=1800, fp=344, fn=335, tp=1809)
2025-10-19 18:52:12 | INFO | EM.print | -------- Epoch 3 --------
2025-10-19 18:52:12 | INFO | EM.print | [AUG][online][epoch=3][iter=0] start name=random_permute_features noise_std=0.01 mask_rate=0.1 seed=2000
2025-10-19 18:52:12 | INFO | EM.print | [AUG][online][epoch=3][iter=0] done name=random_permute_features shape=(1140, 1140)
2025-10-19 18:52:12 | INFO | EM.print | [ONLINE-AUG] mode=online name=random_permute_features noise_std=0.01 mask_rate=0.1 base_seed=0
2025-10-19 18:52:12 | INFO | EM.print | epoch: 3/ iteration: 1/ loss_train: 25.660934 | task_loss:1.1669 cont_loss:7.8748 adv_loss:41.6094
2025-10-19 18:52:21 | INFO | EM.print | epoch: 0003 loss_train: 5.2117 task_loss: 0.6967 cont_loss: 8.2529 adv_loss: 0.7181 auroc_train: 0.4799 auprc_train: 0.4748 precision_train: 0.4851 recall_train: 0.5620 f1_train: 0.5207 cm_train: (tn=862, fp=1280, fn=940, tp=1206)
2025-10-19 18:52:21 | INFO | EM.print | -------- Epoch 4 --------
2025-10-19 18:52:21 | INFO | EM.print | [AUG][online][epoch=4][iter=0] start name=random_permute_features noise_std=0.01 mask_rate=0.1 seed=3000
2025-10-19 18:52:21 | INFO | EM.print | [AUG][online][epoch=4][iter=0] done name=random_permute_features shape=(1140, 1140)
2025-10-19 18:52:21 | INFO | EM.print | [ONLINE-AUG] mode=online name=random_permute_features noise_std=0.01 mask_rate=0.1 base_seed=0
2025-10-19 18:52:21 | INFO | EM.print | epoch: 4/ iteration: 1/ loss_train: 5.2135434 | task_loss:0.7003 cont_loss:8.2504 adv_loss:0.7214
2025-10-19 18:52:30 | INFO | EM.print | epoch: 0004 loss_train: 5.2461 task_loss: 0.7102 cont_loss: 8.3193 adv_loss: 0.7019 auroc_train: 0.4925 auprc_train: 0.4934 precision_train: 0.4970 recall_train: 0.4956 f1_train: 0.4963 cm_train: (tn=1070, fp=1075, fn=1081, tp=1062)
2025-10-19 18:52:30 | INFO | EM.print | -------- Epoch 5 --------
2025-10-19 18:52:30 | INFO | EM.print | [AUG][online][epoch=5][iter=0] start name=random_permute_features noise_std=0.01 mask_rate=0.1 seed=4000
2025-10-19 18:52:30 | INFO | EM.print | [AUG][online][epoch=5][iter=0] done name=random_permute_features shape=(1140, 1140)
2025-10-19 18:52:30 | INFO | EM.print | [ONLINE-AUG] mode=online name=random_permute_features noise_std=0.01 mask_rate=0.1 base_seed=0
2025-10-19 18:52:31 | INFO | EM.print | epoch: 5/ iteration: 1/ loss_train: 5.247842 | task_loss:0.7086 cont_loss:8.3223 adv_loss:0.7035
2025-10-19 18:52:39 | INFO | EM.print | epoch: 0005 loss_train: 5.2344 task_loss: 0.6962 cont_loss: 8.3134 adv_loss: 0.6975 auroc_train: 0.4966 auprc_train: 0.4970 precision_train: 0.4939 recall_train: 0.4911 f1_train: 0.4925 cm_train: (tn=1068, fp=1078, fn=1090, tp=1052)
2025-10-19 18:52:39 | INFO | EM.print | -------- Epoch 6 --------
2025-10-19 18:52:40 | INFO | EM.print | [AUG][online][epoch=6][iter=0] start name=random_permute_features noise_std=0.01 mask_rate=0.1 seed=5000
2025-10-19 18:52:40 | INFO | EM.print | [AUG][online][epoch=6][iter=0] done name=random_permute_features shape=(1140, 1140)
2025-10-19 18:52:40 | INFO | EM.print | [ONLINE-AUG] mode=online name=random_permute_features noise_std=0.01 mask_rate=0.1 base_seed=0
2025-10-19 18:52:40 | INFO | EM.print | epoch: 6/ iteration: 1/ loss_train: 5.235993 | task_loss:0.6979 cont_loss:8.3148 adv_loss:0.6976
2025-10-19 18:52:48 | INFO | EM.print | epoch: 0006 loss_train: 5.2340 task_loss: 0.6945 cont_loss: 8.3146 adv_loss: 0.6970 auroc_train: 0.4998 auprc_train: 0.4981 precision_train: 0.4984 recall_train: 0.5660 f1_train: 0.5300 cm_train: (tn=921, fp=1222, fn=931, tp=1214)
2025-10-19 18:52:48 | INFO | EM.print | -------- Epoch 7 --------
2025-10-19 18:52:48 | INFO | EM.print | [AUG][online][epoch=7][iter=0] start name=random_permute_features noise_std=0.01 mask_rate=0.1 seed=6000
2025-10-19 18:52:48 | INFO | EM.print | [AUG][online][epoch=7][iter=0] done name=random_permute_features shape=(1140, 1140)
2025-10-19 18:52:48 | INFO | EM.print | [ONLINE-AUG] mode=online name=random_permute_features noise_std=0.01 mask_rate=0.1 base_seed=0
2025-10-19 18:52:49 | INFO | EM.print | epoch: 7/ iteration: 1/ loss_train: 5.2300434 | task_loss:0.6925 cont_loss:8.3084 adv_loss:0.6977
2025-10-19 18:52:57 | INFO | EM.print | epoch: 0007 loss_train: 5.2336 task_loss: 0.6990 cont_loss: 8.3103 adv_loss: 0.6968 auroc_train: 0.4983 auprc_train: 0.4997 precision_train: 0.5025 recall_train: 0.4771 f1_train: 0.4895 cm_train: (tn=1131, fp=1013, fn=1121, tp=1023)
2025-10-19 18:52:57 | INFO | EM.print | -------- Epoch 8 --------
2025-10-19 18:52:57 | INFO | EM.print | [AUG][online][epoch=8][iter=0] start name=random_permute_features noise_std=0.01 mask_rate=0.1 seed=7000
2025-10-19 18:52:57 | INFO | EM.print | [AUG][online][epoch=8][iter=0] done name=random_permute_features shape=(1140, 1140)
2025-10-19 18:52:57 | INFO | EM.print | [ONLINE-AUG] mode=online name=random_permute_features noise_std=0.01 mask_rate=0.1 base_seed=0
2025-10-19 18:52:57 | INFO | EM.print | epoch: 8/ iteration: 1/ loss_train: 5.2279367 | task_loss:0.6919 cont_loss:8.3066 adv_loss:0.6959
2025-10-19 18:53:07 | INFO | EM.print | epoch: 0008 loss_train: 5.2272 task_loss: 0.6917 cont_loss: 8.3047 adv_loss: 0.6966 auroc_train: 0.4972 auprc_train: 0.4953 precision_train: 0.4993 recall_train: 0.4988 f1_train: 0.4991 cm_train: (tn=1076, fp=1071, fn=1073, tp=1068)
2025-10-19 18:53:07 | INFO | EM.print | -------- Epoch 9 --------
2025-10-19 18:53:07 | INFO | EM.print | [AUG][online][epoch=9][iter=0] start name=random_permute_features noise_std=0.01 mask_rate=0.1 seed=8000
2025-10-19 18:53:07 | INFO | EM.print | [AUG][online][epoch=9][iter=0] done name=random_permute_features shape=(1140, 1140)
2025-10-19 18:53:07 | INFO | EM.print | [ONLINE-AUG] mode=online name=random_permute_features noise_std=0.01 mask_rate=0.1 base_seed=0
2025-10-19 18:53:07 | INFO | EM.print | epoch: 9/ iteration: 1/ loss_train: 5.2300215 | task_loss:0.6932 cont_loss:8.3062 adv_loss:0.6994
2025-10-19 18:53:17 | INFO | EM.print | epoch: 0009 loss_train: 5.2351 task_loss: 0.6966 cont_loss: 8.3165 adv_loss: 0.6951 auroc_train: 0.4821 auprc_train: 0.4823 precision_train: 0.4942 recall_train: 0.6115 f1_train: 0.5466 cm_train: (tn=802, fp=1342, fn=833, tp=1311)
2025-10-19 18:53:17 | INFO | EM.print | -------- Epoch 10 --------
2025-10-19 18:53:17 | INFO | EM.print | [AUG][online][epoch=10][iter=0] start name=random_permute_features noise_std=0.01 mask_rate=0.1 seed=9000
2025-10-19 18:53:17 | INFO | EM.print | [AUG][online][epoch=10][iter=0] done name=random_permute_features shape=(1140, 1140)
2025-10-19 18:53:17 | INFO | EM.print | [ONLINE-AUG] mode=online name=random_permute_features noise_std=0.01 mask_rate=0.1 base_seed=0
2025-10-19 18:53:18 | INFO | EM.print | epoch: 10/ iteration: 1/ loss_train: 5.233663 | task_loss:0.6942 cont_loss:8.3143 adv_loss:0.6968
2025-10-19 18:53:28 | INFO | EM.print | epoch: 0010 loss_train: 5.2317 task_loss: 0.6903 cont_loss: 8.3164 adv_loss: 0.6941 auroc_train: 0.4974 auprc_train: 0.4990 precision_train: 0.5000 recall_train: 0.4732 f1_train: 0.4862 cm_train: (tn=1125, fp=1016, fn=1131, tp=1016)
2025-10-19 18:53:28 | INFO | EM.print | Optimization Finished!
2025-10-19 18:53:28 | INFO | EM.result.save | Saved result text: /root/OUTPUT/result/LMI_stageA_eps0.012_steps5_data_20251019_185009/metrics/train_epoch_metrics_fold_2_20251019_185009.csv.txt
2025-10-19 18:53:28 | INFO | EM.print | [SAVE] Per-epoch train metrics saved: train_epoch_metrics_fold_2_20251019_185009.csv
2025-10-19 18:53:29 | INFO | EM.result.save | Saved result text: /root/OUTPUT/result/LMI_stageA_eps0.012_steps5_data_20251019_185009/metrics/threshold_scan_fold_2_20251019_185009.txt
2025-10-19 18:53:29 | INFO | EM.print | loss_test: 5.2309 auroc_test: 0.7695 auprc_test: 0.7181 precision_test: 0.4990 recall_test: 1.0000 f1_test: 0.6658 cm_test: (tn=0, fp=513, fn=0, tp=511)
2025-10-19 18:53:29 | INFO | EM | Fold 2 completed.
2025-10-19 18:53:29 | INFO | EM | === Fold 3/5 ===
2025-10-19 18:53:29 | INFO | EM.result.save | Saved result text: /root/OUTPUT/result/LMI_stageA_eps0.012_steps5_data_20251019_185009/metrics/adv_config_fold_3_20251019_185009.json.txt
2025-10-19 18:53:29 | INFO | EM.print | [SAVE] adv config saved: metrics/adv_config_fold_3_20251019_185009.json
2025-10-19 18:53:29 | INFO | EM.print | Start Training...
2025-10-19 18:53:29 | INFO | EM.print | -------- Epoch 1 --------
2025-10-19 18:53:29 | INFO | EM.print | [AUG][online][epoch=1][iter=0] start name=random_permute_features noise_std=0.01 mask_rate=0.1 seed=0
2025-10-19 18:53:29 | INFO | EM.print | [AUG][online][epoch=1][iter=0] done name=random_permute_features shape=(1140, 1140)
2025-10-19 18:53:29 | INFO | EM.print | [ONLINE-AUG] mode=online name=random_permute_features noise_std=0.01 mask_rate=0.1 base_seed=0
2025-10-19 18:53:30 | INFO | EM.print | epoch: 1/ iteration: 1/ loss_train: 0.7118719 | task_loss:0.6996 cont_loss:0.0874 adv_loss:0.6980
2025-10-19 18:53:32 | INFO | EM.print | epoch: 0001 loss_train: 4.5531 task_loss: 0.3178 cont_loss: 7.9740 adv_loss: 0.0487 auroc_train: 0.8484 auprc_train: 0.8340 precision_train: 0.7545 recall_train: 0.7643 f1_train: 0.7594 cm_train: (tn=1612, fp=533, fn=505, tp=1638)
2025-10-19 18:53:32 | INFO | EM.print | -------- Epoch 2 --------
2025-10-19 18:53:32 | INFO | EM.print | [AUG][online][epoch=2][iter=0] start name=random_permute_features noise_std=0.01 mask_rate=0.1 seed=1000
2025-10-19 18:53:32 | INFO | EM.print | [AUG][online][epoch=2][iter=0] done name=random_permute_features shape=(1140, 1140)
2025-10-19 18:53:32 | INFO | EM.print | [ONLINE-AUG] mode=online name=random_permute_features noise_std=0.01 mask_rate=0.1 base_seed=0
2025-10-19 18:53:32 | INFO | EM.print | epoch: 2/ iteration: 1/ loss_train: 4.534644 | task_loss:0.3206 cont_loss:7.9480 adv_loss:0.0380
2025-10-19 18:53:34 | INFO | EM.print | epoch: 0002 loss_train: 4.5320 task_loss: 0.3736 cont_loss: 7.9214 adv_loss: 0.0141 auroc_train: 0.9300 auprc_train: 0.9264 precision_train: 0.8396 recall_train: 0.8623 f1_train: 0.8508 cm_train: (tn=1792, fp=353, fn=295, tp=1848)
2025-10-19 18:53:34 | INFO | EM.print | -------- Epoch 3 --------
2025-10-19 18:53:34 | INFO | EM.print | [AUG][online][epoch=3][iter=0] start name=random_permute_features noise_std=0.01 mask_rate=0.1 seed=2000
2025-10-19 18:53:34 | INFO | EM.print | [AUG][online][epoch=3][iter=0] done name=random_permute_features shape=(1140, 1140)
2025-10-19 18:53:34 | INFO | EM.print | [ONLINE-AUG] mode=online name=random_permute_features noise_std=0.01 mask_rate=0.1 base_seed=0
2025-10-19 18:53:34 | INFO | EM.print | epoch: 3/ iteration: 1/ loss_train: 23.900192 | task_loss:0.8070 cont_loss:7.0079 adv_loss:39.3654
2025-10-19 18:53:44 | INFO | EM.print | epoch: 0003 loss_train: 5.2377 task_loss: 0.6908 cont_loss: 8.2991 adv_loss: 0.7248 auroc_train: 0.4835 auprc_train: 0.4845 precision_train: 0.4912 recall_train: 0.4290 f1_train: 0.4580 cm_train: (tn=1187, fp=954, fn=1226, tp=921)
2025-10-19 18:53:44 | INFO | EM.print | -------- Epoch 4 --------
2025-10-19 18:53:44 | INFO | EM.print | [AUG][online][epoch=4][iter=0] start name=random_permute_features noise_std=0.01 mask_rate=0.1 seed=3000
2025-10-19 18:53:44 | INFO | EM.print | [AUG][online][epoch=4][iter=0] done name=random_permute_features shape=(1140, 1140)
2025-10-19 18:53:44 | INFO | EM.print | [ONLINE-AUG] mode=online name=random_permute_features noise_std=0.01 mask_rate=0.1 base_seed=0
2025-10-19 18:53:44 | INFO | EM.print | epoch: 4/ iteration: 1/ loss_train: 5.235218 | task_loss:0.6936 cont_loss:8.2977 adv_loss:0.7188
2025-10-19 18:53:54 | INFO | EM.print | epoch: 0004 loss_train: 5.2284 task_loss: 0.6923 cont_loss: 8.2984 adv_loss: 0.7055 auroc_train: 0.4926 auprc_train: 0.4919 precision_train: 0.4990 recall_train: 0.4771 f1_train: 0.4878 cm_train: (tn=1117, fp=1027, fn=1121, tp=1023)
2025-10-19 18:53:54 | INFO | EM.print | -------- Epoch 5 --------
2025-10-19 18:53:54 | INFO | EM.print | [AUG][online][epoch=5][iter=0] start name=random_permute_features noise_std=0.01 mask_rate=0.1 seed=4000
2025-10-19 18:53:54 | INFO | EM.print | [AUG][online][epoch=5][iter=0] done name=random_permute_features shape=(1140, 1140)
2025-10-19 18:53:54 | INFO | EM.print | [ONLINE-AUG] mode=online name=random_permute_features noise_std=0.01 mask_rate=0.1 base_seed=0
2025-10-19 18:53:54 | INFO | EM.print | epoch: 5/ iteration: 1/ loss_train: 5.2212315 | task_loss:0.6928 cont_loss:8.2853 adv_loss:0.7051
2025-10-19 18:54:03 | INFO | EM.print | epoch: 0005 loss_train: 5.2355 task_loss: 0.6935 cont_loss: 8.3150 adv_loss: 0.7004 auroc_train: 0.4943 auprc_train: 0.4959 precision_train: 0.4952 recall_train: 0.4760 f1_train: 0.4854 cm_train: (tn=1102, fp=1041, fn=1124, tp=1021)
2025-10-19 18:54:03 | INFO | EM.print | -------- Epoch 6 --------
2025-10-19 18:54:03 | INFO | EM.print | [AUG][online][epoch=6][iter=0] start name=random_permute_features noise_std=0.01 mask_rate=0.1 seed=5000
2025-10-19 18:54:03 | INFO | EM.print | [AUG][online][epoch=6][iter=0] done name=random_permute_features shape=(1140, 1140)
2025-10-19 18:54:03 | INFO | EM.print | [ONLINE-AUG] mode=online name=random_permute_features noise_std=0.01 mask_rate=0.1 base_seed=0
2025-10-19 18:54:03 | INFO | EM.print | epoch: 6/ iteration: 1/ loss_train: 5.2371774 | task_loss:0.6938 cont_loss:8.3160 adv_loss:0.7023
2025-10-19 18:54:12 | INFO | EM.print | epoch: 0006 loss_train: 5.2344 task_loss: 0.6895 cont_loss: 8.3165 adv_loss: 0.7002 auroc_train: 0.5026 auprc_train: 0.5011 precision_train: 0.4996 recall_train: 0.5252 f1_train: 0.5121 cm_train: (tn=1016, fp=1128, fn=1018, tp=1126)
2025-10-19 18:54:12 | INFO | EM.print | -------- Epoch 7 --------
2025-10-19 18:54:12 | INFO | EM.print | [AUG][online][epoch=7][iter=0] start name=random_permute_features noise_std=0.01 mask_rate=0.1 seed=6000
2025-10-19 18:54:12 | INFO | EM.print | [AUG][online][epoch=7][iter=0] done name=random_permute_features shape=(1140, 1140)
2025-10-19 18:54:12 | INFO | EM.print | [ONLINE-AUG] mode=online name=random_permute_features noise_std=0.01 mask_rate=0.1 base_seed=0
2025-10-19 18:54:12 | INFO | EM.print | epoch: 7/ iteration: 1/ loss_train: 5.235148 | task_loss:0.6914 cont_loss:8.3162 adv_loss:0.7002
2025-10-19 18:54:22 | INFO | EM.print | epoch: 0007 loss_train: 5.2278 task_loss: 0.6839 cont_loss: 8.3112 adv_loss: 0.6978 auroc_train: 0.4900 auprc_train: 0.4874 precision_train: 0.4919 recall_train: 0.4417 f1_train: 0.4655 cm_train: (tn=1166, fp=978, fn=1197, tp=947)
2025-10-19 18:54:22 | INFO | EM.print | -------- Epoch 8 --------
2025-10-19 18:54:22 | INFO | EM.print | [AUG][online][epoch=8][iter=0] start name=random_permute_features noise_std=0.01 mask_rate=0.1 seed=7000
2025-10-19 18:54:22 | INFO | EM.print | [AUG][online][epoch=8][iter=0] done name=random_permute_features shape=(1140, 1140)
2025-10-19 18:54:22 | INFO | EM.print | [ONLINE-AUG] mode=online name=random_permute_features noise_std=0.01 mask_rate=0.1 base_seed=0
2025-10-19 18:54:22 | INFO | EM.print | epoch: 8/ iteration: 1/ loss_train: 5.2371697 | task_loss:0.7071 cont_loss:8.3104 adv_loss:0.6965
2025-10-19 18:54:31 | INFO | EM.print | epoch: 0008 loss_train: 5.2405 task_loss: 0.7119 cont_loss: 8.3123 adv_loss: 0.6968 auroc_train: 0.4901 auprc_train: 0.4885 precision_train: 0.4964 recall_train: 0.5396 f1_train: 0.5171 cm_train: (tn=970, fp=1174, fn=987, tp=1157)
2025-10-19 18:54:31 | INFO | EM.print | -------- Epoch 9 --------
2025-10-19 18:54:31 | INFO | EM.print | [AUG][online][epoch=9][iter=0] start name=random_permute_features noise_std=0.01 mask_rate=0.1 seed=8000
2025-10-19 18:54:31 | INFO | EM.print | [AUG][online][epoch=9][iter=0] done name=random_permute_features shape=(1140, 1140)
2025-10-19 18:54:31 | INFO | EM.print | [ONLINE-AUG] mode=online name=random_permute_features noise_std=0.01 mask_rate=0.1 base_seed=0
2025-10-19 18:54:31 | INFO | EM.print | epoch: 9/ iteration: 1/ loss_train: 5.234829 | task_loss:0.6973 cont_loss:8.3112 adv_loss:0.6997
2025-10-19 18:54:40 | INFO | EM.print | epoch: 0009 loss_train: 5.2332 task_loss: 0.7035 cont_loss: 8.3078 adv_loss: 0.6946 auroc_train: 0.4935 auprc_train: 0.4948 precision_train: 0.4931 recall_train: 0.5145 f1_train: 0.5035 cm_train: (tn=1016, fp=1132, fn=1039, tp=1101)
2025-10-19 18:54:40 | INFO | EM.print | -------- Epoch 10 --------
2025-10-19 18:54:40 | INFO | EM.print | [AUG][online][epoch=10][iter=0] start name=random_permute_features noise_std=0.01 mask_rate=0.1 seed=9000
2025-10-19 18:54:40 | INFO | EM.print | [AUG][online][epoch=10][iter=0] done name=random_permute_features shape=(1140, 1140)
2025-10-19 18:54:40 | INFO | EM.print | [ONLINE-AUG] mode=online name=random_permute_features noise_std=0.01 mask_rate=0.1 base_seed=0
2025-10-19 18:54:40 | INFO | EM.print | epoch: 10/ iteration: 1/ loss_train: 5.230651 | task_loss:0.6979 cont_loss:8.3074 adv_loss:0.6951
2025-10-19 18:54:49 | INFO | EM.print | epoch: 0010 loss_train: 5.2329 task_loss: 0.6940 cont_loss: 8.3157 adv_loss: 0.6939 auroc_train: 0.4678 auprc_train: 0.4765 precision_train: 0.4759 recall_train: 0.3920 f1_train: 0.4299 cm_train: (tn=1220, fp=925, fn=1303, tp=840)
2025-10-19 18:54:49 | INFO | EM.print | Optimization Finished!
2025-10-19 18:54:49 | INFO | EM.result.save | Saved result text: /root/OUTPUT/result/LMI_stageA_eps0.012_steps5_data_20251019_185009/metrics/train_epoch_metrics_fold_3_20251019_185009.csv.txt
2025-10-19 18:54:49 | INFO | EM.print | [SAVE] Per-epoch train metrics saved: train_epoch_metrics_fold_3_20251019_185009.csv
2025-10-19 18:54:50 | INFO | EM.result.save | Saved result text: /root/OUTPUT/result/LMI_stageA_eps0.012_steps5_data_20251019_185009/metrics/threshold_scan_fold_3_20251019_185009.txt
2025-10-19 18:54:50 | INFO | EM.print | loss_test: 5.2318 auroc_test: 0.8443 auprc_test: 0.8141 precision_test: 0.4990 recall_test: 1.0000 f1_test: 0.6658 cm_test: (tn=0, fp=513, fn=0, tp=511)
2025-10-19 18:54:50 | INFO | EM | Fold 3 completed.
2025-10-19 18:54:50 | INFO | EM | === Fold 4/5 ===
2025-10-19 18:54:50 | INFO | EM.result.save | Saved result text: /root/OUTPUT/result/LMI_stageA_eps0.012_steps5_data_20251019_185009/metrics/adv_config_fold_4_20251019_185009.json.txt
2025-10-19 18:54:50 | INFO | EM.print | [SAVE] adv config saved: metrics/adv_config_fold_4_20251019_185009.json
2025-10-19 18:54:50 | INFO | EM.print | Start Training...
2025-10-19 18:54:50 | INFO | EM.print | -------- Epoch 1 --------
2025-10-19 18:54:50 | INFO | EM.print | [AUG][online][epoch=1][iter=0] start name=random_permute_features noise_std=0.01 mask_rate=0.1 seed=0
2025-10-19 18:54:50 | INFO | EM.print | [AUG][online][epoch=1][iter=0] done name=random_permute_features shape=(1140, 1140)
2025-10-19 18:54:50 | INFO | EM.print | [ONLINE-AUG] mode=online name=random_permute_features noise_std=0.01 mask_rate=0.1 base_seed=0
2025-10-19 18:54:50 | INFO | EM.print | epoch: 1/ iteration: 1/ loss_train: 0.8776648 | task_loss:0.7799 cont_loss:0.0487 adv_loss:0.9999
2025-10-19 18:54:52 | INFO | EM.print | epoch: 0001 loss_train: 4.7083 task_loss: 0.4078 cont_loss: 8.0578 adv_loss: 0.1861 auroc_train: 0.7850 auprc_train: 0.7778 precision_train: 0.6788 recall_train: 0.7203 f1_train: 0.6989 cm_train: (tn=1412, fp=731, fn=600, tp=1545)
2025-10-19 18:54:52 | INFO | EM.print | -------- Epoch 2 --------
2025-10-19 18:54:52 | INFO | EM.print | [AUG][online][epoch=2][iter=0] start name=random_permute_features noise_std=0.01 mask_rate=0.1 seed=1000
2025-10-19 18:54:52 | INFO | EM.print | [AUG][online][epoch=2][iter=0] done name=random_permute_features shape=(1140, 1140)
2025-10-19 18:54:52 | INFO | EM.print | [ONLINE-AUG] mode=online name=random_permute_features noise_std=0.01 mask_rate=0.1 base_seed=0
2025-10-19 18:54:52 | INFO | EM.print | epoch: 2/ iteration: 1/ loss_train: 4.7226725 | task_loss:0.4162 cont_loss:8.0751 adv_loss:0.1882
2025-10-19 18:54:54 | INFO | EM.print | epoch: 0002 loss_train: 4.5290 task_loss: 0.3695 cont_loss: 7.8964 adv_loss: 0.0395 auroc_train: 0.9252 auprc_train: 0.9208 precision_train: 0.8425 recall_train: 0.8441 f1_train: 0.8433 cm_train: (tn=1808, fp=338, fn=334, tp=1808)
2025-10-19 18:54:54 | INFO | EM.print | -------- Epoch 3 --------
2025-10-19 18:54:54 | INFO | EM.print | [AUG][online][epoch=3][iter=0] start name=random_permute_features noise_std=0.01 mask_rate=0.1 seed=2000
2025-10-19 18:54:54 | INFO | EM.print | [AUG][online][epoch=3][iter=0] done name=random_permute_features shape=(1140, 1140)
2025-10-19 18:54:54 | INFO | EM.print | [ONLINE-AUG] mode=online name=random_permute_features noise_std=0.01 mask_rate=0.1 base_seed=0
2025-10-19 18:54:54 | INFO | EM.print | epoch: 3/ iteration: 1/ loss_train: 23.625175 | task_loss:1.1792 cont_loss:6.4637 adv_loss:39.0791
2025-10-19 18:55:03 | INFO | EM.print | epoch: 0003 loss_train: 5.2455 task_loss: 0.7201 cont_loss: 8.2969 adv_loss: 0.7163 auroc_train: 0.4383 auprc_train: 0.4534 precision_train: 0.4685 recall_train: 0.4685 f1_train: 0.4685 cm_train: (tn=1003, fp=1140, fn=1140, tp=1005)
2025-10-19 18:55:03 | INFO | EM.print | -------- Epoch 4 --------
2025-10-19 18:55:03 | INFO | EM.print | [AUG][online][epoch=4][iter=0] start name=random_permute_features noise_std=0.01 mask_rate=0.1 seed=3000
2025-10-19 18:55:03 | INFO | EM.print | [AUG][online][epoch=4][iter=0] done name=random_permute_features shape=(1140, 1140)
2025-10-19 18:55:03 | INFO | EM.print | [ONLINE-AUG] mode=online name=random_permute_features noise_std=0.01 mask_rate=0.1 base_seed=0
2025-10-19 18:55:03 | INFO | EM.print | epoch: 4/ iteration: 1/ loss_train: 5.203722 | task_loss:0.6882 cont_loss:8.2550 adv_loss:0.7075
2025-10-19 18:55:12 | INFO | EM.print | epoch: 0004 loss_train: 5.2274 task_loss: 0.6932 cont_loss: 8.2995 adv_loss: 0.7016 auroc_train: 0.5117 auprc_train: 0.5145 precision_train: 0.5147 recall_train: 0.5301 f1_train: 0.5223 cm_train: (tn=1071, fp=1072, fn=1008, tp=1137)
2025-10-19 18:55:12 | INFO | EM.print | -------- Epoch 5 --------
2025-10-19 18:55:12 | INFO | EM.print | [AUG][online][epoch=5][iter=0] start name=random_permute_features noise_std=0.01 mask_rate=0.1 seed=4000
2025-10-19 18:55:12 | INFO | EM.print | [AUG][online][epoch=5][iter=0] done name=random_permute_features shape=(1140, 1140)
2025-10-19 18:55:12 | INFO | EM.print | [ONLINE-AUG] mode=online name=random_permute_features noise_std=0.01 mask_rate=0.1 base_seed=0
2025-10-19 18:55:12 | INFO | EM.print | epoch: 5/ iteration: 1/ loss_train: 5.2026877 | task_loss:0.6945 cont_loss:8.2533 adv_loss:0.7017
2025-10-19 18:55:21 | INFO | EM.print | epoch: 0005 loss_train: 5.2365 task_loss: 0.6888 cont_loss: 8.3045 adv_loss: 0.7182 auroc_train: 0.5021 auprc_train: 0.5016 precision_train: 0.5005 recall_train: 0.5128 f1_train: 0.5066 cm_train: (tn=1045, fp=1098, fn=1045, tp=1100)
2025-10-19 18:55:21 | INFO | EM.print | -------- Epoch 6 --------
2025-10-19 18:55:21 | INFO | EM.print | [AUG][online][epoch=6][iter=0] start name=random_permute_features noise_std=0.01 mask_rate=0.1 seed=5000
2025-10-19 18:55:21 | INFO | EM.print | [AUG][online][epoch=6][iter=0] done name=random_permute_features shape=(1140, 1140)
2025-10-19 18:55:21 | INFO | EM.print | [ONLINE-AUG] mode=online name=random_permute_features noise_std=0.01 mask_rate=0.1 base_seed=0
2025-10-19 18:55:21 | INFO | EM.print | epoch: 6/ iteration: 1/ loss_train: 5.234185 | task_loss:0.6980 cont_loss:8.3044 adv_loss:0.7053
2025-10-19 18:55:30 | INFO | EM.print | epoch: 0006 loss_train: 5.2197 task_loss: 0.6944 cont_loss: 8.2780 adv_loss: 0.7087 auroc_train: 0.4903 auprc_train: 0.4927 precision_train: 0.4933 recall_train: 0.4791 f1_train: 0.4861 cm_train: (tn=1083, fp=1057, fn=1119, tp=1029)
2025-10-19 18:55:30 | INFO | EM.print | -------- Epoch 7 --------
2025-10-19 18:55:30 | INFO | EM.print | [AUG][online][epoch=7][iter=0] start name=random_permute_features noise_std=0.01 mask_rate=0.1 seed=6000
2025-10-19 18:55:30 | INFO | EM.print | [AUG][online][epoch=7][iter=0] done name=random_permute_features shape=(1140, 1140)
2025-10-19 18:55:30 | INFO | EM.print | [ONLINE-AUG] mode=online name=random_permute_features noise_std=0.01 mask_rate=0.1 base_seed=0
2025-10-19 18:55:30 | INFO | EM.print | epoch: 7/ iteration: 1/ loss_train: 5.22239 | task_loss:0.6979 cont_loss:8.2857 adv_loss:0.7025
2025-10-19 18:55:39 | INFO | EM.print | epoch: 0007 loss_train: 5.2288 task_loss: 0.6954 cont_loss: 8.3087 adv_loss: 0.6922 auroc_train: 0.4932 auprc_train: 0.4931 precision_train: 0.5027 recall_train: 0.5594 f1_train: 0.5296 cm_train: (tn=956, fp=1187, fn=945, tp=1200)
2025-10-19 18:55:39 | INFO | EM.print | -------- Epoch 8 --------
2025-10-19 18:55:39 | INFO | EM.print | [AUG][online][epoch=8][iter=0] start name=random_permute_features noise_std=0.01 mask_rate=0.1 seed=7000
2025-10-19 18:55:39 | INFO | EM.print | [AUG][online][epoch=8][iter=0] done name=random_permute_features shape=(1140, 1140)
2025-10-19 18:55:39 | INFO | EM.print | [ONLINE-AUG] mode=online name=random_permute_features noise_std=0.01 mask_rate=0.1 base_seed=0
2025-10-19 18:55:40 | INFO | EM.print | epoch: 8/ iteration: 1/ loss_train: 5.2293916 | task_loss:0.6983 cont_loss:8.2959 adv_loss:0.7048
2025-10-19 18:55:49 | INFO | EM.print | epoch: 0008 loss_train: 5.2115 task_loss: 0.6851 cont_loss: 8.2708 adv_loss: 0.7086 auroc_train: 0.5033 auprc_train: 0.5017 precision_train: 0.4970 recall_train: 0.5391 f1_train: 0.5172 cm_train: (tn=971, fp=1171, fn=989, tp=1157)
2025-10-19 18:55:49 | INFO | EM.print | -------- Epoch 9 --------
2025-10-19 18:55:49 | INFO | EM.print | [AUG][online][epoch=9][iter=0] start name=random_permute_features noise_std=0.01 mask_rate=0.1 seed=8000
2025-10-19 18:55:49 | INFO | EM.print | [AUG][online][epoch=9][iter=0] done name=random_permute_features shape=(1140, 1140)
2025-10-19 18:55:49 | INFO | EM.print | [ONLINE-AUG] mode=online name=random_permute_features noise_std=0.01 mask_rate=0.1 base_seed=0
2025-10-19 18:55:49 | INFO | EM.print | epoch: 9/ iteration: 1/ loss_train: 5.2410054 | task_loss:0.7004 cont_loss:8.3298 adv_loss:0.6889
2025-10-19 18:55:58 | INFO | EM.print | epoch: 0009 loss_train: 5.2097 task_loss: 0.6890 cont_loss: 8.3000 adv_loss: 0.6691 auroc_train: 0.4968 auprc_train: 0.4984 precision_train: 0.5008 recall_train: 0.4143 f1_train: 0.4535 cm_train: (tn=1256, fp=886, fn=1257, tp=889)
2025-10-19 18:55:58 | INFO | EM.print | -------- Epoch 10 --------
2025-10-19 18:55:58 | INFO | EM.print | [AUG][online][epoch=10][iter=0] start name=random_permute_features noise_std=0.01 mask_rate=0.1 seed=9000
2025-10-19 18:55:58 | INFO | EM.print | [AUG][online][epoch=10][iter=0] done name=random_permute_features shape=(1140, 1140)
2025-10-19 18:55:58 | INFO | EM.print | [ONLINE-AUG] mode=online name=random_permute_features noise_std=0.01 mask_rate=0.1 base_seed=0
2025-10-19 18:55:58 | INFO | EM.print | epoch: 10/ iteration: 1/ loss_train: 5.2429547 | task_loss:0.6962 cont_loss:8.3124 adv_loss:0.7158
2025-10-19 18:56:07 | INFO | EM.print | epoch: 0010 loss_train: 5.2154 task_loss: 0.6950 cont_loss: 8.2994 adv_loss: 0.6760 auroc_train: 0.4851 auprc_train: 0.4878 precision_train: 0.4839 recall_train: 0.3845 f1_train: 0.4285 cm_train: (tn=1266, fp=879, fn=1319, tp=824)
2025-10-19 18:56:07 | INFO | EM.print | Optimization Finished!
2025-10-19 18:56:07 | INFO | EM.result.save | Saved result text: /root/OUTPUT/result/LMI_stageA_eps0.012_steps5_data_20251019_185009/metrics/train_epoch_metrics_fold_4_20251019_185009.csv.txt
2025-10-19 18:56:07 | INFO | EM.print | [SAVE] Per-epoch train metrics saved: train_epoch_metrics_fold_4_20251019_185009.csv
2025-10-19 18:56:08 | INFO | EM.result.save | Saved result text: /root/OUTPUT/result/LMI_stageA_eps0.012_steps5_data_20251019_185009/metrics/threshold_scan_fold_4_20251019_185009.txt
2025-10-19 18:56:08 | INFO | EM.print | loss_test: 5.2053 auroc_test: 0.7547 auprc_test: 0.7333 precision_test: 0.5020 recall_test: 1.0000 f1_test: 0.6684 cm_test: (tn=0, fp=510, fn=0, tp=514)
2025-10-19 18:56:08 | INFO | EM | Fold 4 completed.
2025-10-19 18:56:08 | INFO | EM | === Fold 5/5 ===
2025-10-19 18:56:08 | INFO | EM.result.save | Saved result text: /root/OUTPUT/result/LMI_stageA_eps0.012_steps5_data_20251019_185009/metrics/adv_config_fold_5_20251019_185009.json.txt
2025-10-19 18:56:08 | INFO | EM.print | [SAVE] adv config saved: metrics/adv_config_fold_5_20251019_185009.json
2025-10-19 18:56:08 | INFO | EM.print | Start Training...
2025-10-19 18:56:08 | INFO | EM.print | -------- Epoch 1 --------
2025-10-19 18:56:08 | INFO | EM.print | [AUG][online][epoch=1][iter=0] start name=random_permute_features noise_std=0.01 mask_rate=0.1 seed=0
2025-10-19 18:56:08 | INFO | EM.print | [AUG][online][epoch=1][iter=0] done name=random_permute_features shape=(1140, 1140)
2025-10-19 18:56:08 | INFO | EM.print | [ONLINE-AUG] mode=online name=random_permute_features noise_std=0.01 mask_rate=0.1 base_seed=0
2025-10-19 18:56:08 | INFO | EM.print | epoch: 1/ iteration: 1/ loss_train: 0.72175413 | task_loss:0.6820 cont_loss:0.0923 adv_loss:0.7281
2025-10-19 18:56:10 | INFO | EM.print | epoch: 0001 loss_train: 4.6205 task_loss: 0.2961 cont_loss: 8.0513 adv_loss: 0.1181 auroc_train: 0.8697 auprc_train: 0.8623 precision_train: 0.7653 recall_train: 0.8167 f1_train: 0.7902 cm_train: (tn=1607, fp=537, fn=393, tp=1751)
2025-10-19 18:56:10 | INFO | EM.print | -------- Epoch 2 --------
2025-10-19 18:56:10 | INFO | EM.print | [AUG][online][epoch=2][iter=0] start name=random_permute_features noise_std=0.01 mask_rate=0.1 seed=1000
2025-10-19 18:56:10 | INFO | EM.print | [AUG][online][epoch=2][iter=0] done name=random_permute_features shape=(1140, 1140)
2025-10-19 18:56:10 | INFO | EM.print | [ONLINE-AUG] mode=online name=random_permute_features noise_std=0.01 mask_rate=0.1 base_seed=0
2025-10-19 18:56:10 | INFO | EM.print | epoch: 2/ iteration: 1/ loss_train: 4.6034527 | task_loss:0.2831 cont_loss:8.0591 adv_loss:0.0872
2025-10-19 18:56:12 | INFO | EM.print | epoch: 0002 loss_train: 4.5533 task_loss: 0.3921 cont_loss: 7.9368 adv_loss: 0.0232 auroc_train: 0.9371 auprc_train: 0.9369 precision_train: 0.8549 recall_train: 0.8605 f1_train: 0.8577 cm_train: (tn=1832, fp=313, fn=299, tp=1844)
2025-10-19 18:56:12 | INFO | EM.print | -------- Epoch 3 --------
2025-10-19 18:56:12 | INFO | EM.print | [AUG][online][epoch=3][iter=0] start name=random_permute_features noise_std=0.01 mask_rate=0.1 seed=2000
2025-10-19 18:56:12 | INFO | EM.print | [AUG][online][epoch=3][iter=0] done name=random_permute_features shape=(1140, 1140)
2025-10-19 18:56:12 | INFO | EM.print | [ONLINE-AUG] mode=online name=random_permute_features noise_std=0.01 mask_rate=0.1 base_seed=0
2025-10-19 18:56:12 | INFO | EM.print | epoch: 3/ iteration: 1/ loss_train: 22.900764 | task_loss:0.7224 cont_loss:7.3500 adv_loss:37.0664
2025-10-19 18:56:21 | INFO | EM.print | epoch: 0003 loss_train: 5.2382 task_loss: 0.6999 cont_loss: 8.3034 adv_loss: 0.7128 auroc_train: 0.4573 auprc_train: 0.4662 precision_train: 0.4739 recall_train: 0.5971 f1_train: 0.5284 cm_train: (tn=726, fp=1420, fn=863, tp=1279)
2025-10-19 18:56:21 | INFO | EM.print | -------- Epoch 4 --------
2025-10-19 18:56:21 | INFO | EM.print | [AUG][online][epoch=4][iter=0] start name=random_permute_features noise_std=0.01 mask_rate=0.1 seed=3000
2025-10-19 18:56:21 | INFO | EM.print | [AUG][online][epoch=4][iter=0] done name=random_permute_features shape=(1140, 1140)
2025-10-19 18:56:21 | INFO | EM.print | [ONLINE-AUG] mode=online name=random_permute_features noise_std=0.01 mask_rate=0.1 base_seed=0
2025-10-19 18:56:21 | INFO | EM.print | epoch: 4/ iteration: 1/ loss_train: 5.2382674 | task_loss:0.6927 cont_loss:8.3006 adv_loss:0.7224
2025-10-19 18:56:29 | INFO | EM.print | epoch: 0004 loss_train: 5.2190 task_loss: 0.7237 cont_loss: 8.2612 adv_loss: 0.6994 auroc_train: 0.4929 auprc_train: 0.4951 precision_train: 0.4952 recall_train: 0.4343 f1_train: 0.4628 cm_train: (tn=1192, fp=950, fn=1214, tp=932)
2025-10-19 18:56:29 | INFO | EM.print | -------- Epoch 5 --------
2025-10-19 18:56:29 | INFO | EM.print | [AUG][online][epoch=5][iter=0] start name=random_permute_features noise_std=0.01 mask_rate=0.1 seed=4000
2025-10-19 18:56:29 | INFO | EM.print | [AUG][online][epoch=5][iter=0] done name=random_permute_features shape=(1140, 1140)
2025-10-19 18:56:29 | INFO | EM.print | [ONLINE-AUG] mode=online name=random_permute_features noise_std=0.01 mask_rate=0.1 base_seed=0
2025-10-19 18:56:30 | INFO | EM.print | epoch: 5/ iteration: 1/ loss_train: 5.230138 | task_loss:0.7006 cont_loss:8.2998 adv_loss:0.6999
2025-10-19 18:56:38 | INFO | EM.print | epoch: 0005 loss_train: 5.2226 task_loss: 0.6924 cont_loss: 8.2955 adv_loss: 0.6970 auroc_train: 0.4999 auprc_train: 0.4949 precision_train: 0.4992 recall_train: 0.4506 f1_train: 0.4736 cm_train: (tn=1175, fp=969, fn=1178, tp=966)
2025-10-19 18:56:38 | INFO | EM.print | -------- Epoch 6 --------
2025-10-19 18:56:38 | INFO | EM.print | [AUG][online][epoch=6][iter=0] start name=random_permute_features noise_std=0.01 mask_rate=0.1 seed=5000
2025-10-19 18:56:38 | INFO | EM.print | [AUG][online][epoch=6][iter=0] done name=random_permute_features shape=(1140, 1140)
2025-10-19 18:56:38 | INFO | EM.print | [ONLINE-AUG] mode=online name=random_permute_features noise_std=0.01 mask_rate=0.1 base_seed=0
2025-10-19 18:56:39 | INFO | EM.print | epoch: 6/ iteration: 1/ loss_train: 5.227445 | task_loss:0.6956 cont_loss:8.3026 adv_loss:0.6960
2025-10-19 18:56:47 | INFO | EM.print | epoch: 0006 loss_train: 5.2317 task_loss: 0.6920 cont_loss: 8.3124 adv_loss: 0.6969 auroc_train: 0.4930 auprc_train: 0.4923 precision_train: 0.4964 recall_train: 0.5515 f1_train: 0.5225 cm_train: (tn=940, fp=1201, fn=963, tp=1184)
2025-10-19 18:56:47 | INFO | EM.print | -------- Epoch 7 --------
2025-10-19 18:56:47 | INFO | EM.print | [AUG][online][epoch=7][iter=0] start name=random_permute_features noise_std=0.01 mask_rate=0.1 seed=6000
2025-10-19 18:56:47 | INFO | EM.print | [AUG][online][epoch=7][iter=0] done name=random_permute_features shape=(1140, 1140)
2025-10-19 18:56:47 | INFO | EM.print | [ONLINE-AUG] mode=online name=random_permute_features noise_std=0.01 mask_rate=0.1 base_seed=0
2025-10-19 18:56:48 | INFO | EM.print | epoch: 7/ iteration: 1/ loss_train: 5.2306843 | task_loss:0.6893 cont_loss:8.3123 adv_loss:0.6975
2025-10-19 18:56:57 | INFO | EM.print | epoch: 0007 loss_train: 5.2319 task_loss: 0.6974 cont_loss: 8.3100 adv_loss: 0.6951 auroc_train: 0.5022 auprc_train: 0.4991 precision_train: 0.5007 recall_train: 0.6531 f1_train: 0.5669 cm_train: (tn=746, fp=1397, fn=744, tp=1401)
2025-10-19 18:56:57 | INFO | EM.print | -------- Epoch 8 --------
2025-10-19 18:56:57 | INFO | EM.print | [AUG][online][epoch=8][iter=0] start name=random_permute_features noise_std=0.01 mask_rate=0.1 seed=7000
2025-10-19 18:56:57 | INFO | EM.print | [AUG][online][epoch=8][iter=0] done name=random_permute_features shape=(1140, 1140)
2025-10-19 18:56:57 | INFO | EM.print | [ONLINE-AUG] mode=online name=random_permute_features noise_std=0.01 mask_rate=0.1 base_seed=0
2025-10-19 18:56:57 | INFO | EM.print | epoch: 8/ iteration: 1/ loss_train: 5.2323666 | task_loss:0.6968 cont_loss:8.3119 adv_loss:0.6945
2025-10-19 18:57:06 | INFO | EM.print | epoch: 0008 loss_train: 5.2324 task_loss: 0.6966 cont_loss: 8.3118 adv_loss: 0.6949 auroc_train: 0.4924 auprc_train: 0.4897 precision_train: 0.4949 recall_train: 0.6091 f1_train: 0.5461 cm_train: (tn=811, fp=1333, fn=838, tp=1306)
2025-10-19 18:57:06 | INFO | EM.print | -------- Epoch 9 --------
2025-10-19 18:57:06 | INFO | EM.print | [AUG][online][epoch=9][iter=0] start name=random_permute_features noise_std=0.01 mask_rate=0.1 seed=8000
2025-10-19 18:57:06 | INFO | EM.print | [AUG][online][epoch=9][iter=0] done name=random_permute_features shape=(1140, 1140)
2025-10-19 18:57:06 | INFO | EM.print | [ONLINE-AUG] mode=online name=random_permute_features noise_std=0.01 mask_rate=0.1 base_seed=0
2025-10-19 18:57:06 | INFO | EM.print | epoch: 9/ iteration: 1/ loss_train: 5.23048 | task_loss:0.6945 cont_loss:8.3108 adv_loss:0.6940
2025-10-19 18:57:15 | INFO | EM.print | epoch: 0009 loss_train: 5.2337 task_loss: 0.6945 cont_loss: 8.3152 adv_loss: 0.6956 auroc_train: 0.4813 auprc_train: 0.4885 precision_train: 0.4946 recall_train: 0.4480 f1_train: 0.4701 cm_train: (tn=1164, fp=981, fn=1183, tp=960)
2025-10-19 18:57:15 | INFO | EM.print | -------- Epoch 10 --------
2025-10-19 18:57:15 | INFO | EM.print | [AUG][online][epoch=10][iter=0] start name=random_permute_features noise_std=0.01 mask_rate=0.1 seed=9000
2025-10-19 18:57:15 | INFO | EM.print | [AUG][online][epoch=10][iter=0] done name=random_permute_features shape=(1140, 1140)
2025-10-19 18:57:15 | INFO | EM.print | [ONLINE-AUG] mode=online name=random_permute_features noise_std=0.01 mask_rate=0.1 base_seed=0
2025-10-19 18:57:15 | INFO | EM.print | epoch: 10/ iteration: 1/ loss_train: 5.2307935 | task_loss:0.6871 cont_loss:8.3165 adv_loss:0.6950
2025-10-19 18:57:23 | INFO | EM.print | epoch: 0010 loss_train: 5.2335 task_loss: 0.6942 cont_loss: 8.3159 adv_loss: 0.6947 auroc_train: 0.4932 auprc_train: 0.4939 precision_train: 0.4946 recall_train: 0.5110 f1_train: 0.5026 cm_train: (tn=1026, fp=1119, fn=1048, tp=1095)
2025-10-19 18:57:23 | INFO | EM.print | Optimization Finished!
2025-10-19 18:57:23 | INFO | EM.result.save | Saved result text: /root/OUTPUT/result/LMI_stageA_eps0.012_steps5_data_20251019_185009/metrics/train_epoch_metrics_fold_5_20251019_185009.csv.txt
2025-10-19 18:57:23 | INFO | EM.print | [SAVE] Per-epoch train metrics saved: train_epoch_metrics_fold_5_20251019_185009.csv
2025-10-19 18:57:24 | INFO | EM.result.save | Saved result text: /root/OUTPUT/result/LMI_stageA_eps0.012_steps5_data_20251019_185009/metrics/threshold_scan_fold_5_20251019_185009.txt
2025-10-19 18:57:24 | INFO | EM.print | loss_test: 5.2323 auroc_test: 0.7882 auprc_test: 0.7230 precision_test: 0.5010 recall_test: 1.0000 f1_test: 0.6675 cm_test: (tn=0, fp=511, fn=0, tp=513)
2025-10-19 18:57:24 | INFO | EM | Fold 5 completed.
2025-10-19 18:57:24 | INFO | EM | === 5-Fold Cross Validation Results ===
2025-10-19 18:57:24 | INFO | EM | AUROC: 0.7945 ± 0.0322
2025-10-19 18:57:24 | INFO | EM | AUPRC: 0.7550 ± 0.0383
2025-10-19 18:57:24 | INFO | EM | F1-Score: 0.5335 ± 0.2668
2025-10-19 18:57:24 | INFO | EM | Loss: 5.2232 ± 0.0109
2025-10-19 18:57:24 | INFO | EM.result.save | Saved result text: /root/OUTPUT/result/LMI_stageA_eps0.012_steps5_data_20251019_185009/result_summary_20251019_185009.txt
2025-10-19 18:57:24 | INFO | EM | Detailed Results:
2025-10-19 18:57:24 | INFO | EM | Fold 1: AUROC=0.8156, AUPRC=0.7864, F1=0.0000
2025-10-19 18:57:24 | INFO | EM | Fold 2: AUROC=0.7695, AUPRC=0.7181, F1=0.6658
2025-10-19 18:57:24 | INFO | EM | Fold 3: AUROC=0.8443, AUPRC=0.8141, F1=0.6658
2025-10-19 18:57:24 | INFO | EM | Fold 4: AUROC=0.7547, AUPRC=0.7333, F1=0.6684
2025-10-19 18:57:24 | INFO | EM | Fold 5: AUROC=0.7882, AUPRC=0.7230, F1=0.6675
2025-10-19 18:57:24 | INFO | EM.result.save | Saved result text: /root/OUTPUT/result/LMI_stageA_eps0.012_steps5_data_20251019_185009/per_fold_20251019_185009.txt
2025-10-19 18:57:24 | INFO | EM.result.save | Saved result text: /root/OUTPUT/result/LMI_stageA_eps0.012_steps5_data_20251019_185009/metrics/result_extra_20251019_185009.txt
2025-10-19 18:57:24 | INFO | EM | Precision: 0.4002 ± 0.2001
2025-10-19 18:57:24 | INFO | EM | Recall: 0.8000 ± 0.4000
2025-10-19 18:57:24 | INFO | EM | Confusion Matrix (sum): tn=510, fp=2047, fn=514, tp=2049
2025-10-19 18:57:24 | INFO | EM | All folds completed!
2025-10-19 18:57:24 | INFO | EM | ================================================================================
2025-10-19 18:57:24 | INFO | EM | RUN END   | run_id=20251019_185009 | run_name=LMI_stageA_eps0.012_steps5
2025-10-19 18:57:24 | INFO | EM | RESULT DIR: /root/OUTPUT/result/LMI_stageA_eps0.012_steps5_data_20251019_185009
2025-10-19 18:57:24 | INFO | EM | ================================================================================
