2025-10-19 19:03:19 | INFO | EM | ================================================================================
2025-10-19 19:03:19 | INFO | EM | RUN START | run_id=20251019_190319 | run_name=LMI_stageA_eps0.015_steps5
2025-10-19 19:03:19 | INFO | EM | COMMAND: /root/miniconda3/bin/python /root/hyperparameter-tuning/main.py --task_type LMI --run_name LMI_stageA_eps0.015_steps5 --feature_type one_hot --batch 64 --lr 0.0005 --weight_decay 0.0005 --dropout 0.05 --epochs 10 --augment_mode online --moco_queue 4096 --moco_momentum 0.99 --moco_t 0.07 --loss_ratio1 0.45 --loss_ratio2 0.55 --loss_ratio3 0.5 --enable_threshold_scan true --threshold_min 0.35 --threshold_max 0.65 --threshold_step 0.01 --enable_temp_scaling true --temp_grid_min 0.5 --temp_grid_max 3.0 --temp_grid_num 26 --adv_warmup_end 3 --adv_mode mgraph --adv_norm linf --adv_rand_init true --adv_project true --adv_on_moco true --adv_eps 0.015 --adv_alpha 0.003 --adv_steps 5
2025-10-19 19:03:19 | INFO | EM | ================================================================================
2025-10-19 19:03:19 | INFO | EM.result | Result directory: /root/OUTPUT/result/LMI_stageA_eps0.015_steps5_data_20251019_190319
2025-10-19 19:03:19 | INFO | EM | Initialized logging and result directory.
2025-10-19 19:03:19 | INFO | EM | Using CUDA: True
2025-10-19 19:03:19 | INFO | EM | CUDA device count: 1
2025-10-19 19:03:19 | INFO | EM | Current CUDA device: 0
2025-10-19 19:03:19 | INFO | EM | CUDA device name: NVIDIA GeForce RTX 4090
2025-10-19 19:03:19 | INFO | EM | === Augmentation Config ===
2025-10-19 19:03:19 | INFO | EM | [AUG CONFIG] Multiple augmentations detected: random_permute_features, attribute_mask, noise_then_mask
2025-10-19 19:03:19 | INFO | EM | augment=random_permute_features,attribute_mask,noise_then_mask | mode=online | noise_std=0.01 | mask_rate=0.1 | augment_seed=None (None means seed+fold for static)
2025-10-19 19:03:19 | INFO | EM | ===========================
2025-10-19 19:03:19 | INFO | EM | Loading dataset1/LDA.edgelist seed0 dataset...
2025-10-19 19:03:19 | INFO | EM | Selected cross_validation type: 5_cv1
2025-10-19 19:03:19 | INFO | EM | Selected task_type: LMI
2025-10-19 19:03:19 | INFO | EM | Selected feature_type: one_hot
2025-10-19 19:03:19 | INFO | EM | Selected embed_dim: N/A
2025-10-19 19:03:19 | INFO | EM | Selected learning_rate: N/A
2025-10-19 19:03:19 | INFO | EM | Selected epochs: 10
2025-10-19 19:03:19 | INFO | EM | Selected task type...
2025-10-19 19:03:28 | INFO | EM.print | [AUG][static][fold=1] start name=random_permute_features noise_std=0.01 mask_rate=0.1 seed=0
2025-10-19 19:03:28 | INFO | EM.print | [AUG][static][fold=1] done name=random_permute_features shape=(1140, 1140)
2025-10-19 19:03:28 | INFO | EM.augment | [AUGMENT][fold=1] name=random_permute_features noise_std=0.01 mask_rate=0.1 seed=0 masked_cols=0 shape=(1140, 1140) mean=0.0009 std=0.0296
2025-10-19 19:03:37 | INFO | EM.print | [AUG][static][fold=2] start name=random_permute_features noise_std=0.01 mask_rate=0.1 seed=1
2025-10-19 19:03:37 | INFO | EM.print | [AUG][static][fold=2] done name=random_permute_features shape=(1140, 1140)
2025-10-19 19:03:37 | INFO | EM.augment | [AUGMENT][fold=2] name=random_permute_features noise_std=0.01 mask_rate=0.1 seed=1 masked_cols=0 shape=(1140, 1140) mean=0.0009 std=0.0296
2025-10-19 19:03:45 | INFO | EM.print | [AUG][static][fold=3] start name=random_permute_features noise_std=0.01 mask_rate=0.1 seed=2
2025-10-19 19:03:45 | INFO | EM.print | [AUG][static][fold=3] done name=random_permute_features shape=(1140, 1140)
2025-10-19 19:03:45 | INFO | EM.augment | [AUGMENT][fold=3] name=random_permute_features noise_std=0.01 mask_rate=0.1 seed=2 masked_cols=0 shape=(1140, 1140) mean=0.0009 std=0.0296
2025-10-19 19:03:53 | INFO | EM.print | [AUG][static][fold=4] start name=random_permute_features noise_std=0.01 mask_rate=0.1 seed=3
2025-10-19 19:03:53 | INFO | EM.print | [AUG][static][fold=4] done name=random_permute_features shape=(1140, 1140)
2025-10-19 19:03:53 | INFO | EM.augment | [AUGMENT][fold=4] name=random_permute_features noise_std=0.01 mask_rate=0.1 seed=3 masked_cols=0 shape=(1140, 1140) mean=0.0009 std=0.0296
2025-10-19 19:04:01 | INFO | EM.print | [AUG][static][fold=5] start name=random_permute_features noise_std=0.01 mask_rate=0.1 seed=4
2025-10-19 19:04:01 | INFO | EM.print | [AUG][static][fold=5] done name=random_permute_features shape=(1140, 1140)
2025-10-19 19:04:01 | INFO | EM.augment | [AUGMENT][fold=5] name=random_permute_features noise_std=0.01 mask_rate=0.1 seed=4 masked_cols=0 shape=(1140, 1140) mean=0.0009 std=0.0296
2025-10-19 19:04:01 | INFO | EM | [DATALOADER] os=linux workers=8 prefetch_factor=4
2025-10-19 19:04:01 | INFO | EM.fold_stats | Saved fold stats to /root/OUTPUT/result/metrics/fold_stats.json
2025-10-19 19:04:01 | INFO | EM | Loading finished!
2025-10-19 19:04:01 | INFO | EM | Starting 5-fold cross validation...
2025-10-19 19:04:01 | INFO | EM | === Fold 1/5 ===
2025-10-19 19:04:01 | INFO | EM.result.save | Saved result text: /root/OUTPUT/result/LMI_stageA_eps0.015_steps5_data_20251019_190319/metrics/adv_config_fold_1_20251019_190319.json.txt
2025-10-19 19:04:01 | INFO | EM.print | [SAVE] adv config saved: metrics/adv_config_fold_1_20251019_190319.json
2025-10-19 19:04:01 | INFO | EM.print | Start Training...
2025-10-19 19:04:01 | INFO | EM.print | -------- Epoch 1 --------
2025-10-19 19:04:01 | INFO | EM.print | [AUG][online][epoch=1][iter=0] start name=random_permute_features noise_std=0.01 mask_rate=0.1 seed=0
2025-10-19 19:04:01 | INFO | EM.print | [AUG][online][epoch=1][iter=0] done name=random_permute_features shape=(1140, 1140)
2025-10-19 19:04:01 | INFO | EM.print | [ONLINE-AUG] mode=online name=random_permute_features noise_std=0.01 mask_rate=0.1 base_seed=0
2025-10-19 19:04:02 | INFO | EM.print | epoch: 1/ iteration: 1/ loss_train: 0.79130393 | task_loss:0.6699 cont_loss:0.2572 adv_loss:0.6968
2025-10-19 19:04:03 | INFO | EM.print | epoch: 0001 loss_train: 4.7023 task_loss: 0.4950 cont_loss: 8.0960 adv_loss: 0.0536 auroc_train: 0.8173 auprc_train: 0.8179 precision_train: 0.7194 recall_train: 0.7631 f1_train: 0.7406 cm_train: (tn=1506, fp=638, fn=508, tp=1636)
2025-10-19 19:04:03 | INFO | EM.print | -------- Epoch 2 --------
2025-10-19 19:04:03 | INFO | EM.print | [AUG][online][epoch=2][iter=0] start name=random_permute_features noise_std=0.01 mask_rate=0.1 seed=1000
2025-10-19 19:04:03 | INFO | EM.print | [AUG][online][epoch=2][iter=0] done name=random_permute_features shape=(1140, 1140)
2025-10-19 19:04:03 | INFO | EM.print | [ONLINE-AUG] mode=online name=random_permute_features noise_std=0.01 mask_rate=0.1 base_seed=0
2025-10-19 19:04:03 | INFO | EM.print | epoch: 2/ iteration: 1/ loss_train: 4.6421137 | task_loss:0.3341 cont_loss:8.1114 adv_loss:0.0610
2025-10-19 19:04:05 | INFO | EM.print | epoch: 0002 loss_train: 4.5253 task_loss: 0.2617 cont_loss: 7.9909 adv_loss: 0.0251 auroc_train: 0.9174 auprc_train: 0.9143 precision_train: 0.8312 recall_train: 0.8312 f1_train: 0.8312 cm_train: (tn=1782, fp=362, fn=362, tp=1782)
2025-10-19 19:04:05 | INFO | EM.print | -------- Epoch 3 --------
2025-10-19 19:04:05 | INFO | EM.print | [AUG][online][epoch=3][iter=0] start name=random_permute_features noise_std=0.01 mask_rate=0.1 seed=2000
2025-10-19 19:04:05 | INFO | EM.print | [AUG][online][epoch=3][iter=0] done name=random_permute_features shape=(1140, 1140)
2025-10-19 19:04:05 | INFO | EM.print | [ONLINE-AUG] mode=online name=random_permute_features noise_std=0.01 mask_rate=0.1 base_seed=0
2025-10-19 19:04:05 | INFO | EM.print | epoch: 3/ iteration: 1/ loss_train: 26.643736 | task_loss:1.1752 cont_loss:6.9573 adv_loss:44.5767
2025-10-19 19:04:14 | INFO | EM.print | epoch: 0003 loss_train: 5.2604 task_loss: 0.7273 cont_loss: 8.2906 adv_loss: 0.7465 auroc_train: 0.4497 auprc_train: 0.4635 precision_train: 0.4647 recall_train: 0.4510 f1_train: 0.4578 cm_train: (tn=1030, fp=1114, fn=1177, tp=967)
2025-10-19 19:04:14 | INFO | EM.print | -------- Epoch 4 --------
2025-10-19 19:04:14 | INFO | EM.print | [AUG][online][epoch=4][iter=0] start name=random_permute_features noise_std=0.01 mask_rate=0.1 seed=3000
2025-10-19 19:04:14 | INFO | EM.print | [AUG][online][epoch=4][iter=0] done name=random_permute_features shape=(1140, 1140)
2025-10-19 19:04:14 | INFO | EM.print | [ONLINE-AUG] mode=online name=random_permute_features noise_std=0.01 mask_rate=0.1 base_seed=0
2025-10-19 19:04:14 | INFO | EM.print | epoch: 4/ iteration: 1/ loss_train: 5.2547984 | task_loss:0.6888 cont_loss:8.3086 adv_loss:0.7501
2025-10-19 19:04:23 | INFO | EM.print | epoch: 0004 loss_train: 5.2395 task_loss: 0.6980 cont_loss: 8.3092 adv_loss: 0.7108 auroc_train: 0.4908 auprc_train: 0.4909 precision_train: 0.4904 recall_train: 0.4538 f1_train: 0.4714 cm_train: (tn=1133, fp=1011, fn=1171, tp=973)
2025-10-19 19:04:23 | INFO | EM.print | -------- Epoch 5 --------
2025-10-19 19:04:23 | INFO | EM.print | [AUG][online][epoch=5][iter=0] start name=random_permute_features noise_std=0.01 mask_rate=0.1 seed=4000
2025-10-19 19:04:23 | INFO | EM.print | [AUG][online][epoch=5][iter=0] done name=random_permute_features shape=(1140, 1140)
2025-10-19 19:04:23 | INFO | EM.print | [ONLINE-AUG] mode=online name=random_permute_features noise_std=0.01 mask_rate=0.1 base_seed=0
2025-10-19 19:04:23 | INFO | EM.print | epoch: 5/ iteration: 1/ loss_train: 5.2357764 | task_loss:0.6976 cont_loss:8.3009 adv_loss:0.7127
2025-10-19 19:04:32 | INFO | EM.print | epoch: 0005 loss_train: 5.2349 task_loss: 0.6944 cont_loss: 8.3094 adv_loss: 0.7045 auroc_train: 0.4942 auprc_train: 0.4914 precision_train: 0.4946 recall_train: 0.5175 f1_train: 0.5058 cm_train: (tn=1012, fp=1133, fn=1034, tp=1109)
2025-10-19 19:04:32 | INFO | EM.print | -------- Epoch 6 --------
2025-10-19 19:04:32 | INFO | EM.print | [AUG][online][epoch=6][iter=0] start name=random_permute_features noise_std=0.01 mask_rate=0.1 seed=5000
2025-10-19 19:04:32 | INFO | EM.print | [AUG][online][epoch=6][iter=0] done name=random_permute_features shape=(1140, 1140)
2025-10-19 19:04:32 | INFO | EM.print | [ONLINE-AUG] mode=online name=random_permute_features noise_std=0.01 mask_rate=0.1 base_seed=0
2025-10-19 19:04:32 | INFO | EM.print | epoch: 6/ iteration: 1/ loss_train: 5.2409472 | task_loss:0.6932 cont_loss:8.3049 adv_loss:0.7226
2025-10-19 19:04:41 | INFO | EM.print | epoch: 0006 loss_train: 5.2343 task_loss: 0.6920 cont_loss: 8.3137 adv_loss: 0.7008 auroc_train: 0.4891 auprc_train: 0.4921 precision_train: 0.4963 recall_train: 0.6291 f1_train: 0.5549 cm_train: (tn=772, fp=1370, fn=796, tp=1350)
2025-10-19 19:04:41 | INFO | EM.print | -------- Epoch 7 --------
2025-10-19 19:04:41 | INFO | EM.print | [AUG][online][epoch=7][iter=0] start name=random_permute_features noise_std=0.01 mask_rate=0.1 seed=6000
2025-10-19 19:04:41 | INFO | EM.print | [AUG][online][epoch=7][iter=0] done name=random_permute_features shape=(1140, 1140)
2025-10-19 19:04:41 | INFO | EM.print | [ONLINE-AUG] mode=online name=random_permute_features noise_std=0.01 mask_rate=0.1 base_seed=0
2025-10-19 19:04:41 | INFO | EM.print | epoch: 7/ iteration: 1/ loss_train: 5.2356305 | task_loss:0.6925 cont_loss:8.3103 adv_loss:0.7066
2025-10-19 19:04:50 | INFO | EM.print | epoch: 0007 loss_train: 5.2433 task_loss: 0.7093 cont_loss: 8.3117 adv_loss: 0.7054 auroc_train: 0.4924 auprc_train: 0.4913 precision_train: 0.4874 recall_train: 0.4156 f1_train: 0.4486 cm_train: (tn=1207, fp=937, fn=1253, tp=891)
2025-10-19 19:04:50 | INFO | EM.print | -------- Epoch 8 --------
2025-10-19 19:04:50 | INFO | EM.print | [AUG][online][epoch=8][iter=0] start name=random_permute_features noise_std=0.01 mask_rate=0.1 seed=7000
2025-10-19 19:04:50 | INFO | EM.print | [AUG][online][epoch=8][iter=0] done name=random_permute_features shape=(1140, 1140)
2025-10-19 19:04:50 | INFO | EM.print | [ONLINE-AUG] mode=online name=random_permute_features noise_std=0.01 mask_rate=0.1 base_seed=0
2025-10-19 19:04:50 | INFO | EM.print | epoch: 8/ iteration: 1/ loss_train: 5.2377453 | task_loss:0.6932 cont_loss:8.3130 adv_loss:0.7073
2025-10-19 19:04:58 | INFO | EM.print | epoch: 0008 loss_train: 5.2341 task_loss: 0.6937 cont_loss: 8.3145 adv_loss: 0.6978 auroc_train: 0.4889 auprc_train: 0.4906 precision_train: 0.5004 recall_train: 0.5744 f1_train: 0.5348 cm_train: (tn=913, fp=1230, fn=913, tp=1232)
2025-10-19 19:04:58 | INFO | EM.print | -------- Epoch 9 --------
2025-10-19 19:04:58 | INFO | EM.print | [AUG][online][epoch=9][iter=0] start name=random_permute_features noise_std=0.01 mask_rate=0.1 seed=8000
2025-10-19 19:04:58 | INFO | EM.print | [AUG][online][epoch=9][iter=0] done name=random_permute_features shape=(1140, 1140)
2025-10-19 19:04:58 | INFO | EM.print | [ONLINE-AUG] mode=online name=random_permute_features noise_std=0.01 mask_rate=0.1 base_seed=0
2025-10-19 19:04:59 | INFO | EM.print | epoch: 9/ iteration: 1/ loss_train: 5.2325683 | task_loss:0.6932 cont_loss:8.3144 adv_loss:0.6954
2025-10-19 19:05:07 | INFO | EM.print | epoch: 0009 loss_train: 5.2320 task_loss: 0.6891 cont_loss: 8.3163 adv_loss: 0.6958 auroc_train: 0.4807 auprc_train: 0.4829 precision_train: 0.4894 recall_train: 0.5196 f1_train: 0.5041 cm_train: (tn=985, fp=1161, fn=1029, tp=1113)
2025-10-19 19:05:07 | INFO | EM.print | -------- Epoch 10 --------
2025-10-19 19:05:07 | INFO | EM.print | [AUG][online][epoch=10][iter=0] start name=random_permute_features noise_std=0.01 mask_rate=0.1 seed=9000
2025-10-19 19:05:07 | INFO | EM.print | [AUG][online][epoch=10][iter=0] done name=random_permute_features shape=(1140, 1140)
2025-10-19 19:05:07 | INFO | EM.print | [ONLINE-AUG] mode=online name=random_permute_features noise_std=0.01 mask_rate=0.1 base_seed=0
2025-10-19 19:05:07 | INFO | EM.print | epoch: 10/ iteration: 1/ loss_train: 5.235576 | task_loss:0.6990 cont_loss:8.3164 adv_loss:0.6940
2025-10-19 19:05:16 | INFO | EM.print | epoch: 0010 loss_train: 5.2286 task_loss: 0.6962 cont_loss: 8.3177 adv_loss: 0.6811 auroc_train: 0.4761 auprc_train: 0.4852 precision_train: 0.4805 recall_train: 0.3792 f1_train: 0.4239 cm_train: (tn=1265, fp=879, fn=1331, tp=813)
2025-10-19 19:05:16 | INFO | EM.print | Optimization Finished!
2025-10-19 19:05:16 | INFO | EM.result.save | Saved result text: /root/OUTPUT/result/LMI_stageA_eps0.015_steps5_data_20251019_190319/metrics/train_epoch_metrics_fold_1_20251019_190319.csv.txt
2025-10-19 19:05:16 | INFO | EM.print | [SAVE] Per-epoch train metrics saved: train_epoch_metrics_fold_1_20251019_190319.csv
2025-10-19 19:05:17 | INFO | EM.result.save | Saved result text: /root/OUTPUT/result/LMI_stageA_eps0.015_steps5_data_20251019_190319/metrics/threshold_scan_fold_1_20251019_190319.txt
2025-10-19 19:05:17 | ERROR | EM.print | /root/miniconda3/lib/python3.12/site-packages/sklearn/metrics/_classification.py:1731: UndefinedMetricWarning: Precision is ill-defined and being set to 0.0 due to no predicted samples. Use `zero_division` parameter to control this behavior.
2025-10-19 19:05:17 | ERROR | EM.print |   _warn_prf(average, modifier, f"{metric.capitalize()} is", result.shape[0])
2025-10-19 19:05:17 | INFO | EM.print | loss_test: 5.2173 auroc_test: 0.7788 auprc_test: 0.7751 precision_test: 0.0000 recall_test: 0.0000 f1_test: 0.0000 cm_test: (tn=510, fp=0, fn=514, tp=0)
2025-10-19 19:05:17 | INFO | EM | Fold 1 completed.
2025-10-19 19:05:17 | INFO | EM | === Fold 2/5 ===
2025-10-19 19:05:17 | INFO | EM.result.save | Saved result text: /root/OUTPUT/result/LMI_stageA_eps0.015_steps5_data_20251019_190319/metrics/adv_config_fold_2_20251019_190319.json.txt
2025-10-19 19:05:17 | INFO | EM.print | [SAVE] adv config saved: metrics/adv_config_fold_2_20251019_190319.json
2025-10-19 19:05:17 | INFO | EM.print | Start Training...
2025-10-19 19:05:17 | INFO | EM.print | -------- Epoch 1 --------
2025-10-19 19:05:17 | INFO | EM.print | [AUG][online][epoch=1][iter=0] start name=random_permute_features noise_std=0.01 mask_rate=0.1 seed=0
2025-10-19 19:05:17 | INFO | EM.print | [AUG][online][epoch=1][iter=0] done name=random_permute_features shape=(1140, 1140)
2025-10-19 19:05:17 | INFO | EM.print | [ONLINE-AUG] mode=online name=random_permute_features noise_std=0.01 mask_rate=0.1 base_seed=0
2025-10-19 19:05:17 | INFO | EM.print | epoch: 1/ iteration: 1/ loss_train: 0.78620887 | task_loss:0.7250 cont_loss:0.0690 adv_loss:0.8439
2025-10-19 19:05:19 | INFO | EM.print | epoch: 0001 loss_train: 4.7033 task_loss: 0.4600 cont_loss: 8.0531 adv_loss: 0.1342 auroc_train: 0.7655 auprc_train: 0.7675 precision_train: 0.6864 recall_train: 0.6701 f1_train: 0.6782 cm_train: (tn=1489, fp=656, fn=707, tp=1436)
2025-10-19 19:05:19 | INFO | EM.print | -------- Epoch 2 --------
2025-10-19 19:05:19 | INFO | EM.print | [AUG][online][epoch=2][iter=0] start name=random_permute_features noise_std=0.01 mask_rate=0.1 seed=1000
2025-10-19 19:05:19 | INFO | EM.print | [AUG][online][epoch=2][iter=0] done name=random_permute_features shape=(1140, 1140)
2025-10-19 19:05:19 | INFO | EM.print | [ONLINE-AUG] mode=online name=random_permute_features noise_std=0.01 mask_rate=0.1 base_seed=0
2025-10-19 19:05:19 | INFO | EM.print | epoch: 2/ iteration: 1/ loss_train: 4.637258 | task_loss:0.3289 cont_loss:8.0655 adv_loss:0.1064
2025-10-19 19:05:21 | INFO | EM.print | epoch: 0002 loss_train: 4.5051 task_loss: 0.2614 cont_loss: 7.9457 adv_loss: 0.0347 auroc_train: 0.9145 auprc_train: 0.9094 precision_train: 0.8403 recall_train: 0.8442 f1_train: 0.8423 cm_train: (tn=1800, fp=344, fn=334, tp=1810)
2025-10-19 19:05:21 | INFO | EM.print | -------- Epoch 3 --------
2025-10-19 19:05:21 | INFO | EM.print | [AUG][online][epoch=3][iter=0] start name=random_permute_features noise_std=0.01 mask_rate=0.1 seed=2000
2025-10-19 19:05:21 | INFO | EM.print | [AUG][online][epoch=3][iter=0] done name=random_permute_features shape=(1140, 1140)
2025-10-19 19:05:21 | INFO | EM.print | [ONLINE-AUG] mode=online name=random_permute_features noise_std=0.01 mask_rate=0.1 base_seed=0
2025-10-19 19:05:21 | INFO | EM.print | epoch: 3/ iteration: 1/ loss_train: 30.53659 | task_loss:1.1199 cont_loss:7.8389 adv_loss:51.4425
2025-10-19 19:05:30 | INFO | EM.print | epoch: 0003 loss_train: 5.2518 task_loss: 0.6949 cont_loss: 8.3316 adv_loss: 0.7134 auroc_train: 0.4695 auprc_train: 0.4715 precision_train: 0.4810 recall_train: 0.5783 f1_train: 0.5252 cm_train: (tn=803, fp=1339, fn=905, tp=1241)
2025-10-19 19:05:30 | INFO | EM.print | -------- Epoch 4 --------
2025-10-19 19:05:30 | INFO | EM.print | [AUG][online][epoch=4][iter=0] start name=random_permute_features noise_std=0.01 mask_rate=0.1 seed=3000
2025-10-19 19:05:30 | INFO | EM.print | [AUG][online][epoch=4][iter=0] done name=random_permute_features shape=(1140, 1140)
2025-10-19 19:05:30 | INFO | EM.print | [ONLINE-AUG] mode=online name=random_permute_features noise_std=0.01 mask_rate=0.1 base_seed=0
2025-10-19 19:05:30 | INFO | EM.print | epoch: 4/ iteration: 1/ loss_train: 5.2644587 | task_loss:0.6999 cont_loss:8.3293 adv_loss:0.7368
2025-10-19 19:05:39 | INFO | EM.print | epoch: 0004 loss_train: 5.2322 task_loss: 0.7167 cont_loss: 8.2843 adv_loss: 0.7067 auroc_train: 0.4963 auprc_train: 0.4974 precision_train: 0.4957 recall_train: 0.4564 f1_train: 0.4752 cm_train: (tn=1150, fp=995, fn=1165, tp=978)
2025-10-19 19:05:39 | INFO | EM.print | -------- Epoch 5 --------
2025-10-19 19:05:39 | INFO | EM.print | [AUG][online][epoch=5][iter=0] start name=random_permute_features noise_std=0.01 mask_rate=0.1 seed=4000
2025-10-19 19:05:39 | INFO | EM.print | [AUG][online][epoch=5][iter=0] done name=random_permute_features shape=(1140, 1140)
2025-10-19 19:05:39 | INFO | EM.print | [ONLINE-AUG] mode=online name=random_permute_features noise_std=0.01 mask_rate=0.1 base_seed=0
2025-10-19 19:05:39 | INFO | EM.print | epoch: 5/ iteration: 1/ loss_train: 5.236338 | task_loss:0.7125 cont_loss:8.2998 adv_loss:0.7017
2025-10-19 19:05:48 | INFO | EM.print | epoch: 0005 loss_train: 5.2463 task_loss: 0.6965 cont_loss: 8.3310 adv_loss: 0.7017 auroc_train: 0.4968 auprc_train: 0.4957 precision_train: 0.4936 recall_train: 0.5005 f1_train: 0.4970 cm_train: (tn=1046, fp=1100, fn=1070, tp=1072)
2025-10-19 19:05:48 | INFO | EM.print | -------- Epoch 6 --------
2025-10-19 19:05:48 | INFO | EM.print | [AUG][online][epoch=6][iter=0] start name=random_permute_features noise_std=0.01 mask_rate=0.1 seed=5000
2025-10-19 19:05:48 | INFO | EM.print | [AUG][online][epoch=6][iter=0] done name=random_permute_features shape=(1140, 1140)
2025-10-19 19:05:48 | INFO | EM.print | [ONLINE-AUG] mode=online name=random_permute_features noise_std=0.01 mask_rate=0.1 base_seed=0
2025-10-19 19:05:48 | INFO | EM.print | epoch: 6/ iteration: 1/ loss_train: 5.2306643 | task_loss:0.6975 cont_loss:8.3029 adv_loss:0.7003
2025-10-19 19:05:57 | INFO | EM.print | epoch: 0006 loss_train: 5.2459 task_loss: 0.6938 cont_loss: 8.3306 adv_loss: 0.7037 auroc_train: 0.5009 auprc_train: 0.4989 precision_train: 0.5027 recall_train: 0.5594 f1_train: 0.5296 cm_train: (tn=956, fp=1187, fn=945, tp=1200)
2025-10-19 19:05:57 | INFO | EM.print | -------- Epoch 7 --------
2025-10-19 19:05:57 | INFO | EM.print | [AUG][online][epoch=7][iter=0] start name=random_permute_features noise_std=0.01 mask_rate=0.1 seed=6000
2025-10-19 19:05:57 | INFO | EM.print | [AUG][online][epoch=7][iter=0] done name=random_permute_features shape=(1140, 1140)
2025-10-19 19:05:57 | INFO | EM.print | [ONLINE-AUG] mode=online name=random_permute_features noise_std=0.01 mask_rate=0.1 base_seed=0
2025-10-19 19:05:57 | INFO | EM.print | epoch: 7/ iteration: 1/ loss_train: 5.2390866 | task_loss:0.6920 cont_loss:8.3106 adv_loss:0.7137
2025-10-19 19:06:07 | INFO | EM.print | epoch: 0007 loss_train: 5.2319 task_loss: 0.6979 cont_loss: 8.3089 adv_loss: 0.6960 auroc_train: 0.4970 auprc_train: 0.4980 precision_train: 0.5027 recall_train: 0.4729 f1_train: 0.4874 cm_train: (tn=1141, fp=1003, fn=1130, tp=1014)
2025-10-19 19:06:07 | INFO | EM.print | -------- Epoch 8 --------
2025-10-19 19:06:07 | INFO | EM.print | [AUG][online][epoch=8][iter=0] start name=random_permute_features noise_std=0.01 mask_rate=0.1 seed=7000
2025-10-19 19:06:07 | INFO | EM.print | [AUG][online][epoch=8][iter=0] done name=random_permute_features shape=(1140, 1140)
2025-10-19 19:06:07 | INFO | EM.print | [ONLINE-AUG] mode=online name=random_permute_features noise_std=0.01 mask_rate=0.1 base_seed=0
2025-10-19 19:06:07 | INFO | EM.print | epoch: 8/ iteration: 1/ loss_train: 5.221682 | task_loss:0.6920 cont_loss:8.2934 adv_loss:0.6978
2025-10-19 19:06:16 | INFO | EM.print | epoch: 0008 loss_train: 5.2326 task_loss: 0.6921 cont_loss: 8.3141 adv_loss: 0.6967 auroc_train: 0.5002 auprc_train: 0.4976 precision_train: 0.5028 recall_train: 0.5082 f1_train: 0.5055 cm_train: (tn=1071, fp=1076, fn=1053, tp=1088)
2025-10-19 19:06:16 | INFO | EM.print | -------- Epoch 9 --------
2025-10-19 19:06:16 | INFO | EM.print | [AUG][online][epoch=9][iter=0] start name=random_permute_features noise_std=0.01 mask_rate=0.1 seed=8000
2025-10-19 19:06:16 | INFO | EM.print | [AUG][online][epoch=9][iter=0] done name=random_permute_features shape=(1140, 1140)
2025-10-19 19:06:16 | INFO | EM.print | [ONLINE-AUG] mode=online name=random_permute_features noise_std=0.01 mask_rate=0.1 base_seed=0
2025-10-19 19:06:17 | INFO | EM.print | epoch: 9/ iteration: 1/ loss_train: 5.2335954 | task_loss:0.6933 cont_loss:8.3141 adv_loss:0.6977
2025-10-19 19:06:25 | INFO | EM.print | epoch: 0009 loss_train: 5.2331 task_loss: 0.6955 cont_loss: 8.3123 adv_loss: 0.6969 auroc_train: 0.4842 auprc_train: 0.4847 precision_train: 0.4912 recall_train: 0.5891 f1_train: 0.5357 cm_train: (tn=836, fp=1308, fn=881, tp=1263)
2025-10-19 19:06:25 | INFO | EM.print | -------- Epoch 10 --------
2025-10-19 19:06:25 | INFO | EM.print | [AUG][online][epoch=10][iter=0] start name=random_permute_features noise_std=0.01 mask_rate=0.1 seed=9000
2025-10-19 19:06:25 | INFO | EM.print | [AUG][online][epoch=10][iter=0] done name=random_permute_features shape=(1140, 1140)
2025-10-19 19:06:25 | INFO | EM.print | [ONLINE-AUG] mode=online name=random_permute_features noise_std=0.01 mask_rate=0.1 base_seed=0
2025-10-19 19:06:26 | INFO | EM.print | epoch: 10/ iteration: 1/ loss_train: 5.2298613 | task_loss:0.6937 cont_loss:8.3084 adv_loss:0.6962
2025-10-19 19:06:34 | INFO | EM.print | epoch: 0010 loss_train: 5.2186 task_loss: 0.6910 cont_loss: 8.2872 adv_loss: 0.6995 auroc_train: 0.4946 auprc_train: 0.4989 precision_train: 0.4988 recall_train: 0.4769 f1_train: 0.4876 cm_train: (tn=1112, fp=1029, fn=1123, tp=1024)
2025-10-19 19:06:34 | INFO | EM.print | Optimization Finished!
2025-10-19 19:06:34 | INFO | EM.result.save | Saved result text: /root/OUTPUT/result/LMI_stageA_eps0.015_steps5_data_20251019_190319/metrics/train_epoch_metrics_fold_2_20251019_190319.csv.txt
2025-10-19 19:06:34 | INFO | EM.print | [SAVE] Per-epoch train metrics saved: train_epoch_metrics_fold_2_20251019_190319.csv
2025-10-19 19:06:35 | INFO | EM.result.save | Saved result text: /root/OUTPUT/result/LMI_stageA_eps0.015_steps5_data_20251019_190319/metrics/threshold_scan_fold_2_20251019_190319.txt
2025-10-19 19:06:35 | INFO | EM.print | loss_test: 5.2181 auroc_test: 0.6188 auprc_test: 0.5902 precision_test: 0.4990 recall_test: 1.0000 f1_test: 0.6658 cm_test: (tn=0, fp=513, fn=0, tp=511)
2025-10-19 19:06:35 | INFO | EM | Fold 2 completed.
2025-10-19 19:06:35 | INFO | EM | === Fold 3/5 ===
2025-10-19 19:06:35 | INFO | EM.result.save | Saved result text: /root/OUTPUT/result/LMI_stageA_eps0.015_steps5_data_20251019_190319/metrics/adv_config_fold_3_20251019_190319.json.txt
2025-10-19 19:06:35 | INFO | EM.print | [SAVE] adv config saved: metrics/adv_config_fold_3_20251019_190319.json
2025-10-19 19:06:35 | INFO | EM.print | Start Training...
2025-10-19 19:06:35 | INFO | EM.print | -------- Epoch 1 --------
2025-10-19 19:06:36 | INFO | EM.print | [AUG][online][epoch=1][iter=0] start name=random_permute_features noise_std=0.01 mask_rate=0.1 seed=0
2025-10-19 19:06:36 | INFO | EM.print | [AUG][online][epoch=1][iter=0] done name=random_permute_features shape=(1140, 1140)
2025-10-19 19:06:36 | INFO | EM.print | [ONLINE-AUG] mode=online name=random_permute_features noise_std=0.01 mask_rate=0.1 base_seed=0
2025-10-19 19:06:36 | INFO | EM.print | epoch: 1/ iteration: 1/ loss_train: 0.7118719 | task_loss:0.6996 cont_loss:0.0874 adv_loss:0.6980
2025-10-19 19:06:37 | INFO | EM.print | epoch: 0001 loss_train: 4.5532 task_loss: 0.3178 cont_loss: 7.9742 adv_loss: 0.0487 auroc_train: 0.8484 auprc_train: 0.8340 precision_train: 0.7545 recall_train: 0.7643 f1_train: 0.7594 cm_train: (tn=1612, fp=533, fn=505, tp=1638)
2025-10-19 19:06:37 | INFO | EM.print | -------- Epoch 2 --------
2025-10-19 19:06:37 | INFO | EM.print | [AUG][online][epoch=2][iter=0] start name=random_permute_features noise_std=0.01 mask_rate=0.1 seed=1000
2025-10-19 19:06:37 | INFO | EM.print | [AUG][online][epoch=2][iter=0] done name=random_permute_features shape=(1140, 1140)
2025-10-19 19:06:37 | INFO | EM.print | [ONLINE-AUG] mode=online name=random_permute_features noise_std=0.01 mask_rate=0.1 base_seed=0
2025-10-19 19:06:37 | INFO | EM.print | epoch: 2/ iteration: 1/ loss_train: 4.534655 | task_loss:0.3205 cont_loss:7.9481 adv_loss:0.0380
2025-10-19 19:06:39 | INFO | EM.print | epoch: 0002 loss_train: 4.5289 task_loss: 0.3704 cont_loss: 7.9184 adv_loss: 0.0142 auroc_train: 0.9300 auprc_train: 0.9264 precision_train: 0.8397 recall_train: 0.8628 f1_train: 0.8511 cm_train: (tn=1792, fp=353, fn=294, tp=1849)
2025-10-19 19:06:39 | INFO | EM.print | -------- Epoch 3 --------
2025-10-19 19:06:39 | INFO | EM.print | [AUG][online][epoch=3][iter=0] start name=random_permute_features noise_std=0.01 mask_rate=0.1 seed=2000
2025-10-19 19:06:39 | INFO | EM.print | [AUG][online][epoch=3][iter=0] done name=random_permute_features shape=(1140, 1140)
2025-10-19 19:06:39 | INFO | EM.print | [ONLINE-AUG] mode=online name=random_permute_features noise_std=0.01 mask_rate=0.1 base_seed=0
2025-10-19 19:06:39 | INFO | EM.print | epoch: 3/ iteration: 1/ loss_train: 28.62356 | task_loss:0.7898 cont_loss:7.1228 adv_loss:48.7012
2025-10-19 19:06:48 | INFO | EM.print | epoch: 0003 loss_train: 5.3884 task_loss: 0.6942 cont_loss: 8.5109 adv_loss: 0.7901 auroc_train: 0.4889 auprc_train: 0.4847 precision_train: 0.4955 recall_train: 0.4141 f1_train: 0.4512 cm_train: (tn=1236, fp=905, fn=1258, tp=889)
2025-10-19 19:06:48 | INFO | EM.print | -------- Epoch 4 --------
2025-10-19 19:06:48 | INFO | EM.print | [AUG][online][epoch=4][iter=0] start name=random_permute_features noise_std=0.01 mask_rate=0.1 seed=3000
2025-10-19 19:06:48 | INFO | EM.print | [AUG][online][epoch=4][iter=0] done name=random_permute_features shape=(1140, 1140)
2025-10-19 19:06:48 | INFO | EM.print | [ONLINE-AUG] mode=online name=random_permute_features noise_std=0.01 mask_rate=0.1 base_seed=0
2025-10-19 19:06:48 | INFO | EM.print | epoch: 4/ iteration: 1/ loss_train: 5.2687407 | task_loss:0.6942 cont_loss:8.3362 adv_loss:0.7428
2025-10-19 19:06:57 | INFO | EM.print | epoch: 0004 loss_train: 5.2334 task_loss: 0.6922 cont_loss: 8.2976 adv_loss: 0.7164 auroc_train: 0.4933 auprc_train: 0.4893 precision_train: 0.4949 recall_train: 0.4795 f1_train: 0.4871 cm_train: (tn=1095, fp=1049, fn=1116, tp=1028)
2025-10-19 19:06:57 | INFO | EM.print | -------- Epoch 5 --------
2025-10-19 19:06:57 | INFO | EM.print | [AUG][online][epoch=5][iter=0] start name=random_permute_features noise_std=0.01 mask_rate=0.1 seed=4000
2025-10-19 19:06:57 | INFO | EM.print | [AUG][online][epoch=5][iter=0] done name=random_permute_features shape=(1140, 1140)
2025-10-19 19:06:57 | INFO | EM.print | [ONLINE-AUG] mode=online name=random_permute_features noise_std=0.01 mask_rate=0.1 base_seed=0
2025-10-19 19:06:57 | INFO | EM.print | epoch: 5/ iteration: 1/ loss_train: 5.2352533 | task_loss:0.6928 cont_loss:8.3054 adv_loss:0.7111
2025-10-19 19:07:06 | INFO | EM.print | epoch: 0005 loss_train: 5.2402 task_loss: 0.6935 cont_loss: 8.3166 adv_loss: 0.7078 auroc_train: 0.4934 auprc_train: 0.4975 precision_train: 0.4901 recall_train: 0.4755 f1_train: 0.4827 cm_train: (tn=1082, fp=1061, fn=1125, tp=1020)
2025-10-19 19:07:06 | INFO | EM.print | -------- Epoch 6 --------
2025-10-19 19:07:06 | INFO | EM.print | [AUG][online][epoch=6][iter=0] start name=random_permute_features noise_std=0.01 mask_rate=0.1 seed=5000
2025-10-19 19:07:06 | INFO | EM.print | [AUG][online][epoch=6][iter=0] done name=random_permute_features shape=(1140, 1140)
2025-10-19 19:07:06 | INFO | EM.print | [ONLINE-AUG] mode=online name=random_permute_features noise_std=0.01 mask_rate=0.1 base_seed=0
2025-10-19 19:07:07 | INFO | EM.print | epoch: 6/ iteration: 1/ loss_train: 5.2383337 | task_loss:0.6937 cont_loss:8.3172 adv_loss:0.7034
2025-10-19 19:07:16 | INFO | EM.print | epoch: 0006 loss_train: 5.2357 task_loss: 0.6900 cont_loss: 8.3179 adv_loss: 0.7008 auroc_train: 0.5004 auprc_train: 0.4972 precision_train: 0.5007 recall_train: 0.5350 f1_train: 0.5172 cm_train: (tn=1000, fp=1144, fn=997, tp=1147)
2025-10-19 19:07:16 | INFO | EM.print | -------- Epoch 7 --------
2025-10-19 19:07:16 | INFO | EM.print | [AUG][online][epoch=7][iter=0] start name=random_permute_features noise_std=0.01 mask_rate=0.1 seed=6000
2025-10-19 19:07:16 | INFO | EM.print | [AUG][online][epoch=7][iter=0] done name=random_permute_features shape=(1140, 1140)
2025-10-19 19:07:16 | INFO | EM.print | [ONLINE-AUG] mode=online name=random_permute_features noise_std=0.01 mask_rate=0.1 base_seed=0
2025-10-19 19:07:16 | INFO | EM.print | epoch: 7/ iteration: 1/ loss_train: 5.237104 | task_loss:0.6905 cont_loss:8.3172 adv_loss:0.7039
2025-10-19 19:07:26 | INFO | EM.print | epoch: 0007 loss_train: 5.2310 task_loss: 0.6816 cont_loss: 8.3158 adv_loss: 0.7011 auroc_train: 0.4930 auprc_train: 0.4894 precision_train: 0.4932 recall_train: 0.4548 f1_train: 0.4732 cm_train: (tn=1142, fp=1002, fn=1169, tp=975)
2025-10-19 19:07:26 | INFO | EM.print | -------- Epoch 8 --------
2025-10-19 19:07:26 | INFO | EM.print | [AUG][online][epoch=8][iter=0] start name=random_permute_features noise_std=0.01 mask_rate=0.1 seed=7000
2025-10-19 19:07:26 | INFO | EM.print | [AUG][online][epoch=8][iter=0] done name=random_permute_features shape=(1140, 1140)
2025-10-19 19:07:26 | INFO | EM.print | [ONLINE-AUG] mode=online name=random_permute_features noise_std=0.01 mask_rate=0.1 base_seed=0
2025-10-19 19:07:27 | INFO | EM.print | epoch: 8/ iteration: 1/ loss_train: 5.243966 | task_loss:0.7093 cont_loss:8.3166 adv_loss:0.7013
2025-10-19 19:07:37 | INFO | EM.print | epoch: 0008 loss_train: 5.2447 task_loss: 0.7130 cont_loss: 8.3161 adv_loss: 0.7001 auroc_train: 0.4917 auprc_train: 0.4897 precision_train: 0.4994 recall_train: 0.5499 f1_train: 0.5234 cm_train: (tn=962, fp=1182, fn=965, tp=1179)
2025-10-19 19:07:37 | INFO | EM.print | -------- Epoch 9 --------
2025-10-19 19:07:37 | INFO | EM.print | [AUG][online][epoch=9][iter=0] start name=random_permute_features noise_std=0.01 mask_rate=0.1 seed=8000
2025-10-19 19:07:37 | INFO | EM.print | [AUG][online][epoch=9][iter=0] done name=random_permute_features shape=(1140, 1140)
2025-10-19 19:07:37 | INFO | EM.print | [ONLINE-AUG] mode=online name=random_permute_features noise_std=0.01 mask_rate=0.1 base_seed=0
2025-10-19 19:07:37 | INFO | EM.print | epoch: 9/ iteration: 1/ loss_train: 5.2363405 | task_loss:0.6975 cont_loss:8.3155 adv_loss:0.6979
2025-10-19 19:07:47 | INFO | EM.print | epoch: 0009 loss_train: 5.2387 task_loss: 0.7044 cont_loss: 8.3141 adv_loss: 0.6980 auroc_train: 0.4919 auprc_train: 0.4958 precision_train: 0.4915 recall_train: 0.5280 f1_train: 0.5091 cm_train: (tn=979, fp=1169, fn=1010, tp=1130)
2025-10-19 19:07:47 | INFO | EM.print | -------- Epoch 10 --------
2025-10-19 19:07:47 | INFO | EM.print | [AUG][online][epoch=10][iter=0] start name=random_permute_features noise_std=0.01 mask_rate=0.1 seed=9000
2025-10-19 19:07:47 | INFO | EM.print | [AUG][online][epoch=10][iter=0] done name=random_permute_features shape=(1140, 1140)
2025-10-19 19:07:47 | INFO | EM.print | [ONLINE-AUG] mode=online name=random_permute_features noise_std=0.01 mask_rate=0.1 base_seed=0
2025-10-19 19:07:47 | INFO | EM.print | epoch: 10/ iteration: 1/ loss_train: 5.236003 | task_loss:0.6986 cont_loss:8.3138 adv_loss:0.6981
2025-10-19 19:07:58 | INFO | EM.print | epoch: 0010 loss_train: 5.2364 task_loss: 0.6937 cont_loss: 8.3196 adv_loss: 0.6970 auroc_train: 0.4712 auprc_train: 0.4803 precision_train: 0.4748 recall_train: 0.4139 f1_train: 0.4423 cm_train: (tn=1164, fp=981, fn=1256, tp=887)
2025-10-19 19:07:58 | INFO | EM.print | Optimization Finished!
2025-10-19 19:07:58 | INFO | EM.result.save | Saved result text: /root/OUTPUT/result/LMI_stageA_eps0.015_steps5_data_20251019_190319/metrics/train_epoch_metrics_fold_3_20251019_190319.csv.txt
2025-10-19 19:07:58 | INFO | EM.print | [SAVE] Per-epoch train metrics saved: train_epoch_metrics_fold_3_20251019_190319.csv
2025-10-19 19:07:58 | INFO | EM.result.save | Saved result text: /root/OUTPUT/result/LMI_stageA_eps0.015_steps5_data_20251019_190319/metrics/threshold_scan_fold_3_20251019_190319.txt
2025-10-19 19:07:59 | INFO | EM.print | loss_test: 5.2328 auroc_test: 0.9053 auprc_test: 0.8885 precision_test: 0.4990 recall_test: 1.0000 f1_test: 0.6658 cm_test: (tn=0, fp=513, fn=0, tp=511)
2025-10-19 19:07:59 | INFO | EM | Fold 3 completed.
2025-10-19 19:07:59 | INFO | EM | === Fold 4/5 ===
2025-10-19 19:07:59 | INFO | EM.result.save | Saved result text: /root/OUTPUT/result/LMI_stageA_eps0.015_steps5_data_20251019_190319/metrics/adv_config_fold_4_20251019_190319.json.txt
2025-10-19 19:07:59 | INFO | EM.print | [SAVE] adv config saved: metrics/adv_config_fold_4_20251019_190319.json
2025-10-19 19:07:59 | INFO | EM.print | Start Training...
2025-10-19 19:07:59 | INFO | EM.print | -------- Epoch 1 --------
2025-10-19 19:07:59 | INFO | EM.print | [AUG][online][epoch=1][iter=0] start name=random_permute_features noise_std=0.01 mask_rate=0.1 seed=0
2025-10-19 19:07:59 | INFO | EM.print | [AUG][online][epoch=1][iter=0] done name=random_permute_features shape=(1140, 1140)
2025-10-19 19:07:59 | INFO | EM.print | [ONLINE-AUG] mode=online name=random_permute_features noise_std=0.01 mask_rate=0.1 base_seed=0
2025-10-19 19:07:59 | INFO | EM.print | epoch: 1/ iteration: 1/ loss_train: 0.8776648 | task_loss:0.7799 cont_loss:0.0487 adv_loss:0.9999
2025-10-19 19:08:01 | INFO | EM.print | epoch: 0001 loss_train: 4.7083 task_loss: 0.4078 cont_loss: 8.0578 adv_loss: 0.1861 auroc_train: 0.7850 auprc_train: 0.7778 precision_train: 0.6788 recall_train: 0.7203 f1_train: 0.6989 cm_train: (tn=1412, fp=731, fn=600, tp=1545)
2025-10-19 19:08:01 | INFO | EM.print | -------- Epoch 2 --------
2025-10-19 19:08:01 | INFO | EM.print | [AUG][online][epoch=2][iter=0] start name=random_permute_features noise_std=0.01 mask_rate=0.1 seed=1000
2025-10-19 19:08:01 | INFO | EM.print | [AUG][online][epoch=2][iter=0] done name=random_permute_features shape=(1140, 1140)
2025-10-19 19:08:01 | INFO | EM.print | [ONLINE-AUG] mode=online name=random_permute_features noise_std=0.01 mask_rate=0.1 base_seed=0
2025-10-19 19:08:01 | INFO | EM.print | epoch: 2/ iteration: 1/ loss_train: 4.722673 | task_loss:0.4162 cont_loss:8.0751 adv_loss:0.1882
2025-10-19 19:08:03 | INFO | EM.print | epoch: 0002 loss_train: 4.5273 task_loss: 0.3669 cont_loss: 7.8955 adv_loss: 0.0393 auroc_train: 0.9252 auprc_train: 0.9209 precision_train: 0.8429 recall_train: 0.8441 f1_train: 0.8435 cm_train: (tn=1809, fp=337, fn=334, tp=1808)
2025-10-19 19:08:03 | INFO | EM.print | -------- Epoch 3 --------
2025-10-19 19:08:03 | INFO | EM.print | [AUG][online][epoch=3][iter=0] start name=random_permute_features noise_std=0.01 mask_rate=0.1 seed=2000
2025-10-19 19:08:03 | INFO | EM.print | [AUG][online][epoch=3][iter=0] done name=random_permute_features shape=(1140, 1140)
2025-10-19 19:08:03 | INFO | EM.print | [ONLINE-AUG] mode=online name=random_permute_features noise_std=0.01 mask_rate=0.1 base_seed=0
2025-10-19 19:08:03 | INFO | EM.print | epoch: 3/ iteration: 1/ loss_train: 28.078253 | task_loss:1.1946 cont_loss:6.5575 adv_loss:47.8682
2025-10-19 19:08:13 | INFO | EM.print | epoch: 0003 loss_train: 5.2586 task_loss: 0.7086 cont_loss: 8.3397 adv_loss: 0.7057 auroc_train: 0.4396 auprc_train: 0.4540 precision_train: 0.4552 recall_train: 0.4289 f1_train: 0.4417 cm_train: (tn=1042, fp=1101, fn=1225, tp=920)
2025-10-19 19:08:13 | INFO | EM.print | -------- Epoch 4 --------
2025-10-19 19:08:14 | INFO | EM.print | [AUG][online][epoch=4][iter=0] start name=random_permute_features noise_std=0.01 mask_rate=0.1 seed=3000
2025-10-19 19:08:14 | INFO | EM.print | [AUG][online][epoch=4][iter=0] done name=random_permute_features shape=(1140, 1140)
2025-10-19 19:08:14 | INFO | EM.print | [ONLINE-AUG] mode=online name=random_permute_features noise_std=0.01 mask_rate=0.1 base_seed=0
2025-10-19 19:08:14 | INFO | EM.print | epoch: 4/ iteration: 1/ loss_train: 5.229904 | task_loss:0.6850 cont_loss:8.2473 adv_loss:0.7713
2025-10-19 19:08:24 | INFO | EM.print | epoch: 0004 loss_train: 5.1835 task_loss: 0.6939 cont_loss: 8.2108 adv_loss: 0.7106 auroc_train: 0.5080 auprc_train: 0.5087 precision_train: 0.5135 recall_train: 0.4872 f1_train: 0.5000 cm_train: (tn=1153, fp=990, fn=1100, tp=1045)
2025-10-19 19:08:24 | INFO | EM.print | -------- Epoch 5 --------
2025-10-19 19:08:24 | INFO | EM.print | [AUG][online][epoch=5][iter=0] start name=random_permute_features noise_std=0.01 mask_rate=0.1 seed=4000
2025-10-19 19:08:24 | INFO | EM.print | [AUG][online][epoch=5][iter=0] done name=random_permute_features shape=(1140, 1140)
2025-10-19 19:08:24 | INFO | EM.print | [ONLINE-AUG] mode=online name=random_permute_features noise_std=0.01 mask_rate=0.1 base_seed=0
2025-10-19 19:08:24 | INFO | EM.print | epoch: 5/ iteration: 1/ loss_train: 5.1888075 | task_loss:0.6967 cont_loss:8.2184 adv_loss:0.7103
2025-10-19 19:08:33 | INFO | EM.print | epoch: 0005 loss_train: 5.2849 task_loss: 0.6887 cont_loss: 8.3848 adv_loss: 0.7267 auroc_train: 0.5008 auprc_train: 0.5007 precision_train: 0.5030 recall_train: 0.5543 f1_train: 0.5274 cm_train: (tn=968, fp=1175, fn=956, tp=1189)
2025-10-19 19:08:33 | INFO | EM.print | -------- Epoch 6 --------
2025-10-19 19:08:33 | INFO | EM.print | [AUG][online][epoch=6][iter=0] start name=random_permute_features noise_std=0.01 mask_rate=0.1 seed=5000
2025-10-19 19:08:33 | INFO | EM.print | [AUG][online][epoch=6][iter=0] done name=random_permute_features shape=(1140, 1140)
2025-10-19 19:08:33 | INFO | EM.print | [ONLINE-AUG] mode=online name=random_permute_features noise_std=0.01 mask_rate=0.1 base_seed=0
2025-10-19 19:08:34 | INFO | EM.print | epoch: 6/ iteration: 1/ loss_train: 5.2218666 | task_loss:0.6950 cont_loss:8.2976 adv_loss:0.6908
2025-10-19 19:08:41 | INFO | EM.print | epoch: 0006 loss_train: 5.1785 task_loss: 0.6940 cont_loss: 8.2097 adv_loss: 0.7018 auroc_train: 0.4871 auprc_train: 0.4886 precision_train: 0.4923 recall_train: 0.4753 f1_train: 0.4837 cm_train: (tn=1087, fp=1053, fn=1127, tp=1021)
2025-10-19 19:08:41 | INFO | EM.print | -------- Epoch 7 --------
2025-10-19 19:08:41 | INFO | EM.print | [AUG][online][epoch=7][iter=0] start name=random_permute_features noise_std=0.01 mask_rate=0.1 seed=6000
2025-10-19 19:08:41 | INFO | EM.print | [AUG][online][epoch=7][iter=0] done name=random_permute_features shape=(1140, 1140)
2025-10-19 19:08:41 | INFO | EM.print | [ONLINE-AUG] mode=online name=random_permute_features noise_std=0.01 mask_rate=0.1 base_seed=0
2025-10-19 19:08:41 | INFO | EM.print | epoch: 7/ iteration: 1/ loss_train: 5.1848183 | task_loss:0.6972 cont_loss:8.2190 adv_loss:0.7012
2025-10-19 19:08:50 | INFO | EM.print | epoch: 0007 loss_train: 5.2309 task_loss: 0.6949 cont_loss: 8.3072 adv_loss: 0.6984 auroc_train: 0.4931 auprc_train: 0.4930 precision_train: 0.4996 recall_train: 0.5711 f1_train: 0.5330 cm_train: (tn=916, fp=1227, fn=920, tp=1225)
2025-10-19 19:08:50 | INFO | EM.print | -------- Epoch 8 --------
2025-10-19 19:08:50 | INFO | EM.print | [AUG][online][epoch=8][iter=0] start name=random_permute_features noise_std=0.01 mask_rate=0.1 seed=7000
2025-10-19 19:08:50 | INFO | EM.print | [AUG][online][epoch=8][iter=0] done name=random_permute_features shape=(1140, 1140)
2025-10-19 19:08:50 | INFO | EM.print | [ONLINE-AUG] mode=online name=random_permute_features noise_std=0.01 mask_rate=0.1 base_seed=0
2025-10-19 19:08:50 | INFO | EM.print | epoch: 8/ iteration: 1/ loss_train: 5.2316656 | task_loss:0.6973 cont_loss:8.3067 adv_loss:0.6983
2025-10-19 19:08:59 | INFO | EM.print | epoch: 0008 loss_train: 5.2297 task_loss: 0.6841 cont_loss: 8.3214 adv_loss: 0.6903 auroc_train: 0.5047 auprc_train: 0.5023 precision_train: 0.4992 recall_train: 0.5582 f1_train: 0.5271 cm_train: (tn=940, fp=1202, fn=948, tp=1198)
2025-10-19 19:08:59 | INFO | EM.print | -------- Epoch 9 --------
2025-10-19 19:08:59 | INFO | EM.print | [AUG][online][epoch=9][iter=0] start name=random_permute_features noise_std=0.01 mask_rate=0.1 seed=8000
2025-10-19 19:08:59 | INFO | EM.print | [AUG][online][epoch=9][iter=0] done name=random_permute_features shape=(1140, 1140)
2025-10-19 19:08:59 | INFO | EM.print | [ONLINE-AUG] mode=online name=random_permute_features noise_std=0.01 mask_rate=0.1 base_seed=0
2025-10-19 19:08:59 | INFO | EM.print | epoch: 9/ iteration: 1/ loss_train: 5.2410493 | task_loss:0.7022 cont_loss:8.3184 adv_loss:0.6999
2025-10-19 19:09:08 | INFO | EM.print | epoch: 0009 loss_train: 5.2147 task_loss: 0.6888 cont_loss: 8.3056 adv_loss: 0.6733 auroc_train: 0.4980 auprc_train: 0.4980 precision_train: 0.4984 recall_train: 0.4268 f1_train: 0.4598 cm_train: (tn=1220, fp=922, fn=1230, tp=916)
2025-10-19 19:09:08 | INFO | EM.print | -------- Epoch 10 --------
2025-10-19 19:09:08 | INFO | EM.print | [AUG][online][epoch=10][iter=0] start name=random_permute_features noise_std=0.01 mask_rate=0.1 seed=9000
2025-10-19 19:09:08 | INFO | EM.print | [AUG][online][epoch=10][iter=0] done name=random_permute_features shape=(1140, 1140)
2025-10-19 19:09:08 | INFO | EM.print | [ONLINE-AUG] mode=online name=random_permute_features noise_std=0.01 mask_rate=0.1 base_seed=0
2025-10-19 19:09:08 | INFO | EM.print | epoch: 10/ iteration: 1/ loss_train: 5.215949 | task_loss:0.6968 cont_loss:8.3048 adv_loss:0.6694
2025-10-19 19:09:17 | INFO | EM.print | epoch: 0010 loss_train: 5.2218 task_loss: 0.6940 cont_loss: 8.3078 adv_loss: 0.6805 auroc_train: 0.4834 auprc_train: 0.4862 precision_train: 0.4873 recall_train: 0.4120 f1_train: 0.4465 cm_train: (tn=1216, fp=929, fn=1260, tp=883)
2025-10-19 19:09:17 | INFO | EM.print | Optimization Finished!
2025-10-19 19:09:17 | INFO | EM.result.save | Saved result text: /root/OUTPUT/result/LMI_stageA_eps0.015_steps5_data_20251019_190319/metrics/train_epoch_metrics_fold_4_20251019_190319.csv.txt
2025-10-19 19:09:17 | INFO | EM.print | [SAVE] Per-epoch train metrics saved: train_epoch_metrics_fold_4_20251019_190319.csv
2025-10-19 19:09:18 | INFO | EM.result.save | Saved result text: /root/OUTPUT/result/LMI_stageA_eps0.015_steps5_data_20251019_190319/metrics/threshold_scan_fold_4_20251019_190319.txt
2025-10-19 19:09:18 | INFO | EM.print | loss_test: 5.2135 auroc_test: 0.7586 auprc_test: 0.7636 precision_test: 0.5020 recall_test: 1.0000 f1_test: 0.6684 cm_test: (tn=0, fp=510, fn=0, tp=514)
2025-10-19 19:09:18 | INFO | EM | Fold 4 completed.
2025-10-19 19:09:18 | INFO | EM | === Fold 5/5 ===
2025-10-19 19:09:18 | INFO | EM.result.save | Saved result text: /root/OUTPUT/result/LMI_stageA_eps0.015_steps5_data_20251019_190319/metrics/adv_config_fold_5_20251019_190319.json.txt
2025-10-19 19:09:18 | INFO | EM.print | [SAVE] adv config saved: metrics/adv_config_fold_5_20251019_190319.json
2025-10-19 19:09:18 | INFO | EM.print | Start Training...
2025-10-19 19:09:18 | INFO | EM.print | -------- Epoch 1 --------
2025-10-19 19:09:19 | INFO | EM.print | [AUG][online][epoch=1][iter=0] start name=random_permute_features noise_std=0.01 mask_rate=0.1 seed=0
2025-10-19 19:09:19 | INFO | EM.print | [AUG][online][epoch=1][iter=0] done name=random_permute_features shape=(1140, 1140)
2025-10-19 19:09:19 | INFO | EM.print | [ONLINE-AUG] mode=online name=random_permute_features noise_std=0.01 mask_rate=0.1 base_seed=0
2025-10-19 19:09:19 | INFO | EM.print | epoch: 1/ iteration: 1/ loss_train: 0.72175413 | task_loss:0.6820 cont_loss:0.0923 adv_loss:0.7281
2025-10-19 19:09:20 | INFO | EM.print | epoch: 0001 loss_train: 4.6211 task_loss: 0.2964 cont_loss: 8.0522 adv_loss: 0.1180 auroc_train: 0.8697 auprc_train: 0.8622 precision_train: 0.7653 recall_train: 0.8167 f1_train: 0.7902 cm_train: (tn=1607, fp=537, fn=393, tp=1751)
2025-10-19 19:09:20 | INFO | EM.print | -------- Epoch 2 --------
2025-10-19 19:09:20 | INFO | EM.print | [AUG][online][epoch=2][iter=0] start name=random_permute_features noise_std=0.01 mask_rate=0.1 seed=1000
2025-10-19 19:09:20 | INFO | EM.print | [AUG][online][epoch=2][iter=0] done name=random_permute_features shape=(1140, 1140)
2025-10-19 19:09:20 | INFO | EM.print | [ONLINE-AUG] mode=online name=random_permute_features noise_std=0.01 mask_rate=0.1 base_seed=0
2025-10-19 19:09:20 | INFO | EM.print | epoch: 2/ iteration: 1/ loss_train: 4.6042256 | task_loss:0.2837 cont_loss:8.0599 adv_loss:0.0871
2025-10-19 19:09:22 | INFO | EM.print | epoch: 0002 loss_train: 4.5537 task_loss: 0.3966 cont_loss: 7.9336 adv_loss: 0.0234 auroc_train: 0.9369 auprc_train: 0.9367 precision_train: 0.8540 recall_train: 0.8600 f1_train: 0.8570 cm_train: (tn=1830, fp=315, fn=300, tp=1843)
2025-10-19 19:09:22 | INFO | EM.print | -------- Epoch 3 --------
2025-10-19 19:09:22 | INFO | EM.print | [AUG][online][epoch=3][iter=0] start name=random_permute_features noise_std=0.01 mask_rate=0.1 seed=2000
2025-10-19 19:09:22 | INFO | EM.print | [AUG][online][epoch=3][iter=0] done name=random_permute_features shape=(1140, 1140)
2025-10-19 19:09:22 | INFO | EM.print | [ONLINE-AUG] mode=online name=random_permute_features noise_std=0.01 mask_rate=0.1 base_seed=0
2025-10-19 19:09:22 | INFO | EM.print | epoch: 3/ iteration: 1/ loss_train: 27.303411 | task_loss:0.7231 cont_loss:7.4194 adv_loss:45.7946
2025-10-19 19:09:31 | INFO | EM.print | epoch: 0003 loss_train: 5.2078 task_loss: 0.6978 cont_loss: 8.2406 adv_loss: 0.7228 auroc_train: 0.4827 auprc_train: 0.4803 precision_train: 0.4793 recall_train: 0.5415 f1_train: 0.5085 cm_train: (tn=886, fp=1260, fn=982, tp=1160)
2025-10-19 19:09:31 | INFO | EM.print | -------- Epoch 4 --------
2025-10-19 19:09:31 | INFO | EM.print | [AUG][online][epoch=4][iter=0] start name=random_permute_features noise_std=0.01 mask_rate=0.1 seed=3000
2025-10-19 19:09:31 | INFO | EM.print | [AUG][online][epoch=4][iter=0] done name=random_permute_features shape=(1140, 1140)
2025-10-19 19:09:31 | INFO | EM.print | [ONLINE-AUG] mode=online name=random_permute_features noise_std=0.01 mask_rate=0.1 base_seed=0
2025-10-19 19:09:31 | INFO | EM.print | epoch: 4/ iteration: 1/ loss_train: 5.2129607 | task_loss:0.6929 cont_loss:8.2562 adv_loss:0.7206
2025-10-19 19:09:40 | INFO | EM.print | epoch: 0004 loss_train: 5.2156 task_loss: 0.7266 cont_loss: 8.2505 adv_loss: 0.7017 auroc_train: 0.4967 auprc_train: 0.4955 precision_train: 0.5032 recall_train: 0.4772 f1_train: 0.4898 cm_train: (tn=1131, fp=1011, fn=1122, tp=1024)
2025-10-19 19:09:40 | INFO | EM.print | -------- Epoch 5 --------
2025-10-19 19:09:40 | INFO | EM.print | [AUG][online][epoch=5][iter=0] start name=random_permute_features noise_std=0.01 mask_rate=0.1 seed=4000
2025-10-19 19:09:40 | INFO | EM.print | [AUG][online][epoch=5][iter=0] done name=random_permute_features shape=(1140, 1140)
2025-10-19 19:09:40 | INFO | EM.print | [ONLINE-AUG] mode=online name=random_permute_features noise_std=0.01 mask_rate=0.1 base_seed=0
2025-10-19 19:09:40 | INFO | EM.print | epoch: 5/ iteration: 1/ loss_train: 5.197922 | task_loss:0.7004 cont_loss:8.2412 adv_loss:0.7002
2025-10-19 19:09:50 | INFO | EM.print | epoch: 0005 loss_train: 5.2343 task_loss: 0.6925 cont_loss: 8.3161 adv_loss: 0.6975 auroc_train: 0.4985 auprc_train: 0.4959 precision_train: 0.4957 recall_train: 0.4319 f1_train: 0.4616 cm_train: (tn=1202, fp=942, fn=1218, tp=926)
2025-10-19 19:09:50 | INFO | EM.print | -------- Epoch 6 --------
2025-10-19 19:09:50 | INFO | EM.print | [AUG][online][epoch=6][iter=0] start name=random_permute_features noise_std=0.01 mask_rate=0.1 seed=5000
2025-10-19 19:09:50 | INFO | EM.print | [AUG][online][epoch=6][iter=0] done name=random_permute_features shape=(1140, 1140)
2025-10-19 19:09:50 | INFO | EM.print | [ONLINE-AUG] mode=online name=random_permute_features noise_std=0.01 mask_rate=0.1 base_seed=0
2025-10-19 19:09:50 | INFO | EM.print | epoch: 6/ iteration: 1/ loss_train: 5.236255 | task_loss:0.6958 cont_loss:8.3173 adv_loss:0.6972
2025-10-19 19:09:59 | INFO | EM.print | epoch: 0006 loss_train: 5.2280 task_loss: 0.6918 cont_loss: 8.3065 adv_loss: 0.6961 auroc_train: 0.4913 auprc_train: 0.4896 precision_train: 0.4962 recall_train: 0.5734 f1_train: 0.5320 cm_train: (tn=891, fp=1250, fn=916, tp=1231)
2025-10-19 19:09:59 | INFO | EM.print | -------- Epoch 7 --------
2025-10-19 19:09:59 | INFO | EM.print | [AUG][online][epoch=7][iter=0] start name=random_permute_features noise_std=0.01 mask_rate=0.1 seed=6000
2025-10-19 19:09:59 | INFO | EM.print | [AUG][online][epoch=7][iter=0] done name=random_permute_features shape=(1140, 1140)
2025-10-19 19:09:59 | INFO | EM.print | [ONLINE-AUG] mode=online name=random_permute_features noise_std=0.01 mask_rate=0.1 base_seed=0
2025-10-19 19:09:59 | INFO | EM.print | epoch: 7/ iteration: 1/ loss_train: 5.227051 | task_loss:0.6899 cont_loss:8.3057 adv_loss:0.6969
2025-10-19 19:10:08 | INFO | EM.print | epoch: 0007 loss_train: 5.2265 task_loss: 0.6987 cont_loss: 8.2992 adv_loss: 0.6952 auroc_train: 0.4989 auprc_train: 0.4986 precision_train: 0.5032 recall_train: 0.6634 f1_train: 0.5723 cm_train: (tn=738, fp=1405, fn=722, tp=1423)
2025-10-19 19:10:08 | INFO | EM.print | -------- Epoch 8 --------
2025-10-19 19:10:08 | INFO | EM.print | [AUG][online][epoch=8][iter=0] start name=random_permute_features noise_std=0.01 mask_rate=0.1 seed=7000
2025-10-19 19:10:08 | INFO | EM.print | [AUG][online][epoch=8][iter=0] done name=random_permute_features shape=(1140, 1140)
2025-10-19 19:10:08 | INFO | EM.print | [ONLINE-AUG] mode=online name=random_permute_features noise_std=0.01 mask_rate=0.1 base_seed=0
2025-10-19 19:10:08 | INFO | EM.print | epoch: 8/ iteration: 1/ loss_train: 5.2242894 | task_loss:0.6983 cont_loss:8.2956 adv_loss:0.6950
2025-10-19 19:10:17 | INFO | EM.print | epoch: 0008 loss_train: 5.2257 task_loss: 0.6963 cont_loss: 8.2972 adv_loss: 0.6978 auroc_train: 0.4930 auprc_train: 0.4887 precision_train: 0.4969 recall_train: 0.6026 f1_train: 0.5447 cm_train: (tn=836, fp=1308, fn=852, tp=1292)
2025-10-19 19:10:17 | INFO | EM.print | -------- Epoch 9 --------
2025-10-19 19:10:17 | INFO | EM.print | [AUG][online][epoch=9][iter=0] start name=random_permute_features noise_std=0.01 mask_rate=0.1 seed=8000
2025-10-19 19:10:17 | INFO | EM.print | [AUG][online][epoch=9][iter=0] done name=random_permute_features shape=(1140, 1140)
2025-10-19 19:10:17 | INFO | EM.print | [ONLINE-AUG] mode=online name=random_permute_features noise_std=0.01 mask_rate=0.1 base_seed=0
2025-10-19 19:10:17 | INFO | EM.print | epoch: 9/ iteration: 1/ loss_train: 5.228843 | task_loss:0.6941 cont_loss:8.3038 adv_loss:0.6988
2025-10-19 19:10:26 | INFO | EM.print | epoch: 0009 loss_train: 5.2347 task_loss: 0.6949 cont_loss: 8.3093 adv_loss: 0.7038 auroc_train: 0.4833 auprc_train: 0.4920 precision_train: 0.4939 recall_train: 0.4755 f1_train: 0.4845 cm_train: (tn=1101, fp=1044, fn=1124, tp=1019)
2025-10-19 19:10:26 | INFO | EM.print | -------- Epoch 10 --------
2025-10-19 19:10:26 | INFO | EM.print | [AUG][online][epoch=10][iter=0] start name=random_permute_features noise_std=0.01 mask_rate=0.1 seed=9000
2025-10-19 19:10:26 | INFO | EM.print | [AUG][online][epoch=10][iter=0] done name=random_permute_features shape=(1140, 1140)
2025-10-19 19:10:26 | INFO | EM.print | [ONLINE-AUG] mode=online name=random_permute_features noise_std=0.01 mask_rate=0.1 base_seed=0
2025-10-19 19:10:26 | INFO | EM.print | epoch: 10/ iteration: 1/ loss_train: 5.2260065 | task_loss:0.6865 cont_loss:8.3076 adv_loss:0.6957
2025-10-19 19:10:35 | INFO | EM.print | epoch: 0010 loss_train: 5.2343 task_loss: 0.6932 cont_loss: 8.3110 adv_loss: 0.7025 auroc_train: 0.4935 auprc_train: 0.4953 precision_train: 0.4934 recall_train: 0.5026 f1_train: 0.4979 cm_train: (tn=1039, fp=1106, fn=1066, tp=1077)
2025-10-19 19:10:35 | INFO | EM.print | Optimization Finished!
2025-10-19 19:10:35 | INFO | EM.result.save | Saved result text: /root/OUTPUT/result/LMI_stageA_eps0.015_steps5_data_20251019_190319/metrics/train_epoch_metrics_fold_5_20251019_190319.csv.txt
2025-10-19 19:10:35 | INFO | EM.print | [SAVE] Per-epoch train metrics saved: train_epoch_metrics_fold_5_20251019_190319.csv
2025-10-19 19:10:36 | INFO | EM.result.save | Saved result text: /root/OUTPUT/result/LMI_stageA_eps0.015_steps5_data_20251019_190319/metrics/threshold_scan_fold_5_20251019_190319.txt
2025-10-19 19:10:36 | INFO | EM.print | loss_test: 5.2304 auroc_test: 0.7857 auprc_test: 0.6917 precision_test: 0.5010 recall_test: 1.0000 f1_test: 0.6675 cm_test: (tn=0, fp=511, fn=0, tp=513)
2025-10-19 19:10:36 | INFO | EM | Fold 5 completed.
2025-10-19 19:10:36 | INFO | EM | === 5-Fold Cross Validation Results ===
2025-10-19 19:10:36 | INFO | EM | AUROC: 0.7694 ± 0.0912
2025-10-19 19:10:36 | INFO | EM | AUPRC: 0.7418 ± 0.0986
2025-10-19 19:10:36 | INFO | EM | F1-Score: 0.5335 ± 0.2668
2025-10-19 19:10:36 | INFO | EM | Loss: 5.2224 ± 0.0077
2025-10-19 19:10:36 | INFO | EM.result.save | Saved result text: /root/OUTPUT/result/LMI_stageA_eps0.015_steps5_data_20251019_190319/result_summary_20251019_190319.txt
2025-10-19 19:10:36 | INFO | EM | Detailed Results:
2025-10-19 19:10:36 | INFO | EM | Fold 1: AUROC=0.7788, AUPRC=0.7751, F1=0.0000
2025-10-19 19:10:36 | INFO | EM | Fold 2: AUROC=0.6188, AUPRC=0.5902, F1=0.6658
2025-10-19 19:10:36 | INFO | EM | Fold 3: AUROC=0.9053, AUPRC=0.8885, F1=0.6658
2025-10-19 19:10:36 | INFO | EM | Fold 4: AUROC=0.7586, AUPRC=0.7636, F1=0.6684
2025-10-19 19:10:36 | INFO | EM | Fold 5: AUROC=0.7857, AUPRC=0.6917, F1=0.6675
2025-10-19 19:10:36 | INFO | EM.result.save | Saved result text: /root/OUTPUT/result/LMI_stageA_eps0.015_steps5_data_20251019_190319/per_fold_20251019_190319.txt
2025-10-19 19:10:36 | INFO | EM.result.save | Saved result text: /root/OUTPUT/result/LMI_stageA_eps0.015_steps5_data_20251019_190319/metrics/result_extra_20251019_190319.txt
2025-10-19 19:10:36 | INFO | EM | Precision: 0.4002 ± 0.2001
2025-10-19 19:10:36 | INFO | EM | Recall: 0.8000 ± 0.4000
2025-10-19 19:10:36 | INFO | EM | Confusion Matrix (sum): tn=510, fp=2047, fn=514, tp=2049
2025-10-19 19:10:36 | INFO | EM | All folds completed!
2025-10-19 19:10:36 | INFO | EM | ================================================================================
2025-10-19 19:10:36 | INFO | EM | RUN END   | run_id=20251019_190319 | run_name=LMI_stageA_eps0.015_steps5
2025-10-19 19:10:36 | INFO | EM | RESULT DIR: /root/OUTPUT/result/LMI_stageA_eps0.015_steps5_data_20251019_190319
2025-10-19 19:10:36 | INFO | EM | ================================================================================
