2025-10-19 18:44:43 | INFO | EM | ================================================================================
2025-10-19 18:44:43 | INFO | EM | RUN START | run_id=20251019_184443 | run_name=LMI_stageA_eps0.012_steps3
2025-10-19 18:44:43 | INFO | EM | COMMAND: /root/miniconda3/bin/python /root/hyperparameter-tuning/main.py --task_type LMI --run_name LMI_stageA_eps0.012_steps3 --feature_type one_hot --batch 64 --lr 0.0005 --weight_decay 0.0005 --dropout 0.05 --epochs 10 --augment_mode online --moco_queue 4096 --moco_momentum 0.99 --moco_t 0.07 --loss_ratio1 0.45 --loss_ratio2 0.55 --loss_ratio3 0.5 --enable_threshold_scan true --threshold_min 0.35 --threshold_max 0.65 --threshold_step 0.01 --enable_temp_scaling true --temp_grid_min 0.5 --temp_grid_max 3.0 --temp_grid_num 26 --adv_warmup_end 3 --adv_mode mgraph --adv_norm linf --adv_rand_init true --adv_project true --adv_on_moco true --adv_eps 0.012 --adv_alpha 0.004 --adv_steps 3
2025-10-19 18:44:43 | INFO | EM | ================================================================================
2025-10-19 18:44:43 | INFO | EM.result | Result directory: /root/OUTPUT/result/LMI_stageA_eps0.012_steps3_data_20251019_184443
2025-10-19 18:44:43 | INFO | EM | Initialized logging and result directory.
2025-10-19 18:44:43 | INFO | EM | Using CUDA: True
2025-10-19 18:44:43 | INFO | EM | CUDA device count: 1
2025-10-19 18:44:43 | INFO | EM | Current CUDA device: 0
2025-10-19 18:44:43 | INFO | EM | CUDA device name: NVIDIA GeForce RTX 4090
2025-10-19 18:44:43 | INFO | EM | === Augmentation Config ===
2025-10-19 18:44:43 | INFO | EM | [AUG CONFIG] Multiple augmentations detected: random_permute_features, attribute_mask, noise_then_mask
2025-10-19 18:44:43 | INFO | EM | augment=random_permute_features,attribute_mask,noise_then_mask | mode=online | noise_std=0.01 | mask_rate=0.1 | augment_seed=None (None means seed+fold for static)
2025-10-19 18:44:43 | INFO | EM | ===========================
2025-10-19 18:44:43 | INFO | EM | Loading dataset1/LDA.edgelist seed0 dataset...
2025-10-19 18:44:43 | INFO | EM | Selected cross_validation type: 5_cv1
2025-10-19 18:44:43 | INFO | EM | Selected task_type: LMI
2025-10-19 18:44:43 | INFO | EM | Selected feature_type: one_hot
2025-10-19 18:44:43 | INFO | EM | Selected embed_dim: N/A
2025-10-19 18:44:43 | INFO | EM | Selected learning_rate: N/A
2025-10-19 18:44:43 | INFO | EM | Selected epochs: 10
2025-10-19 18:44:43 | INFO | EM | Selected task type...
2025-10-19 18:44:52 | INFO | EM.print | [AUG][static][fold=1] start name=random_permute_features noise_std=0.01 mask_rate=0.1 seed=0
2025-10-19 18:44:52 | INFO | EM.print | [AUG][static][fold=1] done name=random_permute_features shape=(1140, 1140)
2025-10-19 18:44:52 | INFO | EM.augment | [AUGMENT][fold=1] name=random_permute_features noise_std=0.01 mask_rate=0.1 seed=0 masked_cols=0 shape=(1140, 1140) mean=0.0009 std=0.0296
2025-10-19 18:45:00 | INFO | EM.print | [AUG][static][fold=2] start name=random_permute_features noise_std=0.01 mask_rate=0.1 seed=1
2025-10-19 18:45:00 | INFO | EM.print | [AUG][static][fold=2] done name=random_permute_features shape=(1140, 1140)
2025-10-19 18:45:00 | INFO | EM.augment | [AUGMENT][fold=2] name=random_permute_features noise_std=0.01 mask_rate=0.1 seed=1 masked_cols=0 shape=(1140, 1140) mean=0.0009 std=0.0296
2025-10-19 18:45:09 | INFO | EM.print | [AUG][static][fold=3] start name=random_permute_features noise_std=0.01 mask_rate=0.1 seed=2
2025-10-19 18:45:09 | INFO | EM.print | [AUG][static][fold=3] done name=random_permute_features shape=(1140, 1140)
2025-10-19 18:45:09 | INFO | EM.augment | [AUGMENT][fold=3] name=random_permute_features noise_std=0.01 mask_rate=0.1 seed=2 masked_cols=0 shape=(1140, 1140) mean=0.0009 std=0.0296
2025-10-19 18:45:17 | INFO | EM.print | [AUG][static][fold=4] start name=random_permute_features noise_std=0.01 mask_rate=0.1 seed=3
2025-10-19 18:45:17 | INFO | EM.print | [AUG][static][fold=4] done name=random_permute_features shape=(1140, 1140)
2025-10-19 18:45:17 | INFO | EM.augment | [AUGMENT][fold=4] name=random_permute_features noise_std=0.01 mask_rate=0.1 seed=3 masked_cols=0 shape=(1140, 1140) mean=0.0009 std=0.0296
2025-10-19 18:45:26 | INFO | EM.print | [AUG][static][fold=5] start name=random_permute_features noise_std=0.01 mask_rate=0.1 seed=4
2025-10-19 18:45:26 | INFO | EM.print | [AUG][static][fold=5] done name=random_permute_features shape=(1140, 1140)
2025-10-19 18:45:26 | INFO | EM.augment | [AUGMENT][fold=5] name=random_permute_features noise_std=0.01 mask_rate=0.1 seed=4 masked_cols=0 shape=(1140, 1140) mean=0.0009 std=0.0296
2025-10-19 18:45:26 | INFO | EM | [DATALOADER] os=linux workers=8 prefetch_factor=4
2025-10-19 18:45:26 | INFO | EM.fold_stats | Saved fold stats to /root/OUTPUT/result/metrics/fold_stats.json
2025-10-19 18:45:26 | INFO | EM | Loading finished!
2025-10-19 18:45:26 | INFO | EM | Starting 5-fold cross validation...
2025-10-19 18:45:26 | INFO | EM | === Fold 1/5 ===
2025-10-19 18:45:26 | INFO | EM.result.save | Saved result text: /root/OUTPUT/result/LMI_stageA_eps0.012_steps3_data_20251019_184443/metrics/adv_config_fold_1_20251019_184443.json.txt
2025-10-19 18:45:26 | INFO | EM.print | [SAVE] adv config saved: metrics/adv_config_fold_1_20251019_184443.json
2025-10-19 18:45:26 | INFO | EM.print | Start Training...
2025-10-19 18:45:26 | INFO | EM.print | -------- Epoch 1 --------
2025-10-19 18:45:26 | INFO | EM.print | [AUG][online][epoch=1][iter=0] start name=random_permute_features noise_std=0.01 mask_rate=0.1 seed=0
2025-10-19 18:45:26 | INFO | EM.print | [AUG][online][epoch=1][iter=0] done name=random_permute_features shape=(1140, 1140)
2025-10-19 18:45:26 | INFO | EM.print | [ONLINE-AUG] mode=online name=random_permute_features noise_std=0.01 mask_rate=0.1 base_seed=0
2025-10-19 18:45:26 | INFO | EM.print | epoch: 1/ iteration: 1/ loss_train: 0.79130393 | task_loss:0.6699 cont_loss:0.2572 adv_loss:0.6968
2025-10-19 18:45:28 | INFO | EM.print | epoch: 0001 loss_train: 4.7035 task_loss: 0.4963 cont_loss: 8.0969 adv_loss: 0.0538 auroc_train: 0.8175 auprc_train: 0.8183 precision_train: 0.7192 recall_train: 0.7621 f1_train: 0.7400 cm_train: (tn=1506, fp=638, fn=510, tp=1634)
2025-10-19 18:45:28 | INFO | EM.print | -------- Epoch 2 --------
2025-10-19 18:45:28 | INFO | EM.print | [AUG][online][epoch=2][iter=0] start name=random_permute_features noise_std=0.01 mask_rate=0.1 seed=1000
2025-10-19 18:45:28 | INFO | EM.print | [AUG][online][epoch=2][iter=0] done name=random_permute_features shape=(1140, 1140)
2025-10-19 18:45:28 | INFO | EM.print | [ONLINE-AUG] mode=online name=random_permute_features noise_std=0.01 mask_rate=0.1 base_seed=0
2025-10-19 18:45:28 | INFO | EM.print | epoch: 2/ iteration: 1/ loss_train: 4.6422396 | task_loss:0.3325 cont_loss:8.1127 adv_loss:0.0612
2025-10-19 18:45:30 | INFO | EM.print | epoch: 0002 loss_train: 4.5250 task_loss: 0.2656 cont_loss: 7.9868 adv_loss: 0.0256 auroc_train: 0.9175 auprc_train: 0.9147 precision_train: 0.8319 recall_train: 0.8312 f1_train: 0.8315 cm_train: (tn=1784, fp=360, fn=362, tp=1782)
2025-10-19 18:45:30 | INFO | EM.print | -------- Epoch 3 --------
2025-10-19 18:45:30 | INFO | EM.print | [AUG][online][epoch=3][iter=0] start name=random_permute_features noise_std=0.01 mask_rate=0.1 seed=2000
2025-10-19 18:45:30 | INFO | EM.print | [AUG][online][epoch=3][iter=0] done name=random_permute_features shape=(1140, 1140)
2025-10-19 18:45:30 | INFO | EM.print | [ONLINE-AUG] mode=online name=random_permute_features noise_std=0.01 mask_rate=0.1 base_seed=0
2025-10-19 18:45:30 | INFO | EM.print | epoch: 3/ iteration: 1/ loss_train: 20.82124 | task_loss:1.2807 cont_loss:5.9752 adv_loss:33.9172
2025-10-19 18:45:36 | INFO | EM.print | epoch: 0003 loss_train: 5.1874 task_loss: 0.7221 cont_loss: 8.1879 adv_loss: 0.7183 auroc_train: 0.4490 auprc_train: 0.4634 precision_train: 0.4494 recall_train: 0.4249 f1_train: 0.4368 cm_train: (tn=1028, fp=1116, fn=1233, tp=911)
2025-10-19 18:45:36 | INFO | EM.print | -------- Epoch 4 --------
2025-10-19 18:45:36 | INFO | EM.print | [AUG][online][epoch=4][iter=0] start name=random_permute_features noise_std=0.01 mask_rate=0.1 seed=3000
2025-10-19 18:45:36 | INFO | EM.print | [AUG][online][epoch=4][iter=0] done name=random_permute_features shape=(1140, 1140)
2025-10-19 18:45:36 | INFO | EM.print | [ONLINE-AUG] mode=online name=random_permute_features noise_std=0.01 mask_rate=0.1 base_seed=0
2025-10-19 18:45:36 | INFO | EM.print | epoch: 4/ iteration: 1/ loss_train: 5.2144585 | task_loss:0.6895 cont_loss:8.2546 adv_loss:0.7283
2025-10-19 18:45:42 | INFO | EM.print | epoch: 0004 loss_train: 5.2402 task_loss: 0.7036 cont_loss: 8.3090 adv_loss: 0.7072 auroc_train: 0.4849 auprc_train: 0.4878 precision_train: 0.4822 recall_train: 0.4174 f1_train: 0.4475 cm_train: (tn=1183, fp=961, fn=1249, tp=895)
2025-10-19 18:45:42 | INFO | EM.print | -------- Epoch 5 --------
2025-10-19 18:45:42 | INFO | EM.print | [AUG][online][epoch=5][iter=0] start name=random_permute_features noise_std=0.01 mask_rate=0.1 seed=4000
2025-10-19 18:45:42 | INFO | EM.print | [AUG][online][epoch=5][iter=0] done name=random_permute_features shape=(1140, 1140)
2025-10-19 18:45:42 | INFO | EM.print | [ONLINE-AUG] mode=online name=random_permute_features noise_std=0.01 mask_rate=0.1 base_seed=0
2025-10-19 18:45:43 | INFO | EM.print | epoch: 5/ iteration: 1/ loss_train: 5.2366643 | task_loss:0.6990 cont_loss:8.3027 adv_loss:0.7113
2025-10-19 18:45:49 | INFO | EM.print | epoch: 0005 loss_train: 5.2368 task_loss: 0.6968 cont_loss: 8.3087 adv_loss: 0.7069 auroc_train: 0.4939 auprc_train: 0.4918 precision_train: 0.4924 recall_train: 0.5264 f1_train: 0.5088 cm_train: (tn=982, fp=1163, fn=1015, tp=1128)
2025-10-19 18:45:49 | INFO | EM.print | -------- Epoch 6 --------
2025-10-19 18:45:49 | INFO | EM.print | [AUG][online][epoch=6][iter=0] start name=random_permute_features noise_std=0.01 mask_rate=0.1 seed=5000
2025-10-19 18:45:49 | INFO | EM.print | [AUG][online][epoch=6][iter=0] done name=random_permute_features shape=(1140, 1140)
2025-10-19 18:45:49 | INFO | EM.print | [ONLINE-AUG] mode=online name=random_permute_features noise_std=0.01 mask_rate=0.1 base_seed=0
2025-10-19 18:45:49 | INFO | EM.print | epoch: 6/ iteration: 1/ loss_train: 5.234057 | task_loss:0.6947 cont_loss:8.2958 adv_loss:0.7174
2025-10-19 18:45:55 | INFO | EM.print | epoch: 0006 loss_train: 5.2284 task_loss: 0.6948 cont_loss: 8.2965 adv_loss: 0.7053 auroc_train: 0.4829 auprc_train: 0.4859 precision_train: 0.4883 recall_train: 0.5559 f1_train: 0.5199 cm_train: (tn=892, fp=1250, fn=953, tp=1193)
2025-10-19 18:45:55 | INFO | EM.print | -------- Epoch 7 --------
2025-10-19 18:45:55 | INFO | EM.print | [AUG][online][epoch=7][iter=0] start name=random_permute_features noise_std=0.01 mask_rate=0.1 seed=6000
2025-10-19 18:45:55 | INFO | EM.print | [AUG][online][epoch=7][iter=0] done name=random_permute_features shape=(1140, 1140)
2025-10-19 18:45:55 | INFO | EM.print | [ONLINE-AUG] mode=online name=random_permute_features noise_std=0.01 mask_rate=0.1 base_seed=0
2025-10-19 18:45:55 | INFO | EM.print | epoch: 7/ iteration: 1/ loss_train: 5.2290635 | task_loss:0.6932 cont_loss:8.3036 adv_loss:0.7003
2025-10-19 18:46:01 | INFO | EM.print | epoch: 0007 loss_train: 5.2332 task_loss: 0.7121 cont_loss: 8.2997 adv_loss: 0.6958 auroc_train: 0.4886 auprc_train: 0.4908 precision_train: 0.4880 recall_train: 0.4179 f1_train: 0.4503 cm_train: (tn=1204, fp=940, fn=1248, tp=896)
2025-10-19 18:46:01 | INFO | EM.print | -------- Epoch 8 --------
2025-10-19 18:46:01 | INFO | EM.print | [AUG][online][epoch=8][iter=0] start name=random_permute_features noise_std=0.01 mask_rate=0.1 seed=7000
2025-10-19 18:46:01 | INFO | EM.print | [AUG][online][epoch=8][iter=0] done name=random_permute_features shape=(1140, 1140)
2025-10-19 18:46:01 | INFO | EM.print | [ONLINE-AUG] mode=online name=random_permute_features noise_std=0.01 mask_rate=0.1 base_seed=0
2025-10-19 18:46:01 | INFO | EM.print | epoch: 8/ iteration: 1/ loss_train: 5.224695 | task_loss:0.6936 cont_loss:8.2999 adv_loss:0.6953
2025-10-19 18:46:07 | INFO | EM.print | epoch: 0008 loss_train: 5.2289 task_loss: 0.6924 cont_loss: 8.3107 adv_loss: 0.6929 auroc_train: 0.4893 auprc_train: 0.4919 precision_train: 0.4963 recall_train: 0.5953 f1_train: 0.5413 cm_train: (tn=847, fp=1296, fn=868, tp=1277)
2025-10-19 18:46:07 | INFO | EM.print | -------- Epoch 9 --------
2025-10-19 18:46:08 | INFO | EM.print | [AUG][online][epoch=9][iter=0] start name=random_permute_features noise_std=0.01 mask_rate=0.1 seed=8000
2025-10-19 18:46:08 | INFO | EM.print | [AUG][online][epoch=9][iter=0] done name=random_permute_features shape=(1140, 1140)
2025-10-19 18:46:08 | INFO | EM.print | [ONLINE-AUG] mode=online name=random_permute_features noise_std=0.01 mask_rate=0.1 base_seed=0
2025-10-19 18:46:08 | INFO | EM.print | epoch: 9/ iteration: 1/ loss_train: 5.2265973 | task_loss:0.6917 cont_loss:8.3083 adv_loss:0.6915
2025-10-19 18:46:13 | INFO | EM.print | epoch: 0009 loss_train: 5.2254 task_loss: 0.6888 cont_loss: 8.3116 adv_loss: 0.6881 auroc_train: 0.4858 auprc_train: 0.4883 precision_train: 0.4887 recall_train: 0.5140 f1_train: 0.5010 cm_train: (tn=994, fp=1152, fn=1041, tp=1101)
2025-10-19 18:46:13 | INFO | EM.print | -------- Epoch 10 --------
2025-10-19 18:46:13 | INFO | EM.print | [AUG][online][epoch=10][iter=0] start name=random_permute_features noise_std=0.01 mask_rate=0.1 seed=9000
2025-10-19 18:46:13 | INFO | EM.print | [AUG][online][epoch=10][iter=0] done name=random_permute_features shape=(1140, 1140)
2025-10-19 18:46:13 | INFO | EM.print | [ONLINE-AUG] mode=online name=random_permute_features noise_std=0.01 mask_rate=0.1 base_seed=0
2025-10-19 18:46:14 | INFO | EM.print | epoch: 10/ iteration: 1/ loss_train: 5.2298856 | task_loss:0.6976 cont_loss:8.3112 adv_loss:0.6896
2025-10-19 18:46:19 | INFO | EM.print | epoch: 0010 loss_train: 5.2244 task_loss: 0.6951 cont_loss: 8.3086 adv_loss: 0.6839 auroc_train: 0.4829 auprc_train: 0.4894 precision_train: 0.4760 recall_train: 0.3652 f1_train: 0.4133 cm_train: (tn=1282, fp=862, fn=1361, tp=783)
2025-10-19 18:46:19 | INFO | EM.print | Optimization Finished!
2025-10-19 18:46:19 | INFO | EM.result.save | Saved result text: /root/OUTPUT/result/LMI_stageA_eps0.012_steps3_data_20251019_184443/metrics/train_epoch_metrics_fold_1_20251019_184443.csv.txt
2025-10-19 18:46:19 | INFO | EM.print | [SAVE] Per-epoch train metrics saved: train_epoch_metrics_fold_1_20251019_184443.csv
2025-10-19 18:46:20 | INFO | EM.result.save | Saved result text: /root/OUTPUT/result/LMI_stageA_eps0.012_steps3_data_20251019_184443/metrics/threshold_scan_fold_1_20251019_184443.txt
2025-10-19 18:46:20 | ERROR | EM.print | /root/miniconda3/lib/python3.12/site-packages/sklearn/metrics/_classification.py:1731: UndefinedMetricWarning: Precision is ill-defined and being set to 0.0 due to no predicted samples. Use `zero_division` parameter to control this behavior.
2025-10-19 18:46:20 | ERROR | EM.print |   _warn_prf(average, modifier, f"{metric.capitalize()} is", result.shape[0])
2025-10-19 18:46:20 | INFO | EM.print | loss_test: 5.2166 auroc_test: 0.8501 auprc_test: 0.8395 precision_test: 0.0000 recall_test: 0.0000 f1_test: 0.0000 cm_test: (tn=510, fp=0, fn=514, tp=0)
2025-10-19 18:46:20 | INFO | EM | Fold 1 completed.
2025-10-19 18:46:20 | INFO | EM | === Fold 2/5 ===
2025-10-19 18:46:20 | INFO | EM.result.save | Saved result text: /root/OUTPUT/result/LMI_stageA_eps0.012_steps3_data_20251019_184443/metrics/adv_config_fold_2_20251019_184443.json.txt
2025-10-19 18:46:20 | INFO | EM.print | [SAVE] adv config saved: metrics/adv_config_fold_2_20251019_184443.json
2025-10-19 18:46:20 | INFO | EM.print | Start Training...
2025-10-19 18:46:20 | INFO | EM.print | -------- Epoch 1 --------
2025-10-19 18:46:21 | INFO | EM.print | [AUG][online][epoch=1][iter=0] start name=random_permute_features noise_std=0.01 mask_rate=0.1 seed=0
2025-10-19 18:46:21 | INFO | EM.print | [AUG][online][epoch=1][iter=0] done name=random_permute_features shape=(1140, 1140)
2025-10-19 18:46:21 | INFO | EM.print | [ONLINE-AUG] mode=online name=random_permute_features noise_std=0.01 mask_rate=0.1 base_seed=0
2025-10-19 18:46:21 | INFO | EM.print | epoch: 1/ iteration: 1/ loss_train: 0.78662825 | task_loss:0.7257 cont_loss:0.0690 adv_loss:0.8442
2025-10-19 18:46:22 | INFO | EM.print | epoch: 0001 loss_train: 4.7180 task_loss: 0.4850 cont_loss: 8.0586 adv_loss: 0.1349 auroc_train: 0.7623 auprc_train: 0.7657 precision_train: 0.6838 recall_train: 0.6631 f1_train: 0.6733 cm_train: (tn=1488, fp=657, fn=722, tp=1421)
2025-10-19 18:46:22 | INFO | EM.print | -------- Epoch 2 --------
2025-10-19 18:46:22 | INFO | EM.print | [AUG][online][epoch=2][iter=0] start name=random_permute_features noise_std=0.01 mask_rate=0.1 seed=1000
2025-10-19 18:46:22 | INFO | EM.print | [AUG][online][epoch=2][iter=0] done name=random_permute_features shape=(1140, 1140)
2025-10-19 18:46:22 | INFO | EM.print | [ONLINE-AUG] mode=online name=random_permute_features noise_std=0.01 mask_rate=0.1 base_seed=0
2025-10-19 18:46:22 | INFO | EM.print | epoch: 2/ iteration: 1/ loss_train: 4.644628 | task_loss:0.3364 cont_loss:8.0719 adv_loss:0.1074
2025-10-19 18:46:24 | INFO | EM.print | epoch: 0002 loss_train: 4.4972 task_loss: 0.2794 cont_loss: 7.9196 adv_loss: 0.0313 auroc_train: 0.9172 auprc_train: 0.9112 precision_train: 0.8421 recall_train: 0.8479 f1_train: 0.8450 cm_train: (tn=1803, fp=341, fn=326, tp=1818)
2025-10-19 18:46:24 | INFO | EM.print | -------- Epoch 3 --------
2025-10-19 18:46:24 | INFO | EM.print | [AUG][online][epoch=3][iter=0] start name=random_permute_features noise_std=0.01 mask_rate=0.1 seed=2000
2025-10-19 18:46:24 | INFO | EM.print | [AUG][online][epoch=3][iter=0] done name=random_permute_features shape=(1140, 1140)
2025-10-19 18:46:24 | INFO | EM.print | [ONLINE-AUG] mode=online name=random_permute_features noise_std=0.01 mask_rate=0.1 base_seed=0
2025-10-19 18:46:24 | INFO | EM.print | epoch: 3/ iteration: 1/ loss_train: 25.196468 | task_loss:0.9177 cont_loss:7.7089 adv_loss:41.0872
2025-10-19 18:46:30 | INFO | EM.print | epoch: 0003 loss_train: 5.1711 task_loss: 0.6949 cont_loss: 8.1808 adv_loss: 0.7180 auroc_train: 0.4929 auprc_train: 0.4832 precision_train: 0.4866 recall_train: 0.5312 f1_train: 0.5079 cm_train: (tn=939, fp=1203, fn=1006, tp=1140)
2025-10-19 18:46:30 | INFO | EM.print | -------- Epoch 4 --------
2025-10-19 18:46:30 | INFO | EM.print | [AUG][online][epoch=4][iter=0] start name=random_permute_features noise_std=0.01 mask_rate=0.1 seed=3000
2025-10-19 18:46:30 | INFO | EM.print | [AUG][online][epoch=4][iter=0] done name=random_permute_features shape=(1140, 1140)
2025-10-19 18:46:30 | INFO | EM.print | [ONLINE-AUG] mode=online name=random_permute_features noise_std=0.01 mask_rate=0.1 base_seed=0
2025-10-19 18:46:30 | INFO | EM.print | epoch: 4/ iteration: 1/ loss_train: 5.115911 | task_loss:0.6968 cont_loss:8.0479 adv_loss:0.7521
2025-10-19 18:46:37 | INFO | EM.print | epoch: 0004 loss_train: 5.2302 task_loss: 0.7069 cont_loss: 8.2969 adv_loss: 0.6977 auroc_train: 0.4874 auprc_train: 0.4944 precision_train: 0.4898 recall_train: 0.4937 f1_train: 0.4917 cm_train: (tn=1043, fp=1102, fn=1085, tp=1058)
2025-10-19 18:46:37 | INFO | EM.print | -------- Epoch 5 --------
2025-10-19 18:46:37 | INFO | EM.print | [AUG][online][epoch=5][iter=0] start name=random_permute_features noise_std=0.01 mask_rate=0.1 seed=4000
2025-10-19 18:46:37 | INFO | EM.print | [AUG][online][epoch=5][iter=0] done name=random_permute_features shape=(1140, 1140)
2025-10-19 18:46:37 | INFO | EM.print | [ONLINE-AUG] mode=online name=random_permute_features noise_std=0.01 mask_rate=0.1 base_seed=0
2025-10-19 18:46:37 | INFO | EM.print | epoch: 5/ iteration: 1/ loss_train: 5.180643 | task_loss:0.7047 cont_loss:8.2003 adv_loss:0.7067
2025-10-19 18:46:43 | INFO | EM.print | epoch: 0005 loss_train: 5.1823 task_loss: 0.6962 cont_loss: 8.2164 adv_loss: 0.7001 auroc_train: 0.5029 auprc_train: 0.5056 precision_train: 0.4995 recall_train: 0.4911 f1_train: 0.4953 cm_train: (tn=1092, fp=1054, fn=1090, tp=1052)
2025-10-19 18:46:43 | INFO | EM.print | -------- Epoch 6 --------
2025-10-19 18:46:43 | INFO | EM.print | [AUG][online][epoch=6][iter=0] start name=random_permute_features noise_std=0.01 mask_rate=0.1 seed=5000
2025-10-19 18:46:43 | INFO | EM.print | [AUG][online][epoch=6][iter=0] done name=random_permute_features shape=(1140, 1140)
2025-10-19 18:46:43 | INFO | EM.print | [ONLINE-AUG] mode=online name=random_permute_features noise_std=0.01 mask_rate=0.1 base_seed=0
2025-10-19 18:46:43 | INFO | EM.print | epoch: 6/ iteration: 1/ loss_train: 5.1837463 | task_loss:0.6994 cont_loss:8.2140 adv_loss:0.7026
2025-10-19 18:46:49 | INFO | EM.print | epoch: 0006 loss_train: 5.2442 task_loss: 0.6955 cont_loss: 8.2856 adv_loss: 0.7483 auroc_train: 0.5058 auprc_train: 0.5047 precision_train: 0.5028 recall_train: 0.5473 f1_train: 0.5241 cm_train: (tn=982, fp=1161, fn=971, tp=1174)
2025-10-19 18:46:49 | INFO | EM.print | -------- Epoch 7 --------
2025-10-19 18:46:49 | INFO | EM.print | [AUG][online][epoch=7][iter=0] start name=random_permute_features noise_std=0.01 mask_rate=0.1 seed=6000
2025-10-19 18:46:49 | INFO | EM.print | [AUG][online][epoch=7][iter=0] done name=random_permute_features shape=(1140, 1140)
2025-10-19 18:46:49 | INFO | EM.print | [ONLINE-AUG] mode=online name=random_permute_features noise_std=0.01 mask_rate=0.1 base_seed=0
2025-10-19 18:46:49 | INFO | EM.print | epoch: 7/ iteration: 1/ loss_train: 5.227028 | task_loss:0.6931 cont_loss:8.3018 adv_loss:0.6983
2025-10-19 18:46:55 | INFO | EM.print | epoch: 0007 loss_train: 5.2277 task_loss: 0.6963 cont_loss: 8.3017 adv_loss: 0.6968 auroc_train: 0.5001 auprc_train: 0.5063 precision_train: 0.5024 recall_train: 0.4944 f1_train: 0.4984 cm_train: (tn=1094, fp=1050, fn=1084, tp=1060)
2025-10-19 18:46:55 | INFO | EM.print | -------- Epoch 8 --------
2025-10-19 18:46:55 | INFO | EM.print | [AUG][online][epoch=8][iter=0] start name=random_permute_features noise_std=0.01 mask_rate=0.1 seed=7000
2025-10-19 18:46:55 | INFO | EM.print | [AUG][online][epoch=8][iter=0] done name=random_permute_features shape=(1140, 1140)
2025-10-19 18:46:55 | INFO | EM.print | [ONLINE-AUG] mode=online name=random_permute_features noise_std=0.01 mask_rate=0.1 base_seed=0
2025-10-19 18:46:55 | INFO | EM.print | epoch: 8/ iteration: 1/ loss_train: 5.2261963 | task_loss:0.6924 cont_loss:8.3042 adv_loss:0.6945
2025-10-19 18:47:01 | INFO | EM.print | epoch: 0008 loss_train: 5.2231 task_loss: 0.6930 cont_loss: 8.2868 adv_loss: 0.7071 auroc_train: 0.5016 auprc_train: 0.4998 precision_train: 0.5000 recall_train: 0.4811 f1_train: 0.4904 cm_train: (tn=1117, fp=1030, fn=1111, tp=1030)
2025-10-19 18:47:01 | INFO | EM.print | -------- Epoch 9 --------
2025-10-19 18:47:01 | INFO | EM.print | [AUG][online][epoch=9][iter=0] start name=random_permute_features noise_std=0.01 mask_rate=0.1 seed=8000
2025-10-19 18:47:01 | INFO | EM.print | [AUG][online][epoch=9][iter=0] done name=random_permute_features shape=(1140, 1140)
2025-10-19 18:47:01 | INFO | EM.print | [ONLINE-AUG] mode=online name=random_permute_features noise_std=0.01 mask_rate=0.1 base_seed=0
2025-10-19 18:47:01 | INFO | EM.print | epoch: 9/ iteration: 1/ loss_train: 5.2228456 | task_loss:0.6946 cont_loss:8.2966 adv_loss:0.6943
2025-10-19 18:47:07 | INFO | EM.print | epoch: 0009 loss_train: 5.2418 task_loss: 0.6994 cont_loss: 8.3129 adv_loss: 0.7099 auroc_train: 0.4873 auprc_train: 0.4947 precision_train: 0.4944 recall_train: 0.6166 f1_train: 0.5488 cm_train: (tn=792, fp=1352, fn=822, tp=1322)
2025-10-19 18:47:07 | INFO | EM.print | -------- Epoch 10 --------
2025-10-19 18:47:07 | INFO | EM.print | [AUG][online][epoch=10][iter=0] start name=random_permute_features noise_std=0.01 mask_rate=0.1 seed=9000
2025-10-19 18:47:07 | INFO | EM.print | [AUG][online][epoch=10][iter=0] done name=random_permute_features shape=(1140, 1140)
2025-10-19 18:47:07 | INFO | EM.print | [ONLINE-AUG] mode=online name=random_permute_features noise_std=0.01 mask_rate=0.1 base_seed=0
2025-10-19 18:47:07 | INFO | EM.print | epoch: 10/ iteration: 1/ loss_train: 5.240859 | task_loss:0.6962 cont_loss:8.3176 adv_loss:0.7058
2025-10-19 18:47:14 | INFO | EM.print | epoch: 0010 loss_train: 5.2154 task_loss: 0.6942 cont_loss: 8.2978 adv_loss: 0.6784 auroc_train: 0.4961 auprc_train: 0.5022 precision_train: 0.4973 recall_train: 0.4686 f1_train: 0.4825 cm_train: (tn=1124, fp=1017, fn=1141, tp=1006)
2025-10-19 18:47:14 | INFO | EM.print | Optimization Finished!
2025-10-19 18:47:14 | INFO | EM.result.save | Saved result text: /root/OUTPUT/result/LMI_stageA_eps0.012_steps3_data_20251019_184443/metrics/train_epoch_metrics_fold_2_20251019_184443.csv.txt
2025-10-19 18:47:14 | INFO | EM.print | [SAVE] Per-epoch train metrics saved: train_epoch_metrics_fold_2_20251019_184443.csv
2025-10-19 18:47:15 | INFO | EM.result.save | Saved result text: /root/OUTPUT/result/LMI_stageA_eps0.012_steps3_data_20251019_184443/metrics/threshold_scan_fold_2_20251019_184443.txt
2025-10-19 18:47:15 | INFO | EM.print | loss_test: 5.2249 auroc_test: 0.6316 auprc_test: 0.6448 precision_test: 0.4990 recall_test: 1.0000 f1_test: 0.6658 cm_test: (tn=0, fp=513, fn=0, tp=511)
2025-10-19 18:47:15 | INFO | EM | Fold 2 completed.
2025-10-19 18:47:15 | INFO | EM | === Fold 3/5 ===
2025-10-19 18:47:15 | INFO | EM.result.save | Saved result text: /root/OUTPUT/result/LMI_stageA_eps0.012_steps3_data_20251019_184443/metrics/adv_config_fold_3_20251019_184443.json.txt
2025-10-19 18:47:15 | INFO | EM.print | [SAVE] adv config saved: metrics/adv_config_fold_3_20251019_184443.json
2025-10-19 18:47:15 | INFO | EM.print | Start Training...
2025-10-19 18:47:15 | INFO | EM.print | -------- Epoch 1 --------
2025-10-19 18:47:15 | INFO | EM.print | [AUG][online][epoch=1][iter=0] start name=random_permute_features noise_std=0.01 mask_rate=0.1 seed=0
2025-10-19 18:47:15 | INFO | EM.print | [AUG][online][epoch=1][iter=0] done name=random_permute_features shape=(1140, 1140)
2025-10-19 18:47:15 | INFO | EM.print | [ONLINE-AUG] mode=online name=random_permute_features noise_std=0.01 mask_rate=0.1 base_seed=0
2025-10-19 18:47:15 | INFO | EM.print | epoch: 1/ iteration: 1/ loss_train: 0.71271646 | task_loss:0.7014 cont_loss:0.0873 adv_loss:0.6981
2025-10-19 18:47:17 | INFO | EM.print | epoch: 0001 loss_train: 4.5617 task_loss: 0.3469 cont_loss: 7.9659 adv_loss: 0.0487 auroc_train: 0.8397 auprc_train: 0.8264 precision_train: 0.7455 recall_train: 0.7503 f1_train: 0.7479 cm_train: (tn=1596, fp=549, fn=535, tp=1608)
2025-10-19 18:47:17 | INFO | EM.print | -------- Epoch 2 --------
2025-10-19 18:47:17 | INFO | EM.print | [AUG][online][epoch=2][iter=0] start name=random_permute_features noise_std=0.01 mask_rate=0.1 seed=1000
2025-10-19 18:47:17 | INFO | EM.print | [AUG][online][epoch=2][iter=0] done name=random_permute_features shape=(1140, 1140)
2025-10-19 18:47:17 | INFO | EM.print | [ONLINE-AUG] mode=online name=random_permute_features noise_std=0.01 mask_rate=0.1 base_seed=0
2025-10-19 18:47:17 | INFO | EM.print | epoch: 2/ iteration: 1/ loss_train: 4.5239525 | task_loss:0.3039 cont_loss:7.9436 adv_loss:0.0364
2025-10-19 18:47:19 | INFO | EM.print | epoch: 0002 loss_train: 4.5421 task_loss: 0.4184 cont_loss: 7.9042 adv_loss: 0.0131 auroc_train: 0.9319 auprc_train: 0.9268 precision_train: 0.8440 recall_train: 0.8558 f1_train: 0.8499 cm_train: (tn=1806, fp=339, fn=309, tp=1834)
2025-10-19 18:47:19 | INFO | EM.print | -------- Epoch 3 --------
2025-10-19 18:47:19 | INFO | EM.print | [AUG][online][epoch=3][iter=0] start name=random_permute_features noise_std=0.01 mask_rate=0.1 seed=2000
2025-10-19 18:47:19 | INFO | EM.print | [AUG][online][epoch=3][iter=0] done name=random_permute_features shape=(1140, 1140)
2025-10-19 18:47:19 | INFO | EM.print | [ONLINE-AUG] mode=online name=random_permute_features noise_std=0.01 mask_rate=0.1 base_seed=0
2025-10-19 18:47:19 | INFO | EM.print | epoch: 3/ iteration: 1/ loss_train: 21.829987 | task_loss:0.8361 cont_loss:6.1690 adv_loss:36.1216
2025-10-19 18:47:25 | INFO | EM.print | epoch: 0003 loss_train: 5.2100 task_loss: 0.7030 cont_loss: 8.2246 adv_loss: 0.7403 auroc_train: 0.4642 auprc_train: 0.4694 precision_train: 0.4796 recall_train: 0.4378 f1_train: 0.4578 cm_train: (tn=1121, fp=1020, fn=1207, tp=940)
2025-10-19 18:47:25 | INFO | EM.print | -------- Epoch 4 --------
2025-10-19 18:47:25 | INFO | EM.print | [AUG][online][epoch=4][iter=0] start name=random_permute_features noise_std=0.01 mask_rate=0.1 seed=3000
2025-10-19 18:47:25 | INFO | EM.print | [AUG][online][epoch=4][iter=0] done name=random_permute_features shape=(1140, 1140)
2025-10-19 18:47:25 | INFO | EM.print | [ONLINE-AUG] mode=online name=random_permute_features noise_std=0.01 mask_rate=0.1 base_seed=0
2025-10-19 18:47:25 | INFO | EM.print | epoch: 4/ iteration: 1/ loss_train: 5.193351 | task_loss:0.6937 cont_loss:8.2146 adv_loss:0.7263
2025-10-19 18:47:31 | INFO | EM.print | epoch: 0004 loss_train: 5.2312 task_loss: 0.6911 cont_loss: 8.3025 adv_loss: 0.7076 auroc_train: 0.4843 auprc_train: 0.4862 precision_train: 0.4915 recall_train: 0.4837 f1_train: 0.4875 cm_train: (tn=1071, fp=1073, fn=1107, tp=1037)
2025-10-19 18:47:31 | INFO | EM.print | -------- Epoch 5 --------
2025-10-19 18:47:31 | INFO | EM.print | [AUG][online][epoch=5][iter=0] start name=random_permute_features noise_std=0.01 mask_rate=0.1 seed=4000
2025-10-19 18:47:31 | INFO | EM.print | [AUG][online][epoch=5][iter=0] done name=random_permute_features shape=(1140, 1140)
2025-10-19 18:47:31 | INFO | EM.print | [ONLINE-AUG] mode=online name=random_permute_features noise_std=0.01 mask_rate=0.1 base_seed=0
2025-10-19 18:47:31 | INFO | EM.print | epoch: 5/ iteration: 1/ loss_train: 5.233809 | task_loss:0.6967 cont_loss:8.3066 adv_loss:0.7033
2025-10-19 18:47:37 | INFO | EM.print | epoch: 0005 loss_train: 5.2131 task_loss: 0.6903 cont_loss: 8.2801 adv_loss: 0.6968 auroc_train: 0.4915 auprc_train: 0.4928 precision_train: 0.4958 recall_train: 0.5473 f1_train: 0.5203 cm_train: (tn=949, fp=1194, fn=971, tp=1174)
2025-10-19 18:47:37 | INFO | EM.print | -------- Epoch 6 --------
2025-10-19 18:47:37 | INFO | EM.print | [AUG][online][epoch=6][iter=0] start name=random_permute_features noise_std=0.01 mask_rate=0.1 seed=5000
2025-10-19 18:47:37 | INFO | EM.print | [AUG][online][epoch=6][iter=0] done name=random_permute_features shape=(1140, 1140)
2025-10-19 18:47:37 | INFO | EM.print | [ONLINE-AUG] mode=online name=random_permute_features noise_std=0.01 mask_rate=0.1 base_seed=0
2025-10-19 18:47:37 | INFO | EM.print | epoch: 6/ iteration: 1/ loss_train: 5.2155633 | task_loss:0.6904 cont_loss:8.2833 adv_loss:0.6982
2025-10-19 18:47:43 | INFO | EM.print | epoch: 0006 loss_train: 5.2231 task_loss: 0.6887 cont_loss: 8.2995 adv_loss: 0.6968 auroc_train: 0.4975 auprc_train: 0.4927 precision_train: 0.5010 recall_train: 0.4902 f1_train: 0.4955 cm_train: (tn=1097, fp=1047, fn=1093, tp=1051)
2025-10-19 18:47:43 | INFO | EM.print | -------- Epoch 7 --------
2025-10-19 18:47:43 | INFO | EM.print | [AUG][online][epoch=7][iter=0] start name=random_permute_features noise_std=0.01 mask_rate=0.1 seed=6000
2025-10-19 18:47:43 | INFO | EM.print | [AUG][online][epoch=7][iter=0] done name=random_permute_features shape=(1140, 1140)
2025-10-19 18:47:43 | INFO | EM.print | [ONLINE-AUG] mode=online name=random_permute_features noise_std=0.01 mask_rate=0.1 base_seed=0
2025-10-19 18:47:43 | INFO | EM.print | epoch: 7/ iteration: 1/ loss_train: 5.217748 | task_loss:0.6913 cont_loss:8.2872 adv_loss:0.6974
2025-10-19 18:47:49 | INFO | EM.print | epoch: 0007 loss_train: 5.2207 task_loss: 0.6792 cont_loss: 8.3024 adv_loss: 0.6975 auroc_train: 0.4950 auprc_train: 0.4916 precision_train: 0.4953 recall_train: 0.4697 f1_train: 0.4822 cm_train: (tn=1118, fp=1026, fn=1137, tp=1007)
2025-10-19 18:47:49 | INFO | EM.print | -------- Epoch 8 --------
2025-10-19 18:47:49 | INFO | EM.print | [AUG][online][epoch=8][iter=0] start name=random_permute_features noise_std=0.01 mask_rate=0.1 seed=7000
2025-10-19 18:47:49 | INFO | EM.print | [AUG][online][epoch=8][iter=0] done name=random_permute_features shape=(1140, 1140)
2025-10-19 18:47:49 | INFO | EM.print | [ONLINE-AUG] mode=online name=random_permute_features noise_std=0.01 mask_rate=0.1 base_seed=0
2025-10-19 18:47:49 | INFO | EM.print | epoch: 8/ iteration: 1/ loss_train: 5.234058 | task_loss:0.7136 cont_loss:8.2995 adv_loss:0.6964
2025-10-19 18:47:55 | INFO | EM.print | epoch: 0008 loss_train: 5.2369 task_loss: 0.7104 cont_loss: 8.3106 adv_loss: 0.6929 auroc_train: 0.4971 auprc_train: 0.4927 precision_train: 0.4988 recall_train: 0.4935 f1_train: 0.4961 cm_train: (tn=1081, fp=1063, fn=1086, tp=1058)
2025-10-19 18:47:55 | INFO | EM.print | -------- Epoch 9 --------
2025-10-19 18:47:55 | INFO | EM.print | [AUG][online][epoch=9][iter=0] start name=random_permute_features noise_std=0.01 mask_rate=0.1 seed=8000
2025-10-19 18:47:55 | INFO | EM.print | [AUG][online][epoch=9][iter=0] done name=random_permute_features shape=(1140, 1140)
2025-10-19 18:47:55 | INFO | EM.print | [ONLINE-AUG] mode=online name=random_permute_features noise_std=0.01 mask_rate=0.1 base_seed=0
2025-10-19 18:47:55 | INFO | EM.print | epoch: 9/ iteration: 1/ loss_train: 5.2310157 | task_loss:0.6958 cont_loss:8.3099 adv_loss:0.6949
2025-10-19 18:48:01 | INFO | EM.print | epoch: 0009 loss_train: 5.2298 task_loss: 0.7060 cont_loss: 8.3023 adv_loss: 0.6917 auroc_train: 0.4934 auprc_train: 0.4959 precision_train: 0.4996 recall_train: 0.5276 f1_train: 0.5132 cm_train: (tn=1017, fp=1131, fn=1011, tp=1129)
2025-10-19 18:48:01 | INFO | EM.print | -------- Epoch 10 --------
2025-10-19 18:48:01 | INFO | EM.print | [AUG][online][epoch=10][iter=0] start name=random_permute_features noise_std=0.01 mask_rate=0.1 seed=9000
2025-10-19 18:48:01 | INFO | EM.print | [AUG][online][epoch=10][iter=0] done name=random_permute_features shape=(1140, 1140)
2025-10-19 18:48:01 | INFO | EM.print | [ONLINE-AUG] mode=online name=random_permute_features noise_std=0.01 mask_rate=0.1 base_seed=0
2025-10-19 18:48:02 | INFO | EM.print | epoch: 10/ iteration: 1/ loss_train: 5.2241755 | task_loss:0.7000 cont_loss:8.2981 adv_loss:0.6904
2025-10-19 18:48:07 | INFO | EM.print | epoch: 0010 loss_train: 5.2290 task_loss: 0.6929 cont_loss: 8.3096 adv_loss: 0.6939 auroc_train: 0.4753 auprc_train: 0.4810 precision_train: 0.4833 recall_train: 0.4260 f1_train: 0.4529 cm_train: (tn=1169, fp=976, fn=1230, tp=913)
2025-10-19 18:48:07 | INFO | EM.print | Optimization Finished!
2025-10-19 18:48:07 | INFO | EM.result.save | Saved result text: /root/OUTPUT/result/LMI_stageA_eps0.012_steps3_data_20251019_184443/metrics/train_epoch_metrics_fold_3_20251019_184443.csv.txt
2025-10-19 18:48:07 | INFO | EM.print | [SAVE] Per-epoch train metrics saved: train_epoch_metrics_fold_3_20251019_184443.csv
2025-10-19 18:48:08 | INFO | EM.result.save | Saved result text: /root/OUTPUT/result/LMI_stageA_eps0.012_steps3_data_20251019_184443/metrics/threshold_scan_fold_3_20251019_184443.txt
2025-10-19 18:48:08 | INFO | EM.print | loss_test: 5.2197 auroc_test: 0.7820 auprc_test: 0.7968 precision_test: 0.4990 recall_test: 1.0000 f1_test: 0.6658 cm_test: (tn=0, fp=513, fn=0, tp=511)
2025-10-19 18:48:08 | INFO | EM | Fold 3 completed.
2025-10-19 18:48:08 | INFO | EM | === Fold 4/5 ===
2025-10-19 18:48:08 | INFO | EM.result.save | Saved result text: /root/OUTPUT/result/LMI_stageA_eps0.012_steps3_data_20251019_184443/metrics/adv_config_fold_4_20251019_184443.json.txt
2025-10-19 18:48:08 | INFO | EM.print | [SAVE] adv config saved: metrics/adv_config_fold_4_20251019_184443.json
2025-10-19 18:48:08 | INFO | EM.print | Start Training...
2025-10-19 18:48:08 | INFO | EM.print | -------- Epoch 1 --------
2025-10-19 18:48:08 | INFO | EM.print | [AUG][online][epoch=1][iter=0] start name=random_permute_features noise_std=0.01 mask_rate=0.1 seed=0
2025-10-19 18:48:08 | INFO | EM.print | [AUG][online][epoch=1][iter=0] done name=random_permute_features shape=(1140, 1140)
2025-10-19 18:48:08 | INFO | EM.print | [ONLINE-AUG] mode=online name=random_permute_features noise_std=0.01 mask_rate=0.1 base_seed=0
2025-10-19 18:48:08 | INFO | EM.print | epoch: 1/ iteration: 1/ loss_train: 0.8777503 | task_loss:0.7798 cont_loss:0.0486 adv_loss:1.0002
2025-10-19 18:48:10 | INFO | EM.print | epoch: 0001 loss_train: 4.7129 task_loss: 0.4236 cont_loss: 8.0547 adv_loss: 0.1844 auroc_train: 0.7942 auprc_train: 0.7854 precision_train: 0.6941 recall_train: 0.7268 f1_train: 0.7101 cm_train: (tn=1456, fp=687, fn=586, tp=1559)
2025-10-19 18:48:10 | INFO | EM.print | -------- Epoch 2 --------
2025-10-19 18:48:10 | INFO | EM.print | [AUG][online][epoch=2][iter=0] start name=random_permute_features noise_std=0.01 mask_rate=0.1 seed=1000
2025-10-19 18:48:10 | INFO | EM.print | [AUG][online][epoch=2][iter=0] done name=random_permute_features shape=(1140, 1140)
2025-10-19 18:48:10 | INFO | EM.print | [ONLINE-AUG] mode=online name=random_permute_features noise_std=0.01 mask_rate=0.1 base_seed=0
2025-10-19 18:48:10 | INFO | EM.print | epoch: 2/ iteration: 1/ loss_train: 4.7247534 | task_loss:0.4315 cont_loss:8.0668 adv_loss:0.1878
2025-10-19 18:48:12 | INFO | EM.print | epoch: 0002 loss_train: 4.5249 task_loss: 0.3732 cont_loss: 7.8863 adv_loss: 0.0389 auroc_train: 0.9220 auprc_train: 0.9169 precision_train: 0.8401 recall_train: 0.8441 f1_train: 0.8421 cm_train: (tn=1802, fp=344, fn=334, tp=1808)
2025-10-19 18:48:12 | INFO | EM.print | -------- Epoch 3 --------
2025-10-19 18:48:12 | INFO | EM.print | [AUG][online][epoch=3][iter=0] start name=random_permute_features noise_std=0.01 mask_rate=0.1 seed=2000
2025-10-19 18:48:12 | INFO | EM.print | [AUG][online][epoch=3][iter=0] done name=random_permute_features shape=(1140, 1140)
2025-10-19 18:48:12 | INFO | EM.print | [ONLINE-AUG] mode=online name=random_permute_features noise_std=0.01 mask_rate=0.1 base_seed=0
2025-10-19 18:48:12 | INFO | EM.print | epoch: 3/ iteration: 1/ loss_train: 21.924324 | task_loss:1.1965 cont_loss:5.8730 adv_loss:36.3115
2025-10-19 18:48:18 | INFO | EM.print | epoch: 0003 loss_train: 5.1909 task_loss: 0.7372 cont_loss: 8.1742 adv_loss: 0.7267 auroc_train: 0.4396 auprc_train: 0.4613 precision_train: 0.4588 recall_train: 0.4704 f1_train: 0.4645 cm_train: (tn=953, fp=1190, fn=1136, tp=1009)
2025-10-19 18:48:18 | INFO | EM.print | -------- Epoch 4 --------
2025-10-19 18:48:18 | INFO | EM.print | [AUG][online][epoch=4][iter=0] start name=random_permute_features noise_std=0.01 mask_rate=0.1 seed=3000
2025-10-19 18:48:18 | INFO | EM.print | [AUG][online][epoch=4][iter=0] done name=random_permute_features shape=(1140, 1140)
2025-10-19 18:48:18 | INFO | EM.print | [ONLINE-AUG] mode=online name=random_permute_features noise_std=0.01 mask_rate=0.1 base_seed=0
2025-10-19 18:48:18 | INFO | EM.print | epoch: 4/ iteration: 1/ loss_train: 5.0580454 | task_loss:0.6859 cont_loss:7.9481 adv_loss:0.7559
2025-10-19 18:48:24 | INFO | EM.print | epoch: 0004 loss_train: 5.2356 task_loss: 0.6937 cont_loss: 8.2954 adv_loss: 0.7219 auroc_train: 0.5086 auprc_train: 0.5099 precision_train: 0.5135 recall_train: 0.5142 f1_train: 0.5139 cm_train: (tn=1098, fp=1045, fn=1042, tp=1103)
2025-10-19 18:48:24 | INFO | EM.print | -------- Epoch 5 --------
2025-10-19 18:48:24 | INFO | EM.print | [AUG][online][epoch=5][iter=0] start name=random_permute_features noise_std=0.01 mask_rate=0.1 seed=4000
2025-10-19 18:48:24 | INFO | EM.print | [AUG][online][epoch=5][iter=0] done name=random_permute_features shape=(1140, 1140)
2025-10-19 18:48:24 | INFO | EM.print | [ONLINE-AUG] mode=online name=random_permute_features noise_std=0.01 mask_rate=0.1 base_seed=0
2025-10-19 18:48:24 | INFO | EM.print | epoch: 5/ iteration: 1/ loss_train: 5.246964 | task_loss:0.6931 cont_loss:8.3141 adv_loss:0.7246
2025-10-19 18:48:30 | INFO | EM.print | epoch: 0005 loss_train: 5.2273 task_loss: 0.6899 cont_loss: 8.3003 adv_loss: 0.7033 auroc_train: 0.5008 auprc_train: 0.4990 precision_train: 0.5000 recall_train: 0.5161 f1_train: 0.5079 cm_train: (tn=1036, fp=1107, fn=1038, tp=1107)
2025-10-19 18:48:30 | INFO | EM.print | -------- Epoch 6 --------
2025-10-19 18:48:30 | INFO | EM.print | [AUG][online][epoch=6][iter=0] start name=random_permute_features noise_std=0.01 mask_rate=0.1 seed=5000
2025-10-19 18:48:30 | INFO | EM.print | [AUG][online][epoch=6][iter=0] done name=random_permute_features shape=(1140, 1140)
2025-10-19 18:48:30 | INFO | EM.print | [ONLINE-AUG] mode=online name=random_permute_features noise_std=0.01 mask_rate=0.1 base_seed=0
2025-10-19 18:48:30 | INFO | EM.print | epoch: 6/ iteration: 1/ loss_train: 5.219652 | task_loss:0.6995 cont_loss:8.2887 adv_loss:0.6922
2025-10-19 18:48:36 | INFO | EM.print | epoch: 0006 loss_train: 5.2270 task_loss: 0.6948 cont_loss: 8.3146 adv_loss: 0.6825 auroc_train: 0.4900 auprc_train: 0.4929 precision_train: 0.5008 recall_train: 0.4646 f1_train: 0.4820 cm_train: (tn=1145, fp=995, fn=1150, tp=998)
2025-10-19 18:48:36 | INFO | EM.print | -------- Epoch 7 --------
2025-10-19 18:48:36 | INFO | EM.print | [AUG][online][epoch=7][iter=0] start name=random_permute_features noise_std=0.01 mask_rate=0.1 seed=6000
2025-10-19 18:48:36 | INFO | EM.print | [AUG][online][epoch=7][iter=0] done name=random_permute_features shape=(1140, 1140)
2025-10-19 18:48:36 | INFO | EM.print | [ONLINE-AUG] mode=online name=random_permute_features noise_std=0.01 mask_rate=0.1 base_seed=0
2025-10-19 18:48:36 | INFO | EM.print | epoch: 7/ iteration: 1/ loss_train: 5.25001 | task_loss:0.7007 cont_loss:8.3080 adv_loss:0.7306
2025-10-19 18:48:43 | INFO | EM.print | epoch: 0007 loss_train: 5.2262 task_loss: 0.6958 cont_loss: 8.3172 adv_loss: 0.6772 auroc_train: 0.4858 auprc_train: 0.4868 precision_train: 0.4909 recall_train: 0.5506 f1_train: 0.5190 cm_train: (tn=918, fp=1225, fn=964, tp=1181)
2025-10-19 18:48:43 | INFO | EM.print | -------- Epoch 8 --------
2025-10-19 18:48:43 | INFO | EM.print | [AUG][online][epoch=8][iter=0] start name=random_permute_features noise_std=0.01 mask_rate=0.1 seed=7000
2025-10-19 18:48:43 | INFO | EM.print | [AUG][online][epoch=8][iter=0] done name=random_permute_features shape=(1140, 1140)
2025-10-19 18:48:43 | INFO | EM.print | [ONLINE-AUG] mode=online name=random_permute_features noise_std=0.01 mask_rate=0.1 base_seed=0
2025-10-19 18:48:43 | INFO | EM.print | epoch: 8/ iteration: 1/ loss_train: 5.231566 | task_loss:0.6979 cont_loss:8.3108 adv_loss:0.6931
2025-10-19 18:48:49 | INFO | EM.print | epoch: 0008 loss_train: 5.2267 task_loss: 0.6828 cont_loss: 8.3186 adv_loss: 0.6884 auroc_train: 0.5049 auprc_train: 0.5037 precision_train: 0.5015 recall_train: 0.5359 f1_train: 0.5181 cm_train: (tn=999, fp=1143, fn=996, tp=1150)
2025-10-19 18:48:49 | INFO | EM.print | -------- Epoch 9 --------
2025-10-19 18:48:49 | INFO | EM.print | [AUG][online][epoch=9][iter=0] start name=random_permute_features noise_std=0.01 mask_rate=0.1 seed=8000
2025-10-19 18:48:49 | INFO | EM.print | [AUG][online][epoch=9][iter=0] done name=random_permute_features shape=(1140, 1140)
2025-10-19 18:48:49 | INFO | EM.print | [ONLINE-AUG] mode=online name=random_permute_features noise_std=0.01 mask_rate=0.1 base_seed=0
2025-10-19 18:48:49 | INFO | EM.print | epoch: 9/ iteration: 1/ loss_train: 5.231735 | task_loss:0.7011 cont_loss:8.3153 adv_loss:0.6856
2025-10-19 18:48:55 | INFO | EM.print | epoch: 0009 loss_train: 5.2227 task_loss: 0.6886 cont_loss: 8.3183 adv_loss: 0.6755 auroc_train: 0.4958 auprc_train: 0.4948 precision_train: 0.5026 recall_train: 0.4077 f1_train: 0.4502 cm_train: (tn=1276, fp=866, fn=1271, tp=875)
2025-10-19 18:48:55 | INFO | EM.print | -------- Epoch 10 --------
2025-10-19 18:48:55 | INFO | EM.print | [AUG][online][epoch=10][iter=0] start name=random_permute_features noise_std=0.01 mask_rate=0.1 seed=9000
2025-10-19 18:48:55 | INFO | EM.print | [AUG][online][epoch=10][iter=0] done name=random_permute_features shape=(1140, 1140)
2025-10-19 18:48:55 | INFO | EM.print | [ONLINE-AUG] mode=online name=random_permute_features noise_std=0.01 mask_rate=0.1 base_seed=0
2025-10-19 18:48:55 | INFO | EM.print | epoch: 10/ iteration: 1/ loss_train: 5.2272673 | task_loss:0.6968 cont_loss:8.3173 adv_loss:0.6783
2025-10-19 18:49:01 | INFO | EM.print | epoch: 0010 loss_train: 5.2088 task_loss: 0.6935 cont_loss: 8.3050 adv_loss: 0.6579 auroc_train: 0.4768 auprc_train: 0.4801 precision_train: 0.4822 recall_train: 0.3784 f1_train: 0.4241 cm_train: (tn=1274, fp=871, fn=1332, tp=811)
2025-10-19 18:49:01 | INFO | EM.print | Optimization Finished!
2025-10-19 18:49:01 | INFO | EM.result.save | Saved result text: /root/OUTPUT/result/LMI_stageA_eps0.012_steps3_data_20251019_184443/metrics/train_epoch_metrics_fold_4_20251019_184443.csv.txt
2025-10-19 18:49:01 | INFO | EM.print | [SAVE] Per-epoch train metrics saved: train_epoch_metrics_fold_4_20251019_184443.csv
2025-10-19 18:49:02 | INFO | EM.result.save | Saved result text: /root/OUTPUT/result/LMI_stageA_eps0.012_steps3_data_20251019_184443/metrics/threshold_scan_fold_4_20251019_184443.txt
2025-10-19 18:49:02 | INFO | EM.print | loss_test: 5.2067 auroc_test: 0.8036 auprc_test: 0.7813 precision_test: 0.5020 recall_test: 1.0000 f1_test: 0.6684 cm_test: (tn=0, fp=510, fn=0, tp=514)
2025-10-19 18:49:02 | INFO | EM | Fold 4 completed.
2025-10-19 18:49:02 | INFO | EM | === Fold 5/5 ===
2025-10-19 18:49:02 | INFO | EM.result.save | Saved result text: /root/OUTPUT/result/LMI_stageA_eps0.012_steps3_data_20251019_184443/metrics/adv_config_fold_5_20251019_184443.json.txt
2025-10-19 18:49:02 | INFO | EM.print | [SAVE] adv config saved: metrics/adv_config_fold_5_20251019_184443.json
2025-10-19 18:49:02 | INFO | EM.print | Start Training...
2025-10-19 18:49:02 | INFO | EM.print | -------- Epoch 1 --------
2025-10-19 18:49:02 | INFO | EM.print | [AUG][online][epoch=1][iter=0] start name=random_permute_features noise_std=0.01 mask_rate=0.1 seed=0
2025-10-19 18:49:02 | INFO | EM.print | [AUG][online][epoch=1][iter=0] done name=random_permute_features shape=(1140, 1140)
2025-10-19 18:49:02 | INFO | EM.print | [ONLINE-AUG] mode=online name=random_permute_features noise_std=0.01 mask_rate=0.1 base_seed=0
2025-10-19 18:49:02 | INFO | EM.print | epoch: 1/ iteration: 1/ loss_train: 0.7212974 | task_loss:0.6810 cont_loss:0.0923 adv_loss:0.7282
2025-10-19 18:49:04 | INFO | EM.print | epoch: 0001 loss_train: 4.6898 task_loss: 0.4810 cont_loss: 8.0321 adv_loss: 0.1114 auroc_train: 0.8674 auprc_train: 0.8572 precision_train: 0.7649 recall_train: 0.8120 f1_train: 0.7878 cm_train: (tn=1609, fp=535, fn=403, tp=1741)
2025-10-19 18:49:04 | INFO | EM.print | -------- Epoch 2 --------
2025-10-19 18:49:04 | INFO | EM.print | [AUG][online][epoch=2][iter=0] start name=random_permute_features noise_std=0.01 mask_rate=0.1 seed=1000
2025-10-19 18:49:04 | INFO | EM.print | [AUG][online][epoch=2][iter=0] done name=random_permute_features shape=(1140, 1140)
2025-10-19 18:49:04 | INFO | EM.print | [ONLINE-AUG] mode=online name=random_permute_features noise_std=0.01 mask_rate=0.1 base_seed=0
2025-10-19 18:49:04 | INFO | EM.print | epoch: 2/ iteration: 1/ loss_train: 4.6016994 | task_loss:0.2901 cont_loss:8.0558 adv_loss:0.0810
2025-10-19 18:49:06 | INFO | EM.print | epoch: 0002 loss_train: 4.5618 task_loss: 0.4181 cont_loss: 7.9302 adv_loss: 0.0242 auroc_train: 0.9375 auprc_train: 0.9373 precision_train: 0.8557 recall_train: 0.8549 f1_train: 0.8553 cm_train: (tn=1836, fp=309, fn=311, tp=1832)
2025-10-19 18:49:06 | INFO | EM.print | -------- Epoch 3 --------
2025-10-19 18:49:06 | INFO | EM.print | [AUG][online][epoch=3][iter=0] start name=random_permute_features noise_std=0.01 mask_rate=0.1 seed=2000
2025-10-19 18:49:06 | INFO | EM.print | [AUG][online][epoch=3][iter=0] done name=random_permute_features shape=(1140, 1140)
2025-10-19 18:49:06 | INFO | EM.print | [ONLINE-AUG] mode=online name=random_permute_features noise_std=0.01 mask_rate=0.1 base_seed=0
2025-10-19 18:49:06 | INFO | EM.print | epoch: 3/ iteration: 1/ loss_train: 21.869955 | task_loss:1.1743 cont_loss:6.7025 adv_loss:35.3103
2025-10-19 18:49:12 | INFO | EM.print | epoch: 0003 loss_train: 5.2234 task_loss: 0.7022 cont_loss: 8.2679 adv_loss: 0.7202 auroc_train: 0.4425 auprc_train: 0.4494 precision_train: 0.4642 recall_train: 0.5210 f1_train: 0.4910 cm_train: (tn=858, fp=1288, fn=1026, tp=1116)
2025-10-19 18:49:12 | INFO | EM.print | -------- Epoch 4 --------
2025-10-19 18:49:12 | INFO | EM.print | [AUG][online][epoch=4][iter=0] start name=random_permute_features noise_std=0.01 mask_rate=0.1 seed=3000
2025-10-19 18:49:12 | INFO | EM.print | [AUG][online][epoch=4][iter=0] done name=random_permute_features shape=(1140, 1140)
2025-10-19 18:49:12 | INFO | EM.print | [ONLINE-AUG] mode=online name=random_permute_features noise_std=0.01 mask_rate=0.1 base_seed=0
2025-10-19 18:49:12 | INFO | EM.print | epoch: 4/ iteration: 1/ loss_train: 5.207292 | task_loss:0.6960 cont_loss:8.2377 adv_loss:0.7267
2025-10-19 18:49:18 | INFO | EM.print | epoch: 0004 loss_train: 5.2246 task_loss: 0.7250 cont_loss: 8.2707 adv_loss: 0.6990 auroc_train: 0.4926 auprc_train: 0.4933 precision_train: 0.4939 recall_train: 0.4921 f1_train: 0.4930 cm_train: (tn=1060, fp=1082, fn=1090, tp=1056)
2025-10-19 18:49:18 | INFO | EM.print | -------- Epoch 5 --------
2025-10-19 18:49:18 | INFO | EM.print | [AUG][online][epoch=5][iter=0] start name=random_permute_features noise_std=0.01 mask_rate=0.1 seed=4000
2025-10-19 18:49:18 | INFO | EM.print | [AUG][online][epoch=5][iter=0] done name=random_permute_features shape=(1140, 1140)
2025-10-19 18:49:18 | INFO | EM.print | [ONLINE-AUG] mode=online name=random_permute_features noise_std=0.01 mask_rate=0.1 base_seed=0
2025-10-19 18:49:18 | INFO | EM.print | epoch: 5/ iteration: 1/ loss_train: 5.2033367 | task_loss:0.7013 cont_loss:8.2527 adv_loss:0.6975
2025-10-19 18:49:24 | INFO | EM.print | epoch: 0005 loss_train: 5.2211 task_loss: 0.6937 cont_loss: 8.2931 adv_loss: 0.6956 auroc_train: 0.4994 auprc_train: 0.4940 precision_train: 0.5054 recall_train: 0.4576 f1_train: 0.4803 cm_train: (tn=1184, fp=960, fn=1163, tp=981)
2025-10-19 18:49:24 | INFO | EM.print | -------- Epoch 6 --------
2025-10-19 18:49:24 | INFO | EM.print | [AUG][online][epoch=6][iter=0] start name=random_permute_features noise_std=0.01 mask_rate=0.1 seed=5000
2025-10-19 18:49:24 | INFO | EM.print | [AUG][online][epoch=6][iter=0] done name=random_permute_features shape=(1140, 1140)
2025-10-19 18:49:24 | INFO | EM.print | [ONLINE-AUG] mode=online name=random_permute_features noise_std=0.01 mask_rate=0.1 base_seed=0
2025-10-19 18:49:25 | INFO | EM.print | epoch: 6/ iteration: 1/ loss_train: 5.22856 | task_loss:0.6950 cont_loss:8.3017 adv_loss:0.6998
2025-10-19 18:49:30 | INFO | EM.print | epoch: 0006 loss_train: 5.2271 task_loss: 0.6924 cont_loss: 8.3057 adv_loss: 0.6948 auroc_train: 0.4917 auprc_train: 0.4900 precision_train: 0.4947 recall_train: 0.5673 f1_train: 0.5285 cm_train: (tn=897, fp=1244, fn=929, tp=1218)
2025-10-19 18:49:30 | INFO | EM.print | -------- Epoch 7 --------
2025-10-19 18:49:30 | INFO | EM.print | [AUG][online][epoch=7][iter=0] start name=random_permute_features noise_std=0.01 mask_rate=0.1 seed=6000
2025-10-19 18:49:30 | INFO | EM.print | [AUG][online][epoch=7][iter=0] done name=random_permute_features shape=(1140, 1140)
2025-10-19 18:49:30 | INFO | EM.print | [ONLINE-AUG] mode=online name=random_permute_features noise_std=0.01 mask_rate=0.1 base_seed=0
2025-10-19 18:49:30 | INFO | EM.print | epoch: 7/ iteration: 1/ loss_train: 5.21976 | task_loss:0.6891 cont_loss:8.2965 adv_loss:0.6933
2025-10-19 18:49:37 | INFO | EM.print | epoch: 0007 loss_train: 5.2279 task_loss: 0.6989 cont_loss: 8.3023 adv_loss: 0.6943 auroc_train: 0.5009 auprc_train: 0.4957 precision_train: 0.4998 recall_train: 0.6545 f1_train: 0.5668 cm_train: (tn=738, fp=1405, fn=741, tp=1404)
2025-10-19 18:49:37 | INFO | EM.print | -------- Epoch 8 --------
2025-10-19 18:49:37 | INFO | EM.print | [AUG][online][epoch=8][iter=0] start name=random_permute_features noise_std=0.01 mask_rate=0.1 seed=7000
2025-10-19 18:49:37 | INFO | EM.print | [AUG][online][epoch=8][iter=0] done name=random_permute_features shape=(1140, 1140)
2025-10-19 18:49:37 | INFO | EM.print | [ONLINE-AUG] mode=online name=random_permute_features noise_std=0.01 mask_rate=0.1 base_seed=0
2025-10-19 18:49:37 | INFO | EM.print | epoch: 8/ iteration: 1/ loss_train: 5.2262135 | task_loss:0.6967 cont_loss:8.3009 adv_loss:0.6943
2025-10-19 18:49:44 | INFO | EM.print | epoch: 0008 loss_train: 5.2259 task_loss: 0.6960 cont_loss: 8.3017 adv_loss: 0.6936 auroc_train: 0.4958 auprc_train: 0.4953 precision_train: 0.4994 recall_train: 0.6026 f1_train: 0.5462 cm_train: (tn=849, fp=1295, fn=852, tp=1292)
2025-10-19 18:49:44 | INFO | EM.print | -------- Epoch 9 --------
2025-10-19 18:49:44 | INFO | EM.print | [AUG][online][epoch=9][iter=0] start name=random_permute_features noise_std=0.01 mask_rate=0.1 seed=8000
2025-10-19 18:49:44 | INFO | EM.print | [AUG][online][epoch=9][iter=0] done name=random_permute_features shape=(1140, 1140)
2025-10-19 18:49:44 | INFO | EM.print | [ONLINE-AUG] mode=online name=random_permute_features noise_std=0.01 mask_rate=0.1 base_seed=0
2025-10-19 18:49:44 | INFO | EM.print | epoch: 9/ iteration: 1/ loss_train: 5.2222614 | task_loss:0.6951 cont_loss:8.2964 adv_loss:0.6929
2025-10-19 18:49:51 | INFO | EM.print | epoch: 0009 loss_train: 5.2221 task_loss: 0.6945 cont_loss: 8.3005 adv_loss: 0.6886 auroc_train: 0.4818 auprc_train: 0.4918 precision_train: 0.4919 recall_train: 0.4377 f1_train: 0.4632 cm_train: (tn=1176, fp=969, fn=1205, tp=938)
2025-10-19 18:49:51 | INFO | EM.print | -------- Epoch 10 --------
2025-10-19 18:49:51 | INFO | EM.print | [AUG][online][epoch=10][iter=0] start name=random_permute_features noise_std=0.01 mask_rate=0.1 seed=9000
2025-10-19 18:49:51 | INFO | EM.print | [AUG][online][epoch=10][iter=0] done name=random_permute_features shape=(1140, 1140)
2025-10-19 18:49:51 | INFO | EM.print | [ONLINE-AUG] mode=online name=random_permute_features noise_std=0.01 mask_rate=0.1 base_seed=0
2025-10-19 18:49:51 | INFO | EM.print | epoch: 10/ iteration: 1/ loss_train: 5.2049546 | task_loss:0.6871 cont_loss:8.2844 adv_loss:0.6786
2025-10-19 18:49:58 | INFO | EM.print | epoch: 0010 loss_train: 5.2222 task_loss: 0.6945 cont_loss: 8.3018 adv_loss: 0.6874 auroc_train: 0.4959 auprc_train: 0.4985 precision_train: 0.4949 recall_train: 0.5385 f1_train: 0.5158 cm_train: (tn=967, fp=1178, fn=989, tp=1154)
2025-10-19 18:49:58 | INFO | EM.print | Optimization Finished!
2025-10-19 18:49:58 | INFO | EM.result.save | Saved result text: /root/OUTPUT/result/LMI_stageA_eps0.012_steps3_data_20251019_184443/metrics/train_epoch_metrics_fold_5_20251019_184443.csv.txt
2025-10-19 18:49:58 | INFO | EM.print | [SAVE] Per-epoch train metrics saved: train_epoch_metrics_fold_5_20251019_184443.csv
2025-10-19 18:49:59 | INFO | EM.result.save | Saved result text: /root/OUTPUT/result/LMI_stageA_eps0.012_steps3_data_20251019_184443/metrics/threshold_scan_fold_5_20251019_184443.txt
2025-10-19 18:49:59 | INFO | EM.print | loss_test: 5.2256 auroc_test: 0.8887 auprc_test: 0.8792 precision_test: 0.5010 recall_test: 1.0000 f1_test: 0.6675 cm_test: (tn=0, fp=511, fn=0, tp=513)
2025-10-19 18:49:59 | INFO | EM | Fold 5 completed.
2025-10-19 18:49:59 | INFO | EM | === 5-Fold Cross Validation Results ===
2025-10-19 18:49:59 | INFO | EM | AUROC: 0.7912 ± 0.0880
2025-10-19 18:49:59 | INFO | EM | AUPRC: 0.7883 ± 0.0795
2025-10-19 18:49:59 | INFO | EM | F1-Score: 0.5335 ± 0.2668
2025-10-19 18:49:59 | INFO | EM | Loss: 5.2187 ± 0.0069
2025-10-19 18:49:59 | INFO | EM.result.save | Saved result text: /root/OUTPUT/result/LMI_stageA_eps0.012_steps3_data_20251019_184443/result_summary_20251019_184443.txt
2025-10-19 18:49:59 | INFO | EM | Detailed Results:
2025-10-19 18:49:59 | INFO | EM | Fold 1: AUROC=0.8501, AUPRC=0.8395, F1=0.0000
2025-10-19 18:49:59 | INFO | EM | Fold 2: AUROC=0.6316, AUPRC=0.6448, F1=0.6658
2025-10-19 18:49:59 | INFO | EM | Fold 3: AUROC=0.7820, AUPRC=0.7968, F1=0.6658
2025-10-19 18:49:59 | INFO | EM | Fold 4: AUROC=0.8036, AUPRC=0.7813, F1=0.6684
2025-10-19 18:49:59 | INFO | EM | Fold 5: AUROC=0.8887, AUPRC=0.8792, F1=0.6675
2025-10-19 18:49:59 | INFO | EM.result.save | Saved result text: /root/OUTPUT/result/LMI_stageA_eps0.012_steps3_data_20251019_184443/per_fold_20251019_184443.txt
2025-10-19 18:49:59 | INFO | EM.result.save | Saved result text: /root/OUTPUT/result/LMI_stageA_eps0.012_steps3_data_20251019_184443/metrics/result_extra_20251019_184443.txt
2025-10-19 18:49:59 | INFO | EM | Precision: 0.4002 ± 0.2001
2025-10-19 18:49:59 | INFO | EM | Recall: 0.8000 ± 0.4000
2025-10-19 18:49:59 | INFO | EM | Confusion Matrix (sum): tn=510, fp=2047, fn=514, tp=2049
2025-10-19 18:49:59 | INFO | EM | All folds completed!
2025-10-19 18:49:59 | INFO | EM | ================================================================================
2025-10-19 18:49:59 | INFO | EM | RUN END   | run_id=20251019_184443 | run_name=LMI_stageA_eps0.012_steps3
2025-10-19 18:49:59 | INFO | EM | RESULT DIR: /root/OUTPUT/result/LMI_stageA_eps0.012_steps3_data_20251019_184443
2025-10-19 18:49:59 | INFO | EM | ================================================================================
