2025-10-19 19:37:30 | INFO | EM | ================================================================================
2025-10-19 19:37:30 | INFO | EM | RUN START | run_id=20251019_193730 | run_name=MDA_stageA_eps0.015_steps5
2025-10-19 19:37:30 | INFO | EM | COMMAND: /root/miniconda3/bin/python /root/hyperparameter-tuning/main.py --task_type MDA --run_name MDA_stageA_eps0.015_steps5 --feature_type one_hot --batch 64 --lr 0.0005 --weight_decay 0.0005 --dropout 0.05 --epochs 10 --augment_mode online --moco_queue 4096 --moco_momentum 0.99 --moco_t 0.07 --loss_ratio1 0.45 --loss_ratio2 0.55 --loss_ratio3 0.5 --enable_threshold_scan true --threshold_min 0.35 --threshold_max 0.65 --threshold_step 0.01 --enable_temp_scaling true --temp_grid_min 0.5 --temp_grid_max 3.0 --temp_grid_num 26 --adv_warmup_end 3 --adv_mode mgraph --adv_norm linf --adv_rand_init true --adv_project true --adv_on_moco true --adv_eps 0.015 --adv_alpha 0.003 --adv_steps 5
2025-10-19 19:37:30 | INFO | EM | ================================================================================
2025-10-19 19:37:30 | INFO | EM.result | Result directory: /root/OUTPUT/result/MDA_stageA_eps0.015_steps5_data_20251019_193730
2025-10-19 19:37:30 | INFO | EM | Initialized logging and result directory.
2025-10-19 19:37:30 | INFO | EM | Using CUDA: True
2025-10-19 19:37:30 | INFO | EM | CUDA device count: 1
2025-10-19 19:37:30 | INFO | EM | Current CUDA device: 0
2025-10-19 19:37:30 | INFO | EM | CUDA device name: NVIDIA GeForce RTX 4090
2025-10-19 19:37:30 | INFO | EM | === Augmentation Config ===
2025-10-19 19:37:30 | INFO | EM | [AUG CONFIG] Multiple augmentations detected: random_permute_features, attribute_mask, noise_then_mask
2025-10-19 19:37:30 | INFO | EM | augment=random_permute_features,attribute_mask,noise_then_mask | mode=online | noise_std=0.01 | mask_rate=0.1 | augment_seed=None (None means seed+fold for static)
2025-10-19 19:37:30 | INFO | EM | ===========================
2025-10-19 19:37:30 | INFO | EM | Loading dataset1/LDA.edgelist seed0 dataset...
2025-10-19 19:37:30 | INFO | EM | Selected cross_validation type: 5_cv1
2025-10-19 19:37:30 | INFO | EM | Selected task_type: MDA
2025-10-19 19:37:30 | INFO | EM | Selected feature_type: one_hot
2025-10-19 19:37:30 | INFO | EM | Selected embed_dim: N/A
2025-10-19 19:37:30 | INFO | EM | Selected learning_rate: N/A
2025-10-19 19:37:30 | INFO | EM | Selected epochs: 10
2025-10-19 19:37:30 | INFO | EM | Selected task type...
2025-10-19 19:37:36 | INFO | EM.print | [AUG][static][fold=1] start name=random_permute_features noise_std=0.01 mask_rate=0.1 seed=0
2025-10-19 19:37:36 | INFO | EM.print | [AUG][static][fold=1] done name=random_permute_features shape=(1140, 1140)
2025-10-19 19:37:36 | INFO | EM.augment | [AUGMENT][fold=1] name=random_permute_features noise_std=0.01 mask_rate=0.1 seed=0 masked_cols=0 shape=(1140, 1140) mean=0.0009 std=0.0296
2025-10-19 19:37:42 | INFO | EM.print | [AUG][static][fold=2] start name=random_permute_features noise_std=0.01 mask_rate=0.1 seed=1
2025-10-19 19:37:42 | INFO | EM.print | [AUG][static][fold=2] done name=random_permute_features shape=(1140, 1140)
2025-10-19 19:37:42 | INFO | EM.augment | [AUGMENT][fold=2] name=random_permute_features noise_std=0.01 mask_rate=0.1 seed=1 masked_cols=0 shape=(1140, 1140) mean=0.0009 std=0.0296
2025-10-19 19:37:48 | INFO | EM.print | [AUG][static][fold=3] start name=random_permute_features noise_std=0.01 mask_rate=0.1 seed=2
2025-10-19 19:37:48 | INFO | EM.print | [AUG][static][fold=3] done name=random_permute_features shape=(1140, 1140)
2025-10-19 19:37:48 | INFO | EM.augment | [AUGMENT][fold=3] name=random_permute_features noise_std=0.01 mask_rate=0.1 seed=2 masked_cols=0 shape=(1140, 1140) mean=0.0009 std=0.0296
2025-10-19 19:37:55 | INFO | EM.print | [AUG][static][fold=4] start name=random_permute_features noise_std=0.01 mask_rate=0.1 seed=3
2025-10-19 19:37:55 | INFO | EM.print | [AUG][static][fold=4] done name=random_permute_features shape=(1140, 1140)
2025-10-19 19:37:55 | INFO | EM.augment | [AUGMENT][fold=4] name=random_permute_features noise_std=0.01 mask_rate=0.1 seed=3 masked_cols=0 shape=(1140, 1140) mean=0.0009 std=0.0296
2025-10-19 19:38:01 | INFO | EM.print | [AUG][static][fold=5] start name=random_permute_features noise_std=0.01 mask_rate=0.1 seed=4
2025-10-19 19:38:01 | INFO | EM.print | [AUG][static][fold=5] done name=random_permute_features shape=(1140, 1140)
2025-10-19 19:38:01 | INFO | EM.augment | [AUGMENT][fold=5] name=random_permute_features noise_std=0.01 mask_rate=0.1 seed=4 masked_cols=0 shape=(1140, 1140) mean=0.0009 std=0.0296
2025-10-19 19:38:01 | INFO | EM | [DATALOADER] os=linux workers=8 prefetch_factor=4
2025-10-19 19:38:01 | INFO | EM.fold_stats | Saved fold stats to /root/OUTPUT/result/metrics/fold_stats.json
2025-10-19 19:38:01 | INFO | EM | Loading finished!
2025-10-19 19:38:01 | INFO | EM | Starting 5-fold cross validation...
2025-10-19 19:38:01 | INFO | EM | === Fold 1/5 ===
2025-10-19 19:38:01 | INFO | EM.result.save | Saved result text: /root/OUTPUT/result/MDA_stageA_eps0.015_steps5_data_20251019_193730/metrics/adv_config_fold_1_20251019_193730.json.txt
2025-10-19 19:38:01 | INFO | EM.print | [SAVE] adv config saved: metrics/adv_config_fold_1_20251019_193730.json
2025-10-19 19:38:01 | INFO | EM.print | Start Training...
2025-10-19 19:38:01 | INFO | EM.print | -------- Epoch 1 --------
2025-10-19 19:38:01 | INFO | EM.print | [AUG][online][epoch=1][iter=0] start name=random_permute_features noise_std=0.01 mask_rate=0.1 seed=0
2025-10-19 19:38:01 | INFO | EM.print | [AUG][online][epoch=1][iter=0] done name=random_permute_features shape=(1140, 1140)
2025-10-19 19:38:01 | INFO | EM.print | [ONLINE-AUG] mode=online name=random_permute_features noise_std=0.01 mask_rate=0.1 base_seed=0
2025-10-19 19:38:02 | INFO | EM.print | epoch: 1/ iteration: 1/ loss_train: 0.79234046 | task_loss:0.6691 cont_loss:0.2595 adv_loss:0.6971
2025-10-19 19:38:03 | INFO | EM.print | epoch: 0001 loss_train: 4.6257 task_loss: 0.3434 cont_loss: 8.0679 adv_loss: 0.0676 auroc_train: 0.8871 auprc_train: 0.8900 precision_train: 0.7882 recall_train: 0.8228 f1_train: 0.8051 cm_train: (tn=1670, fp=474, fn=380, tp=1764)
2025-10-19 19:38:03 | INFO | EM.print | -------- Epoch 2 --------
2025-10-19 19:38:03 | INFO | EM.print | [AUG][online][epoch=2][iter=0] start name=random_permute_features noise_std=0.01 mask_rate=0.1 seed=1000
2025-10-19 19:38:03 | INFO | EM.print | [AUG][online][epoch=2][iter=0] done name=random_permute_features shape=(1140, 1140)
2025-10-19 19:38:03 | INFO | EM.print | [ONLINE-AUG] mode=online name=random_permute_features noise_std=0.01 mask_rate=0.1 base_seed=0
2025-10-19 19:38:03 | INFO | EM.print | epoch: 2/ iteration: 1/ loss_train: 4.613139 | task_loss:0.2882 cont_loss:8.0880 adv_loss:0.0701
2025-10-19 19:38:05 | INFO | EM.print | epoch: 0002 loss_train: 4.4311 task_loss: 0.2230 cont_loss: 7.8557 adv_loss: 0.0203 auroc_train: 0.9473 auprc_train: 0.9411 precision_train: 0.8758 recall_train: 0.8843 f1_train: 0.8800 cm_train: (tn=1875, fp=269, fn=248, tp=1896)
2025-10-19 19:38:05 | INFO | EM.print | -------- Epoch 3 --------
2025-10-19 19:38:05 | INFO | EM.print | [AUG][online][epoch=3][iter=0] start name=random_permute_features noise_std=0.01 mask_rate=0.1 seed=2000
2025-10-19 19:38:05 | INFO | EM.print | [AUG][online][epoch=3][iter=0] done name=random_permute_features shape=(1140, 1140)
2025-10-19 19:38:05 | INFO | EM.print | [ONLINE-AUG] mode=online name=random_permute_features noise_std=0.01 mask_rate=0.1 base_seed=0
2025-10-19 19:38:05 | INFO | EM.print | epoch: 3/ iteration: 1/ loss_train: 25.440172 | task_loss:0.9886 cont_loss:6.7202 adv_loss:42.5984
2025-10-19 19:38:12 | INFO | EM.print | epoch: 0003 loss_train: 5.2781 task_loss: 0.7321 cont_loss: 8.3164 adv_loss: 0.7493 auroc_train: 0.4322 auprc_train: 0.4398 precision_train: 0.4629 recall_train: 0.4417 f1_train: 0.4520 cm_train: (tn=1045, fp=1099, fn=1197, tp=947)
2025-10-19 19:38:12 | INFO | EM.print | -------- Epoch 4 --------
2025-10-19 19:38:12 | INFO | EM.print | [AUG][online][epoch=4][iter=0] start name=random_permute_features noise_std=0.01 mask_rate=0.1 seed=3000
2025-10-19 19:38:12 | INFO | EM.print | [AUG][online][epoch=4][iter=0] done name=random_permute_features shape=(1140, 1140)
2025-10-19 19:38:12 | INFO | EM.print | [ONLINE-AUG] mode=online name=random_permute_features noise_std=0.01 mask_rate=0.1 base_seed=0
2025-10-19 19:38:13 | INFO | EM.print | epoch: 4/ iteration: 1/ loss_train: 5.247627 | task_loss:0.6891 cont_loss:8.3090 adv_loss:0.7352
2025-10-19 19:38:20 | INFO | EM.print | epoch: 0004 loss_train: 5.2387 task_loss: 0.6988 cont_loss: 8.3064 adv_loss: 0.7114 auroc_train: 0.4941 auprc_train: 0.4967 precision_train: 0.4955 recall_train: 0.4109 f1_train: 0.4493 cm_train: (tn=1247, fp=897, fn=1263, tp=881)
2025-10-19 19:38:20 | INFO | EM.print | -------- Epoch 5 --------
2025-10-19 19:38:20 | INFO | EM.print | [AUG][online][epoch=5][iter=0] start name=random_permute_features noise_std=0.01 mask_rate=0.1 seed=4000
2025-10-19 19:38:20 | INFO | EM.print | [AUG][online][epoch=5][iter=0] done name=random_permute_features shape=(1140, 1140)
2025-10-19 19:38:20 | INFO | EM.print | [ONLINE-AUG] mode=online name=random_permute_features noise_std=0.01 mask_rate=0.1 base_seed=0
2025-10-19 19:38:20 | INFO | EM.print | epoch: 5/ iteration: 1/ loss_train: 5.235894 | task_loss:0.6970 cont_loss:8.3057 adv_loss:0.7083
2025-10-19 19:38:28 | INFO | EM.print | epoch: 0005 loss_train: 5.2419 task_loss: 0.6964 cont_loss: 8.3152 adv_loss: 0.7102 auroc_train: 0.4954 auprc_train: 0.4929 precision_train: 0.4937 recall_train: 0.5114 f1_train: 0.5024 cm_train: (tn=1021, fp=1124, fn=1047, tp=1096)
2025-10-19 19:38:28 | INFO | EM.print | -------- Epoch 6 --------
2025-10-19 19:38:28 | INFO | EM.print | [AUG][online][epoch=6][iter=0] start name=random_permute_features noise_std=0.01 mask_rate=0.1 seed=5000
2025-10-19 19:38:28 | INFO | EM.print | [AUG][online][epoch=6][iter=0] done name=random_permute_features shape=(1140, 1140)
2025-10-19 19:38:28 | INFO | EM.print | [ONLINE-AUG] mode=online name=random_permute_features noise_std=0.01 mask_rate=0.1 base_seed=0
2025-10-19 19:38:28 | INFO | EM.print | epoch: 6/ iteration: 1/ loss_train: 5.23701 | task_loss:0.6910 cont_loss:8.3139 adv_loss:0.7069
2025-10-19 19:38:36 | INFO | EM.print | epoch: 0006 loss_train: 5.2353 task_loss: 0.6922 cont_loss: 8.3149 adv_loss: 0.7012 auroc_train: 0.4917 auprc_train: 0.4924 precision_train: 0.4946 recall_train: 0.5946 f1_train: 0.5400 cm_train: (tn=838, fp=1304, fn=870, tp=1276)
2025-10-19 19:38:36 | INFO | EM.print | -------- Epoch 7 --------
2025-10-19 19:38:36 | INFO | EM.print | [AUG][online][epoch=7][iter=0] start name=random_permute_features noise_std=0.01 mask_rate=0.1 seed=6000
2025-10-19 19:38:36 | INFO | EM.print | [AUG][online][epoch=7][iter=0] done name=random_permute_features shape=(1140, 1140)
2025-10-19 19:38:36 | INFO | EM.print | [ONLINE-AUG] mode=online name=random_permute_features noise_std=0.01 mask_rate=0.1 base_seed=0
2025-10-19 19:38:36 | INFO | EM.print | epoch: 7/ iteration: 1/ loss_train: 5.23425 | task_loss:0.6907 cont_loss:8.3145 adv_loss:0.7009
2025-10-19 19:38:44 | INFO | EM.print | epoch: 0007 loss_train: 5.2428 task_loss: 0.7108 cont_loss: 8.3151 adv_loss: 0.6992 auroc_train: 0.4935 auprc_train: 0.4921 precision_train: 0.4883 recall_train: 0.4272 f1_train: 0.4557 cm_train: (tn=1184, fp=960, fn=1228, tp=916)
2025-10-19 19:38:44 | INFO | EM.print | -------- Epoch 8 --------
2025-10-19 19:38:44 | INFO | EM.print | [AUG][online][epoch=8][iter=0] start name=random_permute_features noise_std=0.01 mask_rate=0.1 seed=7000
2025-10-19 19:38:44 | INFO | EM.print | [AUG][online][epoch=8][iter=0] done name=random_permute_features shape=(1140, 1140)
2025-10-19 19:38:44 | INFO | EM.print | [ONLINE-AUG] mode=online name=random_permute_features noise_std=0.01 mask_rate=0.1 base_seed=0
2025-10-19 19:38:44 | INFO | EM.print | epoch: 8/ iteration: 1/ loss_train: 5.2371216 | task_loss:0.6936 cont_loss:8.3179 adv_loss:0.7003
2025-10-19 19:38:53 | INFO | EM.print | epoch: 0008 loss_train: 5.2365 task_loss: 0.6958 cont_loss: 8.3167 adv_loss: 0.6983 auroc_train: 0.4936 auprc_train: 0.4931 precision_train: 0.4942 recall_train: 0.5935 f1_train: 0.5393 cm_train: (tn=840, fp=1303, fn=872, tp=1273)
2025-10-19 19:38:53 | INFO | EM.print | -------- Epoch 9 --------
2025-10-19 19:38:53 | INFO | EM.print | [AUG][online][epoch=9][iter=0] start name=random_permute_features noise_std=0.01 mask_rate=0.1 seed=8000
2025-10-19 19:38:53 | INFO | EM.print | [AUG][online][epoch=9][iter=0] done name=random_permute_features shape=(1140, 1140)
2025-10-19 19:38:53 | INFO | EM.print | [ONLINE-AUG] mode=online name=random_permute_features noise_std=0.01 mask_rate=0.1 base_seed=0
2025-10-19 19:38:53 | INFO | EM.print | epoch: 9/ iteration: 1/ loss_train: 5.234325 | task_loss:0.6920 cont_loss:8.3169 adv_loss:0.6972
2025-10-19 19:39:01 | INFO | EM.print | epoch: 0009 loss_train: 5.2323 task_loss: 0.6885 cont_loss: 8.3151 adv_loss: 0.6984 auroc_train: 0.4879 auprc_train: 0.4895 precision_train: 0.4965 recall_train: 0.5229 f1_train: 0.5093 cm_train: (tn=1010, fp=1136, fn=1022, tp=1120)
2025-10-19 19:39:01 | INFO | EM.print | -------- Epoch 10 --------
2025-10-19 19:39:01 | INFO | EM.print | [AUG][online][epoch=10][iter=0] start name=random_permute_features noise_std=0.01 mask_rate=0.1 seed=9000
2025-10-19 19:39:01 | INFO | EM.print | [AUG][online][epoch=10][iter=0] done name=random_permute_features shape=(1140, 1140)
2025-10-19 19:39:01 | INFO | EM.print | [ONLINE-AUG] mode=online name=random_permute_features noise_std=0.01 mask_rate=0.1 base_seed=0
2025-10-19 19:39:01 | INFO | EM.print | epoch: 10/ iteration: 1/ loss_train: 5.2391634 | task_loss:0.7007 cont_loss:8.3177 adv_loss:0.6983
2025-10-19 19:39:08 | INFO | EM.print | epoch: 0010 loss_train: 5.2321 task_loss: 0.6950 cont_loss: 8.3165 adv_loss: 0.6906 auroc_train: 0.4818 auprc_train: 0.4921 precision_train: 0.4788 recall_train: 0.3629 f1_train: 0.4128 cm_train: (tn=1297, fp=847, fn=1366, tp=778)
2025-10-19 19:39:08 | INFO | EM.print | Optimization Finished!
2025-10-19 19:39:08 | INFO | EM.result.save | Saved result text: /root/OUTPUT/result/MDA_stageA_eps0.015_steps5_data_20251019_193730/metrics/train_epoch_metrics_fold_1_20251019_193730.csv.txt
2025-10-19 19:39:08 | INFO | EM.print | [SAVE] Per-epoch train metrics saved: train_epoch_metrics_fold_1_20251019_193730.csv
2025-10-19 19:39:09 | INFO | EM.result.save | Saved result text: /root/OUTPUT/result/MDA_stageA_eps0.015_steps5_data_20251019_193730/metrics/threshold_scan_fold_1_20251019_193730.txt
2025-10-19 19:39:09 | ERROR | EM.print | /root/miniconda3/lib/python3.12/site-packages/sklearn/metrics/_classification.py:1731: UndefinedMetricWarning: Precision is ill-defined and being set to 0.0 due to no predicted samples. Use `zero_division` parameter to control this behavior.
2025-10-19 19:39:09 | ERROR | EM.print |   _warn_prf(average, modifier, f"{metric.capitalize()} is", result.shape[0])
2025-10-19 19:39:09 | INFO | EM.print | loss_test: 5.2246 auroc_test: 0.7417 auprc_test: 0.7515 precision_test: 0.0000 recall_test: 0.0000 f1_test: 0.0000 cm_test: (tn=510, fp=0, fn=514, tp=0)
2025-10-19 19:39:09 | INFO | EM | Fold 1 completed.
2025-10-19 19:39:09 | INFO | EM | === Fold 2/5 ===
2025-10-19 19:39:09 | INFO | EM.result.save | Saved result text: /root/OUTPUT/result/MDA_stageA_eps0.015_steps5_data_20251019_193730/metrics/adv_config_fold_2_20251019_193730.json.txt
2025-10-19 19:39:09 | INFO | EM.print | [SAVE] adv config saved: metrics/adv_config_fold_2_20251019_193730.json
2025-10-19 19:39:09 | INFO | EM.print | Start Training...
2025-10-19 19:39:09 | INFO | EM.print | -------- Epoch 1 --------
2025-10-19 19:39:10 | INFO | EM.print | [AUG][online][epoch=1][iter=0] start name=random_permute_features noise_std=0.01 mask_rate=0.1 seed=0
2025-10-19 19:39:10 | INFO | EM.print | [AUG][online][epoch=1][iter=0] done name=random_permute_features shape=(1140, 1140)
2025-10-19 19:39:10 | INFO | EM.print | [ONLINE-AUG] mode=online name=random_permute_features noise_std=0.01 mask_rate=0.1 base_seed=0
2025-10-19 19:39:10 | INFO | EM.print | epoch: 1/ iteration: 1/ loss_train: 0.78600156 | task_loss:0.7258 cont_loss:0.0690 adv_loss:0.8429
2025-10-19 19:39:11 | INFO | EM.print | epoch: 0001 loss_train: 4.7094 task_loss: 0.4382 cont_loss: 8.0781 adv_loss: 0.1384 auroc_train: 0.8391 auprc_train: 0.8362 precision_train: 0.7505 recall_train: 0.7298 f1_train: 0.7400 cm_train: (tn=1625, fp=520, fn=579, tp=1564)
2025-10-19 19:39:11 | INFO | EM.print | -------- Epoch 2 --------
2025-10-19 19:39:11 | INFO | EM.print | [AUG][online][epoch=2][iter=0] start name=random_permute_features noise_std=0.01 mask_rate=0.1 seed=1000
2025-10-19 19:39:11 | INFO | EM.print | [AUG][online][epoch=2][iter=0] done name=random_permute_features shape=(1140, 1140)
2025-10-19 19:39:11 | INFO | EM.print | [ONLINE-AUG] mode=online name=random_permute_features noise_std=0.01 mask_rate=0.1 base_seed=0
2025-10-19 19:39:11 | INFO | EM.print | epoch: 2/ iteration: 1/ loss_train: 4.590366 | task_loss:0.1927 cont_loss:8.0923 adv_loss:0.1058
2025-10-19 19:39:13 | INFO | EM.print | epoch: 0002 loss_train: 4.5265 task_loss: 0.2846 cont_loss: 7.9640 adv_loss: 0.0364 auroc_train: 0.9463 auprc_train: 0.9355 precision_train: 0.8656 recall_train: 0.9011 f1_train: 0.8830 cm_train: (tn=1844, fp=300, fn=212, tp=1932)
2025-10-19 19:39:13 | INFO | EM.print | -------- Epoch 3 --------
2025-10-19 19:39:13 | INFO | EM.print | [AUG][online][epoch=3][iter=0] start name=random_permute_features noise_std=0.01 mask_rate=0.1 seed=2000
2025-10-19 19:39:13 | INFO | EM.print | [AUG][online][epoch=3][iter=0] done name=random_permute_features shape=(1140, 1140)
2025-10-19 19:39:13 | INFO | EM.print | [ONLINE-AUG] mode=online name=random_permute_features noise_std=0.01 mask_rate=0.1 base_seed=0
2025-10-19 19:39:13 | INFO | EM.print | epoch: 3/ iteration: 1/ loss_train: 25.45887 | task_loss:1.6585 cont_loss:7.7361 adv_loss:40.9153
2025-10-19 19:39:20 | INFO | EM.print | epoch: 0003 loss_train: 5.2594 task_loss: 0.6956 cont_loss: 8.3051 adv_loss: 0.7571 auroc_train: 0.4262 auprc_train: 0.4378 precision_train: 0.4586 recall_train: 0.5368 f1_train: 0.4946 cm_train: (tn=782, fp=1360, fn=994, tp=1152)
2025-10-19 19:39:20 | INFO | EM.print | -------- Epoch 4 --------
2025-10-19 19:39:20 | INFO | EM.print | [AUG][online][epoch=4][iter=0] start name=random_permute_features noise_std=0.01 mask_rate=0.1 seed=3000
2025-10-19 19:39:20 | INFO | EM.print | [AUG][online][epoch=4][iter=0] done name=random_permute_features shape=(1140, 1140)
2025-10-19 19:39:20 | INFO | EM.print | [ONLINE-AUG] mode=online name=random_permute_features noise_std=0.01 mask_rate=0.1 base_seed=0
2025-10-19 19:39:21 | INFO | EM.print | epoch: 4/ iteration: 1/ loss_train: 5.2545195 | task_loss:0.6955 cont_loss:8.3077 adv_loss:0.7446
2025-10-19 19:39:28 | INFO | EM.print | epoch: 0004 loss_train: 5.2581 task_loss: 0.7164 cont_loss: 8.3126 adv_loss: 0.7276 auroc_train: 0.4940 auprc_train: 0.4983 precision_train: 0.5019 recall_train: 0.4932 f1_train: 0.4975 cm_train: (tn=1096, fp=1049, fn=1086, tp=1057)
2025-10-19 19:39:28 | INFO | EM.print | -------- Epoch 5 --------
2025-10-19 19:39:28 | INFO | EM.print | [AUG][online][epoch=5][iter=0] start name=random_permute_features noise_std=0.01 mask_rate=0.1 seed=4000
2025-10-19 19:39:28 | INFO | EM.print | [AUG][online][epoch=5][iter=0] done name=random_permute_features shape=(1140, 1140)
2025-10-19 19:39:28 | INFO | EM.print | [ONLINE-AUG] mode=online name=random_permute_features noise_std=0.01 mask_rate=0.1 base_seed=0
2025-10-19 19:39:28 | INFO | EM.print | epoch: 5/ iteration: 1/ loss_train: 5.2505035 | task_loss:0.7146 cont_loss:8.3114 adv_loss:0.7153
2025-10-19 19:39:36 | INFO | EM.print | epoch: 0005 loss_train: 5.2414 task_loss: 0.6958 cont_loss: 8.3185 adv_loss: 0.7064 auroc_train: 0.4964 auprc_train: 0.4961 precision_train: 0.4965 recall_train: 0.5019 f1_train: 0.4992 cm_train: (tn=1056, fp=1090, fn=1067, tp=1075)
2025-10-19 19:39:36 | INFO | EM.print | -------- Epoch 6 --------
2025-10-19 19:39:36 | INFO | EM.print | [AUG][online][epoch=6][iter=0] start name=random_permute_features noise_std=0.01 mask_rate=0.1 seed=5000
2025-10-19 19:39:36 | INFO | EM.print | [AUG][online][epoch=6][iter=0] done name=random_permute_features shape=(1140, 1140)
2025-10-19 19:39:36 | INFO | EM.print | [ONLINE-AUG] mode=online name=random_permute_features noise_std=0.01 mask_rate=0.1 base_seed=0
2025-10-19 19:39:36 | INFO | EM.print | epoch: 6/ iteration: 1/ loss_train: 5.244696 | task_loss:0.6979 cont_loss:8.3173 adv_loss:0.7123
2025-10-19 19:39:44 | INFO | EM.print | epoch: 0006 loss_train: 5.2423 task_loss: 0.6933 cont_loss: 8.3190 adv_loss: 0.7098 auroc_train: 0.4973 auprc_train: 0.4982 precision_train: 0.4970 recall_train: 0.5809 f1_train: 0.5357 cm_train: (tn=882, fp=1261, fn=899, tp=1246)
2025-10-19 19:39:44 | INFO | EM.print | -------- Epoch 7 --------
2025-10-19 19:39:44 | INFO | EM.print | [AUG][online][epoch=7][iter=0] start name=random_permute_features noise_std=0.01 mask_rate=0.1 seed=6000
2025-10-19 19:39:44 | INFO | EM.print | [AUG][online][epoch=7][iter=0] done name=random_permute_features shape=(1140, 1140)
2025-10-19 19:39:44 | INFO | EM.print | [ONLINE-AUG] mode=online name=random_permute_features noise_std=0.01 mask_rate=0.1 base_seed=0
2025-10-19 19:39:44 | INFO | EM.print | epoch: 7/ iteration: 1/ loss_train: 5.237323 | task_loss:0.6934 cont_loss:8.3185 adv_loss:0.7003
2025-10-19 19:39:52 | INFO | EM.print | epoch: 0007 loss_train: 5.2398 task_loss: 0.6969 cont_loss: 8.3177 adv_loss: 0.7028 auroc_train: 0.4978 auprc_train: 0.5023 precision_train: 0.4988 recall_train: 0.4888 f1_train: 0.4938 cm_train: (tn=1091, fp=1053, fn=1096, tp=1048)
2025-10-19 19:39:52 | INFO | EM.print | -------- Epoch 8 --------
2025-10-19 19:39:52 | INFO | EM.print | [AUG][online][epoch=8][iter=0] start name=random_permute_features noise_std=0.01 mask_rate=0.1 seed=7000
2025-10-19 19:39:52 | INFO | EM.print | [AUG][online][epoch=8][iter=0] done name=random_permute_features shape=(1140, 1140)
2025-10-19 19:39:52 | INFO | EM.print | [ONLINE-AUG] mode=online name=random_permute_features noise_std=0.01 mask_rate=0.1 base_seed=0
2025-10-19 19:39:52 | INFO | EM.print | epoch: 8/ iteration: 1/ loss_train: 5.2344346 | task_loss:0.6926 cont_loss:8.3176 adv_loss:0.6961
2025-10-19 19:40:01 | INFO | EM.print | epoch: 0008 loss_train: 5.2337 task_loss: 0.6942 cont_loss: 8.3162 adv_loss: 0.6948 auroc_train: 0.4976 auprc_train: 0.4988 precision_train: 0.4920 recall_train: 0.4713 f1_train: 0.4814 cm_train: (tn=1105, fp=1042, fn=1132, tp=1009)
2025-10-19 19:40:01 | INFO | EM.print | -------- Epoch 9 --------
2025-10-19 19:40:01 | INFO | EM.print | [AUG][online][epoch=9][iter=0] start name=random_permute_features noise_std=0.01 mask_rate=0.1 seed=8000
2025-10-19 19:40:01 | INFO | EM.print | [AUG][online][epoch=9][iter=0] done name=random_permute_features shape=(1140, 1140)
2025-10-19 19:40:01 | INFO | EM.print | [ONLINE-AUG] mode=online name=random_permute_features noise_std=0.01 mask_rate=0.1 base_seed=0
2025-10-19 19:40:01 | INFO | EM.print | epoch: 9/ iteration: 1/ loss_train: 5.236456 | task_loss:0.6942 cont_loss:8.3164 adv_loss:0.7001
2025-10-19 19:40:10 | INFO | EM.print | epoch: 0009 loss_train: 5.2350 task_loss: 0.6972 cont_loss: 8.3175 adv_loss: 0.6932 auroc_train: 0.4826 auprc_train: 0.4833 precision_train: 0.4912 recall_train: 0.6222 f1_train: 0.5490 cm_train: (tn=762, fp=1382, fn=810, tp=1334)
2025-10-19 19:40:10 | INFO | EM.print | -------- Epoch 10 --------
2025-10-19 19:40:10 | INFO | EM.print | [AUG][online][epoch=10][iter=0] start name=random_permute_features noise_std=0.01 mask_rate=0.1 seed=9000
2025-10-19 19:40:10 | INFO | EM.print | [AUG][online][epoch=10][iter=0] done name=random_permute_features shape=(1140, 1140)
2025-10-19 19:40:10 | INFO | EM.print | [ONLINE-AUG] mode=online name=random_permute_features noise_std=0.01 mask_rate=0.1 base_seed=0
2025-10-19 19:40:10 | INFO | EM.print | epoch: 10/ iteration: 1/ loss_train: 5.233606 | task_loss:0.6939 cont_loss:8.3171 adv_loss:0.6939
2025-10-19 19:40:19 | INFO | EM.print | epoch: 0010 loss_train: 5.2299 task_loss: 0.6924 cont_loss: 8.3178 adv_loss: 0.6871 auroc_train: 0.4925 auprc_train: 0.4926 precision_train: 0.4986 recall_train: 0.4867 f1_train: 0.4926 cm_train: (tn=1090, fp=1051, fn=1102, tp=1045)
2025-10-19 19:40:19 | INFO | EM.print | Optimization Finished!
2025-10-19 19:40:19 | INFO | EM.result.save | Saved result text: /root/OUTPUT/result/MDA_stageA_eps0.015_steps5_data_20251019_193730/metrics/train_epoch_metrics_fold_2_20251019_193730.csv.txt
2025-10-19 19:40:19 | INFO | EM.print | [SAVE] Per-epoch train metrics saved: train_epoch_metrics_fold_2_20251019_193730.csv
2025-10-19 19:40:20 | INFO | EM.result.save | Saved result text: /root/OUTPUT/result/MDA_stageA_eps0.015_steps5_data_20251019_193730/metrics/threshold_scan_fold_2_20251019_193730.txt
2025-10-19 19:40:20 | ERROR | EM.print | /root/miniconda3/lib/python3.12/site-packages/sklearn/metrics/_classification.py:1731: UndefinedMetricWarning: Precision is ill-defined and being set to 0.0 due to no predicted samples. Use `zero_division` parameter to control this behavior.
2025-10-19 19:40:20 | ERROR | EM.print |   _warn_prf(average, modifier, f"{metric.capitalize()} is", result.shape[0])
2025-10-19 19:40:20 | INFO | EM.print | loss_test: 5.2255 auroc_test: 0.7460 auprc_test: 0.6803 precision_test: 0.0000 recall_test: 0.0000 f1_test: 0.0000 cm_test: (tn=513, fp=0, fn=511, tp=0)
2025-10-19 19:40:20 | INFO | EM | Fold 2 completed.
2025-10-19 19:40:20 | INFO | EM | === Fold 3/5 ===
2025-10-19 19:40:20 | INFO | EM.result.save | Saved result text: /root/OUTPUT/result/MDA_stageA_eps0.015_steps5_data_20251019_193730/metrics/adv_config_fold_3_20251019_193730.json.txt
2025-10-19 19:40:20 | INFO | EM.print | [SAVE] adv config saved: metrics/adv_config_fold_3_20251019_193730.json
2025-10-19 19:40:20 | INFO | EM.print | Start Training...
2025-10-19 19:40:20 | INFO | EM.print | -------- Epoch 1 --------
2025-10-19 19:40:21 | INFO | EM.print | [AUG][online][epoch=1][iter=0] start name=random_permute_features noise_std=0.01 mask_rate=0.1 seed=0
2025-10-19 19:40:21 | INFO | EM.print | [AUG][online][epoch=1][iter=0] done name=random_permute_features shape=(1140, 1140)
2025-10-19 19:40:21 | INFO | EM.print | [ONLINE-AUG] mode=online name=random_permute_features noise_std=0.01 mask_rate=0.1 base_seed=0
2025-10-19 19:40:21 | INFO | EM.print | epoch: 1/ iteration: 1/ loss_train: 0.7127192 | task_loss:0.6984 cont_loss:0.0886 adv_loss:0.6994
2025-10-19 19:40:23 | INFO | EM.print | epoch: 0001 loss_train: 4.5816 task_loss: 0.3937 cont_loss: 7.9582 adv_loss: 0.0550 auroc_train: 0.8959 auprc_train: 0.8883 precision_train: 0.7996 recall_train: 0.8026 f1_train: 0.8011 cm_train: (tn=1714, fp=431, fn=423, tp=1720)
2025-10-19 19:40:23 | INFO | EM.print | -------- Epoch 2 --------
2025-10-19 19:40:23 | INFO | EM.print | [AUG][online][epoch=2][iter=0] start name=random_permute_features noise_std=0.01 mask_rate=0.1 seed=1000
2025-10-19 19:40:23 | INFO | EM.print | [AUG][online][epoch=2][iter=0] done name=random_permute_features shape=(1140, 1140)
2025-10-19 19:40:23 | INFO | EM.print | [ONLINE-AUG] mode=online name=random_permute_features noise_std=0.01 mask_rate=0.1 base_seed=0
2025-10-19 19:40:23 | INFO | EM.print | epoch: 2/ iteration: 1/ loss_train: 4.5150924 | task_loss:0.2492 cont_loss:7.9534 adv_loss:0.0571
2025-10-19 19:40:25 | INFO | EM.print | epoch: 0002 loss_train: 4.5337 task_loss: 0.3633 cont_loss: 7.9246 adv_loss: 0.0233 auroc_train: 0.9479 auprc_train: 0.9403 precision_train: 0.8637 recall_train: 0.9015 f1_train: 0.8822 cm_train: (tn=1840, fp=305, fn=211, tp=1932)
2025-10-19 19:40:25 | INFO | EM.print | -------- Epoch 3 --------
2025-10-19 19:40:25 | INFO | EM.print | [AUG][online][epoch=3][iter=0] start name=random_permute_features noise_std=0.01 mask_rate=0.1 seed=2000
2025-10-19 19:40:25 | INFO | EM.print | [AUG][online][epoch=3][iter=0] done name=random_permute_features shape=(1140, 1140)
2025-10-19 19:40:25 | INFO | EM.print | [ONLINE-AUG] mode=online name=random_permute_features noise_std=0.01 mask_rate=0.1 base_seed=0
2025-10-19 19:40:25 | INFO | EM.print | epoch: 3/ iteration: 1/ loss_train: 27.552385 | task_loss:1.0665 cont_loss:7.0381 adv_loss:46.4030
2025-10-19 19:40:34 | INFO | EM.print | epoch: 0003 loss_train: 5.2611 task_loss: 0.6974 cont_loss: 8.3079 adv_loss: 0.7559 auroc_train: 0.4086 auprc_train: 0.4266 precision_train: 0.4320 recall_train: 0.4099 f1_train: 0.4207 cm_train: (tn=984, fp=1157, fn=1267, tp=880)
2025-10-19 19:40:34 | INFO | EM.print | -------- Epoch 4 --------
2025-10-19 19:40:34 | INFO | EM.print | [AUG][online][epoch=4][iter=0] start name=random_permute_features noise_std=0.01 mask_rate=0.1 seed=3000
2025-10-19 19:40:34 | INFO | EM.print | [AUG][online][epoch=4][iter=0] done name=random_permute_features shape=(1140, 1140)
2025-10-19 19:40:34 | INFO | EM.print | [ONLINE-AUG] mode=online name=random_permute_features noise_std=0.01 mask_rate=0.1 base_seed=0
2025-10-19 19:40:34 | INFO | EM.print | epoch: 4/ iteration: 1/ loss_train: 5.2653723 | task_loss:0.6948 cont_loss:8.3142 adv_loss:0.7598
2025-10-19 19:40:43 | INFO | EM.print | epoch: 0004 loss_train: 5.2434 task_loss: 0.6924 cont_loss: 8.3145 adv_loss: 0.7177 auroc_train: 0.5034 auprc_train: 0.5017 precision_train: 0.5066 recall_train: 0.4646 f1_train: 0.4847 cm_train: (tn=1174, fp=970, fn=1148, tp=996)
2025-10-19 19:40:43 | INFO | EM.print | -------- Epoch 5 --------
2025-10-19 19:40:43 | INFO | EM.print | [AUG][online][epoch=5][iter=0] start name=random_permute_features noise_std=0.01 mask_rate=0.1 seed=4000
2025-10-19 19:40:43 | INFO | EM.print | [AUG][online][epoch=5][iter=0] done name=random_permute_features shape=(1140, 1140)
2025-10-19 19:40:43 | INFO | EM.print | [ONLINE-AUG] mode=online name=random_permute_features noise_std=0.01 mask_rate=0.1 base_seed=0
2025-10-19 19:40:43 | INFO | EM.print | epoch: 5/ iteration: 1/ loss_train: 5.2434816 | task_loss:0.6934 cont_loss:8.3140 adv_loss:0.7175
2025-10-19 19:40:51 | INFO | EM.print | epoch: 0005 loss_train: 5.2385 task_loss: 0.6891 cont_loss: 8.3144 adv_loss: 0.7108 auroc_train: 0.4836 auprc_train: 0.4917 precision_train: 0.4900 recall_train: 0.5380 f1_train: 0.5129 cm_train: (tn=942, fp=1201, fn=991, tp=1154)
2025-10-19 19:40:51 | INFO | EM.print | -------- Epoch 6 --------
2025-10-19 19:40:51 | INFO | EM.print | [AUG][online][epoch=6][iter=0] start name=random_permute_features noise_std=0.01 mask_rate=0.1 seed=5000
2025-10-19 19:40:51 | INFO | EM.print | [AUG][online][epoch=6][iter=0] done name=random_permute_features shape=(1140, 1140)
2025-10-19 19:40:51 | INFO | EM.print | [ONLINE-AUG] mode=online name=random_permute_features noise_std=0.01 mask_rate=0.1 base_seed=0
2025-10-19 19:40:51 | INFO | EM.print | epoch: 6/ iteration: 1/ loss_train: 5.234863 | task_loss:0.6895 cont_loss:8.3138 adv_loss:0.7039
2025-10-19 19:40:59 | INFO | EM.print | epoch: 0006 loss_train: 5.2356 task_loss: 0.6891 cont_loss: 8.3170 adv_loss: 0.7023 auroc_train: 0.4983 auprc_train: 0.4918 precision_train: 0.4967 recall_train: 0.4506 f1_train: 0.4725 cm_train: (tn=1165, fp=979, fn=1178, tp=966)
2025-10-19 19:40:59 | INFO | EM.print | -------- Epoch 7 --------
2025-10-19 19:40:59 | INFO | EM.print | [AUG][online][epoch=7][iter=0] start name=random_permute_features noise_std=0.01 mask_rate=0.1 seed=6000
2025-10-19 19:40:59 | INFO | EM.print | [AUG][online][epoch=7][iter=0] done name=random_permute_features shape=(1140, 1140)
2025-10-19 19:40:59 | INFO | EM.print | [ONLINE-AUG] mode=online name=random_permute_features noise_std=0.01 mask_rate=0.1 base_seed=0
2025-10-19 19:40:59 | INFO | EM.print | epoch: 7/ iteration: 1/ loss_train: 5.2362947 | task_loss:0.6910 cont_loss:8.3172 adv_loss:0.7018
2025-10-19 19:41:06 | INFO | EM.print | epoch: 0007 loss_train: 5.2289 task_loss: 0.6754 cont_loss: 8.3160 adv_loss: 0.7023 auroc_train: 0.5036 auprc_train: 0.4979 precision_train: 0.5058 recall_train: 0.5089 f1_train: 0.5073 cm_train: (tn=1078, fp=1066, fn=1053, tp=1091)
2025-10-19 19:41:06 | INFO | EM.print | -------- Epoch 8 --------
2025-10-19 19:41:06 | INFO | EM.print | [AUG][online][epoch=8][iter=0] start name=random_permute_features noise_std=0.01 mask_rate=0.1 seed=7000
2025-10-19 19:41:06 | INFO | EM.print | [AUG][online][epoch=8][iter=0] done name=random_permute_features shape=(1140, 1140)
2025-10-19 19:41:06 | INFO | EM.print | [ONLINE-AUG] mode=online name=random_permute_features noise_std=0.01 mask_rate=0.1 base_seed=0
2025-10-19 19:41:06 | INFO | EM.print | epoch: 8/ iteration: 1/ loss_train: 5.2457385 | task_loss:0.7166 cont_loss:8.3162 adv_loss:0.6987
2025-10-19 19:41:14 | INFO | EM.print | epoch: 0008 loss_train: 5.2434 task_loss: 0.7085 cont_loss: 8.3176 adv_loss: 0.6999 auroc_train: 0.5013 auprc_train: 0.5004 precision_train: 0.4990 recall_train: 0.4785 f1_train: 0.4886 cm_train: (tn=1114, fp=1030, fn=1118, tp=1026)
2025-10-19 19:41:14 | INFO | EM.print | -------- Epoch 9 --------
2025-10-19 19:41:14 | INFO | EM.print | [AUG][online][epoch=9][iter=0] start name=random_permute_features noise_std=0.01 mask_rate=0.1 seed=8000
2025-10-19 19:41:14 | INFO | EM.print | [AUG][online][epoch=9][iter=0] done name=random_permute_features shape=(1140, 1140)
2025-10-19 19:41:14 | INFO | EM.print | [ONLINE-AUG] mode=online name=random_permute_features noise_std=0.01 mask_rate=0.1 base_seed=0
2025-10-19 19:41:14 | INFO | EM.print | epoch: 9/ iteration: 1/ loss_train: 5.238359 | task_loss:0.6948 cont_loss:8.3176 adv_loss:0.7020
2025-10-19 19:41:23 | INFO | EM.print | epoch: 0009 loss_train: 5.2413 task_loss: 0.7078 cont_loss: 8.3175 adv_loss: 0.6964 auroc_train: 0.4900 auprc_train: 0.4914 precision_train: 0.4913 recall_train: 0.4486 f1_train: 0.4690 cm_train: (tn=1154, fp=994, fn=1180, tp=960)
2025-10-19 19:41:23 | INFO | EM.print | -------- Epoch 10 --------
2025-10-19 19:41:24 | INFO | EM.print | [AUG][online][epoch=10][iter=0] start name=random_permute_features noise_std=0.01 mask_rate=0.1 seed=9000
2025-10-19 19:41:24 | INFO | EM.print | [AUG][online][epoch=10][iter=0] done name=random_permute_features shape=(1140, 1140)
2025-10-19 19:41:24 | INFO | EM.print | [ONLINE-AUG] mode=online name=random_permute_features noise_std=0.01 mask_rate=0.1 base_seed=0
2025-10-19 19:41:24 | INFO | EM.print | epoch: 10/ iteration: 1/ loss_train: 5.2378664 | task_loss:0.7005 cont_loss:8.3175 adv_loss:0.6961
2025-10-19 19:41:33 | INFO | EM.print | epoch: 0010 loss_train: 5.2338 task_loss: 0.6935 cont_loss: 8.3180 adv_loss: 0.6937 auroc_train: 0.4740 auprc_train: 0.4794 precision_train: 0.4864 recall_train: 0.4508 f1_train: 0.4679 cm_train: (tn=1125, fp=1020, fn=1177, tp=966)
2025-10-19 19:41:33 | INFO | EM.print | Optimization Finished!
2025-10-19 19:41:33 | INFO | EM.result.save | Saved result text: /root/OUTPUT/result/MDA_stageA_eps0.015_steps5_data_20251019_193730/metrics/train_epoch_metrics_fold_3_20251019_193730.csv.txt
2025-10-19 19:41:33 | INFO | EM.print | [SAVE] Per-epoch train metrics saved: train_epoch_metrics_fold_3_20251019_193730.csv
2025-10-19 19:41:34 | INFO | EM.result.save | Saved result text: /root/OUTPUT/result/MDA_stageA_eps0.015_steps5_data_20251019_193730/metrics/threshold_scan_fold_3_20251019_193730.txt
2025-10-19 19:41:34 | INFO | EM.print | loss_test: 5.2318 auroc_test: 0.7582 auprc_test: 0.7270 precision_test: 0.4990 recall_test: 1.0000 f1_test: 0.6658 cm_test: (tn=0, fp=513, fn=0, tp=511)
2025-10-19 19:41:34 | INFO | EM | Fold 3 completed.
2025-10-19 19:41:34 | INFO | EM | === Fold 4/5 ===
2025-10-19 19:41:34 | INFO | EM.result.save | Saved result text: /root/OUTPUT/result/MDA_stageA_eps0.015_steps5_data_20251019_193730/metrics/adv_config_fold_4_20251019_193730.json.txt
2025-10-19 19:41:34 | INFO | EM.print | [SAVE] adv config saved: metrics/adv_config_fold_4_20251019_193730.json
2025-10-19 19:41:34 | INFO | EM.print | Start Training...
2025-10-19 19:41:34 | INFO | EM.print | -------- Epoch 1 --------
2025-10-19 19:41:34 | INFO | EM.print | [AUG][online][epoch=1][iter=0] start name=random_permute_features noise_std=0.01 mask_rate=0.1 seed=0
2025-10-19 19:41:34 | INFO | EM.print | [AUG][online][epoch=1][iter=0] done name=random_permute_features shape=(1140, 1140)
2025-10-19 19:41:34 | INFO | EM.print | [ONLINE-AUG] mode=online name=random_permute_features noise_std=0.01 mask_rate=0.1 base_seed=0
2025-10-19 19:41:34 | INFO | EM.print | epoch: 1/ iteration: 1/ loss_train: 0.87903243 | task_loss:0.7816 cont_loss:0.0486 adv_loss:1.0012
2025-10-19 19:41:36 | INFO | EM.print | epoch: 0001 loss_train: 4.6553 task_loss: 0.2756 cont_loss: 8.0397 adv_loss: 0.2190 auroc_train: 0.8534 auprc_train: 0.8512 precision_train: 0.7415 recall_train: 0.7608 f1_train: 0.7510 cm_train: (tn=1574, fp=569, fn=513, tp=1632)
2025-10-19 19:41:36 | INFO | EM.print | -------- Epoch 2 --------
2025-10-19 19:41:36 | INFO | EM.print | [AUG][online][epoch=2][iter=0] start name=random_permute_features noise_std=0.01 mask_rate=0.1 seed=1000
2025-10-19 19:41:36 | INFO | EM.print | [AUG][online][epoch=2][iter=0] done name=random_permute_features shape=(1140, 1140)
2025-10-19 19:41:36 | INFO | EM.print | [ONLINE-AUG] mode=online name=random_permute_features noise_std=0.01 mask_rate=0.1 base_seed=0
2025-10-19 19:41:36 | INFO | EM.print | epoch: 2/ iteration: 1/ loss_train: 4.669628 | task_loss:0.3256 cont_loss:8.0362 adv_loss:0.2064
2025-10-19 19:41:38 | INFO | EM.print | epoch: 0002 loss_train: 4.4454 task_loss: 0.2784 cont_loss: 7.8359 adv_loss: 0.0208 auroc_train: 0.9437 auprc_train: 0.9350 precision_train: 0.8639 recall_train: 0.8800 f1_train: 0.8719 cm_train: (tn=1849, fp=297, fn=257, tp=1885)
2025-10-19 19:41:38 | INFO | EM.print | -------- Epoch 3 --------
2025-10-19 19:41:38 | INFO | EM.print | [AUG][online][epoch=3][iter=0] start name=random_permute_features noise_std=0.01 mask_rate=0.1 seed=2000
2025-10-19 19:41:38 | INFO | EM.print | [AUG][online][epoch=3][iter=0] done name=random_permute_features shape=(1140, 1140)
2025-10-19 19:41:38 | INFO | EM.print | [ONLINE-AUG] mode=online name=random_permute_features noise_std=0.01 mask_rate=0.1 base_seed=0
2025-10-19 19:41:38 | INFO | EM.print | epoch: 3/ iteration: 1/ loss_train: 25.884727 | task_loss:1.2531 cont_loss:6.5269 adv_loss:43.4621
2025-10-19 19:41:47 | INFO | EM.print | epoch: 0003 loss_train: 5.2350 task_loss: 0.7373 cont_loss: 8.2567 adv_loss: 0.7240 auroc_train: 0.3927 auprc_train: 0.4262 precision_train: 0.4224 recall_train: 0.4033 f1_train: 0.4126 cm_train: (tn=960, fp=1183, fn=1280, tp=865)
2025-10-19 19:41:47 | INFO | EM.print | -------- Epoch 4 --------
2025-10-19 19:41:47 | INFO | EM.print | [AUG][online][epoch=4][iter=0] start name=random_permute_features noise_std=0.01 mask_rate=0.1 seed=3000
2025-10-19 19:41:47 | INFO | EM.print | [AUG][online][epoch=4][iter=0] done name=random_permute_features shape=(1140, 1140)
2025-10-19 19:41:47 | INFO | EM.print | [ONLINE-AUG] mode=online name=random_permute_features noise_std=0.01 mask_rate=0.1 base_seed=0
2025-10-19 19:41:47 | INFO | EM.print | epoch: 4/ iteration: 1/ loss_train: 5.215328 | task_loss:0.6868 cont_loss:8.2603 adv_loss:0.7262
2025-10-19 19:41:56 | INFO | EM.print | epoch: 0004 loss_train: 5.2325 task_loss: 0.6924 cont_loss: 8.3025 adv_loss: 0.7092 auroc_train: 0.5107 auprc_train: 0.5080 precision_train: 0.5105 recall_train: 0.5091 f1_train: 0.5098 cm_train: (tn=1096, fp=1047, fn=1053, tp=1092)
2025-10-19 19:41:56 | INFO | EM.print | -------- Epoch 5 --------
2025-10-19 19:41:56 | INFO | EM.print | [AUG][online][epoch=5][iter=0] start name=random_permute_features noise_std=0.01 mask_rate=0.1 seed=4000
2025-10-19 19:41:56 | INFO | EM.print | [AUG][online][epoch=5][iter=0] done name=random_permute_features shape=(1140, 1140)
2025-10-19 19:41:56 | INFO | EM.print | [ONLINE-AUG] mode=online name=random_permute_features noise_std=0.01 mask_rate=0.1 base_seed=0
2025-10-19 19:41:57 | INFO | EM.print | epoch: 5/ iteration: 1/ loss_train: 5.237501 | task_loss:0.6944 cont_loss:8.3038 adv_loss:0.7158
2025-10-19 19:42:06 | INFO | EM.print | epoch: 0005 loss_train: 5.2351 task_loss: 0.6906 cont_loss: 8.3094 adv_loss: 0.7083 auroc_train: 0.5055 auprc_train: 0.5019 precision_train: 0.5066 recall_train: 0.5385 f1_train: 0.5220 cm_train: (tn=1018, fp=1125, fn=990, tp=1155)
2025-10-19 19:42:06 | INFO | EM.print | -------- Epoch 6 --------
2025-10-19 19:42:06 | INFO | EM.print | [AUG][online][epoch=6][iter=0] start name=random_permute_features noise_std=0.01 mask_rate=0.1 seed=5000
2025-10-19 19:42:06 | INFO | EM.print | [AUG][online][epoch=6][iter=0] done name=random_permute_features shape=(1140, 1140)
2025-10-19 19:42:06 | INFO | EM.print | [ONLINE-AUG] mode=online name=random_permute_features noise_std=0.01 mask_rate=0.1 base_seed=0
2025-10-19 19:42:06 | INFO | EM.print | epoch: 6/ iteration: 1/ loss_train: 5.2364783 | task_loss:0.7006 cont_loss:8.3071 adv_loss:0.7047
2025-10-19 19:42:15 | INFO | EM.print | epoch: 0006 loss_train: 5.2352 task_loss: 0.6962 cont_loss: 8.3158 adv_loss: 0.6964 auroc_train: 0.4926 auprc_train: 0.4963 precision_train: 0.5009 recall_train: 0.4912 f1_train: 0.4960 cm_train: (tn=1089, fp=1051, fn=1093, tp=1055)
2025-10-19 19:42:15 | INFO | EM.print | -------- Epoch 7 --------
2025-10-19 19:42:15 | INFO | EM.print | [AUG][online][epoch=7][iter=0] start name=random_permute_features noise_std=0.01 mask_rate=0.1 seed=6000
2025-10-19 19:42:15 | INFO | EM.print | [AUG][online][epoch=7][iter=0] done name=random_permute_features shape=(1140, 1140)
2025-10-19 19:42:15 | INFO | EM.print | [ONLINE-AUG] mode=online name=random_permute_features noise_std=0.01 mask_rate=0.1 base_seed=0
2025-10-19 19:42:15 | INFO | EM.print | epoch: 7/ iteration: 1/ loss_train: 5.238013 | task_loss:0.7009 cont_loss:8.3157 adv_loss:0.6979
2025-10-19 19:42:24 | INFO | EM.print | epoch: 0007 loss_train: 5.2453 task_loss: 0.6944 cont_loss: 8.3205 adv_loss: 0.7131 auroc_train: 0.4866 auprc_train: 0.4879 precision_train: 0.4958 recall_train: 0.4900 f1_train: 0.4928 cm_train: (tn=1074, fp=1069, fn=1094, tp=1051)
2025-10-19 19:42:24 | INFO | EM.print | -------- Epoch 8 --------
2025-10-19 19:42:24 | INFO | EM.print | [AUG][online][epoch=8][iter=0] start name=random_permute_features noise_std=0.01 mask_rate=0.1 seed=7000
2025-10-19 19:42:24 | INFO | EM.print | [AUG][online][epoch=8][iter=0] done name=random_permute_features shape=(1140, 1140)
2025-10-19 19:42:24 | INFO | EM.print | [ONLINE-AUG] mode=online name=random_permute_features noise_std=0.01 mask_rate=0.1 base_seed=0
2025-10-19 19:42:24 | INFO | EM.print | epoch: 8/ iteration: 1/ loss_train: 5.237227 | task_loss:0.6977 cont_loss:8.3167 adv_loss:0.6982
2025-10-19 19:42:32 | INFO | EM.print | epoch: 0008 loss_train: 5.2225 task_loss: 0.6842 cont_loss: 8.3151 adv_loss: 0.6826 auroc_train: 0.5038 auprc_train: 0.5046 precision_train: 0.4952 recall_train: 0.5340 f1_train: 0.5139 cm_train: (tn=974, fp=1168, fn=1000, tp=1146)
2025-10-19 19:42:32 | INFO | EM.print | -------- Epoch 9 --------
2025-10-19 19:42:32 | INFO | EM.print | [AUG][online][epoch=9][iter=0] start name=random_permute_features noise_std=0.01 mask_rate=0.1 seed=8000
2025-10-19 19:42:32 | INFO | EM.print | [AUG][online][epoch=9][iter=0] done name=random_permute_features shape=(1140, 1140)
2025-10-19 19:42:32 | INFO | EM.print | [ONLINE-AUG] mode=online name=random_permute_features noise_std=0.01 mask_rate=0.1 base_seed=0
2025-10-19 19:42:32 | INFO | EM.print | epoch: 9/ iteration: 1/ loss_train: 5.2339177 | task_loss:0.7009 cont_loss:8.3146 adv_loss:0.6909
2025-10-19 19:42:40 | INFO | EM.print | epoch: 0009 loss_train: 5.2228 task_loss: 0.6897 cont_loss: 8.3168 adv_loss: 0.6764 auroc_train: 0.5001 auprc_train: 0.4989 precision_train: 0.5065 recall_train: 0.3993 f1_train: 0.4466 cm_train: (tn=1307, fp=835, fn=1289, tp=857)
2025-10-19 19:42:40 | INFO | EM.print | -------- Epoch 10 --------
2025-10-19 19:42:40 | INFO | EM.print | [AUG][online][epoch=10][iter=0] start name=random_permute_features noise_std=0.01 mask_rate=0.1 seed=9000
2025-10-19 19:42:40 | INFO | EM.print | [AUG][online][epoch=10][iter=0] done name=random_permute_features shape=(1140, 1140)
2025-10-19 19:42:40 | INFO | EM.print | [ONLINE-AUG] mode=online name=random_permute_features noise_std=0.01 mask_rate=0.1 base_seed=0
2025-10-19 19:42:40 | INFO | EM.print | epoch: 10/ iteration: 1/ loss_train: 5.2232947 | task_loss:0.6938 cont_loss:8.3164 adv_loss:0.6741
2025-10-19 19:42:48 | INFO | EM.print | epoch: 0010 loss_train: 5.2017 task_loss: 0.6754 cont_loss: 8.3157 adv_loss: 0.6482 auroc_train: 0.5130 auprc_train: 0.5096 precision_train: 0.5043 recall_train: 0.4358 f1_train: 0.4676 cm_train: (tn=1227, fp=918, fn=1209, tp=934)
2025-10-19 19:42:48 | INFO | EM.print | Optimization Finished!
2025-10-19 19:42:48 | INFO | EM.result.save | Saved result text: /root/OUTPUT/result/MDA_stageA_eps0.015_steps5_data_20251019_193730/metrics/train_epoch_metrics_fold_4_20251019_193730.csv.txt
2025-10-19 19:42:48 | INFO | EM.print | [SAVE] Per-epoch train metrics saved: train_epoch_metrics_fold_4_20251019_193730.csv
2025-10-19 19:42:48 | INFO | EM.result.save | Saved result text: /root/OUTPUT/result/MDA_stageA_eps0.015_steps5_data_20251019_193730/metrics/threshold_scan_fold_4_20251019_193730.txt
2025-10-19 19:42:48 | INFO | EM.print | loss_test: 5.1850 auroc_test: 0.6182 auprc_test: 0.5786 precision_test: 0.5276 recall_test: 0.9864 f1_test: 0.6875 cm_test: (tn=56, fp=454, fn=7, tp=507)
2025-10-19 19:42:48 | INFO | EM | Fold 4 completed.
2025-10-19 19:42:48 | INFO | EM | === Fold 5/5 ===
2025-10-19 19:42:48 | INFO | EM.result.save | Saved result text: /root/OUTPUT/result/MDA_stageA_eps0.015_steps5_data_20251019_193730/metrics/adv_config_fold_5_20251019_193730.json.txt
2025-10-19 19:42:48 | INFO | EM.print | [SAVE] adv config saved: metrics/adv_config_fold_5_20251019_193730.json
2025-10-19 19:42:48 | INFO | EM.print | Start Training...
2025-10-19 19:42:48 | INFO | EM.print | -------- Epoch 1 --------
2025-10-19 19:42:49 | INFO | EM.print | [AUG][online][epoch=1][iter=0] start name=random_permute_features noise_std=0.01 mask_rate=0.1 seed=0
2025-10-19 19:42:49 | INFO | EM.print | [AUG][online][epoch=1][iter=0] done name=random_permute_features shape=(1140, 1140)
2025-10-19 19:42:49 | INFO | EM.print | [ONLINE-AUG] mode=online name=random_permute_features noise_std=0.01 mask_rate=0.1 base_seed=0
2025-10-19 19:42:49 | INFO | EM.print | epoch: 1/ iteration: 1/ loss_train: 0.7227361 | task_loss:0.6850 cont_loss:0.0919 adv_loss:0.7279
2025-10-19 19:42:50 | INFO | EM.print | epoch: 0001 loss_train: 4.6396 task_loss: 0.3012 cont_loss: 8.0608 adv_loss: 0.1413 auroc_train: 0.9051 auprc_train: 0.8939 precision_train: 0.8135 recall_train: 0.8503 f1_train: 0.8315 cm_train: (tn=1726, fp=418, fn=321, tp=1823)
2025-10-19 19:42:50 | INFO | EM.print | -------- Epoch 2 --------
2025-10-19 19:42:50 | INFO | EM.print | [AUG][online][epoch=2][iter=0] start name=random_permute_features noise_std=0.01 mask_rate=0.1 seed=1000
2025-10-19 19:42:50 | INFO | EM.print | [AUG][online][epoch=2][iter=0] done name=random_permute_features shape=(1140, 1140)
2025-10-19 19:42:50 | INFO | EM.print | [ONLINE-AUG] mode=online name=random_permute_features noise_std=0.01 mask_rate=0.1 base_seed=0
2025-10-19 19:42:50 | INFO | EM.print | epoch: 2/ iteration: 1/ loss_train: 4.5752635 | task_loss:0.1765 cont_loss:8.0734 adv_loss:0.1109
2025-10-19 19:42:52 | INFO | EM.print | epoch: 0002 loss_train: 4.5547 task_loss: 0.4014 cont_loss: 7.9282 adv_loss: 0.0270 auroc_train: 0.9489 auprc_train: 0.9439 precision_train: 0.8652 recall_train: 0.8927 f1_train: 0.8787 cm_train: (tn=1847, fp=298, fn=230, tp=1913)
2025-10-19 19:42:52 | INFO | EM.print | -------- Epoch 3 --------
2025-10-19 19:42:52 | INFO | EM.print | [AUG][online][epoch=3][iter=0] start name=random_permute_features noise_std=0.01 mask_rate=0.1 seed=2000
2025-10-19 19:42:52 | INFO | EM.print | [AUG][online][epoch=3][iter=0] done name=random_permute_features shape=(1140, 1140)
2025-10-19 19:42:52 | INFO | EM.print | [ONLINE-AUG] mode=online name=random_permute_features noise_std=0.01 mask_rate=0.1 base_seed=0
2025-10-19 19:42:52 | INFO | EM.print | epoch: 3/ iteration: 1/ loss_train: 22.93441 | task_loss:0.9380 cont_loss:7.1220 adv_loss:37.1905
2025-10-19 19:43:00 | INFO | EM.print | epoch: 0003 loss_train: 5.2424 task_loss: 0.7036 cont_loss: 8.2790 adv_loss: 0.7447 auroc_train: 0.4136 auprc_train: 0.4304 precision_train: 0.4562 recall_train: 0.5448 f1_train: 0.4966 cm_train: (tn=755, fp=1391, fn=975, tp=1167)
2025-10-19 19:43:00 | INFO | EM.print | -------- Epoch 4 --------
2025-10-19 19:43:00 | INFO | EM.print | [AUG][online][epoch=4][iter=0] start name=random_permute_features noise_std=0.01 mask_rate=0.1 seed=3000
2025-10-19 19:43:00 | INFO | EM.print | [AUG][online][epoch=4][iter=0] done name=random_permute_features shape=(1140, 1140)
2025-10-19 19:43:00 | INFO | EM.print | [ONLINE-AUG] mode=online name=random_permute_features noise_std=0.01 mask_rate=0.1 base_seed=0
2025-10-19 19:43:00 | INFO | EM.print | epoch: 4/ iteration: 1/ loss_train: 5.233736 | task_loss:0.6938 cont_loss:8.2627 adv_loss:0.7540
2025-10-19 19:43:08 | INFO | EM.print | epoch: 0004 loss_train: 5.2538 task_loss: 0.7237 cont_loss: 8.3124 adv_loss: 0.7127 auroc_train: 0.4882 auprc_train: 0.4920 precision_train: 0.4848 recall_train: 0.4846 f1_train: 0.4847 cm_train: (tn=1037, fp=1105, fn=1106, tp=1040)
2025-10-19 19:43:08 | INFO | EM.print | -------- Epoch 5 --------
2025-10-19 19:43:08 | INFO | EM.print | [AUG][online][epoch=5][iter=0] start name=random_permute_features noise_std=0.01 mask_rate=0.1 seed=4000
2025-10-19 19:43:08 | INFO | EM.print | [AUG][online][epoch=5][iter=0] done name=random_permute_features shape=(1140, 1140)
2025-10-19 19:43:08 | INFO | EM.print | [ONLINE-AUG] mode=online name=random_permute_features noise_std=0.01 mask_rate=0.1 base_seed=0
2025-10-19 19:43:08 | INFO | EM.print | epoch: 5/ iteration: 1/ loss_train: 5.241168 | task_loss:0.7024 cont_loss:8.3027 adv_loss:0.7172
2025-10-19 19:43:15 | INFO | EM.print | epoch: 0005 loss_train: 5.2381 task_loss: 0.6938 cont_loss: 8.3107 adv_loss: 0.7100 auroc_train: 0.4935 auprc_train: 0.4871 precision_train: 0.4917 recall_train: 0.4011 f1_train: 0.4418 cm_train: (tn=1255, fp=889, fn=1284, tp=860)
2025-10-19 19:43:15 | INFO | EM.print | -------- Epoch 6 --------
2025-10-19 19:43:15 | INFO | EM.print | [AUG][online][epoch=6][iter=0] start name=random_permute_features noise_std=0.01 mask_rate=0.1 seed=5000
2025-10-19 19:43:15 | INFO | EM.print | [AUG][online][epoch=6][iter=0] done name=random_permute_features shape=(1140, 1140)
2025-10-19 19:43:15 | INFO | EM.print | [ONLINE-AUG] mode=online name=random_permute_features noise_std=0.01 mask_rate=0.1 base_seed=0
2025-10-19 19:43:15 | INFO | EM.print | epoch: 6/ iteration: 1/ loss_train: 5.235401 | task_loss:0.6941 cont_loss:8.3117 adv_loss:0.7032
2025-10-19 19:43:23 | INFO | EM.print | epoch: 0006 loss_train: 5.2395 task_loss: 0.6913 cont_loss: 8.3190 adv_loss: 0.7060 auroc_train: 0.4876 auprc_train: 0.4853 precision_train: 0.4896 recall_train: 0.5151 f1_train: 0.5020 cm_train: (tn=988, fp=1153, fn=1041, tp=1106)
2025-10-19 19:43:23 | INFO | EM.print | -------- Epoch 7 --------
2025-10-19 19:43:23 | INFO | EM.print | [AUG][online][epoch=7][iter=0] start name=random_permute_features noise_std=0.01 mask_rate=0.1 seed=6000
2025-10-19 19:43:23 | INFO | EM.print | [AUG][online][epoch=7][iter=0] done name=random_permute_features shape=(1140, 1140)
2025-10-19 19:43:23 | INFO | EM.print | [ONLINE-AUG] mode=online name=random_permute_features noise_std=0.01 mask_rate=0.1 base_seed=0
2025-10-19 19:43:23 | INFO | EM.print | epoch: 7/ iteration: 1/ loss_train: 5.2339344 | task_loss:0.6897 cont_loss:8.3154 adv_loss:0.7002
2025-10-19 19:43:31 | INFO | EM.print | epoch: 0007 loss_train: 5.2379 task_loss: 0.6990 cont_loss: 8.3138 adv_loss: 0.7015 auroc_train: 0.4901 auprc_train: 0.4894 precision_train: 0.4998 recall_train: 0.6648 f1_train: 0.5706 cm_train: (tn=716, fp=1427, fn=719, tp=1426)
2025-10-19 19:43:31 | INFO | EM.print | -------- Epoch 8 --------
2025-10-19 19:43:31 | INFO | EM.print | [AUG][online][epoch=8][iter=0] start name=random_permute_features noise_std=0.01 mask_rate=0.1 seed=7000
2025-10-19 19:43:31 | INFO | EM.print | [AUG][online][epoch=8][iter=0] done name=random_permute_features shape=(1140, 1140)
2025-10-19 19:43:31 | INFO | EM.print | [ONLINE-AUG] mode=online name=random_permute_features noise_std=0.01 mask_rate=0.1 base_seed=0
2025-10-19 19:43:31 | INFO | EM.print | epoch: 8/ iteration: 1/ loss_train: 5.238899 | task_loss:0.6982 cont_loss:8.3151 adv_loss:0.7028
2025-10-19 19:43:40 | INFO | EM.print | epoch: 0008 loss_train: 5.2369 task_loss: 0.6963 cont_loss: 8.3149 adv_loss: 0.7007 auroc_train: 0.4854 auprc_train: 0.4849 precision_train: 0.4927 recall_train: 0.6147 f1_train: 0.5470 cm_train: (tn=787, fp=1357, fn=826, tp=1318)
2025-10-19 19:43:40 | INFO | EM.print | -------- Epoch 9 --------
2025-10-19 19:43:40 | INFO | EM.print | [AUG][online][epoch=9][iter=0] start name=random_permute_features noise_std=0.01 mask_rate=0.1 seed=8000
2025-10-19 19:43:40 | INFO | EM.print | [AUG][online][epoch=9][iter=0] done name=random_permute_features shape=(1140, 1140)
2025-10-19 19:43:40 | INFO | EM.print | [ONLINE-AUG] mode=online name=random_permute_features noise_std=0.01 mask_rate=0.1 base_seed=0
2025-10-19 19:43:40 | INFO | EM.print | epoch: 9/ iteration: 1/ loss_train: 5.2349167 | task_loss:0.6946 cont_loss:8.3153 adv_loss:0.6979
2025-10-19 19:43:49 | INFO | EM.print | epoch: 0009 loss_train: 5.2335 task_loss: 0.6955 cont_loss: 8.3137 adv_loss: 0.6959 auroc_train: 0.4772 auprc_train: 0.4844 precision_train: 0.4851 recall_train: 0.4876 f1_train: 0.4864 cm_train: (tn=1036, fp=1109, fn=1098, tp=1045)
2025-10-19 19:43:49 | INFO | EM.print | -------- Epoch 10 --------
2025-10-19 19:43:49 | INFO | EM.print | [AUG][online][epoch=10][iter=0] start name=random_permute_features noise_std=0.01 mask_rate=0.1 seed=9000
2025-10-19 19:43:49 | INFO | EM.print | [AUG][online][epoch=10][iter=0] done name=random_permute_features shape=(1140, 1140)
2025-10-19 19:43:49 | INFO | EM.print | [ONLINE-AUG] mode=online name=random_permute_features noise_std=0.01 mask_rate=0.1 base_seed=0
2025-10-19 19:43:49 | INFO | EM.print | epoch: 10/ iteration: 1/ loss_train: 5.2303433 | task_loss:0.6869 cont_loss:8.3141 adv_loss:0.6969
2025-10-19 19:43:58 | INFO | EM.print | epoch: 0010 loss_train: 5.2323 task_loss: 0.6932 cont_loss: 8.3150 adv_loss: 0.6943 auroc_train: 0.4889 auprc_train: 0.4892 precision_train: 0.4911 recall_train: 0.5170 f1_train: 0.5038 cm_train: (tn=997, fp=1148, fn=1035, tp=1108)
2025-10-19 19:43:58 | INFO | EM.print | Optimization Finished!
2025-10-19 19:43:58 | INFO | EM.result.save | Saved result text: /root/OUTPUT/result/MDA_stageA_eps0.015_steps5_data_20251019_193730/metrics/train_epoch_metrics_fold_5_20251019_193730.csv.txt
2025-10-19 19:43:58 | INFO | EM.print | [SAVE] Per-epoch train metrics saved: train_epoch_metrics_fold_5_20251019_193730.csv
2025-10-19 19:43:59 | INFO | EM.result.save | Saved result text: /root/OUTPUT/result/MDA_stageA_eps0.015_steps5_data_20251019_193730/metrics/threshold_scan_fold_5_20251019_193730.txt
2025-10-19 19:43:59 | INFO | EM.print | loss_test: 5.2281 auroc_test: 0.8645 auprc_test: 0.8699 precision_test: 0.5010 recall_test: 1.0000 f1_test: 0.6675 cm_test: (tn=0, fp=511, fn=0, tp=513)
2025-10-19 19:43:59 | INFO | EM | Fold 5 completed.
2025-10-19 19:43:59 | INFO | EM | === 5-Fold Cross Validation Results ===
2025-10-19 19:43:59 | INFO | EM | AUROC: 0.7457 ± 0.0781
2025-10-19 19:43:59 | INFO | EM | AUPRC: 0.7215 ± 0.0949
2025-10-19 19:43:59 | INFO | EM | F1-Score: 0.4042 ± 0.3301
2025-10-19 19:43:59 | INFO | EM | Loss: 5.2190 ± 0.0172
2025-10-19 19:43:59 | INFO | EM.result.save | Saved result text: /root/OUTPUT/result/MDA_stageA_eps0.015_steps5_data_20251019_193730/result_summary_20251019_193730.txt
2025-10-19 19:43:59 | INFO | EM | Detailed Results:
2025-10-19 19:43:59 | INFO | EM | Fold 1: AUROC=0.7417, AUPRC=0.7515, F1=0.0000
2025-10-19 19:43:59 | INFO | EM | Fold 2: AUROC=0.7460, AUPRC=0.6803, F1=0.0000
2025-10-19 19:43:59 | INFO | EM | Fold 3: AUROC=0.7582, AUPRC=0.7270, F1=0.6658
2025-10-19 19:43:59 | INFO | EM | Fold 4: AUROC=0.6182, AUPRC=0.5786, F1=0.6875
2025-10-19 19:43:59 | INFO | EM | Fold 5: AUROC=0.8645, AUPRC=0.8699, F1=0.6675
2025-10-19 19:43:59 | INFO | EM.result.save | Saved result text: /root/OUTPUT/result/MDA_stageA_eps0.015_steps5_data_20251019_193730/per_fold_20251019_193730.txt
2025-10-19 19:43:59 | INFO | EM.result.save | Saved result text: /root/OUTPUT/result/MDA_stageA_eps0.015_steps5_data_20251019_193730/metrics/result_extra_20251019_193730.txt
2025-10-19 19:43:59 | INFO | EM | Precision: 0.3055 ± 0.2497
2025-10-19 19:43:59 | INFO | EM | Recall: 0.5973 ± 0.4877
2025-10-19 19:43:59 | INFO | EM | Confusion Matrix (sum): tn=1079, fp=1478, fn=1032, tp=1531
2025-10-19 19:43:59 | INFO | EM | All folds completed!
2025-10-19 19:43:59 | INFO | EM | ================================================================================
2025-10-19 19:43:59 | INFO | EM | RUN END   | run_id=20251019_193730 | run_name=MDA_stageA_eps0.015_steps5
2025-10-19 19:43:59 | INFO | EM | RESULT DIR: /root/OUTPUT/result/MDA_stageA_eps0.015_steps5_data_20251019_193730
2025-10-19 19:43:59 | INFO | EM | ================================================================================
