2025-10-19 19:32:51 | INFO | EM | ================================================================================
2025-10-19 19:32:51 | INFO | EM | RUN START | run_id=20251019_193251 | run_name=MDA_stageA_eps0.015_steps3
2025-10-19 19:32:51 | INFO | EM | COMMAND: /root/miniconda3/bin/python /root/hyperparameter-tuning/main.py --task_type MDA --run_name MDA_stageA_eps0.015_steps3 --feature_type one_hot --batch 64 --lr 0.0005 --weight_decay 0.0005 --dropout 0.05 --epochs 10 --augment_mode online --moco_queue 4096 --moco_momentum 0.99 --moco_t 0.07 --loss_ratio1 0.45 --loss_ratio2 0.55 --loss_ratio3 0.5 --enable_threshold_scan true --threshold_min 0.35 --threshold_max 0.65 --threshold_step 0.01 --enable_temp_scaling true --temp_grid_min 0.5 --temp_grid_max 3.0 --temp_grid_num 26 --adv_warmup_end 3 --adv_mode mgraph --adv_norm linf --adv_rand_init true --adv_project true --adv_on_moco true --adv_eps 0.015 --adv_alpha 0.005 --adv_steps 3
2025-10-19 19:32:51 | INFO | EM | ================================================================================
2025-10-19 19:32:51 | INFO | EM.result | Result directory: /root/OUTPUT/result/MDA_stageA_eps0.015_steps3_data_20251019_193251
2025-10-19 19:32:51 | INFO | EM | Initialized logging and result directory.
2025-10-19 19:32:51 | INFO | EM | Using CUDA: True
2025-10-19 19:32:52 | INFO | EM | CUDA device count: 1
2025-10-19 19:32:52 | INFO | EM | Current CUDA device: 0
2025-10-19 19:32:52 | INFO | EM | CUDA device name: NVIDIA GeForce RTX 4090
2025-10-19 19:32:52 | INFO | EM | === Augmentation Config ===
2025-10-19 19:32:52 | INFO | EM | [AUG CONFIG] Multiple augmentations detected: random_permute_features, attribute_mask, noise_then_mask
2025-10-19 19:32:52 | INFO | EM | augment=random_permute_features,attribute_mask,noise_then_mask | mode=online | noise_std=0.01 | mask_rate=0.1 | augment_seed=None (None means seed+fold for static)
2025-10-19 19:32:52 | INFO | EM | ===========================
2025-10-19 19:32:52 | INFO | EM | Loading dataset1/LDA.edgelist seed0 dataset...
2025-10-19 19:32:52 | INFO | EM | Selected cross_validation type: 5_cv1
2025-10-19 19:32:52 | INFO | EM | Selected task_type: MDA
2025-10-19 19:32:52 | INFO | EM | Selected feature_type: one_hot
2025-10-19 19:32:52 | INFO | EM | Selected embed_dim: N/A
2025-10-19 19:32:52 | INFO | EM | Selected learning_rate: N/A
2025-10-19 19:32:52 | INFO | EM | Selected epochs: 10
2025-10-19 19:32:52 | INFO | EM | Selected task type...
2025-10-19 19:32:58 | INFO | EM.print | [AUG][static][fold=1] start name=random_permute_features noise_std=0.01 mask_rate=0.1 seed=0
2025-10-19 19:32:58 | INFO | EM.print | [AUG][static][fold=1] done name=random_permute_features shape=(1140, 1140)
2025-10-19 19:32:58 | INFO | EM.augment | [AUGMENT][fold=1] name=random_permute_features noise_std=0.01 mask_rate=0.1 seed=0 masked_cols=0 shape=(1140, 1140) mean=0.0009 std=0.0296
2025-10-19 19:33:04 | INFO | EM.print | [AUG][static][fold=2] start name=random_permute_features noise_std=0.01 mask_rate=0.1 seed=1
2025-10-19 19:33:04 | INFO | EM.print | [AUG][static][fold=2] done name=random_permute_features shape=(1140, 1140)
2025-10-19 19:33:04 | INFO | EM.augment | [AUGMENT][fold=2] name=random_permute_features noise_std=0.01 mask_rate=0.1 seed=1 masked_cols=0 shape=(1140, 1140) mean=0.0009 std=0.0296
2025-10-19 19:33:10 | INFO | EM.print | [AUG][static][fold=3] start name=random_permute_features noise_std=0.01 mask_rate=0.1 seed=2
2025-10-19 19:33:10 | INFO | EM.print | [AUG][static][fold=3] done name=random_permute_features shape=(1140, 1140)
2025-10-19 19:33:10 | INFO | EM.augment | [AUGMENT][fold=3] name=random_permute_features noise_std=0.01 mask_rate=0.1 seed=2 masked_cols=0 shape=(1140, 1140) mean=0.0009 std=0.0296
2025-10-19 19:33:17 | INFO | EM.print | [AUG][static][fold=4] start name=random_permute_features noise_std=0.01 mask_rate=0.1 seed=3
2025-10-19 19:33:17 | INFO | EM.print | [AUG][static][fold=4] done name=random_permute_features shape=(1140, 1140)
2025-10-19 19:33:17 | INFO | EM.augment | [AUGMENT][fold=4] name=random_permute_features noise_std=0.01 mask_rate=0.1 seed=3 masked_cols=0 shape=(1140, 1140) mean=0.0009 std=0.0296
2025-10-19 19:33:23 | INFO | EM.print | [AUG][static][fold=5] start name=random_permute_features noise_std=0.01 mask_rate=0.1 seed=4
2025-10-19 19:33:23 | INFO | EM.print | [AUG][static][fold=5] done name=random_permute_features shape=(1140, 1140)
2025-10-19 19:33:23 | INFO | EM.augment | [AUGMENT][fold=5] name=random_permute_features noise_std=0.01 mask_rate=0.1 seed=4 masked_cols=0 shape=(1140, 1140) mean=0.0009 std=0.0296
2025-10-19 19:33:23 | INFO | EM | [DATALOADER] os=linux workers=8 prefetch_factor=4
2025-10-19 19:33:23 | INFO | EM.fold_stats | Saved fold stats to /root/OUTPUT/result/metrics/fold_stats.json
2025-10-19 19:33:23 | INFO | EM | Loading finished!
2025-10-19 19:33:23 | INFO | EM | Starting 5-fold cross validation...
2025-10-19 19:33:23 | INFO | EM | === Fold 1/5 ===
2025-10-19 19:33:23 | INFO | EM.result.save | Saved result text: /root/OUTPUT/result/MDA_stageA_eps0.015_steps3_data_20251019_193251/metrics/adv_config_fold_1_20251019_193251.json.txt
2025-10-19 19:33:23 | INFO | EM.print | [SAVE] adv config saved: metrics/adv_config_fold_1_20251019_193251.json
2025-10-19 19:33:23 | INFO | EM.print | Start Training...
2025-10-19 19:33:23 | INFO | EM.print | -------- Epoch 1 --------
2025-10-19 19:33:23 | INFO | EM.print | [AUG][online][epoch=1][iter=0] start name=random_permute_features noise_std=0.01 mask_rate=0.1 seed=0
2025-10-19 19:33:23 | INFO | EM.print | [AUG][online][epoch=1][iter=0] done name=random_permute_features shape=(1140, 1140)
2025-10-19 19:33:23 | INFO | EM.print | [ONLINE-AUG] mode=online name=random_permute_features noise_std=0.01 mask_rate=0.1 base_seed=0
2025-10-19 19:33:24 | INFO | EM.print | epoch: 1/ iteration: 1/ loss_train: 0.79234046 | task_loss:0.6691 cont_loss:0.2595 adv_loss:0.6971
2025-10-19 19:33:25 | INFO | EM.print | epoch: 0001 loss_train: 4.6263 task_loss: 0.3441 cont_loss: 8.0684 adv_loss: 0.0676 auroc_train: 0.8871 auprc_train: 0.8900 precision_train: 0.7882 recall_train: 0.8228 f1_train: 0.8051 cm_train: (tn=1670, fp=474, fn=380, tp=1764)
2025-10-19 19:33:25 | INFO | EM.print | -------- Epoch 2 --------
2025-10-19 19:33:25 | INFO | EM.print | [AUG][online][epoch=2][iter=0] start name=random_permute_features noise_std=0.01 mask_rate=0.1 seed=1000
2025-10-19 19:33:25 | INFO | EM.print | [AUG][online][epoch=2][iter=0] done name=random_permute_features shape=(1140, 1140)
2025-10-19 19:33:25 | INFO | EM.print | [ONLINE-AUG] mode=online name=random_permute_features noise_std=0.01 mask_rate=0.1 base_seed=0
2025-10-19 19:33:25 | INFO | EM.print | epoch: 2/ iteration: 1/ loss_train: 4.6137743 | task_loss:0.2889 cont_loss:8.0886 adv_loss:0.0701
2025-10-19 19:33:27 | INFO | EM.print | epoch: 0002 loss_train: 4.4287 task_loss: 0.2230 cont_loss: 7.8513 adv_loss: 0.0203 auroc_train: 0.9473 auprc_train: 0.9412 precision_train: 0.8761 recall_train: 0.8839 f1_train: 0.8800 cm_train: (tn=1876, fp=268, fn=249, tp=1895)
2025-10-19 19:33:27 | INFO | EM.print | -------- Epoch 3 --------
2025-10-19 19:33:27 | INFO | EM.print | [AUG][online][epoch=3][iter=0] start name=random_permute_features noise_std=0.01 mask_rate=0.1 seed=2000
2025-10-19 19:33:27 | INFO | EM.print | [AUG][online][epoch=3][iter=0] done name=random_permute_features shape=(1140, 1140)
2025-10-19 19:33:27 | INFO | EM.print | [ONLINE-AUG] mode=online name=random_permute_features noise_std=0.01 mask_rate=0.1 base_seed=0
2025-10-19 19:33:27 | INFO | EM.print | epoch: 3/ iteration: 1/ loss_train: 24.1014 | task_loss:1.0174 cont_loss:5.7701 adv_loss:40.9401
2025-10-19 19:33:32 | INFO | EM.print | epoch: 0003 loss_train: 5.1252 task_loss: 0.7270 cont_loss: 8.0279 adv_loss: 0.7655 auroc_train: 0.4485 auprc_train: 0.4521 precision_train: 0.4755 recall_train: 0.4618 f1_train: 0.4685 cm_train: (tn=1052, fp=1092, fn=1154, tp=990)
2025-10-19 19:33:32 | INFO | EM.print | -------- Epoch 4 --------
2025-10-19 19:33:32 | INFO | EM.print | [AUG][online][epoch=4][iter=0] start name=random_permute_features noise_std=0.01 mask_rate=0.1 seed=3000
2025-10-19 19:33:32 | INFO | EM.print | [AUG][online][epoch=4][iter=0] done name=random_permute_features shape=(1140, 1140)
2025-10-19 19:33:32 | INFO | EM.print | [ONLINE-AUG] mode=online name=random_permute_features noise_std=0.01 mask_rate=0.1 base_seed=0
2025-10-19 19:33:32 | INFO | EM.print | epoch: 4/ iteration: 1/ loss_train: 5.111521 | task_loss:0.6906 cont_loss:8.0675 adv_loss:0.7272
2025-10-19 19:33:37 | INFO | EM.print | epoch: 0004 loss_train: 5.2186 task_loss: 0.7034 cont_loss: 8.2689 adv_loss: 0.7084 auroc_train: 0.4910 auprc_train: 0.4946 precision_train: 0.4910 recall_train: 0.4855 f1_train: 0.4883 cm_train: (tn=1065, fp=1079, fn=1103, tp=1041)
2025-10-19 19:33:37 | INFO | EM.print | -------- Epoch 5 --------
2025-10-19 19:33:37 | INFO | EM.print | [AUG][online][epoch=5][iter=0] start name=random_permute_features noise_std=0.01 mask_rate=0.1 seed=4000
2025-10-19 19:33:37 | INFO | EM.print | [AUG][online][epoch=5][iter=0] done name=random_permute_features shape=(1140, 1140)
2025-10-19 19:33:37 | INFO | EM.print | [ONLINE-AUG] mode=online name=random_permute_features noise_std=0.01 mask_rate=0.1 base_seed=0
2025-10-19 19:33:37 | INFO | EM.print | epoch: 5/ iteration: 1/ loss_train: 5.2133327 | task_loss:0.6981 cont_loss:8.2669 adv_loss:0.7048
2025-10-19 19:33:43 | INFO | EM.print | epoch: 0005 loss_train: 5.2290 task_loss: 0.6935 cont_loss: 8.3020 adv_loss: 0.7015 auroc_train: 0.4966 auprc_train: 0.4949 precision_train: 0.4908 recall_train: 0.5226 f1_train: 0.5062 cm_train: (tn=983, fp=1162, fn=1023, tp=1120)
2025-10-19 19:33:43 | INFO | EM.print | -------- Epoch 6 --------
2025-10-19 19:33:43 | INFO | EM.print | [AUG][online][epoch=6][iter=0] start name=random_permute_features noise_std=0.01 mask_rate=0.1 seed=5000
2025-10-19 19:33:43 | INFO | EM.print | [AUG][online][epoch=6][iter=0] done name=random_permute_features shape=(1140, 1140)
2025-10-19 19:33:43 | INFO | EM.print | [ONLINE-AUG] mode=online name=random_permute_features noise_std=0.01 mask_rate=0.1 base_seed=0
2025-10-19 19:33:43 | INFO | EM.print | epoch: 6/ iteration: 1/ loss_train: 5.2253966 | task_loss:0.6920 cont_loss:8.2979 adv_loss:0.7003
2025-10-19 19:33:48 | INFO | EM.print | epoch: 0006 loss_train: 5.2290 task_loss: 0.6918 cont_loss: 8.3069 adv_loss: 0.6978 auroc_train: 0.4941 auprc_train: 0.4978 precision_train: 0.4961 recall_train: 0.5881 f1_train: 0.5382 cm_train: (tn=860, fp=1282, fn=884, tp=1262)
2025-10-19 19:33:48 | INFO | EM.print | -------- Epoch 7 --------
2025-10-19 19:33:48 | INFO | EM.print | [AUG][online][epoch=7][iter=0] start name=random_permute_features noise_std=0.01 mask_rate=0.1 seed=6000
2025-10-19 19:33:48 | INFO | EM.print | [AUG][online][epoch=7][iter=0] done name=random_permute_features shape=(1140, 1140)
2025-10-19 19:33:48 | INFO | EM.print | [ONLINE-AUG] mode=online name=random_permute_features noise_std=0.01 mask_rate=0.1 base_seed=0
2025-10-19 19:33:48 | INFO | EM.print | epoch: 7/ iteration: 1/ loss_train: 5.2358637 | task_loss:0.6915 cont_loss:8.3111 adv_loss:0.7071
2025-10-19 19:33:53 | INFO | EM.print | epoch: 0007 loss_train: 5.2297 task_loss: 0.7107 cont_loss: 8.2948 adv_loss: 0.6955 auroc_train: 0.4951 auprc_train: 0.4958 precision_train: 0.4897 recall_train: 0.4324 f1_train: 0.4593 cm_train: (tn=1178, fp=966, fn=1217, tp=927)
2025-10-19 19:33:53 | INFO | EM.print | -------- Epoch 8 --------
2025-10-19 19:33:53 | INFO | EM.print | [AUG][online][epoch=8][iter=0] start name=random_permute_features noise_std=0.01 mask_rate=0.1 seed=7000
2025-10-19 19:33:53 | INFO | EM.print | [AUG][online][epoch=8][iter=0] done name=random_permute_features shape=(1140, 1140)
2025-10-19 19:33:53 | INFO | EM.print | [ONLINE-AUG] mode=online name=random_permute_features noise_std=0.01 mask_rate=0.1 base_seed=0
2025-10-19 19:33:53 | INFO | EM.print | epoch: 8/ iteration: 1/ loss_train: 5.2222176 | task_loss:0.6922 cont_loss:8.2943 adv_loss:0.6977
2025-10-19 19:33:58 | INFO | EM.print | epoch: 0008 loss_train: 5.2236 task_loss: 0.6926 cont_loss: 8.2996 adv_loss: 0.6943 auroc_train: 0.4927 auprc_train: 0.4939 precision_train: 0.4987 recall_train: 0.6061 f1_train: 0.5471 cm_train: (tn=836, fp=1307, fn=845, tp=1300)
2025-10-19 19:33:58 | INFO | EM.print | -------- Epoch 9 --------
2025-10-19 19:33:58 | INFO | EM.print | [AUG][online][epoch=9][iter=0] start name=random_permute_features noise_std=0.01 mask_rate=0.1 seed=8000
2025-10-19 19:33:58 | INFO | EM.print | [AUG][online][epoch=9][iter=0] done name=random_permute_features shape=(1140, 1140)
2025-10-19 19:33:58 | INFO | EM.print | [ONLINE-AUG] mode=online name=random_permute_features noise_std=0.01 mask_rate=0.1 base_seed=0
2025-10-19 19:33:58 | INFO | EM.print | epoch: 9/ iteration: 1/ loss_train: 5.219696 | task_loss:0.6913 cont_loss:8.2925 adv_loss:0.6955
2025-10-19 19:34:03 | INFO | EM.print | epoch: 0009 loss_train: 5.2139 task_loss: 0.6892 cont_loss: 8.2918 adv_loss: 0.6865 auroc_train: 0.4875 auprc_train: 0.4877 precision_train: 0.4882 recall_train: 0.5215 f1_train: 0.5043 cm_train: (tn=975, fp=1171, fn=1025, tp=1117)
2025-10-19 19:34:03 | INFO | EM.print | -------- Epoch 10 --------
2025-10-19 19:34:03 | INFO | EM.print | [AUG][online][epoch=10][iter=0] start name=random_permute_features noise_std=0.01 mask_rate=0.1 seed=9000
2025-10-19 19:34:03 | INFO | EM.print | [AUG][online][epoch=10][iter=0] done name=random_permute_features shape=(1140, 1140)
2025-10-19 19:34:03 | INFO | EM.print | [ONLINE-AUG] mode=online name=random_permute_features noise_std=0.01 mask_rate=0.1 base_seed=0
2025-10-19 19:34:03 | INFO | EM.print | epoch: 10/ iteration: 1/ loss_train: 5.22613 | task_loss:0.7017 cont_loss:8.2975 adv_loss:0.6935
2025-10-19 19:34:08 | INFO | EM.print | epoch: 0010 loss_train: 5.2188 task_loss: 0.6936 cont_loss: 8.3036 adv_loss: 0.6794 auroc_train: 0.4859 auprc_train: 0.4945 precision_train: 0.4778 recall_train: 0.3713 f1_train: 0.4178 cm_train: (tn=1274, fp=870, fn=1348, tp=796)
2025-10-19 19:34:08 | INFO | EM.print | Optimization Finished!
2025-10-19 19:34:08 | INFO | EM.result.save | Saved result text: /root/OUTPUT/result/MDA_stageA_eps0.015_steps3_data_20251019_193251/metrics/train_epoch_metrics_fold_1_20251019_193251.csv.txt
2025-10-19 19:34:08 | INFO | EM.print | [SAVE] Per-epoch train metrics saved: train_epoch_metrics_fold_1_20251019_193251.csv
2025-10-19 19:34:09 | INFO | EM.result.save | Saved result text: /root/OUTPUT/result/MDA_stageA_eps0.015_steps3_data_20251019_193251/metrics/threshold_scan_fold_1_20251019_193251.txt
2025-10-19 19:34:09 | ERROR | EM.print | /root/miniconda3/lib/python3.12/site-packages/sklearn/metrics/_classification.py:1731: UndefinedMetricWarning: Precision is ill-defined and being set to 0.0 due to no predicted samples. Use `zero_division` parameter to control this behavior.
2025-10-19 19:34:09 | ERROR | EM.print |   _warn_prf(average, modifier, f"{metric.capitalize()} is", result.shape[0])
2025-10-19 19:34:09 | INFO | EM.print | loss_test: 5.2115 auroc_test: 0.6912 auprc_test: 0.6775 precision_test: 0.0000 recall_test: 0.0000 f1_test: 0.0000 cm_test: (tn=510, fp=0, fn=514, tp=0)
2025-10-19 19:34:09 | INFO | EM | Fold 1 completed.
2025-10-19 19:34:09 | INFO | EM | === Fold 2/5 ===
2025-10-19 19:34:09 | INFO | EM.result.save | Saved result text: /root/OUTPUT/result/MDA_stageA_eps0.015_steps3_data_20251019_193251/metrics/adv_config_fold_2_20251019_193251.json.txt
2025-10-19 19:34:09 | INFO | EM.print | [SAVE] adv config saved: metrics/adv_config_fold_2_20251019_193251.json
2025-10-19 19:34:09 | INFO | EM.print | Start Training...
2025-10-19 19:34:09 | INFO | EM.print | -------- Epoch 1 --------
2025-10-19 19:34:09 | INFO | EM.print | [AUG][online][epoch=1][iter=0] start name=random_permute_features noise_std=0.01 mask_rate=0.1 seed=0
2025-10-19 19:34:09 | INFO | EM.print | [AUG][online][epoch=1][iter=0] done name=random_permute_features shape=(1140, 1140)
2025-10-19 19:34:09 | INFO | EM.print | [ONLINE-AUG] mode=online name=random_permute_features noise_std=0.01 mask_rate=0.1 base_seed=0
2025-10-19 19:34:09 | INFO | EM.print | epoch: 1/ iteration: 1/ loss_train: 0.7864871 | task_loss:0.7267 cont_loss:0.0689 adv_loss:0.8432
2025-10-19 19:34:11 | INFO | EM.print | epoch: 0001 loss_train: 4.7362 task_loss: 0.4869 cont_loss: 8.0836 adv_loss: 0.1423 auroc_train: 0.8435 auprc_train: 0.8389 precision_train: 0.7599 recall_train: 0.7443 f1_train: 0.7520 cm_train: (tn=1641, fp=504, fn=548, tp=1595)
2025-10-19 19:34:11 | INFO | EM.print | -------- Epoch 2 --------
2025-10-19 19:34:11 | INFO | EM.print | [AUG][online][epoch=2][iter=0] start name=random_permute_features noise_std=0.01 mask_rate=0.1 seed=1000
2025-10-19 19:34:11 | INFO | EM.print | [AUG][online][epoch=2][iter=0] done name=random_permute_features shape=(1140, 1140)
2025-10-19 19:34:11 | INFO | EM.print | [ONLINE-AUG] mode=online name=random_permute_features noise_std=0.01 mask_rate=0.1 base_seed=0
2025-10-19 19:34:11 | INFO | EM.print | epoch: 2/ iteration: 1/ loss_train: 4.595096 | task_loss:0.1977 cont_loss:8.0932 adv_loss:0.1098
2025-10-19 19:34:12 | INFO | EM.print | epoch: 0002 loss_train: 4.5296 task_loss: 0.3014 cont_loss: 7.9562 adv_loss: 0.0362 auroc_train: 0.9460 auprc_train: 0.9348 precision_train: 0.8683 recall_train: 0.9044 f1_train: 0.8860 cm_train: (tn=1850, fp=294, fn=205, tp=1939)
2025-10-19 19:34:12 | INFO | EM.print | -------- Epoch 3 --------
2025-10-19 19:34:13 | INFO | EM.print | [AUG][online][epoch=3][iter=0] start name=random_permute_features noise_std=0.01 mask_rate=0.1 seed=2000
2025-10-19 19:34:13 | INFO | EM.print | [AUG][online][epoch=3][iter=0] done name=random_permute_features shape=(1140, 1140)
2025-10-19 19:34:13 | INFO | EM.print | [ONLINE-AUG] mode=online name=random_permute_features noise_std=0.01 mask_rate=0.1 base_seed=0
2025-10-19 19:34:13 | INFO | EM.print | epoch: 3/ iteration: 1/ loss_train: 25.0344 | task_loss:1.6531 cont_loss:7.5511 adv_loss:40.2748
2025-10-19 19:34:18 | INFO | EM.print | epoch: 0003 loss_train: 5.1520 task_loss: 0.6977 cont_loss: 8.0144 adv_loss: 0.8601 auroc_train: 0.4481 auprc_train: 0.4488 precision_train: 0.4737 recall_train: 0.5746 f1_train: 0.5193 cm_train: (tn=772, fp=1370, fn=913, tp=1233)
2025-10-19 19:34:18 | INFO | EM.print | -------- Epoch 4 --------
2025-10-19 19:34:18 | INFO | EM.print | [AUG][online][epoch=4][iter=0] start name=random_permute_features noise_std=0.01 mask_rate=0.1 seed=3000
2025-10-19 19:34:18 | INFO | EM.print | [AUG][online][epoch=4][iter=0] done name=random_permute_features shape=(1140, 1140)
2025-10-19 19:34:18 | INFO | EM.print | [ONLINE-AUG] mode=online name=random_permute_features noise_std=0.01 mask_rate=0.1 base_seed=0
2025-10-19 19:34:18 | INFO | EM.print | epoch: 4/ iteration: 1/ loss_train: 5.364772 | task_loss:0.7020 cont_loss:8.3874 adv_loss:0.8716
2025-10-19 19:34:23 | INFO | EM.print | epoch: 0004 loss_train: 5.2338 task_loss: 0.7144 cont_loss: 8.2950 adv_loss: 0.7000 auroc_train: 0.4878 auprc_train: 0.4897 precision_train: 0.4930 recall_train: 0.5058 f1_train: 0.4993 cm_train: (tn=1030, fp=1115, fn=1059, tp=1084)
2025-10-19 19:34:23 | INFO | EM.print | -------- Epoch 5 --------
2025-10-19 19:34:23 | INFO | EM.print | [AUG][online][epoch=5][iter=0] start name=random_permute_features noise_std=0.01 mask_rate=0.1 seed=4000
2025-10-19 19:34:23 | INFO | EM.print | [AUG][online][epoch=5][iter=0] done name=random_permute_features shape=(1140, 1140)
2025-10-19 19:34:23 | INFO | EM.print | [ONLINE-AUG] mode=online name=random_permute_features noise_std=0.01 mask_rate=0.1 base_seed=0
2025-10-19 19:34:23 | INFO | EM.print | epoch: 5/ iteration: 1/ loss_train: 5.252824 | task_loss:0.7104 cont_loss:8.3199 adv_loss:0.7144
2025-10-19 19:34:29 | INFO | EM.print | epoch: 0005 loss_train: 5.2277 task_loss: 0.6947 cont_loss: 8.2971 adv_loss: 0.7034 auroc_train: 0.4923 auprc_train: 0.4917 precision_train: 0.4993 recall_train: 0.5145 f1_train: 0.5068 cm_train: (tn=1041, fp=1105, fn=1040, tp=1102)
2025-10-19 19:34:29 | INFO | EM.print | -------- Epoch 6 --------
2025-10-19 19:34:29 | INFO | EM.print | [AUG][online][epoch=6][iter=0] start name=random_permute_features noise_std=0.01 mask_rate=0.1 seed=5000
2025-10-19 19:34:29 | INFO | EM.print | [AUG][online][epoch=6][iter=0] done name=random_permute_features shape=(1140, 1140)
2025-10-19 19:34:29 | INFO | EM.print | [ONLINE-AUG] mode=online name=random_permute_features noise_std=0.01 mask_rate=0.1 base_seed=0
2025-10-19 19:34:29 | INFO | EM.print | epoch: 6/ iteration: 1/ loss_train: 5.2435303 | task_loss:0.6974 cont_loss:8.3289 adv_loss:0.6976
2025-10-19 19:34:35 | INFO | EM.print | epoch: 0006 loss_train: 5.2348 task_loss: 0.6935 cont_loss: 8.3162 adv_loss: 0.6975 auroc_train: 0.4960 auprc_train: 0.4956 precision_train: 0.5000 recall_train: 0.5818 f1_train: 0.5378 cm_train: (tn=895, fp=1248, fn=897, tp=1248)
2025-10-19 19:34:35 | INFO | EM.print | -------- Epoch 7 --------
2025-10-19 19:34:35 | INFO | EM.print | [AUG][online][epoch=7][iter=0] start name=random_permute_features noise_std=0.01 mask_rate=0.1 seed=6000
2025-10-19 19:34:35 | INFO | EM.print | [AUG][online][epoch=7][iter=0] done name=random_permute_features shape=(1140, 1140)
2025-10-19 19:34:35 | INFO | EM.print | [ONLINE-AUG] mode=online name=random_permute_features noise_std=0.01 mask_rate=0.1 base_seed=0
2025-10-19 19:34:36 | INFO | EM.print | epoch: 7/ iteration: 1/ loss_train: 5.2429137 | task_loss:0.6931 cont_loss:8.3234 adv_loss:0.7063
2025-10-19 19:34:41 | INFO | EM.print | epoch: 0007 loss_train: 5.2356 task_loss: 0.6976 cont_loss: 8.3175 adv_loss: 0.6940 auroc_train: 0.4933 auprc_train: 0.4931 precision_train: 0.4931 recall_train: 0.4799 f1_train: 0.4864 cm_train: (tn=1086, fp=1058, fn=1115, tp=1029)
2025-10-19 19:34:41 | INFO | EM.print | -------- Epoch 8 --------
2025-10-19 19:34:41 | INFO | EM.print | [AUG][online][epoch=8][iter=0] start name=random_permute_features noise_std=0.01 mask_rate=0.1 seed=7000
2025-10-19 19:34:41 | INFO | EM.print | [AUG][online][epoch=8][iter=0] done name=random_permute_features shape=(1140, 1140)
2025-10-19 19:34:41 | INFO | EM.print | [ONLINE-AUG] mode=online name=random_permute_features noise_std=0.01 mask_rate=0.1 base_seed=0
2025-10-19 19:34:41 | INFO | EM.print | epoch: 8/ iteration: 1/ loss_train: 5.2352023 | task_loss:0.6924 cont_loss:8.3184 adv_loss:0.6970
2025-10-19 19:34:46 | INFO | EM.print | epoch: 0008 loss_train: 5.2339 task_loss: 0.6935 cont_loss: 8.3171 adv_loss: 0.6949 auroc_train: 0.4952 auprc_train: 0.4919 precision_train: 0.4957 recall_train: 0.5128 f1_train: 0.5041 cm_train: (tn=1030, fp=1117, fn=1043, tp=1098)
2025-10-19 19:34:46 | INFO | EM.print | -------- Epoch 9 --------
2025-10-19 19:34:46 | INFO | EM.print | [AUG][online][epoch=9][iter=0] start name=random_permute_features noise_std=0.01 mask_rate=0.1 seed=8000
2025-10-19 19:34:46 | INFO | EM.print | [AUG][online][epoch=9][iter=0] done name=random_permute_features shape=(1140, 1140)
2025-10-19 19:34:46 | INFO | EM.print | [ONLINE-AUG] mode=online name=random_permute_features noise_std=0.01 mask_rate=0.1 base_seed=0
2025-10-19 19:34:46 | INFO | EM.print | epoch: 9/ iteration: 1/ loss_train: 5.2324147 | task_loss:0.6926 cont_loss:8.3137 adv_loss:0.6964
2025-10-19 19:34:51 | INFO | EM.print | epoch: 0009 loss_train: 5.2250 task_loss: 0.6967 cont_loss: 8.2931 adv_loss: 0.7005 auroc_train: 0.4816 auprc_train: 0.4812 precision_train: 0.4971 recall_train: 0.6353 f1_train: 0.5577 cm_train: (tn=766, fp=1378, fn=782, tp=1362)
2025-10-19 19:34:51 | INFO | EM.print | -------- Epoch 10 --------
2025-10-19 19:34:51 | INFO | EM.print | [AUG][online][epoch=10][iter=0] start name=random_permute_features noise_std=0.01 mask_rate=0.1 seed=9000
2025-10-19 19:34:51 | INFO | EM.print | [AUG][online][epoch=10][iter=0] done name=random_permute_features shape=(1140, 1140)
2025-10-19 19:34:51 | INFO | EM.print | [ONLINE-AUG] mode=online name=random_permute_features noise_std=0.01 mask_rate=0.1 base_seed=0
2025-10-19 19:34:51 | INFO | EM.print | epoch: 10/ iteration: 1/ loss_train: 5.2412286 | task_loss:0.6950 cont_loss:8.3329 adv_loss:0.6908
2025-10-19 19:34:56 | INFO | EM.print | epoch: 0010 loss_train: 5.2224 task_loss: 0.6956 cont_loss: 8.3121 adv_loss: 0.6754 auroc_train: 0.4948 auprc_train: 0.5030 precision_train: 0.4962 recall_train: 0.4537 f1_train: 0.4740 cm_train: (tn=1152, fp=989, fn=1173, tp=974)
2025-10-19 19:34:56 | INFO | EM.print | Optimization Finished!
2025-10-19 19:34:56 | INFO | EM.result.save | Saved result text: /root/OUTPUT/result/MDA_stageA_eps0.015_steps3_data_20251019_193251/metrics/train_epoch_metrics_fold_2_20251019_193251.csv.txt
2025-10-19 19:34:56 | INFO | EM.print | [SAVE] Per-epoch train metrics saved: train_epoch_metrics_fold_2_20251019_193251.csv
2025-10-19 19:34:57 | INFO | EM.result.save | Saved result text: /root/OUTPUT/result/MDA_stageA_eps0.015_steps3_data_20251019_193251/metrics/threshold_scan_fold_2_20251019_193251.txt
2025-10-19 19:34:57 | ERROR | EM.print | /root/miniconda3/lib/python3.12/site-packages/sklearn/metrics/_classification.py:1731: UndefinedMetricWarning: Precision is ill-defined and being set to 0.0 due to no predicted samples. Use `zero_division` parameter to control this behavior.
2025-10-19 19:34:57 | ERROR | EM.print |   _warn_prf(average, modifier, f"{metric.capitalize()} is", result.shape[0])
2025-10-19 19:34:57 | INFO | EM.print | loss_test: 5.2123 auroc_test: 0.6940 auprc_test: 0.6097 precision_test: 0.0000 recall_test: 0.0000 f1_test: 0.0000 cm_test: (tn=513, fp=0, fn=511, tp=0)
2025-10-19 19:34:57 | INFO | EM | Fold 2 completed.
2025-10-19 19:34:57 | INFO | EM | === Fold 3/5 ===
2025-10-19 19:34:57 | INFO | EM.result.save | Saved result text: /root/OUTPUT/result/MDA_stageA_eps0.015_steps3_data_20251019_193251/metrics/adv_config_fold_3_20251019_193251.json.txt
2025-10-19 19:34:57 | INFO | EM.print | [SAVE] adv config saved: metrics/adv_config_fold_3_20251019_193251.json
2025-10-19 19:34:57 | INFO | EM.print | Start Training...
2025-10-19 19:34:57 | INFO | EM.print | -------- Epoch 1 --------
2025-10-19 19:34:58 | INFO | EM.print | [AUG][online][epoch=1][iter=0] start name=random_permute_features noise_std=0.01 mask_rate=0.1 seed=0
2025-10-19 19:34:58 | INFO | EM.print | [AUG][online][epoch=1][iter=0] done name=random_permute_features shape=(1140, 1140)
2025-10-19 19:34:58 | INFO | EM.print | [ONLINE-AUG] mode=online name=random_permute_features noise_std=0.01 mask_rate=0.1 base_seed=0
2025-10-19 19:34:58 | INFO | EM.print | epoch: 1/ iteration: 1/ loss_train: 0.71342504 | task_loss:0.6997 cont_loss:0.0885 adv_loss:0.6997
2025-10-19 19:34:59 | INFO | EM.print | epoch: 0001 loss_train: 4.5730 task_loss: 0.3776 cont_loss: 7.9542 adv_loss: 0.0566 auroc_train: 0.8956 auprc_train: 0.8879 precision_train: 0.8000 recall_train: 0.7951 f1_train: 0.7976 cm_train: (tn=1719, fp=426, fn=439, tp=1704)
2025-10-19 19:34:59 | INFO | EM.print | -------- Epoch 2 --------
2025-10-19 19:34:59 | INFO | EM.print | [AUG][online][epoch=2][iter=0] start name=random_permute_features noise_std=0.01 mask_rate=0.1 seed=1000
2025-10-19 19:34:59 | INFO | EM.print | [AUG][online][epoch=2][iter=0] done name=random_permute_features shape=(1140, 1140)
2025-10-19 19:34:59 | INFO | EM.print | [ONLINE-AUG] mode=online name=random_permute_features noise_std=0.01 mask_rate=0.1 base_seed=0
2025-10-19 19:34:59 | INFO | EM.print | epoch: 2/ iteration: 1/ loss_train: 4.5245323 | task_loss:0.2649 cont_loss:7.9558 adv_loss:0.0593
2025-10-19 19:35:01 | INFO | EM.print | epoch: 0002 loss_train: 4.5477 task_loss: 0.4145 cont_loss: 7.9067 adv_loss: 0.0249 auroc_train: 0.9482 auprc_train: 0.9411 precision_train: 0.8658 recall_train: 0.8973 f1_train: 0.8813 cm_train: (tn=1847, fp=298, fn=220, tp=1923)
2025-10-19 19:35:01 | INFO | EM.print | -------- Epoch 3 --------
2025-10-19 19:35:01 | INFO | EM.print | [AUG][online][epoch=3][iter=0] start name=random_permute_features noise_std=0.01 mask_rate=0.1 seed=2000
2025-10-19 19:35:01 | INFO | EM.print | [AUG][online][epoch=3][iter=0] done name=random_permute_features shape=(1140, 1140)
2025-10-19 19:35:01 | INFO | EM.print | [ONLINE-AUG] mode=online name=random_permute_features noise_std=0.01 mask_rate=0.1 base_seed=0
2025-10-19 19:35:01 | INFO | EM.print | epoch: 3/ iteration: 1/ loss_train: 26.348076 | task_loss:0.9984 cont_loss:6.1370 adv_loss:45.0468
2025-10-19 19:35:06 | INFO | EM.print | epoch: 0003 loss_train: 5.1319 task_loss: 0.6948 cont_loss: 8.0971 adv_loss: 0.7317 auroc_train: 0.4265 auprc_train: 0.4465 precision_train: 0.4554 recall_train: 0.4187 f1_train: 0.4363 cm_train: (tn=1066, fp=1075, fn=1248, tp=899)
2025-10-19 19:35:06 | INFO | EM.print | -------- Epoch 4 --------
2025-10-19 19:35:06 | INFO | EM.print | [AUG][online][epoch=4][iter=0] start name=random_permute_features noise_std=0.01 mask_rate=0.1 seed=3000
2025-10-19 19:35:06 | INFO | EM.print | [AUG][online][epoch=4][iter=0] done name=random_permute_features shape=(1140, 1140)
2025-10-19 19:35:06 | INFO | EM.print | [ONLINE-AUG] mode=online name=random_permute_features noise_std=0.01 mask_rate=0.1 base_seed=0
2025-10-19 19:35:06 | INFO | EM.print | epoch: 4/ iteration: 1/ loss_train: 5.0862613 | task_loss:0.6965 cont_loss:8.0151 adv_loss:0.7291
2025-10-19 19:35:11 | INFO | EM.print | epoch: 0004 loss_train: 5.2321 task_loss: 0.6924 cont_loss: 8.2997 adv_loss: 0.7114 auroc_train: 0.5002 auprc_train: 0.4953 precision_train: 0.5049 recall_train: 0.4841 f1_train: 0.4943 cm_train: (tn=1126, fp=1018, fn=1106, tp=1038)
2025-10-19 19:35:11 | INFO | EM.print | -------- Epoch 5 --------
2025-10-19 19:35:11 | INFO | EM.print | [AUG][online][epoch=5][iter=0] start name=random_permute_features noise_std=0.01 mask_rate=0.1 seed=4000
2025-10-19 19:35:11 | INFO | EM.print | [AUG][online][epoch=5][iter=0] done name=random_permute_features shape=(1140, 1140)
2025-10-19 19:35:11 | INFO | EM.print | [ONLINE-AUG] mode=online name=random_permute_features noise_std=0.01 mask_rate=0.1 base_seed=0
2025-10-19 19:35:11 | INFO | EM.print | epoch: 5/ iteration: 1/ loss_train: 5.231176 | task_loss:0.6942 cont_loss:8.2962 adv_loss:0.7117
2025-10-19 19:35:17 | INFO | EM.print | epoch: 0005 loss_train: 5.2259 task_loss: 0.6928 cont_loss: 8.3018 adv_loss: 0.6963 auroc_train: 0.4854 auprc_train: 0.4895 precision_train: 0.4935 recall_train: 0.5170 f1_train: 0.5050 cm_train: (tn=1005, fp=1138, fn=1036, tp=1109)
2025-10-19 19:35:17 | INFO | EM.print | -------- Epoch 6 --------
2025-10-19 19:35:17 | INFO | EM.print | [AUG][online][epoch=6][iter=0] start name=random_permute_features noise_std=0.01 mask_rate=0.1 seed=5000
2025-10-19 19:35:17 | INFO | EM.print | [AUG][online][epoch=6][iter=0] done name=random_permute_features shape=(1140, 1140)
2025-10-19 19:35:17 | INFO | EM.print | [ONLINE-AUG] mode=online name=random_permute_features noise_std=0.01 mask_rate=0.1 base_seed=0
2025-10-19 19:35:17 | INFO | EM.print | epoch: 6/ iteration: 1/ loss_train: 5.229486 | task_loss:0.6920 cont_loss:8.3017 adv_loss:0.7043
2025-10-19 19:35:24 | INFO | EM.print | epoch: 0006 loss_train: 5.2319 task_loss: 0.6893 cont_loss: 8.3098 adv_loss: 0.7027 auroc_train: 0.4998 auprc_train: 0.4937 precision_train: 0.5007 recall_train: 0.4911 f1_train: 0.4959 cm_train: (tn=1094, fp=1050, fn=1091, tp=1053)
2025-10-19 19:35:24 | INFO | EM.print | -------- Epoch 7 --------
2025-10-19 19:35:24 | INFO | EM.print | [AUG][online][epoch=7][iter=0] start name=random_permute_features noise_std=0.01 mask_rate=0.1 seed=6000
2025-10-19 19:35:24 | INFO | EM.print | [AUG][online][epoch=7][iter=0] done name=random_permute_features shape=(1140, 1140)
2025-10-19 19:35:24 | INFO | EM.print | [ONLINE-AUG] mode=online name=random_permute_features noise_std=0.01 mask_rate=0.1 base_seed=0
2025-10-19 19:35:24 | INFO | EM.print | epoch: 7/ iteration: 1/ loss_train: 5.2304955 | task_loss:0.6914 cont_loss:8.3079 adv_loss:0.7000
2025-10-19 19:35:30 | INFO | EM.print | epoch: 0007 loss_train: 5.2288 task_loss: 0.6786 cont_loss: 8.3172 adv_loss: 0.6978 auroc_train: 0.4944 auprc_train: 0.4903 precision_train: 0.4933 recall_train: 0.4660 f1_train: 0.4793 cm_train: (tn=1118, fp=1026, fn=1145, tp=999)
2025-10-19 19:35:30 | INFO | EM.print | -------- Epoch 8 --------
2025-10-19 19:35:30 | INFO | EM.print | [AUG][online][epoch=8][iter=0] start name=random_permute_features noise_std=0.01 mask_rate=0.1 seed=7000
2025-10-19 19:35:30 | INFO | EM.print | [AUG][online][epoch=8][iter=0] done name=random_permute_features shape=(1140, 1140)
2025-10-19 19:35:30 | INFO | EM.print | [ONLINE-AUG] mode=online name=random_permute_features noise_std=0.01 mask_rate=0.1 base_seed=0
2025-10-19 19:35:30 | INFO | EM.print | epoch: 8/ iteration: 1/ loss_train: 5.242528 | task_loss:0.7120 cont_loss:8.3138 adv_loss:0.6991
2025-10-19 19:35:36 | INFO | EM.print | epoch: 0008 loss_train: 5.2394 task_loss: 0.7089 cont_loss: 8.3125 adv_loss: 0.6970 auroc_train: 0.4959 auprc_train: 0.4912 precision_train: 0.5022 recall_train: 0.5233 f1_train: 0.5126 cm_train: (tn=1032, fp=1112, fn=1022, tp=1122)
2025-10-19 19:35:36 | INFO | EM.print | -------- Epoch 9 --------
2025-10-19 19:35:36 | INFO | EM.print | [AUG][online][epoch=9][iter=0] start name=random_permute_features noise_std=0.01 mask_rate=0.1 seed=8000
2025-10-19 19:35:36 | INFO | EM.print | [AUG][online][epoch=9][iter=0] done name=random_permute_features shape=(1140, 1140)
2025-10-19 19:35:36 | INFO | EM.print | [ONLINE-AUG] mode=online name=random_permute_features noise_std=0.01 mask_rate=0.1 base_seed=0
2025-10-19 19:35:36 | INFO | EM.print | epoch: 9/ iteration: 1/ loss_train: 5.2338724 | task_loss:0.6950 cont_loss:8.3142 adv_loss:0.6966
2025-10-19 19:35:43 | INFO | EM.print | epoch: 0009 loss_train: 5.2270 task_loss: 0.7057 cont_loss: 8.2925 adv_loss: 0.6972 auroc_train: 0.4954 auprc_train: 0.4977 precision_train: 0.4960 recall_train: 0.4967 f1_train: 0.4964 cm_train: (tn=1068, fp=1080, fn=1077, tp=1063)
2025-10-19 19:35:43 | INFO | EM.print | -------- Epoch 10 --------
2025-10-19 19:35:43 | INFO | EM.print | [AUG][online][epoch=10][iter=0] start name=random_permute_features noise_std=0.01 mask_rate=0.1 seed=9000
2025-10-19 19:35:43 | INFO | EM.print | [AUG][online][epoch=10][iter=0] done name=random_permute_features shape=(1140, 1140)
2025-10-19 19:35:43 | INFO | EM.print | [ONLINE-AUG] mode=online name=random_permute_features noise_std=0.01 mask_rate=0.1 base_seed=0
2025-10-19 19:35:43 | INFO | EM.print | epoch: 10/ iteration: 1/ loss_train: 5.228745 | task_loss:0.6995 cont_loss:8.3017 adv_loss:0.6961
2025-10-19 19:35:48 | INFO | EM.print | epoch: 0010 loss_train: 5.2293 task_loss: 0.6932 cont_loss: 8.3086 adv_loss: 0.6952 auroc_train: 0.4764 auprc_train: 0.4838 precision_train: 0.4818 recall_train: 0.4321 f1_train: 0.4556 cm_train: (tn=1149, fp=996, fn=1217, tp=926)
2025-10-19 19:35:48 | INFO | EM.print | Optimization Finished!
2025-10-19 19:35:48 | INFO | EM.result.save | Saved result text: /root/OUTPUT/result/MDA_stageA_eps0.015_steps3_data_20251019_193251/metrics/train_epoch_metrics_fold_3_20251019_193251.csv.txt
2025-10-19 19:35:48 | INFO | EM.print | [SAVE] Per-epoch train metrics saved: train_epoch_metrics_fold_3_20251019_193251.csv
2025-10-19 19:35:49 | INFO | EM.result.save | Saved result text: /root/OUTPUT/result/MDA_stageA_eps0.015_steps3_data_20251019_193251/metrics/threshold_scan_fold_3_20251019_193251.txt
2025-10-19 19:35:49 | INFO | EM.print | loss_test: 5.2288 auroc_test: 0.8506 auprc_test: 0.8581 precision_test: 0.4990 recall_test: 1.0000 f1_test: 0.6658 cm_test: (tn=0, fp=513, fn=0, tp=511)
2025-10-19 19:35:49 | INFO | EM | Fold 3 completed.
2025-10-19 19:35:49 | INFO | EM | === Fold 4/5 ===
2025-10-19 19:35:49 | INFO | EM.result.save | Saved result text: /root/OUTPUT/result/MDA_stageA_eps0.015_steps3_data_20251019_193251/metrics/adv_config_fold_4_20251019_193251.json.txt
2025-10-19 19:35:49 | INFO | EM.print | [SAVE] adv config saved: metrics/adv_config_fold_4_20251019_193251.json
2025-10-19 19:35:49 | INFO | EM.print | Start Training...
2025-10-19 19:35:49 | INFO | EM.print | -------- Epoch 1 --------
2025-10-19 19:35:49 | INFO | EM.print | [AUG][online][epoch=1][iter=0] start name=random_permute_features noise_std=0.01 mask_rate=0.1 seed=0
2025-10-19 19:35:49 | INFO | EM.print | [AUG][online][epoch=1][iter=0] done name=random_permute_features shape=(1140, 1140)
2025-10-19 19:35:49 | INFO | EM.print | [ONLINE-AUG] mode=online name=random_permute_features noise_std=0.01 mask_rate=0.1 base_seed=0
2025-10-19 19:35:49 | INFO | EM.print | epoch: 1/ iteration: 1/ loss_train: 0.87863326 | task_loss:0.7806 cont_loss:0.0486 adv_loss:1.0014
2025-10-19 19:35:51 | INFO | EM.print | epoch: 0001 loss_train: 4.6524 task_loss: 0.2563 cont_loss: 8.0411 adv_loss: 0.2289 auroc_train: 0.8677 auprc_train: 0.8595 precision_train: 0.7601 recall_train: 0.7800 f1_train: 0.7699 cm_train: (tn=1615, fp=528, fn=472, tp=1673)
2025-10-19 19:35:51 | INFO | EM.print | -------- Epoch 2 --------
2025-10-19 19:35:51 | INFO | EM.print | [AUG][online][epoch=2][iter=0] start name=random_permute_features noise_std=0.01 mask_rate=0.1 seed=1000
2025-10-19 19:35:51 | INFO | EM.print | [AUG][online][epoch=2][iter=0] done name=random_permute_features shape=(1140, 1140)
2025-10-19 19:35:51 | INFO | EM.print | [ONLINE-AUG] mode=online name=random_permute_features noise_std=0.01 mask_rate=0.1 base_seed=0
2025-10-19 19:35:51 | INFO | EM.print | epoch: 2/ iteration: 1/ loss_train: 4.6619716 | task_loss:0.3020 cont_loss:8.0318 adv_loss:0.2172
2025-10-19 19:35:52 | INFO | EM.print | epoch: 0002 loss_train: 4.4213 task_loss: 0.2509 cont_loss: 7.8142 adv_loss: 0.0211 auroc_train: 0.9462 auprc_train: 0.9386 precision_train: 0.8649 recall_train: 0.8908 f1_train: 0.8776 cm_train: (tn=1848, fp=298, fn=234, tp=1908)
2025-10-19 19:35:52 | INFO | EM.print | -------- Epoch 3 --------
2025-10-19 19:35:52 | INFO | EM.print | [AUG][online][epoch=3][iter=0] start name=random_permute_features noise_std=0.01 mask_rate=0.1 seed=2000
2025-10-19 19:35:52 | INFO | EM.print | [AUG][online][epoch=3][iter=0] done name=random_permute_features shape=(1140, 1140)
2025-10-19 19:35:52 | INFO | EM.print | [ONLINE-AUG] mode=online name=random_permute_features noise_std=0.01 mask_rate=0.1 base_seed=0
2025-10-19 19:35:53 | INFO | EM.print | epoch: 3/ iteration: 1/ loss_train: 23.799942 | task_loss:1.2985 cont_loss:5.4144 adv_loss:40.4754
2025-10-19 19:35:58 | INFO | EM.print | epoch: 0003 loss_train: 5.1763 task_loss: 0.7389 cont_loss: 8.1801 adv_loss: 0.6895 auroc_train: 0.4133 auprc_train: 0.4320 precision_train: 0.4475 recall_train: 0.4685 f1_train: 0.4578 cm_train: (tn=902, fp=1241, fn=1140, tp=1005)
2025-10-19 19:35:58 | INFO | EM.print | -------- Epoch 4 --------
2025-10-19 19:35:58 | INFO | EM.print | [AUG][online][epoch=4][iter=0] start name=random_permute_features noise_std=0.01 mask_rate=0.1 seed=3000
2025-10-19 19:35:58 | INFO | EM.print | [AUG][online][epoch=4][iter=0] done name=random_permute_features shape=(1140, 1140)
2025-10-19 19:35:58 | INFO | EM.print | [ONLINE-AUG] mode=online name=random_permute_features noise_std=0.01 mask_rate=0.1 base_seed=0
2025-10-19 19:35:58 | INFO | EM.print | epoch: 4/ iteration: 1/ loss_train: 5.1860676 | task_loss:0.6867 cont_loss:8.2271 adv_loss:0.7043
2025-10-19 19:36:03 | INFO | EM.print | epoch: 0004 loss_train: 5.2029 task_loss: 0.6915 cont_loss: 8.2803 adv_loss: 0.6752 auroc_train: 0.5105 auprc_train: 0.5078 precision_train: 0.5103 recall_train: 0.5310 f1_train: 0.5204 cm_train: (tn=1050, fp=1093, fn=1006, tp=1139)
2025-10-19 19:36:03 | INFO | EM.print | -------- Epoch 5 --------
2025-10-19 19:36:03 | INFO | EM.print | [AUG][online][epoch=5][iter=0] start name=random_permute_features noise_std=0.01 mask_rate=0.1 seed=4000
2025-10-19 19:36:03 | INFO | EM.print | [AUG][online][epoch=5][iter=0] done name=random_permute_features shape=(1140, 1140)
2025-10-19 19:36:03 | INFO | EM.print | [ONLINE-AUG] mode=online name=random_permute_features noise_std=0.01 mask_rate=0.1 base_seed=0
2025-10-19 19:36:03 | INFO | EM.print | epoch: 5/ iteration: 1/ loss_train: 5.2116847 | task_loss:0.6939 cont_loss:8.3149 adv_loss:0.6525
2025-10-19 19:36:08 | INFO | EM.print | epoch: 0005 loss_train: 5.2195 task_loss: 0.6907 cont_loss: 8.2685 adv_loss: 0.7220 auroc_train: 0.5059 auprc_train: 0.5046 precision_train: 0.5038 recall_train: 0.5282 f1_train: 0.5157 cm_train: (tn=1027, fp=1116, fn=1012, tp=1133)
2025-10-19 19:36:08 | INFO | EM.print | -------- Epoch 6 --------
2025-10-19 19:36:08 | INFO | EM.print | [AUG][online][epoch=6][iter=0] start name=random_permute_features noise_std=0.01 mask_rate=0.1 seed=5000
2025-10-19 19:36:08 | INFO | EM.print | [AUG][online][epoch=6][iter=0] done name=random_permute_features shape=(1140, 1140)
2025-10-19 19:36:08 | INFO | EM.print | [ONLINE-AUG] mode=online name=random_permute_features noise_std=0.01 mask_rate=0.1 base_seed=0
2025-10-19 19:36:08 | INFO | EM.print | epoch: 6/ iteration: 1/ loss_train: 5.207952 | task_loss:0.6998 cont_loss:8.2596 adv_loss:0.7005
2025-10-19 19:36:14 | INFO | EM.print | epoch: 0006 loss_train: 5.2117 task_loss: 0.6966 cont_loss: 8.2888 adv_loss: 0.6787 auroc_train: 0.4935 auprc_train: 0.4970 precision_train: 0.4970 recall_train: 0.4623 f1_train: 0.4790 cm_train: (tn=1135, fp=1005, fn=1155, tp=993)
2025-10-19 19:36:14 | INFO | EM.print | -------- Epoch 7 --------
2025-10-19 19:36:14 | INFO | EM.print | [AUG][online][epoch=7][iter=0] start name=random_permute_features noise_std=0.01 mask_rate=0.1 seed=6000
2025-10-19 19:36:14 | INFO | EM.print | [AUG][online][epoch=7][iter=0] done name=random_permute_features shape=(1140, 1140)
2025-10-19 19:36:14 | INFO | EM.print | [ONLINE-AUG] mode=online name=random_permute_features noise_std=0.01 mask_rate=0.1 base_seed=0
2025-10-19 19:36:14 | INFO | EM.print | epoch: 7/ iteration: 1/ loss_train: 5.239266 | task_loss:0.6998 cont_loss:8.3082 adv_loss:0.7097
2025-10-19 19:36:19 | INFO | EM.print | epoch: 0007 loss_train: 5.2272 task_loss: 0.6943 cont_loss: 8.3117 adv_loss: 0.6867 auroc_train: 0.4892 auprc_train: 0.4903 precision_train: 0.4982 recall_train: 0.5138 f1_train: 0.5059 cm_train: (tn=1033, fp=1110, fn=1043, tp=1102)
2025-10-19 19:36:19 | INFO | EM.print | -------- Epoch 8 --------
2025-10-19 19:36:19 | INFO | EM.print | [AUG][online][epoch=8][iter=0] start name=random_permute_features noise_std=0.01 mask_rate=0.1 seed=7000
2025-10-19 19:36:19 | INFO | EM.print | [AUG][online][epoch=8][iter=0] done name=random_permute_features shape=(1140, 1140)
2025-10-19 19:36:19 | INFO | EM.print | [ONLINE-AUG] mode=online name=random_permute_features noise_std=0.01 mask_rate=0.1 base_seed=0
2025-10-19 19:36:19 | INFO | EM.print | epoch: 8/ iteration: 1/ loss_train: 5.2717695 | task_loss:0.6951 cont_loss:8.3088 adv_loss:0.7782
2025-10-19 19:36:24 | INFO | EM.print | epoch: 0008 loss_train: 5.2360 task_loss: 0.6837 cont_loss: 8.3167 adv_loss: 0.7083 auroc_train: 0.5062 auprc_train: 0.5052 precision_train: 0.5017 recall_train: 0.5447 f1_train: 0.5223 cm_train: (tn=981, fp=1161, fn=977, tp=1169)
2025-10-19 19:36:24 | INFO | EM.print | -------- Epoch 9 --------
2025-10-19 19:36:24 | INFO | EM.print | [AUG][online][epoch=9][iter=0] start name=random_permute_features noise_std=0.01 mask_rate=0.1 seed=8000
2025-10-19 19:36:24 | INFO | EM.print | [AUG][online][epoch=9][iter=0] done name=random_permute_features shape=(1140, 1140)
2025-10-19 19:36:24 | INFO | EM.print | [ONLINE-AUG] mode=online name=random_permute_features noise_std=0.01 mask_rate=0.1 base_seed=0
2025-10-19 19:36:24 | INFO | EM.print | epoch: 9/ iteration: 1/ loss_train: 5.2473946 | task_loss:0.7014 cont_loss:8.3139 adv_loss:0.7182
2025-10-19 19:36:29 | INFO | EM.print | epoch: 0009 loss_train: 5.2097 task_loss: 0.6884 cont_loss: 8.3170 adv_loss: 0.6510 auroc_train: 0.4999 auprc_train: 0.5007 precision_train: 0.5115 recall_train: 0.4138 f1_train: 0.4575 cm_train: (tn=1294, fp=848, fn=1258, tp=888)
2025-10-19 19:36:29 | INFO | EM.print | -------- Epoch 10 --------
2025-10-19 19:36:29 | INFO | EM.print | [AUG][online][epoch=10][iter=0] start name=random_permute_features noise_std=0.01 mask_rate=0.1 seed=9000
2025-10-19 19:36:29 | INFO | EM.print | [AUG][online][epoch=10][iter=0] done name=random_permute_features shape=(1140, 1140)
2025-10-19 19:36:29 | INFO | EM.print | [ONLINE-AUG] mode=online name=random_permute_features noise_std=0.01 mask_rate=0.1 base_seed=0
2025-10-19 19:36:29 | INFO | EM.print | epoch: 10/ iteration: 1/ loss_train: 5.2210617 | task_loss:0.6970 cont_loss:8.3147 adv_loss:0.6687
2025-10-19 19:36:34 | INFO | EM.print | epoch: 0010 loss_train: 5.2169 task_loss: 0.6875 cont_loss: 8.3141 adv_loss: 0.6694 auroc_train: 0.4977 auprc_train: 0.5044 precision_train: 0.5006 recall_train: 0.4074 f1_train: 0.4492 cm_train: (tn=1274, fp=871, fn=1270, tp=873)
2025-10-19 19:36:34 | INFO | EM.print | Optimization Finished!
2025-10-19 19:36:34 | INFO | EM.result.save | Saved result text: /root/OUTPUT/result/MDA_stageA_eps0.015_steps3_data_20251019_193251/metrics/train_epoch_metrics_fold_4_20251019_193251.csv.txt
2025-10-19 19:36:34 | INFO | EM.print | [SAVE] Per-epoch train metrics saved: train_epoch_metrics_fold_4_20251019_193251.csv
2025-10-19 19:36:35 | INFO | EM.result.save | Saved result text: /root/OUTPUT/result/MDA_stageA_eps0.015_steps3_data_20251019_193251/metrics/threshold_scan_fold_4_20251019_193251.txt
2025-10-19 19:36:35 | INFO | EM.print | loss_test: 5.2154 auroc_test: 0.7983 auprc_test: 0.8026 precision_test: 0.5020 recall_test: 1.0000 f1_test: 0.6684 cm_test: (tn=0, fp=510, fn=0, tp=514)
2025-10-19 19:36:35 | INFO | EM | Fold 4 completed.
2025-10-19 19:36:35 | INFO | EM | === Fold 5/5 ===
2025-10-19 19:36:35 | INFO | EM.result.save | Saved result text: /root/OUTPUT/result/MDA_stageA_eps0.015_steps3_data_20251019_193251/metrics/adv_config_fold_5_20251019_193251.json.txt
2025-10-19 19:36:35 | INFO | EM.print | [SAVE] adv config saved: metrics/adv_config_fold_5_20251019_193251.json
2025-10-19 19:36:35 | INFO | EM.print | Start Training...
2025-10-19 19:36:35 | INFO | EM.print | -------- Epoch 1 --------
2025-10-19 19:36:35 | INFO | EM.print | [AUG][online][epoch=1][iter=0] start name=random_permute_features noise_std=0.01 mask_rate=0.1 seed=0
2025-10-19 19:36:35 | INFO | EM.print | [AUG][online][epoch=1][iter=0] done name=random_permute_features shape=(1140, 1140)
2025-10-19 19:36:35 | INFO | EM.print | [ONLINE-AUG] mode=online name=random_permute_features noise_std=0.01 mask_rate=0.1 base_seed=0
2025-10-19 19:36:35 | INFO | EM.print | epoch: 1/ iteration: 1/ loss_train: 0.72196877 | task_loss:0.6834 cont_loss:0.0919 adv_loss:0.7278
2025-10-19 19:36:37 | INFO | EM.print | epoch: 0001 loss_train: 4.6558 task_loss: 0.3434 cont_loss: 8.0509 adv_loss: 0.1465 auroc_train: 0.9080 auprc_train: 0.8941 precision_train: 0.8166 recall_train: 0.8554 f1_train: 0.8355 cm_train: (tn=1732, fp=412, fn=310, tp=1834)
2025-10-19 19:36:37 | INFO | EM.print | -------- Epoch 2 --------
2025-10-19 19:36:37 | INFO | EM.print | [AUG][online][epoch=2][iter=0] start name=random_permute_features noise_std=0.01 mask_rate=0.1 seed=1000
2025-10-19 19:36:37 | INFO | EM.print | [AUG][online][epoch=2][iter=0] done name=random_permute_features shape=(1140, 1140)
2025-10-19 19:36:37 | INFO | EM.print | [ONLINE-AUG] mode=online name=random_permute_features noise_std=0.01 mask_rate=0.1 base_seed=0
2025-10-19 19:36:37 | INFO | EM.print | epoch: 2/ iteration: 1/ loss_train: 4.570774 | task_loss:0.1770 cont_loss:8.0619 adv_loss:0.1141
2025-10-19 19:36:38 | INFO | EM.print | epoch: 0002 loss_train: 4.5575 task_loss: 0.3806 cont_loss: 7.9490 adv_loss: 0.0286 auroc_train: 0.9494 auprc_train: 0.9453 precision_train: 0.8671 recall_train: 0.8861 f1_train: 0.8765 cm_train: (tn=1854, fp=291, fn=244, tp=1899)
2025-10-19 19:36:38 | INFO | EM.print | -------- Epoch 3 --------
2025-10-19 19:36:38 | INFO | EM.print | [AUG][online][epoch=3][iter=0] start name=random_permute_features noise_std=0.01 mask_rate=0.1 seed=2000
2025-10-19 19:36:38 | INFO | EM.print | [AUG][online][epoch=3][iter=0] done name=random_permute_features shape=(1140, 1140)
2025-10-19 19:36:38 | INFO | EM.print | [ONLINE-AUG] mode=online name=random_permute_features noise_std=0.01 mask_rate=0.1 base_seed=0
2025-10-19 19:36:38 | INFO | EM.print | epoch: 3/ iteration: 1/ loss_train: 22.67925 | task_loss:0.9790 cont_loss:6.4972 adv_loss:37.3304
2025-10-19 19:36:43 | INFO | EM.print | epoch: 0003 loss_train: 5.0938 task_loss: 0.7030 cont_loss: 8.0248 adv_loss: 0.7276 auroc_train: 0.4321 auprc_train: 0.4433 precision_train: 0.4599 recall_train: 0.4874 f1_train: 0.4733 cm_train: (tn=920, fp=1226, fn=1098, tp=1044)
2025-10-19 19:36:43 | INFO | EM.print | -------- Epoch 4 --------
2025-10-19 19:36:43 | INFO | EM.print | [AUG][online][epoch=4][iter=0] start name=random_permute_features noise_std=0.01 mask_rate=0.1 seed=3000
2025-10-19 19:36:43 | INFO | EM.print | [AUG][online][epoch=4][iter=0] done name=random_permute_features shape=(1140, 1140)
2025-10-19 19:36:43 | INFO | EM.print | [ONLINE-AUG] mode=online name=random_permute_features noise_std=0.01 mask_rate=0.1 base_seed=0
2025-10-19 19:36:43 | INFO | EM.print | epoch: 4/ iteration: 1/ loss_train: 5.073128 | task_loss:0.6930 cont_loss:8.0075 adv_loss:0.7144
2025-10-19 19:36:49 | INFO | EM.print | epoch: 0004 loss_train: 5.1896 task_loss: 0.7316 cont_loss: 8.1975 adv_loss: 0.7035 auroc_train: 0.4876 auprc_train: 0.4921 precision_train: 0.4948 recall_train: 0.4884 f1_train: 0.4916 cm_train: (tn=1072, fp=1070, fn=1098, tp=1048)
2025-10-19 19:36:49 | INFO | EM.print | -------- Epoch 5 --------
2025-10-19 19:36:49 | INFO | EM.print | [AUG][online][epoch=5][iter=0] start name=random_permute_features noise_std=0.01 mask_rate=0.1 seed=4000
2025-10-19 19:36:49 | INFO | EM.print | [AUG][online][epoch=5][iter=0] done name=random_permute_features shape=(1140, 1140)
2025-10-19 19:36:49 | INFO | EM.print | [ONLINE-AUG] mode=online name=random_permute_features noise_std=0.01 mask_rate=0.1 base_seed=0
2025-10-19 19:36:49 | INFO | EM.print | epoch: 5/ iteration: 1/ loss_train: 5.195296 | task_loss:0.7049 cont_loss:8.2170 adv_loss:0.7175
2025-10-19 19:36:54 | INFO | EM.print | epoch: 0005 loss_train: 5.2345 task_loss: 0.6936 cont_loss: 8.2990 adv_loss: 0.7160 auroc_train: 0.4977 auprc_train: 0.4950 precision_train: 0.4949 recall_train: 0.4310 f1_train: 0.4607 cm_train: (tn=1201, fp=943, fn=1220, tp=924)
2025-10-19 19:36:54 | INFO | EM.print | -------- Epoch 6 --------
2025-10-19 19:36:54 | INFO | EM.print | [AUG][online][epoch=6][iter=0] start name=random_permute_features noise_std=0.01 mask_rate=0.1 seed=5000
2025-10-19 19:36:54 | INFO | EM.print | [AUG][online][epoch=6][iter=0] done name=random_permute_features shape=(1140, 1140)
2025-10-19 19:36:54 | INFO | EM.print | [ONLINE-AUG] mode=online name=random_permute_features noise_std=0.01 mask_rate=0.1 base_seed=0
2025-10-19 19:36:54 | INFO | EM.print | epoch: 6/ iteration: 1/ loss_train: 5.2147436 | task_loss:0.6950 cont_loss:8.2833 adv_loss:0.6924
2025-10-19 19:36:59 | INFO | EM.print | epoch: 0006 loss_train: 5.2318 task_loss: 0.6918 cont_loss: 8.3096 adv_loss: 0.7005 auroc_train: 0.4855 auprc_train: 0.4846 precision_train: 0.4895 recall_train: 0.5109 f1_train: 0.5000 cm_train: (tn=997, fp=1144, fn=1050, tp=1097)
2025-10-19 19:36:59 | INFO | EM.print | -------- Epoch 7 --------
2025-10-19 19:36:59 | INFO | EM.print | [AUG][online][epoch=7][iter=0] start name=random_permute_features noise_std=0.01 mask_rate=0.1 seed=6000
2025-10-19 19:36:59 | INFO | EM.print | [AUG][online][epoch=7][iter=0] done name=random_permute_features shape=(1140, 1140)
2025-10-19 19:36:59 | INFO | EM.print | [ONLINE-AUG] mode=online name=random_permute_features noise_std=0.01 mask_rate=0.1 base_seed=0
2025-10-19 19:36:59 | INFO | EM.print | epoch: 7/ iteration: 1/ loss_train: 5.227297 | task_loss:0.6886 cont_loss:8.3059 adv_loss:0.6983
2025-10-19 19:37:04 | INFO | EM.print | epoch: 0007 loss_train: 5.2375 task_loss: 0.7012 cont_loss: 8.3145 adv_loss: 0.6980 auroc_train: 0.4945 auprc_train: 0.4910 precision_train: 0.5020 recall_train: 0.6956 f1_train: 0.5832 cm_train: (tn=663, fp=1480, fn=653, tp=1492)
2025-10-19 19:37:04 | INFO | EM.print | -------- Epoch 8 --------
2025-10-19 19:37:04 | INFO | EM.print | [AUG][online][epoch=8][iter=0] start name=random_permute_features noise_std=0.01 mask_rate=0.1 seed=7000
2025-10-19 19:37:04 | INFO | EM.print | [AUG][online][epoch=8][iter=0] done name=random_permute_features shape=(1140, 1140)
2025-10-19 19:37:04 | INFO | EM.print | [ONLINE-AUG] mode=online name=random_permute_features noise_std=0.01 mask_rate=0.1 base_seed=0
2025-10-19 19:37:05 | INFO | EM.print | epoch: 8/ iteration: 1/ loss_train: 5.2413497 | task_loss:0.6982 cont_loss:8.3200 adv_loss:0.7024
2025-10-19 19:37:10 | INFO | EM.print | epoch: 0008 loss_train: 5.2352 task_loss: 0.6961 cont_loss: 8.3165 adv_loss: 0.6957 auroc_train: 0.4897 auprc_train: 0.4885 precision_train: 0.4923 recall_train: 0.5639 f1_train: 0.5257 cm_train: (tn=897, fp=1247, fn=935, tp=1209)
2025-10-19 19:37:10 | INFO | EM.print | -------- Epoch 9 --------
2025-10-19 19:37:10 | INFO | EM.print | [AUG][online][epoch=9][iter=0] start name=random_permute_features noise_std=0.01 mask_rate=0.1 seed=8000
2025-10-19 19:37:10 | INFO | EM.print | [AUG][online][epoch=9][iter=0] done name=random_permute_features shape=(1140, 1140)
2025-10-19 19:37:10 | INFO | EM.print | [ONLINE-AUG] mode=online name=random_permute_features noise_std=0.01 mask_rate=0.1 base_seed=0
2025-10-19 19:37:10 | INFO | EM.print | epoch: 9/ iteration: 1/ loss_train: 5.23384 | task_loss:0.6943 cont_loss:8.3154 adv_loss:0.6958
2025-10-19 19:37:15 | INFO | EM.print | epoch: 0009 loss_train: 5.2378 task_loss: 0.6956 cont_loss: 8.3267 adv_loss: 0.6901 auroc_train: 0.4807 auprc_train: 0.4847 precision_train: 0.4910 recall_train: 0.4988 f1_train: 0.4949 cm_train: (tn=1037, fp=1108, fn=1074, tp=1069)
2025-10-19 19:37:15 | INFO | EM.print | -------- Epoch 10 --------
2025-10-19 19:37:15 | INFO | EM.print | [AUG][online][epoch=10][iter=0] start name=random_permute_features noise_std=0.01 mask_rate=0.1 seed=9000
2025-10-19 19:37:15 | INFO | EM.print | [AUG][online][epoch=10][iter=0] done name=random_permute_features shape=(1140, 1140)
2025-10-19 19:37:15 | INFO | EM.print | [ONLINE-AUG] mode=online name=random_permute_features noise_std=0.01 mask_rate=0.1 base_seed=0
2025-10-19 19:37:15 | INFO | EM.print | epoch: 10/ iteration: 1/ loss_train: 5.22618 | task_loss:0.6867 cont_loss:8.3133 adv_loss:0.6897
2025-10-19 19:37:20 | INFO | EM.print | epoch: 0010 loss_train: 5.2228 task_loss: 0.6937 cont_loss: 8.3025 adv_loss: 0.6885 auroc_train: 0.4887 auprc_train: 0.4895 precision_train: 0.4960 recall_train: 0.5483 f1_train: 0.5208 cm_train: (tn=951, fp=1194, fn=968, tp=1175)
2025-10-19 19:37:20 | INFO | EM.print | Optimization Finished!
2025-10-19 19:37:20 | INFO | EM.result.save | Saved result text: /root/OUTPUT/result/MDA_stageA_eps0.015_steps3_data_20251019_193251/metrics/train_epoch_metrics_fold_5_20251019_193251.csv.txt
2025-10-19 19:37:20 | INFO | EM.print | [SAVE] Per-epoch train metrics saved: train_epoch_metrics_fold_5_20251019_193251.csv
2025-10-19 19:37:21 | INFO | EM.result.save | Saved result text: /root/OUTPUT/result/MDA_stageA_eps0.015_steps3_data_20251019_193251/metrics/threshold_scan_fold_5_20251019_193251.txt
2025-10-19 19:37:21 | ERROR | EM.print | /root/miniconda3/lib/python3.12/site-packages/sklearn/metrics/_classification.py:1731: UndefinedMetricWarning: Precision is ill-defined and being set to 0.0 due to no predicted samples. Use `zero_division` parameter to control this behavior.
2025-10-19 19:37:21 | ERROR | EM.print |   _warn_prf(average, modifier, f"{metric.capitalize()} is", result.shape[0])
2025-10-19 19:37:21 | INFO | EM.print | loss_test: 5.2229 auroc_test: 0.6872 auprc_test: 0.7072 precision_test: 0.0000 recall_test: 0.0000 f1_test: 0.0000 cm_test: (tn=511, fp=0, fn=513, tp=0)
2025-10-19 19:37:21 | INFO | EM | Fold 5 completed.
2025-10-19 19:37:21 | INFO | EM | === 5-Fold Cross Validation Results ===
2025-10-19 19:37:21 | INFO | EM | AUROC: 0.7443 ± 0.0675
2025-10-19 19:37:21 | INFO | EM | AUPRC: 0.7310 ± 0.0888
2025-10-19 19:37:21 | INFO | EM | F1-Score: 0.2668 ± 0.3268
2025-10-19 19:37:21 | INFO | EM | Loss: 5.2182 ± 0.0067
2025-10-19 19:37:21 | INFO | EM.result.save | Saved result text: /root/OUTPUT/result/MDA_stageA_eps0.015_steps3_data_20251019_193251/result_summary_20251019_193251.txt
2025-10-19 19:37:21 | INFO | EM | Detailed Results:
2025-10-19 19:37:21 | INFO | EM | Fold 1: AUROC=0.6912, AUPRC=0.6775, F1=0.0000
2025-10-19 19:37:21 | INFO | EM | Fold 2: AUROC=0.6940, AUPRC=0.6097, F1=0.0000
2025-10-19 19:37:21 | INFO | EM | Fold 3: AUROC=0.8506, AUPRC=0.8581, F1=0.6658
2025-10-19 19:37:21 | INFO | EM | Fold 4: AUROC=0.7983, AUPRC=0.8026, F1=0.6684
2025-10-19 19:37:21 | INFO | EM | Fold 5: AUROC=0.6872, AUPRC=0.7072, F1=0.0000
2025-10-19 19:37:21 | INFO | EM.result.save | Saved result text: /root/OUTPUT/result/MDA_stageA_eps0.015_steps3_data_20251019_193251/per_fold_20251019_193251.txt
2025-10-19 19:37:21 | INFO | EM.result.save | Saved result text: /root/OUTPUT/result/MDA_stageA_eps0.015_steps3_data_20251019_193251/metrics/result_extra_20251019_193251.txt
2025-10-19 19:37:21 | INFO | EM | Precision: 0.2002 ± 0.2452
2025-10-19 19:37:21 | INFO | EM | Recall: 0.4000 ± 0.4899
2025-10-19 19:37:21 | INFO | EM | Confusion Matrix (sum): tn=1534, fp=1023, fn=1538, tp=1025
2025-10-19 19:37:21 | INFO | EM | All folds completed!
2025-10-19 19:37:21 | INFO | EM | ================================================================================
2025-10-19 19:37:21 | INFO | EM | RUN END   | run_id=20251019_193251 | run_name=MDA_stageA_eps0.015_steps3
2025-10-19 19:37:21 | INFO | EM | RESULT DIR: /root/OUTPUT/result/MDA_stageA_eps0.015_steps3_data_20251019_193251
2025-10-19 19:37:21 | INFO | EM | ================================================================================
