2025-10-19 19:15:17 | INFO | EM | ================================================================================
2025-10-19 19:15:17 | INFO | EM | RUN START | run_id=20251019_191517 | run_name=MDA_stageA_eps0.008_steps5
2025-10-19 19:15:17 | INFO | EM | COMMAND: /root/miniconda3/bin/python /root/hyperparameter-tuning/main.py --task_type MDA --run_name MDA_stageA_eps0.008_steps5 --feature_type one_hot --batch 64 --lr 0.0005 --weight_decay 0.0005 --dropout 0.05 --epochs 10 --augment_mode online --moco_queue 4096 --moco_momentum 0.99 --moco_t 0.07 --loss_ratio1 0.45 --loss_ratio2 0.55 --loss_ratio3 0.5 --enable_threshold_scan true --threshold_min 0.35 --threshold_max 0.65 --threshold_step 0.01 --enable_temp_scaling true --temp_grid_min 0.5 --temp_grid_max 3.0 --temp_grid_num 26 --adv_warmup_end 3 --adv_mode mgraph --adv_norm linf --adv_rand_init true --adv_project true --adv_on_moco true --adv_eps 0.008 --adv_alpha 0.0016 --adv_steps 5
2025-10-19 19:15:17 | INFO | EM | ================================================================================
2025-10-19 19:15:17 | INFO | EM.result | Result directory: /root/OUTPUT/result/MDA_stageA_eps0.008_steps5_data_20251019_191517
2025-10-19 19:15:17 | INFO | EM | Initialized logging and result directory.
2025-10-19 19:15:17 | INFO | EM | Using CUDA: True
2025-10-19 19:15:17 | INFO | EM | CUDA device count: 1
2025-10-19 19:15:17 | INFO | EM | Current CUDA device: 0
2025-10-19 19:15:17 | INFO | EM | CUDA device name: NVIDIA GeForce RTX 4090
2025-10-19 19:15:17 | INFO | EM | === Augmentation Config ===
2025-10-19 19:15:17 | INFO | EM | [AUG CONFIG] Multiple augmentations detected: random_permute_features, attribute_mask, noise_then_mask
2025-10-19 19:15:17 | INFO | EM | augment=random_permute_features,attribute_mask,noise_then_mask | mode=online | noise_std=0.01 | mask_rate=0.1 | augment_seed=None (None means seed+fold for static)
2025-10-19 19:15:17 | INFO | EM | ===========================
2025-10-19 19:15:17 | INFO | EM | Loading dataset1/LDA.edgelist seed0 dataset...
2025-10-19 19:15:17 | INFO | EM | Selected cross_validation type: 5_cv1
2025-10-19 19:15:17 | INFO | EM | Selected task_type: MDA
2025-10-19 19:15:17 | INFO | EM | Selected feature_type: one_hot
2025-10-19 19:15:17 | INFO | EM | Selected embed_dim: N/A
2025-10-19 19:15:17 | INFO | EM | Selected learning_rate: N/A
2025-10-19 19:15:17 | INFO | EM | Selected epochs: 10
2025-10-19 19:15:17 | INFO | EM | Selected task type...
2025-10-19 19:15:23 | INFO | EM.print | [AUG][static][fold=1] start name=random_permute_features noise_std=0.01 mask_rate=0.1 seed=0
2025-10-19 19:15:23 | INFO | EM.print | [AUG][static][fold=1] done name=random_permute_features shape=(1140, 1140)
2025-10-19 19:15:23 | INFO | EM.augment | [AUGMENT][fold=1] name=random_permute_features noise_std=0.01 mask_rate=0.1 seed=0 masked_cols=0 shape=(1140, 1140) mean=0.0009 std=0.0296
2025-10-19 19:15:30 | INFO | EM.print | [AUG][static][fold=2] start name=random_permute_features noise_std=0.01 mask_rate=0.1 seed=1
2025-10-19 19:15:30 | INFO | EM.print | [AUG][static][fold=2] done name=random_permute_features shape=(1140, 1140)
2025-10-19 19:15:30 | INFO | EM.augment | [AUGMENT][fold=2] name=random_permute_features noise_std=0.01 mask_rate=0.1 seed=1 masked_cols=0 shape=(1140, 1140) mean=0.0009 std=0.0296
2025-10-19 19:15:36 | INFO | EM.print | [AUG][static][fold=3] start name=random_permute_features noise_std=0.01 mask_rate=0.1 seed=2
2025-10-19 19:15:36 | INFO | EM.print | [AUG][static][fold=3] done name=random_permute_features shape=(1140, 1140)
2025-10-19 19:15:36 | INFO | EM.augment | [AUGMENT][fold=3] name=random_permute_features noise_std=0.01 mask_rate=0.1 seed=2 masked_cols=0 shape=(1140, 1140) mean=0.0009 std=0.0296
2025-10-19 19:15:42 | INFO | EM.print | [AUG][static][fold=4] start name=random_permute_features noise_std=0.01 mask_rate=0.1 seed=3
2025-10-19 19:15:42 | INFO | EM.print | [AUG][static][fold=4] done name=random_permute_features shape=(1140, 1140)
2025-10-19 19:15:42 | INFO | EM.augment | [AUGMENT][fold=4] name=random_permute_features noise_std=0.01 mask_rate=0.1 seed=3 masked_cols=0 shape=(1140, 1140) mean=0.0009 std=0.0296
2025-10-19 19:15:48 | INFO | EM.print | [AUG][static][fold=5] start name=random_permute_features noise_std=0.01 mask_rate=0.1 seed=4
2025-10-19 19:15:48 | INFO | EM.print | [AUG][static][fold=5] done name=random_permute_features shape=(1140, 1140)
2025-10-19 19:15:48 | INFO | EM.augment | [AUGMENT][fold=5] name=random_permute_features noise_std=0.01 mask_rate=0.1 seed=4 masked_cols=0 shape=(1140, 1140) mean=0.0009 std=0.0296
2025-10-19 19:15:48 | INFO | EM | [DATALOADER] os=linux workers=8 prefetch_factor=4
2025-10-19 19:15:48 | INFO | EM.fold_stats | Saved fold stats to /root/OUTPUT/result/metrics/fold_stats.json
2025-10-19 19:15:48 | INFO | EM | Loading finished!
2025-10-19 19:15:48 | INFO | EM | Starting 5-fold cross validation...
2025-10-19 19:15:48 | INFO | EM | === Fold 1/5 ===
2025-10-19 19:15:48 | INFO | EM.result.save | Saved result text: /root/OUTPUT/result/MDA_stageA_eps0.008_steps5_data_20251019_191517/metrics/adv_config_fold_1_20251019_191517.json.txt
2025-10-19 19:15:48 | INFO | EM.print | [SAVE] adv config saved: metrics/adv_config_fold_1_20251019_191517.json
2025-10-19 19:15:48 | INFO | EM.print | Start Training...
2025-10-19 19:15:48 | INFO | EM.print | -------- Epoch 1 --------
2025-10-19 19:15:49 | INFO | EM.print | [AUG][online][epoch=1][iter=0] start name=random_permute_features noise_std=0.01 mask_rate=0.1 seed=0
2025-10-19 19:15:49 | INFO | EM.print | [AUG][online][epoch=1][iter=0] done name=random_permute_features shape=(1140, 1140)
2025-10-19 19:15:49 | INFO | EM.print | [ONLINE-AUG] mode=online name=random_permute_features noise_std=0.01 mask_rate=0.1 base_seed=0
2025-10-19 19:15:49 | INFO | EM.print | epoch: 1/ iteration: 1/ loss_train: 0.79234046 | task_loss:0.6691 cont_loss:0.2595 adv_loss:0.6971
2025-10-19 19:15:51 | INFO | EM.print | epoch: 0001 loss_train: 4.6252 task_loss: 0.3428 cont_loss: 8.0672 adv_loss: 0.0678 auroc_train: 0.8872 auprc_train: 0.8902 precision_train: 0.7887 recall_train: 0.8232 f1_train: 0.8056 cm_train: (tn=1671, fp=473, fn=379, tp=1765)
2025-10-19 19:15:51 | INFO | EM.print | -------- Epoch 2 --------
2025-10-19 19:15:51 | INFO | EM.print | [AUG][online][epoch=2][iter=0] start name=random_permute_features noise_std=0.01 mask_rate=0.1 seed=1000
2025-10-19 19:15:51 | INFO | EM.print | [AUG][online][epoch=2][iter=0] done name=random_permute_features shape=(1140, 1140)
2025-10-19 19:15:51 | INFO | EM.print | [ONLINE-AUG] mode=online name=random_permute_features noise_std=0.01 mask_rate=0.1 base_seed=0
2025-10-19 19:15:51 | INFO | EM.print | epoch: 2/ iteration: 1/ loss_train: 4.6141996 | task_loss:0.2907 cont_loss:8.0876 adv_loss:0.0703
2025-10-19 19:15:52 | INFO | EM.print | epoch: 0002 loss_train: 4.4291 task_loss: 0.2232 cont_loss: 7.8519 adv_loss: 0.0202 auroc_train: 0.9473 auprc_train: 0.9411 precision_train: 0.8769 recall_train: 0.8839 f1_train: 0.8804 cm_train: (tn=1878, fp=266, fn=249, tp=1895)
2025-10-19 19:15:52 | INFO | EM.print | -------- Epoch 3 --------
2025-10-19 19:15:52 | INFO | EM.print | [AUG][online][epoch=3][iter=0] start name=random_permute_features noise_std=0.01 mask_rate=0.1 seed=2000
2025-10-19 19:15:52 | INFO | EM.print | [AUG][online][epoch=3][iter=0] done name=random_permute_features shape=(1140, 1140)
2025-10-19 19:15:52 | INFO | EM.print | [ONLINE-AUG] mode=online name=random_permute_features noise_std=0.01 mask_rate=0.1 base_seed=0
2025-10-19 19:15:52 | INFO | EM.print | epoch: 3/ iteration: 1/ loss_train: 15.996685 | task_loss:1.0807 cont_loss:6.4524 adv_loss:23.9231
2025-10-19 19:16:00 | INFO | EM.print | epoch: 0003 loss_train: 5.2489 task_loss: 0.7312 cont_loss: 8.2902 adv_loss: 0.7205 auroc_train: 0.4532 auprc_train: 0.4583 precision_train: 0.4756 recall_train: 0.4646 f1_train: 0.4700 cm_train: (tn=1046, fp=1098, fn=1148, tp=996)
2025-10-19 19:16:00 | INFO | EM.print | -------- Epoch 4 --------
2025-10-19 19:16:00 | INFO | EM.print | [AUG][online][epoch=4][iter=0] start name=random_permute_features noise_std=0.01 mask_rate=0.1 seed=3000
2025-10-19 19:16:00 | INFO | EM.print | [AUG][online][epoch=4][iter=0] done name=random_permute_features shape=(1140, 1140)
2025-10-19 19:16:00 | INFO | EM.print | [ONLINE-AUG] mode=online name=random_permute_features noise_std=0.01 mask_rate=0.1 base_seed=0
2025-10-19 19:16:00 | INFO | EM.print | epoch: 4/ iteration: 1/ loss_train: 5.228084 | task_loss:0.6894 cont_loss:8.2885 adv_loss:0.7184
2025-10-19 19:16:08 | INFO | EM.print | epoch: 0004 loss_train: 5.2464 task_loss: 0.6976 cont_loss: 8.3235 adv_loss: 0.7092 auroc_train: 0.4950 auprc_train: 0.4965 precision_train: 0.4987 recall_train: 0.4459 f1_train: 0.4708 cm_train: (tn=1183, fp=961, fn=1188, tp=956)
2025-10-19 19:16:08 | INFO | EM.print | -------- Epoch 5 --------
2025-10-19 19:16:08 | INFO | EM.print | [AUG][online][epoch=5][iter=0] start name=random_permute_features noise_std=0.01 mask_rate=0.1 seed=4000
2025-10-19 19:16:08 | INFO | EM.print | [AUG][online][epoch=5][iter=0] done name=random_permute_features shape=(1140, 1140)
2025-10-19 19:16:08 | INFO | EM.print | [ONLINE-AUG] mode=online name=random_permute_features noise_std=0.01 mask_rate=0.1 base_seed=0
2025-10-19 19:16:08 | INFO | EM.print | epoch: 5/ iteration: 1/ loss_train: 5.2302694 | task_loss:0.6960 cont_loss:8.3042 adv_loss:0.6995
2025-10-19 19:16:15 | INFO | EM.print | epoch: 0005 loss_train: 5.2262 task_loss: 0.6952 cont_loss: 8.3009 adv_loss: 0.6958 auroc_train: 0.4968 auprc_train: 0.4954 precision_train: 0.4951 recall_train: 0.5180 f1_train: 0.5063 cm_train: (tn=1013, fp=1132, fn=1033, tp=1110)
2025-10-19 19:16:15 | INFO | EM.print | -------- Epoch 6 --------
2025-10-19 19:16:16 | INFO | EM.print | [AUG][online][epoch=6][iter=0] start name=random_permute_features noise_std=0.01 mask_rate=0.1 seed=5000
2025-10-19 19:16:16 | INFO | EM.print | [AUG][online][epoch=6][iter=0] done name=random_permute_features shape=(1140, 1140)
2025-10-19 19:16:16 | INFO | EM.print | [ONLINE-AUG] mode=online name=random_permute_features noise_std=0.01 mask_rate=0.1 base_seed=0
2025-10-19 19:16:16 | INFO | EM.print | epoch: 6/ iteration: 1/ loss_train: 5.224264 | task_loss:0.6912 cont_loss:8.3008 adv_loss:0.6956
2025-10-19 19:16:23 | INFO | EM.print | epoch: 0006 loss_train: 5.2263 task_loss: 0.6925 cont_loss: 8.3098 adv_loss: 0.6887 auroc_train: 0.4934 auprc_train: 0.4961 precision_train: 0.4960 recall_train: 0.6034 f1_train: 0.5445 cm_train: (tn=826, fp=1316, fn=851, tp=1295)
2025-10-19 19:16:23 | INFO | EM.print | -------- Epoch 7 --------
2025-10-19 19:16:23 | INFO | EM.print | [AUG][online][epoch=7][iter=0] start name=random_permute_features noise_std=0.01 mask_rate=0.1 seed=6000
2025-10-19 19:16:23 | INFO | EM.print | [AUG][online][epoch=7][iter=0] done name=random_permute_features shape=(1140, 1140)
2025-10-19 19:16:23 | INFO | EM.print | [ONLINE-AUG] mode=online name=random_permute_features noise_std=0.01 mask_rate=0.1 base_seed=0
2025-10-19 19:16:23 | INFO | EM.print | epoch: 7/ iteration: 1/ loss_train: 5.2239957 | task_loss:0.6899 cont_loss:8.3060 adv_loss:0.6905
2025-10-19 19:16:30 | INFO | EM.print | epoch: 0007 loss_train: 5.2313 task_loss: 0.7130 cont_loss: 8.3144 adv_loss: 0.6751 auroc_train: 0.4984 auprc_train: 0.4967 precision_train: 0.4919 recall_train: 0.4235 f1_train: 0.4551 cm_train: (tn=1206, fp=938, fn=1236, tp=908)
2025-10-19 19:16:30 | INFO | EM.print | -------- Epoch 8 --------
2025-10-19 19:16:30 | INFO | EM.print | [AUG][online][epoch=8][iter=0] start name=random_permute_features noise_std=0.01 mask_rate=0.1 seed=7000
2025-10-19 19:16:30 | INFO | EM.print | [AUG][online][epoch=8][iter=0] done name=random_permute_features shape=(1140, 1140)
2025-10-19 19:16:30 | INFO | EM.print | [ONLINE-AUG] mode=online name=random_permute_features noise_std=0.01 mask_rate=0.1 base_seed=0
2025-10-19 19:16:30 | INFO | EM.print | epoch: 8/ iteration: 1/ loss_train: 5.221214 | task_loss:0.6937 cont_loss:8.3141 adv_loss:0.6726
2025-10-19 19:16:38 | INFO | EM.print | epoch: 0008 loss_train: 5.2060 task_loss: 0.7013 cont_loss: 8.3059 adv_loss: 0.6444 auroc_train: 0.5112 auprc_train: 0.5113 precision_train: 0.5036 recall_train: 0.5851 f1_train: 0.5413 cm_train: (tn=906, fp=1237, fn=890, tp=1255)
2025-10-19 19:16:38 | INFO | EM.print | -------- Epoch 9 --------
2025-10-19 19:16:38 | INFO | EM.print | [AUG][online][epoch=9][iter=0] start name=random_permute_features noise_std=0.01 mask_rate=0.1 seed=8000
2025-10-19 19:16:38 | INFO | EM.print | [AUG][online][epoch=9][iter=0] done name=random_permute_features shape=(1140, 1140)
2025-10-19 19:16:38 | INFO | EM.print | [ONLINE-AUG] mode=online name=random_permute_features noise_std=0.01 mask_rate=0.1 base_seed=0
2025-10-19 19:16:38 | INFO | EM.print | epoch: 9/ iteration: 1/ loss_train: 5.2018576 | task_loss:0.6905 cont_loss:8.3088 adv_loss:0.6426
2025-10-19 19:16:45 | INFO | EM.print | epoch: 0009 loss_train: 5.1711 task_loss: 0.6596 cont_loss: 8.3050 adv_loss: 0.6130 auroc_train: 0.5502 auprc_train: 0.5134 precision_train: 0.5306 recall_train: 0.5467 f1_train: 0.5385 cm_train: (tn=1110, fp=1036, fn=971, tp=1171)
2025-10-19 19:16:45 | INFO | EM.print | -------- Epoch 10 --------
2025-10-19 19:16:45 | INFO | EM.print | [AUG][online][epoch=10][iter=0] start name=random_permute_features noise_std=0.01 mask_rate=0.1 seed=9000
2025-10-19 19:16:45 | INFO | EM.print | [AUG][online][epoch=10][iter=0] done name=random_permute_features shape=(1140, 1140)
2025-10-19 19:16:45 | INFO | EM.print | [ONLINE-AUG] mode=online name=random_permute_features noise_std=0.01 mask_rate=0.1 base_seed=0
2025-10-19 19:16:45 | INFO | EM.print | epoch: 10/ iteration: 1/ loss_train: 5.1616735 | task_loss:0.6389 cont_loss:8.2999 adv_loss:0.6184
2025-10-19 19:16:54 | INFO | EM.print | epoch: 0010 loss_train: 5.0814 task_loss: 0.4952 cont_loss: 8.3057 adv_loss: 0.5808 auroc_train: 0.6949 auprc_train: 0.6694 precision_train: 0.6266 recall_train: 0.7178 f1_train: 0.6691 cm_train: (tn=1227, fp=917, fn=605, tp=1539)
2025-10-19 19:16:54 | INFO | EM.print | Optimization Finished!
2025-10-19 19:16:54 | INFO | EM.result.save | Saved result text: /root/OUTPUT/result/MDA_stageA_eps0.008_steps5_data_20251019_191517/metrics/train_epoch_metrics_fold_1_20251019_191517.csv.txt
2025-10-19 19:16:54 | INFO | EM.print | [SAVE] Per-epoch train metrics saved: train_epoch_metrics_fold_1_20251019_191517.csv
2025-10-19 19:16:55 | INFO | EM.result.save | Saved result text: /root/OUTPUT/result/MDA_stageA_eps0.008_steps5_data_20251019_191517/metrics/threshold_scan_fold_1_20251019_191517.txt
2025-10-19 19:16:55 | INFO | EM.print | loss_test: 5.0772 auroc_test: 0.8438 auprc_test: 0.8337 precision_test: 0.7763 recall_test: 0.7763 f1_test: 0.7763 cm_test: (tn=395, fp=115, fn=115, tp=399)
2025-10-19 19:16:55 | INFO | EM | Fold 1 completed.
2025-10-19 19:16:55 | INFO | EM | === Fold 2/5 ===
2025-10-19 19:16:55 | INFO | EM.result.save | Saved result text: /root/OUTPUT/result/MDA_stageA_eps0.008_steps5_data_20251019_191517/metrics/adv_config_fold_2_20251019_191517.json.txt
2025-10-19 19:16:55 | INFO | EM.print | [SAVE] adv config saved: metrics/adv_config_fold_2_20251019_191517.json
2025-10-19 19:16:55 | INFO | EM.print | Start Training...
2025-10-19 19:16:55 | INFO | EM.print | -------- Epoch 1 --------
2025-10-19 19:16:56 | INFO | EM.print | [AUG][online][epoch=1][iter=0] start name=random_permute_features noise_std=0.01 mask_rate=0.1 seed=0
2025-10-19 19:16:56 | INFO | EM.print | [AUG][online][epoch=1][iter=0] done name=random_permute_features shape=(1140, 1140)
2025-10-19 19:16:56 | INFO | EM.print | [ONLINE-AUG] mode=online name=random_permute_features noise_std=0.01 mask_rate=0.1 base_seed=0
2025-10-19 19:16:56 | INFO | EM.print | epoch: 1/ iteration: 1/ loss_train: 0.78600156 | task_loss:0.7258 cont_loss:0.0690 adv_loss:0.8429
2025-10-19 19:16:58 | INFO | EM.print | epoch: 0001 loss_train: 4.7094 task_loss: 0.4381 cont_loss: 8.0783 adv_loss: 0.1384 auroc_train: 0.8391 auprc_train: 0.8362 precision_train: 0.7505 recall_train: 0.7298 f1_train: 0.7400 cm_train: (tn=1625, fp=520, fn=579, tp=1564)
2025-10-19 19:16:58 | INFO | EM.print | -------- Epoch 2 --------
2025-10-19 19:16:58 | INFO | EM.print | [AUG][online][epoch=2][iter=0] start name=random_permute_features noise_std=0.01 mask_rate=0.1 seed=1000
2025-10-19 19:16:58 | INFO | EM.print | [AUG][online][epoch=2][iter=0] done name=random_permute_features shape=(1140, 1140)
2025-10-19 19:16:58 | INFO | EM.print | [ONLINE-AUG] mode=online name=random_permute_features noise_std=0.01 mask_rate=0.1 base_seed=0
2025-10-19 19:16:58 | INFO | EM.print | epoch: 2/ iteration: 1/ loss_train: 4.590434 | task_loss:0.1928 cont_loss:8.0924 adv_loss:0.1058
2025-10-19 19:17:00 | INFO | EM.print | epoch: 0002 loss_train: 4.5257 task_loss: 0.2854 cont_loss: 7.9619 adv_loss: 0.0364 auroc_train: 0.9461 auprc_train: 0.9353 precision_train: 0.8649 recall_train: 0.9016 f1_train: 0.8828 cm_train: (tn=1842, fp=302, fn=211, tp=1933)
2025-10-19 19:17:00 | INFO | EM.print | -------- Epoch 3 --------
2025-10-19 19:17:00 | INFO | EM.print | [AUG][online][epoch=3][iter=0] start name=random_permute_features noise_std=0.01 mask_rate=0.1 seed=2000
2025-10-19 19:17:00 | INFO | EM.print | [AUG][online][epoch=3][iter=0] done name=random_permute_features shape=(1140, 1140)
2025-10-19 19:17:00 | INFO | EM.print | [ONLINE-AUG] mode=online name=random_permute_features noise_std=0.01 mask_rate=0.1 base_seed=0
2025-10-19 19:17:00 | INFO | EM.print | epoch: 3/ iteration: 1/ loss_train: 16.585022 | task_loss:1.7897 cont_loss:7.8612 adv_loss:22.9119
2025-10-19 19:17:07 | INFO | EM.print | epoch: 0003 loss_train: 5.2331 task_loss: 0.6948 cont_loss: 8.2990 adv_loss: 0.7119 auroc_train: 0.4449 auprc_train: 0.4491 precision_train: 0.4786 recall_train: 0.5979 f1_train: 0.5316 cm_train: (tn=744, fp=1398, fn=863, tp=1283)
2025-10-19 19:17:07 | INFO | EM.print | -------- Epoch 4 --------
2025-10-19 19:17:07 | INFO | EM.print | [AUG][online][epoch=4][iter=0] start name=random_permute_features noise_std=0.01 mask_rate=0.1 seed=3000
2025-10-19 19:17:07 | INFO | EM.print | [AUG][online][epoch=4][iter=0] done name=random_permute_features shape=(1140, 1140)
2025-10-19 19:17:07 | INFO | EM.print | [ONLINE-AUG] mode=online name=random_permute_features noise_std=0.01 mask_rate=0.1 base_seed=0
2025-10-19 19:17:08 | INFO | EM.print | epoch: 4/ iteration: 1/ loss_train: 5.2341585 | task_loss:0.6958 cont_loss:8.3007 adv_loss:0.7114
2025-10-19 19:17:15 | INFO | EM.print | epoch: 0004 loss_train: 5.2389 task_loss: 0.7157 cont_loss: 8.3082 adv_loss: 0.6947 auroc_train: 0.4957 auprc_train: 0.4963 precision_train: 0.5014 recall_train: 0.4853 f1_train: 0.4932 cm_train: (tn=1111, fp=1034, fn=1103, tp=1040)
2025-10-19 19:17:15 | INFO | EM.print | -------- Epoch 5 --------
2025-10-19 19:17:15 | INFO | EM.print | [AUG][online][epoch=5][iter=0] start name=random_permute_features noise_std=0.01 mask_rate=0.1 seed=4000
2025-10-19 19:17:15 | INFO | EM.print | [AUG][online][epoch=5][iter=0] done name=random_permute_features shape=(1140, 1140)
2025-10-19 19:17:15 | INFO | EM.print | [ONLINE-AUG] mode=online name=random_permute_features noise_std=0.01 mask_rate=0.1 base_seed=0
2025-10-19 19:17:15 | INFO | EM.print | epoch: 5/ iteration: 1/ loss_train: 5.249906 | task_loss:0.7128 cont_loss:8.3273 adv_loss:0.6982
2025-10-19 19:17:23 | INFO | EM.print | epoch: 0005 loss_train: 5.2294 task_loss: 0.6954 cont_loss: 8.3112 adv_loss: 0.6908 auroc_train: 0.4986 auprc_train: 0.4963 precision_train: 0.5002 recall_train: 0.4921 f1_train: 0.4961 cm_train: (tn=1093, fp=1053, fn=1088, tp=1054)
2025-10-19 19:17:23 | INFO | EM.print | -------- Epoch 6 --------
2025-10-19 19:17:23 | INFO | EM.print | [AUG][online][epoch=6][iter=0] start name=random_permute_features noise_std=0.01 mask_rate=0.1 seed=5000
2025-10-19 19:17:23 | INFO | EM.print | [AUG][online][epoch=6][iter=0] done name=random_permute_features shape=(1140, 1140)
2025-10-19 19:17:23 | INFO | EM.print | [ONLINE-AUG] mode=online name=random_permute_features noise_std=0.01 mask_rate=0.1 base_seed=0
2025-10-19 19:17:23 | INFO | EM.print | epoch: 6/ iteration: 1/ loss_train: 5.231773 | task_loss:0.6977 cont_loss:8.3150 adv_loss:0.6891
2025-10-19 19:17:31 | INFO | EM.print | epoch: 0006 loss_train: 5.2208 task_loss: 0.6926 cont_loss: 8.3177 adv_loss: 0.6688 auroc_train: 0.5058 auprc_train: 0.5040 precision_train: 0.5048 recall_train: 0.5921 f1_train: 0.5449 cm_train: (tn=897, fp=1246, fn=875, tp=1270)
2025-10-19 19:17:31 | INFO | EM.print | -------- Epoch 7 --------
2025-10-19 19:17:31 | INFO | EM.print | [AUG][online][epoch=7][iter=0] start name=random_permute_features noise_std=0.01 mask_rate=0.1 seed=6000
2025-10-19 19:17:31 | INFO | EM.print | [AUG][online][epoch=7][iter=0] done name=random_permute_features shape=(1140, 1140)
2025-10-19 19:17:31 | INFO | EM.print | [ONLINE-AUG] mode=online name=random_permute_features noise_std=0.01 mask_rate=0.1 base_seed=0
2025-10-19 19:17:31 | INFO | EM.print | epoch: 7/ iteration: 1/ loss_train: 5.2224197 | task_loss:0.6925 cont_loss:8.3165 adv_loss:0.6734
2025-10-19 19:17:39 | INFO | EM.print | epoch: 0007 loss_train: 5.1999 task_loss: 0.6911 cont_loss: 8.3147 adv_loss: 0.6317 auroc_train: 0.5156 auprc_train: 0.5187 precision_train: 0.5091 recall_train: 0.5093 f1_train: 0.5092 cm_train: (tn=1091, fp=1053, fn=1052, tp=1092)
2025-10-19 19:17:39 | INFO | EM.print | -------- Epoch 8 --------
2025-10-19 19:17:39 | INFO | EM.print | [AUG][online][epoch=8][iter=0] start name=random_permute_features noise_std=0.01 mask_rate=0.1 seed=7000
2025-10-19 19:17:39 | INFO | EM.print | [AUG][online][epoch=8][iter=0] done name=random_permute_features shape=(1140, 1140)
2025-10-19 19:17:39 | INFO | EM.print | [ONLINE-AUG] mode=online name=random_permute_features noise_std=0.01 mask_rate=0.1 base_seed=0
2025-10-19 19:17:39 | INFO | EM.print | epoch: 8/ iteration: 1/ loss_train: 5.197083 | task_loss:0.6860 cont_loss:8.3154 adv_loss:0.6299
2025-10-19 19:17:47 | INFO | EM.print | epoch: 0008 loss_train: 5.1751 task_loss: 0.6757 cont_loss: 8.3152 adv_loss: 0.5953 auroc_train: 0.5713 auprc_train: 0.5418 precision_train: 0.5516 recall_train: 0.6114 f1_train: 0.5800 cm_train: (tn=1083, fp=1064, fn=832, tp=1309)
2025-10-19 19:17:47 | INFO | EM.print | -------- Epoch 9 --------
2025-10-19 19:17:47 | INFO | EM.print | [AUG][online][epoch=9][iter=0] start name=random_permute_features noise_std=0.01 mask_rate=0.1 seed=8000
2025-10-19 19:17:47 | INFO | EM.print | [AUG][online][epoch=9][iter=0] done name=random_permute_features shape=(1140, 1140)
2025-10-19 19:17:47 | INFO | EM.print | [ONLINE-AUG] mode=online name=random_permute_features noise_std=0.01 mask_rate=0.1 base_seed=0
2025-10-19 19:17:47 | INFO | EM.print | epoch: 9/ iteration: 1/ loss_train: 5.1526403 | task_loss:0.6238 cont_loss:8.3153 adv_loss:0.5971
2025-10-19 19:17:54 | INFO | EM.print | epoch: 0009 loss_train: 5.1154 task_loss: 0.5474 cont_loss: 8.3154 adv_loss: 0.5911 auroc_train: 0.6704 auprc_train: 0.6326 precision_train: 0.6060 recall_train: 0.7360 f1_train: 0.6647 cm_train: (tn=1118, fp=1026, fn=566, tp=1578)
2025-10-19 19:17:55 | INFO | EM.print | -------- Epoch 10 --------
2025-10-19 19:17:55 | INFO | EM.print | [AUG][online][epoch=10][iter=0] start name=random_permute_features noise_std=0.01 mask_rate=0.1 seed=9000
2025-10-19 19:17:55 | INFO | EM.print | [AUG][online][epoch=10][iter=0] done name=random_permute_features shape=(1140, 1140)
2025-10-19 19:17:55 | INFO | EM.print | [ONLINE-AUG] mode=online name=random_permute_features noise_std=0.01 mask_rate=0.1 base_seed=0
2025-10-19 19:17:55 | INFO | EM.print | epoch: 10/ iteration: 1/ loss_train: 5.1080575 | task_loss:0.5599 cont_loss:8.3155 adv_loss:0.5652
2025-10-19 19:18:02 | INFO | EM.print | epoch: 0010 loss_train: 5.0007 task_loss: 0.3564 cont_loss: 8.3167 adv_loss: 0.5323 auroc_train: 0.8145 auprc_train: 0.8009 precision_train: 0.7153 recall_train: 0.7946 f1_train: 0.7529 cm_train: (tn=1462, fp=679, fn=441, tp=1706)
2025-10-19 19:18:02 | INFO | EM.print | Optimization Finished!
2025-10-19 19:18:02 | INFO | EM.result.save | Saved result text: /root/OUTPUT/result/MDA_stageA_eps0.008_steps5_data_20251019_191517/metrics/train_epoch_metrics_fold_2_20251019_191517.csv.txt
2025-10-19 19:18:02 | INFO | EM.print | [SAVE] Per-epoch train metrics saved: train_epoch_metrics_fold_2_20251019_191517.csv
2025-10-19 19:18:03 | INFO | EM.result.save | Saved result text: /root/OUTPUT/result/MDA_stageA_eps0.008_steps5_data_20251019_191517/metrics/threshold_scan_fold_2_20251019_191517.txt
2025-10-19 19:18:03 | INFO | EM.print | loss_test: 5.0339 auroc_test: 0.8640 auprc_test: 0.8430 precision_test: 0.7517 recall_test: 0.8885 f1_test: 0.8143 cm_test: (tn=363, fp=150, fn=57, tp=454)
2025-10-19 19:18:03 | INFO | EM | Fold 2 completed.
2025-10-19 19:18:03 | INFO | EM | === Fold 3/5 ===
2025-10-19 19:18:03 | INFO | EM.result.save | Saved result text: /root/OUTPUT/result/MDA_stageA_eps0.008_steps5_data_20251019_191517/metrics/adv_config_fold_3_20251019_191517.json.txt
2025-10-19 19:18:03 | INFO | EM.print | [SAVE] adv config saved: metrics/adv_config_fold_3_20251019_191517.json
2025-10-19 19:18:03 | INFO | EM.print | Start Training...
2025-10-19 19:18:03 | INFO | EM.print | -------- Epoch 1 --------
2025-10-19 19:18:03 | INFO | EM.print | [AUG][online][epoch=1][iter=0] start name=random_permute_features noise_std=0.01 mask_rate=0.1 seed=0
2025-10-19 19:18:03 | INFO | EM.print | [AUG][online][epoch=1][iter=0] done name=random_permute_features shape=(1140, 1140)
2025-10-19 19:18:03 | INFO | EM.print | [ONLINE-AUG] mode=online name=random_permute_features noise_std=0.01 mask_rate=0.1 base_seed=0
2025-10-19 19:18:03 | INFO | EM.print | epoch: 1/ iteration: 1/ loss_train: 0.7127192 | task_loss:0.6984 cont_loss:0.0886 adv_loss:0.6994
2025-10-19 19:18:05 | INFO | EM.print | epoch: 0001 loss_train: 4.5805 task_loss: 0.3928 cont_loss: 7.9567 adv_loss: 0.0550 auroc_train: 0.8959 auprc_train: 0.8883 precision_train: 0.7995 recall_train: 0.8021 f1_train: 0.8008 cm_train: (tn=1714, fp=431, fn=424, tp=1719)
2025-10-19 19:18:05 | INFO | EM.print | -------- Epoch 2 --------
2025-10-19 19:18:05 | INFO | EM.print | [AUG][online][epoch=2][iter=0] start name=random_permute_features noise_std=0.01 mask_rate=0.1 seed=1000
2025-10-19 19:18:05 | INFO | EM.print | [AUG][online][epoch=2][iter=0] done name=random_permute_features shape=(1140, 1140)
2025-10-19 19:18:05 | INFO | EM.print | [ONLINE-AUG] mode=online name=random_permute_features noise_std=0.01 mask_rate=0.1 base_seed=0
2025-10-19 19:18:05 | INFO | EM.print | epoch: 2/ iteration: 1/ loss_train: 4.5143948 | task_loss:0.2485 cont_loss:7.9528 adv_loss:0.0571
2025-10-19 19:18:07 | INFO | EM.print | epoch: 0002 loss_train: 4.5363 task_loss: 0.3657 cont_loss: 7.9277 adv_loss: 0.0231 auroc_train: 0.9478 auprc_train: 0.9402 precision_train: 0.8648 recall_train: 0.9015 f1_train: 0.8828 cm_train: (tn=1843, fp=302, fn=211, tp=1932)
2025-10-19 19:18:07 | INFO | EM.print | -------- Epoch 3 --------
2025-10-19 19:18:07 | INFO | EM.print | [AUG][online][epoch=3][iter=0] start name=random_permute_features noise_std=0.01 mask_rate=0.1 seed=2000
2025-10-19 19:18:07 | INFO | EM.print | [AUG][online][epoch=3][iter=0] done name=random_permute_features shape=(1140, 1140)
2025-10-19 19:18:07 | INFO | EM.print | [ONLINE-AUG] mode=online name=random_permute_features noise_std=0.01 mask_rate=0.1 base_seed=0
2025-10-19 19:18:07 | INFO | EM.print | epoch: 3/ iteration: 1/ loss_train: 17.190193 | task_loss:1.3313 cont_loss:6.6864 adv_loss:25.8272
2025-10-19 19:18:16 | INFO | EM.print | epoch: 0003 loss_train: 5.2434 task_loss: 0.7025 cont_loss: 8.3114 adv_loss: 0.7120 auroc_train: 0.4516 auprc_train: 0.4522 precision_train: 0.4754 recall_train: 0.4634 f1_train: 0.4693 cm_train: (tn=1043, fp=1098, fn=1152, tp=995)
2025-10-19 19:18:16 | INFO | EM.print | -------- Epoch 4 --------
2025-10-19 19:18:16 | INFO | EM.print | [AUG][online][epoch=4][iter=0] start name=random_permute_features noise_std=0.01 mask_rate=0.1 seed=3000
2025-10-19 19:18:16 | INFO | EM.print | [AUG][online][epoch=4][iter=0] done name=random_permute_features shape=(1140, 1140)
2025-10-19 19:18:16 | INFO | EM.print | [ONLINE-AUG] mode=online name=random_permute_features noise_std=0.01 mask_rate=0.1 base_seed=0
2025-10-19 19:18:16 | INFO | EM.print | epoch: 4/ iteration: 1/ loss_train: 5.235773 | task_loss:0.6953 cont_loss:8.3051 adv_loss:0.7102
2025-10-19 19:18:25 | INFO | EM.print | epoch: 0004 loss_train: 5.2278 task_loss: 0.6922 cont_loss: 8.3001 adv_loss: 0.7025 auroc_train: 0.4905 auprc_train: 0.4936 precision_train: 0.4960 recall_train: 0.4683 f1_train: 0.4818 cm_train: (tn=1124, fp=1020, fn=1140, tp=1004)
2025-10-19 19:18:25 | INFO | EM.print | -------- Epoch 5 --------
2025-10-19 19:18:25 | INFO | EM.print | [AUG][online][epoch=5][iter=0] start name=random_permute_features noise_std=0.01 mask_rate=0.1 seed=4000
2025-10-19 19:18:25 | INFO | EM.print | [AUG][online][epoch=5][iter=0] done name=random_permute_features shape=(1140, 1140)
2025-10-19 19:18:25 | INFO | EM.print | [ONLINE-AUG] mode=online name=random_permute_features noise_std=0.01 mask_rate=0.1 base_seed=0
2025-10-19 19:18:25 | INFO | EM.print | epoch: 5/ iteration: 1/ loss_train: 5.227836 | task_loss:0.6967 cont_loss:8.2967 adv_loss:0.7023
2025-10-19 19:18:34 | INFO | EM.print | epoch: 0005 loss_train: 5.2321 task_loss: 0.6911 cont_loss: 8.3131 adv_loss: 0.6979 auroc_train: 0.4862 auprc_train: 0.4925 precision_train: 0.4886 recall_train: 0.5315 f1_train: 0.5092 cm_train: (tn=950, fp=1193, fn=1005, tp=1140)
2025-10-19 19:18:34 | INFO | EM.print | -------- Epoch 6 --------
2025-10-19 19:18:34 | INFO | EM.print | [AUG][online][epoch=6][iter=0] start name=random_permute_features noise_std=0.01 mask_rate=0.1 seed=5000
2025-10-19 19:18:34 | INFO | EM.print | [AUG][online][epoch=6][iter=0] done name=random_permute_features shape=(1140, 1140)
2025-10-19 19:18:34 | INFO | EM.print | [ONLINE-AUG] mode=online name=random_permute_features noise_std=0.01 mask_rate=0.1 base_seed=0
2025-10-19 19:18:35 | INFO | EM.print | epoch: 6/ iteration: 1/ loss_train: 5.231142 | task_loss:0.6893 cont_loss:8.3128 adv_loss:0.6978
2025-10-19 19:18:43 | INFO | EM.print | epoch: 0006 loss_train: 5.2302 task_loss: 0.6898 cont_loss: 8.3128 adv_loss: 0.6955 auroc_train: 0.5006 auprc_train: 0.4954 precision_train: 0.5026 recall_train: 0.5005 f1_train: 0.5015 cm_train: (tn=1082, fp=1062, fn=1071, tp=1073)
2025-10-19 19:18:43 | INFO | EM.print | -------- Epoch 7 --------
2025-10-19 19:18:43 | INFO | EM.print | [AUG][online][epoch=7][iter=0] start name=random_permute_features noise_std=0.01 mask_rate=0.1 seed=6000
2025-10-19 19:18:43 | INFO | EM.print | [AUG][online][epoch=7][iter=0] done name=random_permute_features shape=(1140, 1140)
2025-10-19 19:18:43 | INFO | EM.print | [ONLINE-AUG] mode=online name=random_permute_features noise_std=0.01 mask_rate=0.1 base_seed=0
2025-10-19 19:18:44 | INFO | EM.print | epoch: 7/ iteration: 1/ loss_train: 5.2308326 | task_loss:0.6903 cont_loss:8.3125 adv_loss:0.6966
2025-10-19 19:18:52 | INFO | EM.print | epoch: 0007 loss_train: 5.2236 task_loss: 0.6756 cont_loss: 8.3147 adv_loss: 0.6929 auroc_train: 0.4985 auprc_train: 0.4959 precision_train: 0.4993 recall_train: 0.4767 f1_train: 0.4877 cm_train: (tn=1119, fp=1025, fn=1122, tp=1022)
2025-10-19 19:18:52 | INFO | EM.print | -------- Epoch 8 --------
2025-10-19 19:18:52 | INFO | EM.print | [AUG][online][epoch=8][iter=0] start name=random_permute_features noise_std=0.01 mask_rate=0.1 seed=7000
2025-10-19 19:18:52 | INFO | EM.print | [AUG][online][epoch=8][iter=0] done name=random_permute_features shape=(1140, 1140)
2025-10-19 19:18:52 | INFO | EM.print | [ONLINE-AUG] mode=online name=random_permute_features noise_std=0.01 mask_rate=0.1 base_seed=0
2025-10-19 19:18:52 | INFO | EM.print | epoch: 8/ iteration: 1/ loss_train: 5.2410574 | task_loss:0.7166 cont_loss:8.3147 adv_loss:0.6910
2025-10-19 19:19:01 | INFO | EM.print | epoch: 0008 loss_train: 5.2291 task_loss: 0.7098 cont_loss: 8.3056 adv_loss: 0.6832 auroc_train: 0.4984 auprc_train: 0.4932 precision_train: 0.4938 recall_train: 0.4664 f1_train: 0.4797 cm_train: (tn=1119, fp=1025, fn=1144, tp=1000)
2025-10-19 19:19:01 | INFO | EM.print | -------- Epoch 9 --------
2025-10-19 19:19:01 | INFO | EM.print | [AUG][online][epoch=9][iter=0] start name=random_permute_features noise_std=0.01 mask_rate=0.1 seed=8000
2025-10-19 19:19:01 | INFO | EM.print | [AUG][online][epoch=9][iter=0] done name=random_permute_features shape=(1140, 1140)
2025-10-19 19:19:01 | INFO | EM.print | [ONLINE-AUG] mode=online name=random_permute_features noise_std=0.01 mask_rate=0.1 base_seed=0
2025-10-19 19:19:01 | INFO | EM.print | epoch: 9/ iteration: 1/ loss_train: 5.225841 | task_loss:0.6949 cont_loss:8.3049 adv_loss:0.6909
2025-10-19 19:19:09 | INFO | EM.print | epoch: 0009 loss_train: 5.2232 task_loss: 0.7078 cont_loss: 8.3139 adv_loss: 0.6640 auroc_train: 0.5023 auprc_train: 0.5020 precision_train: 0.4988 recall_train: 0.4799 f1_train: 0.4892 cm_train: (tn=1116, fp=1032, fn=1113, tp=1027)
2025-10-19 19:19:09 | INFO | EM.print | -------- Epoch 10 --------
2025-10-19 19:19:09 | INFO | EM.print | [AUG][online][epoch=10][iter=0] start name=random_permute_features noise_std=0.01 mask_rate=0.1 seed=9000
2025-10-19 19:19:09 | INFO | EM.print | [AUG][online][epoch=10][iter=0] done name=random_permute_features shape=(1140, 1140)
2025-10-19 19:19:09 | INFO | EM.print | [ONLINE-AUG] mode=online name=random_permute_features noise_std=0.01 mask_rate=0.1 base_seed=0
2025-10-19 19:19:09 | INFO | EM.print | epoch: 10/ iteration: 1/ loss_train: 5.2194514 | task_loss:0.7003 cont_loss:8.3143 adv_loss:0.6629
2025-10-19 19:19:17 | INFO | EM.print | epoch: 0010 loss_train: 5.1887 task_loss: 0.6969 cont_loss: 8.2938 adv_loss: 0.6271 auroc_train: 0.5206 auprc_train: 0.5142 precision_train: 0.5090 recall_train: 0.4886 f1_train: 0.4986 cm_train: (tn=1135, fp=1010, fn=1096, tp=1047)
2025-10-19 19:19:17 | INFO | EM.print | Optimization Finished!
2025-10-19 19:19:17 | INFO | EM.result.save | Saved result text: /root/OUTPUT/result/MDA_stageA_eps0.008_steps5_data_20251019_191517/metrics/train_epoch_metrics_fold_3_20251019_191517.csv.txt
2025-10-19 19:19:17 | INFO | EM.print | [SAVE] Per-epoch train metrics saved: train_epoch_metrics_fold_3_20251019_191517.csv
2025-10-19 19:19:17 | INFO | EM.result.save | Saved result text: /root/OUTPUT/result/MDA_stageA_eps0.008_steps5_data_20251019_191517/metrics/threshold_scan_fold_3_20251019_191517.txt
2025-10-19 19:19:17 | INFO | EM.print | loss_test: 5.1675 auroc_test: 0.6380 auprc_test: 0.5983 precision_test: 0.5497 recall_test: 0.9628 f1_test: 0.6999 cm_test: (tn=110, fp=403, fn=19, tp=492)
2025-10-19 19:19:17 | INFO | EM | Fold 3 completed.
2025-10-19 19:19:17 | INFO | EM | === Fold 4/5 ===
2025-10-19 19:19:17 | INFO | EM.result.save | Saved result text: /root/OUTPUT/result/MDA_stageA_eps0.008_steps5_data_20251019_191517/metrics/adv_config_fold_4_20251019_191517.json.txt
2025-10-19 19:19:17 | INFO | EM.print | [SAVE] adv config saved: metrics/adv_config_fold_4_20251019_191517.json
2025-10-19 19:19:17 | INFO | EM.print | Start Training...
2025-10-19 19:19:17 | INFO | EM.print | -------- Epoch 1 --------
2025-10-19 19:19:18 | INFO | EM.print | [AUG][online][epoch=1][iter=0] start name=random_permute_features noise_std=0.01 mask_rate=0.1 seed=0
2025-10-19 19:19:18 | INFO | EM.print | [AUG][online][epoch=1][iter=0] done name=random_permute_features shape=(1140, 1140)
2025-10-19 19:19:18 | INFO | EM.print | [ONLINE-AUG] mode=online name=random_permute_features noise_std=0.01 mask_rate=0.1 base_seed=0
2025-10-19 19:19:18 | INFO | EM.print | epoch: 1/ iteration: 1/ loss_train: 0.8790324 | task_loss:0.7816 cont_loss:0.0486 adv_loss:1.0012
2025-10-19 19:19:19 | INFO | EM.print | epoch: 0001 loss_train: 4.6553 task_loss: 0.2755 cont_loss: 8.0396 adv_loss: 0.2190 auroc_train: 0.8534 auprc_train: 0.8512 precision_train: 0.7415 recall_train: 0.7608 f1_train: 0.7510 cm_train: (tn=1574, fp=569, fn=513, tp=1632)
2025-10-19 19:19:19 | INFO | EM.print | -------- Epoch 2 --------
2025-10-19 19:19:19 | INFO | EM.print | [AUG][online][epoch=2][iter=0] start name=random_permute_features noise_std=0.01 mask_rate=0.1 seed=1000
2025-10-19 19:19:19 | INFO | EM.print | [AUG][online][epoch=2][iter=0] done name=random_permute_features shape=(1140, 1140)
2025-10-19 19:19:19 | INFO | EM.print | [ONLINE-AUG] mode=online name=random_permute_features noise_std=0.01 mask_rate=0.1 base_seed=0
2025-10-19 19:19:19 | INFO | EM.print | epoch: 2/ iteration: 1/ loss_train: 4.669583 | task_loss:0.3255 cont_loss:8.0362 adv_loss:0.2064
2025-10-19 19:19:21 | INFO | EM.print | epoch: 0002 loss_train: 4.4459 task_loss: 0.2790 cont_loss: 7.8363 adv_loss: 0.0208 auroc_train: 0.9437 auprc_train: 0.9350 precision_train: 0.8631 recall_train: 0.8800 f1_train: 0.8715 cm_train: (tn=1847, fp=299, fn=257, tp=1885)
2025-10-19 19:19:21 | INFO | EM.print | -------- Epoch 3 --------
2025-10-19 19:19:21 | INFO | EM.print | [AUG][online][epoch=3][iter=0] start name=random_permute_features noise_std=0.01 mask_rate=0.1 seed=2000
2025-10-19 19:19:21 | INFO | EM.print | [AUG][online][epoch=3][iter=0] done name=random_permute_features shape=(1140, 1140)
2025-10-19 19:19:21 | INFO | EM.print | [ONLINE-AUG] mode=online name=random_permute_features noise_std=0.01 mask_rate=0.1 base_seed=0
2025-10-19 19:19:21 | INFO | EM.print | epoch: 3/ iteration: 1/ loss_train: 15.751023 | task_loss:1.1454 cont_loss:6.1959 adv_loss:23.6557
2025-10-19 19:19:29 | INFO | EM.print | epoch: 0003 loss_train: 5.2338 task_loss: 0.7320 cont_loss: 8.2726 adv_loss: 0.7089 auroc_train: 0.4407 auprc_train: 0.4523 precision_train: 0.4619 recall_train: 0.4718 f1_train: 0.4668 cm_train: (tn=964, fp=1179, fn=1133, tp=1012)
2025-10-19 19:19:29 | INFO | EM.print | -------- Epoch 4 --------
2025-10-19 19:19:29 | INFO | EM.print | [AUG][online][epoch=4][iter=0] start name=random_permute_features noise_std=0.01 mask_rate=0.1 seed=3000
2025-10-19 19:19:29 | INFO | EM.print | [AUG][online][epoch=4][iter=0] done name=random_permute_features shape=(1140, 1140)
2025-10-19 19:19:29 | INFO | EM.print | [ONLINE-AUG] mode=online name=random_permute_features noise_std=0.01 mask_rate=0.1 base_seed=0
2025-10-19 19:19:29 | INFO | EM.print | epoch: 4/ iteration: 1/ loss_train: 5.223143 | task_loss:0.6901 cont_loss:8.2861 adv_loss:0.7105
2025-10-19 19:19:37 | INFO | EM.print | epoch: 0004 loss_train: 5.2331 task_loss: 0.6919 cont_loss: 8.3144 adv_loss: 0.6977 auroc_train: 0.5099 auprc_train: 0.5072 precision_train: 0.5075 recall_train: 0.4867 f1_train: 0.4969 cm_train: (tn=1130, fp=1013, fn=1101, tp=1044)
2025-10-19 19:19:37 | INFO | EM.print | -------- Epoch 5 --------
2025-10-19 19:19:37 | INFO | EM.print | [AUG][online][epoch=5][iter=0] start name=random_permute_features noise_std=0.01 mask_rate=0.1 seed=4000
2025-10-19 19:19:37 | INFO | EM.print | [AUG][online][epoch=5][iter=0] done name=random_permute_features shape=(1140, 1140)
2025-10-19 19:19:37 | INFO | EM.print | [ONLINE-AUG] mode=online name=random_permute_features noise_std=0.01 mask_rate=0.1 base_seed=0
2025-10-19 19:19:37 | INFO | EM.print | epoch: 5/ iteration: 1/ loss_train: 5.2343483 | task_loss:0.6942 cont_loss:8.3134 adv_loss:0.6991
2025-10-19 19:19:44 | INFO | EM.print | epoch: 0005 loss_train: 5.2226 task_loss: 0.6901 cont_loss: 8.3034 adv_loss: 0.6905 auroc_train: 0.5090 auprc_train: 0.5061 precision_train: 0.5037 recall_train: 0.5366 f1_train: 0.5196 cm_train: (tn=1009, fp=1134, fn=994, tp=1151)
2025-10-19 19:19:44 | INFO | EM.print | -------- Epoch 6 --------
2025-10-19 19:19:44 | INFO | EM.print | [AUG][online][epoch=6][iter=0] start name=random_permute_features noise_std=0.01 mask_rate=0.1 seed=5000
2025-10-19 19:19:44 | INFO | EM.print | [AUG][online][epoch=6][iter=0] done name=random_permute_features shape=(1140, 1140)
2025-10-19 19:19:44 | INFO | EM.print | [ONLINE-AUG] mode=online name=random_permute_features noise_std=0.01 mask_rate=0.1 base_seed=0
2025-10-19 19:19:45 | INFO | EM.print | epoch: 6/ iteration: 1/ loss_train: 5.2267275 | task_loss:0.6998 cont_loss:8.3027 adv_loss:0.6906
2025-10-19 19:19:52 | INFO | EM.print | epoch: 0006 loss_train: 5.2163 task_loss: 0.6944 cont_loss: 8.3184 adv_loss: 0.6573 auroc_train: 0.5000 auprc_train: 0.5026 precision_train: 0.5081 recall_train: 0.5233 f1_train: 0.5156 cm_train: (tn=1052, fp=1088, fn=1024, tp=1124)
2025-10-19 19:19:52 | INFO | EM.print | -------- Epoch 7 --------
2025-10-19 19:19:52 | INFO | EM.print | [AUG][online][epoch=7][iter=0] start name=random_permute_features noise_std=0.01 mask_rate=0.1 seed=6000
2025-10-19 19:19:52 | INFO | EM.print | [AUG][online][epoch=7][iter=0] done name=random_permute_features shape=(1140, 1140)
2025-10-19 19:19:52 | INFO | EM.print | [ONLINE-AUG] mode=online name=random_permute_features noise_std=0.01 mask_rate=0.1 base_seed=0
2025-10-19 19:19:52 | INFO | EM.print | epoch: 7/ iteration: 1/ loss_train: 5.2149153 | task_loss:0.7003 cont_loss:8.3176 adv_loss:0.6501
2025-10-19 19:19:59 | INFO | EM.print | epoch: 0007 loss_train: 5.1921 task_loss: 0.6814 cont_loss: 8.3159 adv_loss: 0.6235 auroc_train: 0.5199 auprc_train: 0.5070 precision_train: 0.5020 recall_train: 0.4671 f1_train: 0.4839 cm_train: (tn=1149, fp=994, fn=1143, tp=1002)
2025-10-19 19:19:59 | INFO | EM.print | -------- Epoch 8 --------
2025-10-19 19:19:59 | INFO | EM.print | [AUG][online][epoch=8][iter=0] start name=random_permute_features noise_std=0.01 mask_rate=0.1 seed=7000
2025-10-19 19:19:59 | INFO | EM.print | [AUG][online][epoch=8][iter=0] done name=random_permute_features shape=(1140, 1140)
2025-10-19 19:19:59 | INFO | EM.print | [ONLINE-AUG] mode=online name=random_permute_features noise_std=0.01 mask_rate=0.1 base_seed=0
2025-10-19 19:20:00 | INFO | EM.print | epoch: 8/ iteration: 1/ loss_train: 5.1793685 | task_loss:0.6772 cont_loss:8.3166 adv_loss:0.6009
2025-10-19 19:20:08 | INFO | EM.print | epoch: 0008 loss_train: 5.0493 task_loss: 0.5111 cont_loss: 8.2548 adv_loss: 0.5584 auroc_train: 0.7015 auprc_train: 0.6826 precision_train: 0.6319 recall_train: 0.7032 f1_train: 0.6656 cm_train: (tn=1263, fp=879, fn=637, tp=1509)
2025-10-19 19:20:08 | INFO | EM.print | -------- Epoch 9 --------
2025-10-19 19:20:08 | INFO | EM.print | [AUG][online][epoch=9][iter=0] start name=random_permute_features noise_std=0.01 mask_rate=0.1 seed=8000
2025-10-19 19:20:08 | INFO | EM.print | [AUG][online][epoch=9][iter=0] done name=random_permute_features shape=(1140, 1140)
2025-10-19 19:20:08 | INFO | EM.print | [ONLINE-AUG] mode=online name=random_permute_features noise_std=0.01 mask_rate=0.1 base_seed=0
2025-10-19 19:20:08 | INFO | EM.print | epoch: 9/ iteration: 1/ loss_train: 5.0515304 | task_loss:0.5218 cont_loss:8.2565 adv_loss:0.5513
2025-10-19 19:20:15 | INFO | EM.print | epoch: 0009 loss_train: 5.0538 task_loss: 0.4578 cont_loss: 8.2899 adv_loss: 0.5767 auroc_train: 0.8397 auprc_train: 0.8263 precision_train: 0.7453 recall_train: 0.7908 f1_train: 0.7674 cm_train: (tn=1562, fp=580, fn=449, tp=1697)
2025-10-19 19:20:15 | INFO | EM.print | -------- Epoch 10 --------
2025-10-19 19:20:15 | INFO | EM.print | [AUG][online][epoch=10][iter=0] start name=random_permute_features noise_std=0.01 mask_rate=0.1 seed=9000
2025-10-19 19:20:15 | INFO | EM.print | [AUG][online][epoch=10][iter=0] done name=random_permute_features shape=(1140, 1140)
2025-10-19 19:20:15 | INFO | EM.print | [ONLINE-AUG] mode=online name=random_permute_features noise_std=0.01 mask_rate=0.1 base_seed=0
2025-10-19 19:20:16 | INFO | EM.print | epoch: 10/ iteration: 1/ loss_train: 5.0102324 | task_loss:0.3945 cont_loss:8.2912 adv_loss:0.5451
2025-10-19 19:20:23 | INFO | EM.print | epoch: 0010 loss_train: 5.0269 task_loss: 0.4408 cont_loss: 8.2941 adv_loss: 0.5335 auroc_train: 0.8782 auprc_train: 0.8598 precision_train: 0.7854 recall_train: 0.8283 f1_train: 0.8063 cm_train: (tn=1660, fp=485, fn=368, tp=1775)
2025-10-19 19:20:23 | INFO | EM.print | Optimization Finished!
2025-10-19 19:20:23 | INFO | EM.result.save | Saved result text: /root/OUTPUT/result/MDA_stageA_eps0.008_steps5_data_20251019_191517/metrics/train_epoch_metrics_fold_4_20251019_191517.csv.txt
2025-10-19 19:20:23 | INFO | EM.print | [SAVE] Per-epoch train metrics saved: train_epoch_metrics_fold_4_20251019_191517.csv
2025-10-19 19:20:24 | INFO | EM.result.save | Saved result text: /root/OUTPUT/result/MDA_stageA_eps0.008_steps5_data_20251019_191517/metrics/threshold_scan_fold_4_20251019_191517.txt
2025-10-19 19:20:24 | INFO | EM.print | loss_test: 4.9576 auroc_test: 0.9325 auprc_test: 0.9299 precision_test: 0.8083 recall_test: 0.9105 f1_test: 0.8564 cm_test: (tn=399, fp=111, fn=46, tp=468)
2025-10-19 19:20:24 | INFO | EM | Fold 4 completed.
2025-10-19 19:20:24 | INFO | EM | === Fold 5/5 ===
2025-10-19 19:20:24 | INFO | EM.result.save | Saved result text: /root/OUTPUT/result/MDA_stageA_eps0.008_steps5_data_20251019_191517/metrics/adv_config_fold_5_20251019_191517.json.txt
2025-10-19 19:20:24 | INFO | EM.print | [SAVE] adv config saved: metrics/adv_config_fold_5_20251019_191517.json
2025-10-19 19:20:24 | INFO | EM.print | Start Training...
2025-10-19 19:20:24 | INFO | EM.print | -------- Epoch 1 --------
2025-10-19 19:20:24 | INFO | EM.print | [AUG][online][epoch=1][iter=0] start name=random_permute_features noise_std=0.01 mask_rate=0.1 seed=0
2025-10-19 19:20:24 | INFO | EM.print | [AUG][online][epoch=1][iter=0] done name=random_permute_features shape=(1140, 1140)
2025-10-19 19:20:24 | INFO | EM.print | [ONLINE-AUG] mode=online name=random_permute_features noise_std=0.01 mask_rate=0.1 base_seed=0
2025-10-19 19:20:24 | INFO | EM.print | epoch: 1/ iteration: 1/ loss_train: 0.7227361 | task_loss:0.6850 cont_loss:0.0919 adv_loss:0.7279
2025-10-19 19:20:26 | INFO | EM.print | epoch: 0001 loss_train: 4.6393 task_loss: 0.3007 cont_loss: 8.0607 adv_loss: 0.1413 auroc_train: 0.9051 auprc_train: 0.8939 precision_train: 0.8138 recall_train: 0.8503 f1_train: 0.8317 cm_train: (tn=1727, fp=417, fn=321, tp=1823)
2025-10-19 19:20:26 | INFO | EM.print | -------- Epoch 2 --------
2025-10-19 19:20:26 | INFO | EM.print | [AUG][online][epoch=2][iter=0] start name=random_permute_features noise_std=0.01 mask_rate=0.1 seed=1000
2025-10-19 19:20:26 | INFO | EM.print | [AUG][online][epoch=2][iter=0] done name=random_permute_features shape=(1140, 1140)
2025-10-19 19:20:26 | INFO | EM.print | [ONLINE-AUG] mode=online name=random_permute_features noise_std=0.01 mask_rate=0.1 base_seed=0
2025-10-19 19:20:26 | INFO | EM.print | epoch: 2/ iteration: 1/ loss_train: 4.5748696 | task_loss:0.1760 cont_loss:8.0732 adv_loss:0.1109
2025-10-19 19:20:27 | INFO | EM.print | epoch: 0002 loss_train: 4.5571 task_loss: 0.4033 cont_loss: 7.9309 adv_loss: 0.0272 auroc_train: 0.9489 auprc_train: 0.9438 precision_train: 0.8644 recall_train: 0.8927 f1_train: 0.8783 cm_train: (tn=1845, fp=300, fn=230, tp=1913)
2025-10-19 19:20:27 | INFO | EM.print | -------- Epoch 3 --------
2025-10-19 19:20:27 | INFO | EM.print | [AUG][online][epoch=3][iter=0] start name=random_permute_features noise_std=0.01 mask_rate=0.1 seed=2000
2025-10-19 19:20:27 | INFO | EM.print | [AUG][online][epoch=3][iter=0] done name=random_permute_features shape=(1140, 1140)
2025-10-19 19:20:27 | INFO | EM.print | [ONLINE-AUG] mode=online name=random_permute_features noise_std=0.01 mask_rate=0.1 base_seed=0
2025-10-19 19:20:27 | INFO | EM.print | epoch: 3/ iteration: 1/ loss_train: 14.553274 | task_loss:1.3757 cont_loss:7.0327 adv_loss:20.1324
2025-10-19 19:20:35 | INFO | EM.print | epoch: 0003 loss_train: 5.2294 task_loss: 0.7020 cont_loss: 8.2875 adv_loss: 0.7107 auroc_train: 0.4443 auprc_train: 0.4547 precision_train: 0.4517 recall_train: 0.5345 f1_train: 0.4896 cm_train: (tn=756, fp=1390, fn=997, tp=1145)
2025-10-19 19:20:35 | INFO | EM.print | -------- Epoch 4 --------
2025-10-19 19:20:35 | INFO | EM.print | [AUG][online][epoch=4][iter=0] start name=random_permute_features noise_std=0.01 mask_rate=0.1 seed=3000
2025-10-19 19:20:35 | INFO | EM.print | [AUG][online][epoch=4][iter=0] done name=random_permute_features shape=(1140, 1140)
2025-10-19 19:20:35 | INFO | EM.print | [ONLINE-AUG] mode=online name=random_permute_features noise_std=0.01 mask_rate=0.1 base_seed=0
2025-10-19 19:20:35 | INFO | EM.print | epoch: 4/ iteration: 1/ loss_train: 5.226262 | task_loss:0.6930 cont_loss:8.2899 adv_loss:0.7100
2025-10-19 19:20:43 | INFO | EM.print | epoch: 0004 loss_train: 5.2449 task_loss: 0.7223 cont_loss: 8.3108 adv_loss: 0.6978 auroc_train: 0.4936 auprc_train: 0.4958 precision_train: 0.4922 recall_train: 0.4874 f1_train: 0.4898 cm_train: (tn=1063, fp=1079, fn=1100, tp=1046)
2025-10-19 19:20:43 | INFO | EM.print | -------- Epoch 5 --------
2025-10-19 19:20:43 | INFO | EM.print | [AUG][online][epoch=5][iter=0] start name=random_permute_features noise_std=0.01 mask_rate=0.1 seed=4000
2025-10-19 19:20:43 | INFO | EM.print | [AUG][online][epoch=5][iter=0] done name=random_permute_features shape=(1140, 1140)
2025-10-19 19:20:43 | INFO | EM.print | [ONLINE-AUG] mode=online name=random_permute_features noise_std=0.01 mask_rate=0.1 base_seed=0
2025-10-19 19:20:43 | INFO | EM.print | epoch: 5/ iteration: 1/ loss_train: 5.2363276 | task_loss:0.7003 cont_loss:8.3135 adv_loss:0.6975
2025-10-19 19:20:51 | INFO | EM.print | epoch: 0005 loss_train: 5.2266 task_loss: 0.6935 cont_loss: 8.3040 adv_loss: 0.6946 auroc_train: 0.4986 auprc_train: 0.4934 precision_train: 0.5000 recall_train: 0.4692 f1_train: 0.4841 cm_train: (tn=1138, fp=1006, fn=1138, tp=1006)
2025-10-19 19:20:51 | INFO | EM.print | -------- Epoch 6 --------
2025-10-19 19:20:51 | INFO | EM.print | [AUG][online][epoch=6][iter=0] start name=random_permute_features noise_std=0.01 mask_rate=0.1 seed=5000
2025-10-19 19:20:51 | INFO | EM.print | [AUG][online][epoch=6][iter=0] done name=random_permute_features shape=(1140, 1140)
2025-10-19 19:20:51 | INFO | EM.print | [ONLINE-AUG] mode=online name=random_permute_features noise_std=0.01 mask_rate=0.1 base_seed=0
2025-10-19 19:20:51 | INFO | EM.print | epoch: 6/ iteration: 1/ loss_train: 5.2273526 | task_loss:0.6945 cont_loss:8.3049 adv_loss:0.6943
2025-10-19 19:20:58 | INFO | EM.print | epoch: 0006 loss_train: 5.2157 task_loss: 0.6913 cont_loss: 8.2881 adv_loss: 0.6923 auroc_train: 0.4891 auprc_train: 0.4870 precision_train: 0.4945 recall_train: 0.5603 f1_train: 0.5253 cm_train: (tn=911, fp=1230, fn=944, tp=1203)
2025-10-19 19:20:58 | INFO | EM.print | -------- Epoch 7 --------
2025-10-19 19:20:58 | INFO | EM.print | [AUG][online][epoch=7][iter=0] start name=random_permute_features noise_std=0.01 mask_rate=0.1 seed=6000
2025-10-19 19:20:58 | INFO | EM.print | [AUG][online][epoch=7][iter=0] done name=random_permute_features shape=(1140, 1140)
2025-10-19 19:20:58 | INFO | EM.print | [ONLINE-AUG] mode=online name=random_permute_features noise_std=0.01 mask_rate=0.1 base_seed=0
2025-10-19 19:20:59 | INFO | EM.print | epoch: 7/ iteration: 1/ loss_train: 5.213298 | task_loss:0.6899 cont_loss:8.2860 adv_loss:0.6911
2025-10-19 19:21:06 | INFO | EM.print | epoch: 0007 loss_train: 5.2242 task_loss: 0.6970 cont_loss: 8.3074 adv_loss: 0.6829 auroc_train: 0.4993 auprc_train: 0.4946 precision_train: 0.4996 recall_train: 0.6555 f1_train: 0.5670 cm_train: (tn=735, fp=1408, fn=739, tp=1406)
2025-10-19 19:21:06 | INFO | EM.print | -------- Epoch 8 --------
2025-10-19 19:21:06 | INFO | EM.print | [AUG][online][epoch=8][iter=0] start name=random_permute_features noise_std=0.01 mask_rate=0.1 seed=7000
2025-10-19 19:21:06 | INFO | EM.print | [AUG][online][epoch=8][iter=0] done name=random_permute_features shape=(1140, 1140)
2025-10-19 19:21:06 | INFO | EM.print | [ONLINE-AUG] mode=online name=random_permute_features noise_std=0.01 mask_rate=0.1 base_seed=0
2025-10-19 19:21:06 | INFO | EM.print | epoch: 8/ iteration: 1/ loss_train: 5.224867 | task_loss:0.6968 cont_loss:8.3090 adv_loss:0.6827
2025-10-19 19:21:14 | INFO | EM.print | epoch: 0008 loss_train: 5.2066 task_loss: 0.6905 cont_loss: 8.3068 adv_loss: 0.6543 auroc_train: 0.5042 auprc_train: 0.5024 precision_train: 0.5000 recall_train: 0.6124 f1_train: 0.5505 cm_train: (tn=831, fp=1313, fn=831, tp=1313)
2025-10-19 19:21:14 | INFO | EM.print | -------- Epoch 9 --------
2025-10-19 19:21:14 | INFO | EM.print | [AUG][online][epoch=9][iter=0] start name=random_permute_features noise_std=0.01 mask_rate=0.1 seed=8000
2025-10-19 19:21:14 | INFO | EM.print | [AUG][online][epoch=9][iter=0] done name=random_permute_features shape=(1140, 1140)
2025-10-19 19:21:14 | INFO | EM.print | [ONLINE-AUG] mode=online name=random_permute_features noise_std=0.01 mask_rate=0.1 base_seed=0
2025-10-19 19:21:14 | INFO | EM.print | epoch: 9/ iteration: 1/ loss_train: 5.2092476 | task_loss:0.6927 cont_loss:8.3066 adv_loss:0.6577
2025-10-19 19:21:21 | INFO | EM.print | epoch: 0009 loss_train: 5.1642 task_loss: 0.6483 cont_loss: 8.3053 adv_loss: 0.6091 auroc_train: 0.5566 auprc_train: 0.5354 precision_train: 0.5296 recall_train: 0.5674 f1_train: 0.5479 cm_train: (tn=1065, fp=1080, fn=927, tp=1216)
2025-10-19 19:21:21 | INFO | EM.print | -------- Epoch 10 --------
2025-10-19 19:21:21 | INFO | EM.print | [AUG][online][epoch=10][iter=0] start name=random_permute_features noise_std=0.01 mask_rate=0.1 seed=9000
2025-10-19 19:21:21 | INFO | EM.print | [AUG][online][epoch=10][iter=0] done name=random_permute_features shape=(1140, 1140)
2025-10-19 19:21:21 | INFO | EM.print | [ONLINE-AUG] mode=online name=random_permute_features noise_std=0.01 mask_rate=0.1 base_seed=0
2025-10-19 19:21:21 | INFO | EM.print | epoch: 10/ iteration: 1/ loss_train: 5.17623 | task_loss:0.6790 cont_loss:8.3063 adv_loss:0.6045
2025-10-19 19:21:29 | INFO | EM.print | epoch: 0010 loss_train: 5.1210 task_loss: 0.5480 cont_loss: 8.3083 adv_loss: 0.6097 auroc_train: 0.6205 auprc_train: 0.5708 precision_train: 0.5761 recall_train: 0.7438 f1_train: 0.6493 cm_train: (tn=972, fp=1173, fn=549, tp=1594)
2025-10-19 19:21:29 | INFO | EM.print | Optimization Finished!
2025-10-19 19:21:29 | INFO | EM.result.save | Saved result text: /root/OUTPUT/result/MDA_stageA_eps0.008_steps5_data_20251019_191517/metrics/train_epoch_metrics_fold_5_20251019_191517.csv.txt
2025-10-19 19:21:29 | INFO | EM.print | [SAVE] Per-epoch train metrics saved: train_epoch_metrics_fold_5_20251019_191517.csv
2025-10-19 19:21:30 | INFO | EM.result.save | Saved result text: /root/OUTPUT/result/MDA_stageA_eps0.008_steps5_data_20251019_191517/metrics/threshold_scan_fold_5_20251019_191517.txt
2025-10-19 19:21:30 | INFO | EM.print | loss_test: 5.1463 auroc_test: 0.7377 auprc_test: 0.7259 precision_test: 0.6317 recall_test: 0.8226 f1_test: 0.7146 cm_test: (tn=265, fp=246, fn=91, tp=422)
2025-10-19 19:21:30 | INFO | EM | Fold 5 completed.
2025-10-19 19:21:30 | INFO | EM | === 5-Fold Cross Validation Results ===
2025-10-19 19:21:30 | INFO | EM | AUROC: 0.8032 ± 0.1036
2025-10-19 19:21:30 | INFO | EM | AUPRC: 0.7861 ± 0.1141
2025-10-19 19:21:30 | INFO | EM | F1-Score: 0.7723 ± 0.0590
2025-10-19 19:21:30 | INFO | EM | Loss: 5.0765 ± 0.0763
2025-10-19 19:21:30 | INFO | EM.result.save | Saved result text: /root/OUTPUT/result/MDA_stageA_eps0.008_steps5_data_20251019_191517/result_summary_20251019_191517.txt
2025-10-19 19:21:30 | INFO | EM | Detailed Results:
2025-10-19 19:21:30 | INFO | EM | Fold 1: AUROC=0.8438, AUPRC=0.8337, F1=0.7763
2025-10-19 19:21:30 | INFO | EM | Fold 2: AUROC=0.8640, AUPRC=0.8430, F1=0.8143
2025-10-19 19:21:30 | INFO | EM | Fold 3: AUROC=0.6380, AUPRC=0.5983, F1=0.6999
2025-10-19 19:21:30 | INFO | EM | Fold 4: AUROC=0.9325, AUPRC=0.9299, F1=0.8564
2025-10-19 19:21:30 | INFO | EM | Fold 5: AUROC=0.7377, AUPRC=0.7259, F1=0.7146
2025-10-19 19:21:30 | INFO | EM.result.save | Saved result text: /root/OUTPUT/result/MDA_stageA_eps0.008_steps5_data_20251019_191517/per_fold_20251019_191517.txt
2025-10-19 19:21:30 | INFO | EM.result.save | Saved result text: /root/OUTPUT/result/MDA_stageA_eps0.008_steps5_data_20251019_191517/metrics/result_extra_20251019_191517.txt
2025-10-19 19:21:30 | INFO | EM | Precision: 0.7035 ± 0.0974
2025-10-19 19:21:30 | INFO | EM | Recall: 0.8721 ± 0.0657
2025-10-19 19:21:30 | INFO | EM | Confusion Matrix (sum): tn=1532, fp=1025, fn=328, tp=2235
2025-10-19 19:21:30 | INFO | EM | All folds completed!
2025-10-19 19:21:30 | INFO | EM | ================================================================================
2025-10-19 19:21:30 | INFO | EM | RUN END   | run_id=20251019_191517 | run_name=MDA_stageA_eps0.008_steps5
2025-10-19 19:21:30 | INFO | EM | RESULT DIR: /root/OUTPUT/result/MDA_stageA_eps0.008_steps5_data_20251019_191517
2025-10-19 19:21:30 | INFO | EM | ================================================================================
