2025-10-19 08:12:25 | INFO | EM | ================================================================================
2025-10-19 08:12:25 | INFO | EM | RUN START | run_id=20251019_081225 | run_name=MDA_C_r1_004
2025-10-19 08:12:25 | INFO | EM | COMMAND: /root/miniconda3/bin/python /root/hyperparameter-tuning/main.py --task_type=MDA --epochs=10 --seed=0 --run_name=MDA_C_r1_004 --dimensions=128 --hidden1=64 --hidden2=128 --lr=0.0005 --weight_decay=0.0005 --dropout=0.0 --batch=64 --moco_queue=4096 --moco_momentum=0.99 --moco_t=0.07 --loss_ratio1=0.45 --loss_ratio2=0.55 --loss_ratio3=0.5 --feature_type=one_hot --augment=random_permute_features,attribute_mask,noise_then_mask --augment_mode=online --proj_dim=128 --similarity_threshold=0.5 --noise_std=0.02 --mask_rate=0.05
2025-10-19 08:12:25 | INFO | EM | ================================================================================
2025-10-19 08:12:25 | INFO | EM.result | Result directory: /root/OUTPUT/result/MDA_C_r1_004_data_20251019_081225
2025-10-19 08:12:25 | INFO | EM | Initialized logging and result directory.
2025-10-19 08:12:25 | INFO | EM | Using CUDA: True
2025-10-19 08:12:25 | INFO | EM | CUDA device count: 1
2025-10-19 08:12:25 | INFO | EM | Current CUDA device: 0
2025-10-19 08:12:25 | INFO | EM | CUDA device name: NVIDIA GeForce RTX 4090
2025-10-19 08:12:25 | INFO | EM | === Augmentation Config ===
2025-10-19 08:12:25 | INFO | EM | [AUG CONFIG] Multiple augmentations detected: random_permute_features, attribute_mask, noise_then_mask
2025-10-19 08:12:25 | INFO | EM | augment=random_permute_features,attribute_mask,noise_then_mask | mode=online | noise_std=0.02 | mask_rate=0.05 | augment_seed=None (None means seed+fold for static)
2025-10-19 08:12:25 | INFO | EM | ===========================
2025-10-19 08:12:25 | INFO | EM | Loading dataset1/LDA.edgelist seed0 dataset...
2025-10-19 08:12:25 | INFO | EM | Selected cross_validation type: 5_cv1
2025-10-19 08:12:25 | INFO | EM | Selected task_type: MDA
2025-10-19 08:12:25 | INFO | EM | Selected feature_type: one_hot
2025-10-19 08:12:25 | INFO | EM | Selected embed_dim: N/A
2025-10-19 08:12:25 | INFO | EM | Selected learning_rate: N/A
2025-10-19 08:12:25 | INFO | EM | Selected epochs: 10
2025-10-19 08:12:25 | INFO | EM | Selected task type...
2025-10-19 08:12:31 | INFO | EM.print | [AUG][static][fold=1] start name=random_permute_features noise_std=0.02 mask_rate=0.05 seed=0
2025-10-19 08:12:31 | INFO | EM.print | [AUG][static][fold=1] done name=random_permute_features shape=(1140, 1140)
2025-10-19 08:12:31 | INFO | EM.augment | [AUGMENT][fold=1] name=random_permute_features noise_std=0.02 mask_rate=0.05 seed=0 masked_cols=0 shape=(1140, 1140) mean=0.0009 std=0.0296
2025-10-19 08:12:37 | INFO | EM.print | [AUG][static][fold=2] start name=random_permute_features noise_std=0.02 mask_rate=0.05 seed=1
2025-10-19 08:12:37 | INFO | EM.print | [AUG][static][fold=2] done name=random_permute_features shape=(1140, 1140)
2025-10-19 08:12:37 | INFO | EM.augment | [AUGMENT][fold=2] name=random_permute_features noise_std=0.02 mask_rate=0.05 seed=1 masked_cols=0 shape=(1140, 1140) mean=0.0009 std=0.0296
2025-10-19 08:12:43 | INFO | EM.print | [AUG][static][fold=3] start name=random_permute_features noise_std=0.02 mask_rate=0.05 seed=2
2025-10-19 08:12:43 | INFO | EM.print | [AUG][static][fold=3] done name=random_permute_features shape=(1140, 1140)
2025-10-19 08:12:43 | INFO | EM.augment | [AUGMENT][fold=3] name=random_permute_features noise_std=0.02 mask_rate=0.05 seed=2 masked_cols=0 shape=(1140, 1140) mean=0.0009 std=0.0296
2025-10-19 08:12:50 | INFO | EM.print | [AUG][static][fold=4] start name=random_permute_features noise_std=0.02 mask_rate=0.05 seed=3
2025-10-19 08:12:50 | INFO | EM.print | [AUG][static][fold=4] done name=random_permute_features shape=(1140, 1140)
2025-10-19 08:12:50 | INFO | EM.augment | [AUGMENT][fold=4] name=random_permute_features noise_std=0.02 mask_rate=0.05 seed=3 masked_cols=0 shape=(1140, 1140) mean=0.0009 std=0.0296
2025-10-19 08:12:56 | INFO | EM.print | [AUG][static][fold=5] start name=random_permute_features noise_std=0.02 mask_rate=0.05 seed=4
2025-10-19 08:12:56 | INFO | EM.print | [AUG][static][fold=5] done name=random_permute_features shape=(1140, 1140)
2025-10-19 08:12:56 | INFO | EM.augment | [AUGMENT][fold=5] name=random_permute_features noise_std=0.02 mask_rate=0.05 seed=4 masked_cols=0 shape=(1140, 1140) mean=0.0009 std=0.0296
2025-10-19 08:12:56 | INFO | EM | [DATALOADER] os=linux workers=8 prefetch_factor=4
2025-10-19 08:12:56 | INFO | EM.fold_stats | Saved fold stats to /root/OUTPUT/result/metrics/fold_stats.json
2025-10-19 08:12:56 | INFO | EM | Loading finished!
2025-10-19 08:12:56 | INFO | EM | Starting 5-fold cross validation...
2025-10-19 08:12:56 | INFO | EM | === Fold 1/5 ===
2025-10-19 08:12:56 | INFO | EM.result.save | Saved result text: /root/OUTPUT/result/MDA_C_r1_004_data_20251019_081225/metrics/adv_config_fold_1_20251019_081225.json.txt
2025-10-19 08:12:56 | INFO | EM.print | [SAVE] adv config saved: metrics/adv_config_fold_1_20251019_081225.json
2025-10-19 08:12:56 | INFO | EM.print | Start Training...
2025-10-19 08:12:56 | INFO | EM.print | -------- Epoch 1 --------
2025-10-19 08:12:56 | INFO | EM.print | [AUG][online][epoch=1][iter=0] start name=random_permute_features noise_std=0.02 mask_rate=0.05 seed=0
2025-10-19 08:12:56 | INFO | EM.print | [AUG][online][epoch=1][iter=0] done name=random_permute_features shape=(1140, 1140)
2025-10-19 08:12:56 | INFO | EM.print | [ONLINE-AUG] mode=online name=random_permute_features noise_std=0.02 mask_rate=0.05 base_seed=0
2025-10-19 08:12:57 | INFO | EM.print | epoch: 1/ iteration: 1/ loss_train: 0.8228608 | task_loss:0.6977 cont_loss:0.0739 adv_loss:0.9365
2025-10-19 08:12:58 | INFO | EM.print | epoch: 0001 loss_train: 4.4869 task_loss: 0.2838 cont_loss: 7.8516 adv_loss: 0.0817 auroc_train: 0.8148 auprc_train: 0.8152 precision_train: 0.6949 recall_train: 0.7347 f1_train: 0.7143 cm_train: (tn=1451, fp=692, fn=569, tp=1576)
2025-10-19 08:12:58 | INFO | EM.print | -------- Epoch 2 --------
2025-10-19 08:12:58 | INFO | EM.print | [AUG][online][epoch=2][iter=0] start name=random_permute_features noise_std=0.02 mask_rate=0.05 seed=1000
2025-10-19 08:12:58 | INFO | EM.print | [AUG][online][epoch=2][iter=0] done name=random_permute_features shape=(1140, 1140)
2025-10-19 08:12:58 | INFO | EM.print | [ONLINE-AUG] mode=online name=random_permute_features noise_std=0.02 mask_rate=0.05 base_seed=0
2025-10-19 08:12:58 | INFO | EM.print | epoch: 2/ iteration: 1/ loss_train: 4.41914 | task_loss:0.1526 cont_loss:7.8315 adv_loss:0.0862
2025-10-19 08:12:59 | INFO | EM.print | epoch: 0002 loss_train: 4.3237 task_loss: 0.1919 cont_loss: 7.6881 adv_loss: 0.0178 auroc_train: 0.9485 auprc_train: 0.9404 precision_train: 0.8698 recall_train: 0.8998 f1_train: 0.8845 cm_train: (tn=1854, fp=289, fn=215, tp=1930)
2025-10-19 08:12:59 | INFO | EM.print | -------- Epoch 3 --------
2025-10-19 08:12:59 | INFO | EM.print | [AUG][online][epoch=3][iter=0] start name=random_permute_features noise_std=0.02 mask_rate=0.05 seed=2000
2025-10-19 08:12:59 | INFO | EM.print | [AUG][online][epoch=3][iter=0] done name=random_permute_features shape=(1140, 1140)
2025-10-19 08:12:59 | INFO | EM.print | [ONLINE-AUG] mode=online name=random_permute_features noise_std=0.02 mask_rate=0.05 base_seed=0
2025-10-19 08:12:59 | INFO | EM.print | epoch: 3/ iteration: 1/ loss_train: 4.35115 | task_loss:0.2325 cont_loss:7.6989 adv_loss:0.0242
2025-10-19 08:13:01 | INFO | EM.print | epoch: 0003 loss_train: 4.3580 task_loss: 0.2510 cont_loss: 7.7022 adv_loss: 0.0178 auroc_train: 0.9582 auprc_train: 0.9515 precision_train: 0.8804 recall_train: 0.9137 f1_train: 0.8967 cm_train: (tn=1879, fp=266, fn=185, tp=1958)
2025-10-19 08:13:01 | INFO | EM.print | -------- Epoch 4 --------
2025-10-19 08:13:01 | INFO | EM.print | [AUG][online][epoch=4][iter=0] start name=random_permute_features noise_std=0.02 mask_rate=0.05 seed=3000
2025-10-19 08:13:01 | INFO | EM.print | [AUG][online][epoch=4][iter=0] done name=random_permute_features shape=(1140, 1140)
2025-10-19 08:13:01 | INFO | EM.print | [ONLINE-AUG] mode=online name=random_permute_features noise_std=0.02 mask_rate=0.05 base_seed=0
2025-10-19 08:13:01 | INFO | EM.print | epoch: 4/ iteration: 1/ loss_train: 4.2714033 | task_loss:0.1662 cont_loss:7.6222 adv_loss:0.0088
2025-10-19 08:13:02 | INFO | EM.print | epoch: 0004 loss_train: 4.3603 task_loss: 0.1935 cont_loss: 7.7577 adv_loss: 0.0130 auroc_train: 0.9597 auprc_train: 0.9513 precision_train: 0.8751 recall_train: 0.9123 f1_train: 0.8933 cm_train: (tn=1866, fp=279, fn=188, tp=1955)
2025-10-19 08:13:02 | INFO | EM.print | -------- Epoch 5 --------
2025-10-19 08:13:02 | INFO | EM.print | [AUG][online][epoch=5][iter=0] start name=random_permute_features noise_std=0.02 mask_rate=0.05 seed=4000
2025-10-19 08:13:02 | INFO | EM.print | [AUG][online][epoch=5][iter=0] done name=random_permute_features shape=(1140, 1140)
2025-10-19 08:13:02 | INFO | EM.print | [ONLINE-AUG] mode=online name=random_permute_features noise_std=0.02 mask_rate=0.05 base_seed=0
2025-10-19 08:13:02 | INFO | EM.print | epoch: 5/ iteration: 1/ loss_train: 4.427614 | task_loss:0.3587 cont_loss:7.7435 adv_loss:0.0146
2025-10-19 08:13:04 | INFO | EM.print | epoch: 0005 loss_train: 4.3628 task_loss: 0.2473 cont_loss: 7.7264 adv_loss: 0.0039 auroc_train: 0.9648 auprc_train: 0.9573 precision_train: 0.8836 recall_train: 0.9393 f1_train: 0.9106 cm_train: (tn=1881, fp=265, fn=130, tp=2012)
2025-10-19 08:13:04 | INFO | EM.print | -------- Epoch 6 --------
2025-10-19 08:13:04 | INFO | EM.print | [AUG][online][epoch=6][iter=0] start name=random_permute_features noise_std=0.02 mask_rate=0.05 seed=5000
2025-10-19 08:13:04 | INFO | EM.print | [AUG][online][epoch=6][iter=0] done name=random_permute_features shape=(1140, 1140)
2025-10-19 08:13:04 | INFO | EM.print | [ONLINE-AUG] mode=online name=random_permute_features noise_std=0.02 mask_rate=0.05 base_seed=0
2025-10-19 08:13:04 | INFO | EM.print | epoch: 6/ iteration: 1/ loss_train: 4.3708744 | task_loss:0.2206 cont_loss:7.7507 adv_loss:0.0175
2025-10-19 08:13:05 | INFO | EM.print | epoch: 0006 loss_train: 4.3377 task_loss: 0.1655 cont_loss: 7.7449 adv_loss: 0.0071 auroc_train: 0.9713 auprc_train: 0.9671 precision_train: 0.9026 recall_train: 0.9417 f1_train: 0.9217 cm_train: (tn=1925, fp=218, fn=125, tp=2020)
2025-10-19 08:13:05 | INFO | EM.print | -------- Epoch 7 --------
2025-10-19 08:13:05 | INFO | EM.print | [AUG][online][epoch=7][iter=0] start name=random_permute_features noise_std=0.02 mask_rate=0.05 seed=6000
2025-10-19 08:13:05 | INFO | EM.print | [AUG][online][epoch=7][iter=0] done name=random_permute_features shape=(1140, 1140)
2025-10-19 08:13:05 | INFO | EM.print | [ONLINE-AUG] mode=online name=random_permute_features noise_std=0.02 mask_rate=0.05 base_seed=0
2025-10-19 08:13:05 | INFO | EM.print | epoch: 7/ iteration: 1/ loss_train: 4.387871 | task_loss:0.2943 cont_loss:7.7319 adv_loss:0.0058
2025-10-19 08:13:06 | INFO | EM.print | epoch: 0007 loss_train: 4.3731 task_loss: 0.1202 cont_loss: 7.8443 adv_loss: 0.0093 auroc_train: 0.9775 auprc_train: 0.9737 precision_train: 0.9093 recall_train: 0.9538 f1_train: 0.9311 cm_train: (tn=1939, fp=204, fn=99, tp=2046)
2025-10-19 08:13:06 | INFO | EM.print | -------- Epoch 8 --------
2025-10-19 08:13:06 | INFO | EM.print | [AUG][online][epoch=8][iter=0] start name=random_permute_features noise_std=0.02 mask_rate=0.05 seed=7000
2025-10-19 08:13:06 | INFO | EM.print | [AUG][online][epoch=8][iter=0] done name=random_permute_features shape=(1140, 1140)
2025-10-19 08:13:06 | INFO | EM.print | [ONLINE-AUG] mode=online name=random_permute_features noise_std=0.02 mask_rate=0.05 base_seed=0
2025-10-19 08:13:06 | INFO | EM.print | epoch: 8/ iteration: 1/ loss_train: 4.44534 | task_loss:0.2554 cont_loss:7.8692 adv_loss:0.0047
2025-10-19 08:13:08 | INFO | EM.print | epoch: 0008 loss_train: 4.2640 task_loss: 0.1793 cont_loss: 7.5985 adv_loss: 0.0084 auroc_train: 0.9801 auprc_train: 0.9762 precision_train: 0.9173 recall_train: 0.9622 f1_train: 0.9392 cm_train: (tn=1959, fp=186, fn=81, tp=2062)
2025-10-19 08:13:08 | INFO | EM.print | -------- Epoch 9 --------
2025-10-19 08:13:08 | INFO | EM.print | [AUG][online][epoch=9][iter=0] start name=random_permute_features noise_std=0.02 mask_rate=0.05 seed=8000
2025-10-19 08:13:08 | INFO | EM.print | [AUG][online][epoch=9][iter=0] done name=random_permute_features shape=(1140, 1140)
2025-10-19 08:13:08 | INFO | EM.print | [ONLINE-AUG] mode=online name=random_permute_features noise_std=0.02 mask_rate=0.05 base_seed=0
2025-10-19 08:13:08 | INFO | EM.print | epoch: 9/ iteration: 1/ loss_train: 4.2031093 | task_loss:0.0951 cont_loss:7.5565 adv_loss:0.0085
2025-10-19 08:13:09 | INFO | EM.print | epoch: 0009 loss_train: 4.3227 task_loss: 0.1166 cont_loss: 7.7485 adv_loss: 0.0171 auroc_train: 0.9809 auprc_train: 0.9767 precision_train: 0.9236 recall_train: 0.9571 f1_train: 0.9400 cm_train: (tn=1972, fp=170, fn=92, tp=2054)
2025-10-19 08:13:09 | INFO | EM.print | -------- Epoch 10 --------
2025-10-19 08:13:09 | INFO | EM.print | [AUG][online][epoch=10][iter=0] start name=random_permute_features noise_std=0.02 mask_rate=0.05 seed=9000
2025-10-19 08:13:09 | INFO | EM.print | [AUG][online][epoch=10][iter=0] done name=random_permute_features shape=(1140, 1140)
2025-10-19 08:13:09 | INFO | EM.print | [ONLINE-AUG] mode=online name=random_permute_features noise_std=0.02 mask_rate=0.05 base_seed=0
2025-10-19 08:13:09 | INFO | EM.print | epoch: 10/ iteration: 1/ loss_train: 4.3628464 | task_loss:0.2114 cont_loss:7.7405 adv_loss:0.0209
2025-10-19 08:13:10 | INFO | EM.print | epoch: 0010 loss_train: 4.3997 task_loss: 0.1755 cont_loss: 7.8316 adv_loss: 0.0266 auroc_train: 0.9799 auprc_train: 0.9729 precision_train: 0.9210 recall_train: 0.9622 f1_train: 0.9411 cm_train: (tn=1967, fp=177, fn=81, tp=2063)
2025-10-19 08:13:10 | INFO | EM.print | Optimization Finished!
2025-10-19 08:13:10 | INFO | EM.result.save | Saved result text: /root/OUTPUT/result/MDA_C_r1_004_data_20251019_081225/metrics/train_epoch_metrics_fold_1_20251019_081225.csv.txt
2025-10-19 08:13:10 | INFO | EM.print | [SAVE] Per-epoch train metrics saved: train_epoch_metrics_fold_1_20251019_081225.csv
2025-10-19 08:13:11 | INFO | EM.print | loss_test: 4.6085 auroc_test: 0.9529 auprc_test: 0.9445 precision_test: 0.9036 recall_test: 0.8323 f1_test: 0.8665 cm_test: (tn=472, fp=45, fn=85, tp=422)
2025-10-19 08:13:11 | INFO | EM | Fold 1 completed.
2025-10-19 08:13:11 | INFO | EM | === Fold 2/5 ===
2025-10-19 08:13:11 | INFO | EM.result.save | Saved result text: /root/OUTPUT/result/MDA_C_r1_004_data_20251019_081225/metrics/adv_config_fold_2_20251019_081225.json.txt
2025-10-19 08:13:11 | INFO | EM.print | [SAVE] adv config saved: metrics/adv_config_fold_2_20251019_081225.json
2025-10-19 08:13:11 | INFO | EM.print | Start Training...
2025-10-19 08:13:11 | INFO | EM.print | -------- Epoch 1 --------
2025-10-19 08:13:11 | INFO | EM.print | [AUG][online][epoch=1][iter=0] start name=random_permute_features noise_std=0.02 mask_rate=0.05 seed=0
2025-10-19 08:13:11 | INFO | EM.print | [AUG][online][epoch=1][iter=0] done name=random_permute_features shape=(1140, 1140)
2025-10-19 08:13:11 | INFO | EM.print | [ONLINE-AUG] mode=online name=random_permute_features noise_std=0.02 mask_rate=0.05 base_seed=0
2025-10-19 08:13:11 | INFO | EM.print | epoch: 1/ iteration: 1/ loss_train: 0.6838345 | task_loss:0.6702 cont_loss:0.0470 adv_loss:0.7128
2025-10-19 08:13:13 | INFO | EM.print | epoch: 0001 loss_train: 4.4559 task_loss: 0.3087 cont_loss: 7.8131 adv_loss: 0.0395 auroc_train: 0.8180 auprc_train: 0.8160 precision_train: 0.7073 recall_train: 0.7189 f1_train: 0.7131 cm_train: (tn=1505, fp=638, fn=603, tp=1542)
2025-10-19 08:13:13 | INFO | EM.print | -------- Epoch 2 --------
2025-10-19 08:13:13 | INFO | EM.print | [AUG][online][epoch=2][iter=0] start name=random_permute_features noise_std=0.02 mask_rate=0.05 seed=1000
2025-10-19 08:13:13 | INFO | EM.print | [AUG][online][epoch=2][iter=0] done name=random_permute_features shape=(1140, 1140)
2025-10-19 08:13:13 | INFO | EM.print | [ONLINE-AUG] mode=online name=random_permute_features noise_std=0.02 mask_rate=0.05 base_seed=0
2025-10-19 08:13:13 | INFO | EM.print | epoch: 2/ iteration: 1/ loss_train: 4.4291763 | task_loss:0.2703 cont_loss:7.8115 adv_loss:0.0224
2025-10-19 08:13:14 | INFO | EM.print | epoch: 0002 loss_train: 4.3166 task_loss: 0.2687 cont_loss: 7.6120 adv_loss: 0.0182 auroc_train: 0.9490 auprc_train: 0.9386 precision_train: 0.8680 recall_train: 0.9024 f1_train: 0.8849 cm_train: (tn=1852, fp=294, fn=209, tp=1933)
2025-10-19 08:13:14 | INFO | EM.print | -------- Epoch 3 --------
2025-10-19 08:13:14 | INFO | EM.print | [AUG][online][epoch=3][iter=0] start name=random_permute_features noise_std=0.02 mask_rate=0.05 seed=2000
2025-10-19 08:13:14 | INFO | EM.print | [AUG][online][epoch=3][iter=0] done name=random_permute_features shape=(1140, 1140)
2025-10-19 08:13:14 | INFO | EM.print | [ONLINE-AUG] mode=online name=random_permute_features noise_std=0.02 mask_rate=0.05 base_seed=0
2025-10-19 08:13:14 | INFO | EM.print | epoch: 3/ iteration: 1/ loss_train: 4.322838 | task_loss:0.2309 cont_loss:7.6579 adv_loss:0.0142
2025-10-19 08:13:16 | INFO | EM.print | epoch: 0003 loss_train: 4.3387 task_loss: 0.2629 cont_loss: 7.6551 adv_loss: 0.0201 auroc_train: 0.9563 auprc_train: 0.9481 precision_train: 0.8741 recall_train: 0.9189 f1_train: 0.8960 cm_train: (tn=1858, fp=284, fn=174, tp=1972)
2025-10-19 08:13:16 | INFO | EM.print | -------- Epoch 4 --------
2025-10-19 08:13:16 | INFO | EM.print | [AUG][online][epoch=4][iter=0] start name=random_permute_features noise_std=0.02 mask_rate=0.05 seed=3000
2025-10-19 08:13:16 | INFO | EM.print | [AUG][online][epoch=4][iter=0] done name=random_permute_features shape=(1140, 1140)
2025-10-19 08:13:16 | INFO | EM.print | [ONLINE-AUG] mode=online name=random_permute_features noise_std=0.02 mask_rate=0.05 base_seed=0
2025-10-19 08:13:16 | INFO | EM.print | epoch: 4/ iteration: 1/ loss_train: 4.3350163 | task_loss:0.2579 cont_loss:7.6579 adv_loss:0.0142
2025-10-19 08:13:17 | INFO | EM.print | epoch: 0004 loss_train: 4.2810 task_loss: 0.3294 cont_loss: 7.5012 adv_loss: 0.0143 auroc_train: 0.9561 auprc_train: 0.9465 precision_train: 0.8748 recall_train: 0.9263 f1_train: 0.8998 cm_train: (tn=1861, fp=284, fn=158, tp=1985)
2025-10-19 08:13:17 | INFO | EM.print | -------- Epoch 5 --------
2025-10-19 08:13:17 | INFO | EM.print | [AUG][online][epoch=5][iter=0] start name=random_permute_features noise_std=0.02 mask_rate=0.05 seed=4000
2025-10-19 08:13:17 | INFO | EM.print | [AUG][online][epoch=5][iter=0] done name=random_permute_features shape=(1140, 1140)
2025-10-19 08:13:17 | INFO | EM.print | [ONLINE-AUG] mode=online name=random_permute_features noise_std=0.02 mask_rate=0.05 base_seed=0
2025-10-19 08:13:17 | INFO | EM.print | epoch: 5/ iteration: 1/ loss_train: 4.3473706 | task_loss:0.3283 cont_loss:7.6266 adv_loss:0.0100
2025-10-19 08:13:18 | INFO | EM.print | epoch: 0005 loss_train: 4.4461 task_loss: 0.1446 cont_loss: 7.9590 adv_loss: 0.0073 auroc_train: 0.9635 auprc_train: 0.9583 precision_train: 0.8795 recall_train: 0.9394 f1_train: 0.9085 cm_train: (tn=1867, fp=276, fn=130, tp=2015)
2025-10-19 08:13:18 | INFO | EM.print | -------- Epoch 6 --------
2025-10-19 08:13:18 | INFO | EM.print | [AUG][online][epoch=6][iter=0] start name=random_permute_features noise_std=0.02 mask_rate=0.05 seed=5000
2025-10-19 08:13:18 | INFO | EM.print | [AUG][online][epoch=6][iter=0] done name=random_permute_features shape=(1140, 1140)
2025-10-19 08:13:18 | INFO | EM.print | [ONLINE-AUG] mode=online name=random_permute_features noise_std=0.02 mask_rate=0.05 base_seed=0
2025-10-19 08:13:18 | INFO | EM.print | epoch: 6/ iteration: 1/ loss_train: 4.4624577 | task_loss:0.2108 cont_loss:7.9373 adv_loss:0.0042
2025-10-19 08:13:20 | INFO | EM.print | epoch: 0006 loss_train: 4.4100 task_loss: 0.2416 cont_loss: 7.8127 adv_loss: 0.0086 auroc_train: 0.9676 auprc_train: 0.9638 precision_train: 0.8813 recall_train: 0.9398 f1_train: 0.9096 cm_train: (tn=1875, fp=271, fn=129, tp=2013)
2025-10-19 08:13:20 | INFO | EM.print | -------- Epoch 7 --------
2025-10-19 08:13:20 | INFO | EM.print | [AUG][online][epoch=7][iter=0] start name=random_permute_features noise_std=0.02 mask_rate=0.05 seed=6000
2025-10-19 08:13:20 | INFO | EM.print | [AUG][online][epoch=7][iter=0] done name=random_permute_features shape=(1140, 1140)
2025-10-19 08:13:20 | INFO | EM.print | [ONLINE-AUG] mode=online name=random_permute_features noise_std=0.02 mask_rate=0.05 base_seed=0
2025-10-19 08:13:20 | INFO | EM.print | epoch: 7/ iteration: 1/ loss_train: 4.4271183 | task_loss:0.2739 cont_loss:7.8111 adv_loss:0.0155
2025-10-19 08:13:21 | INFO | EM.print | epoch: 0007 loss_train: 4.3518 task_loss: 0.1574 cont_loss: 7.7756 adv_loss: 0.0088 auroc_train: 0.9736 auprc_train: 0.9701 precision_train: 0.9005 recall_train: 0.9454 f1_train: 0.9224 cm_train: (tn=1920, fp=224, fn=117, tp=2027)
2025-10-19 08:13:21 | INFO | EM.print | -------- Epoch 8 --------
2025-10-19 08:13:21 | INFO | EM.print | [AUG][online][epoch=8][iter=0] start name=random_permute_features noise_std=0.02 mask_rate=0.05 seed=7000
2025-10-19 08:13:21 | INFO | EM.print | [AUG][online][epoch=8][iter=0] done name=random_permute_features shape=(1140, 1140)
2025-10-19 08:13:21 | INFO | EM.print | [ONLINE-AUG] mode=online name=random_permute_features noise_std=0.02 mask_rate=0.05 base_seed=0
2025-10-19 08:13:21 | INFO | EM.print | epoch: 8/ iteration: 1/ loss_train: 4.323494 | task_loss:0.1421 cont_loss:7.7397 adv_loss:0.0054
2025-10-19 08:13:22 | INFO | EM.print | epoch: 0008 loss_train: 4.2712 task_loss: 0.2157 cont_loss: 7.5813 adv_loss: 0.0089 auroc_train: 0.9760 auprc_train: 0.9708 precision_train: 0.9128 recall_train: 0.9495 f1_train: 0.9308 cm_train: (tn=1954, fp=194, fn=108, tp=2032)
2025-10-19 08:13:22 | INFO | EM.print | -------- Epoch 9 --------
2025-10-19 08:13:22 | INFO | EM.print | [AUG][online][epoch=9][iter=0] start name=random_permute_features noise_std=0.02 mask_rate=0.05 seed=8000
2025-10-19 08:13:22 | INFO | EM.print | [AUG][online][epoch=9][iter=0] done name=random_permute_features shape=(1140, 1140)
2025-10-19 08:13:22 | INFO | EM.print | [ONLINE-AUG] mode=online name=random_permute_features noise_std=0.02 mask_rate=0.05 base_seed=0
2025-10-19 08:13:22 | INFO | EM.print | epoch: 9/ iteration: 1/ loss_train: 4.2530193 | task_loss:0.1478 cont_loss:7.6015 adv_loss:0.0114
2025-10-19 08:13:24 | INFO | EM.print | epoch: 0009 loss_train: 4.3981 task_loss: 0.2139 cont_loss: 7.8081 adv_loss: 0.0147 auroc_train: 0.9777 auprc_train: 0.9725 precision_train: 0.9152 recall_train: 0.9519 f1_train: 0.9332 cm_train: (tn=1957, fp=189, fn=103, tp=2039)
2025-10-19 08:13:24 | INFO | EM.print | -------- Epoch 10 --------
2025-10-19 08:13:24 | INFO | EM.print | [AUG][online][epoch=10][iter=0] start name=random_permute_features noise_std=0.02 mask_rate=0.05 seed=9000
2025-10-19 08:13:24 | INFO | EM.print | [AUG][online][epoch=10][iter=0] done name=random_permute_features shape=(1140, 1140)
2025-10-19 08:13:24 | INFO | EM.print | [ONLINE-AUG] mode=online name=random_permute_features noise_std=0.02 mask_rate=0.05 base_seed=0
2025-10-19 08:13:24 | INFO | EM.print | epoch: 10/ iteration: 1/ loss_train: 4.3520446 | task_loss:0.1114 cont_loss:7.8141 adv_loss:0.0083
2025-10-19 08:13:25 | INFO | EM.print | epoch: 0010 loss_train: 4.4652 task_loss: 0.2222 cont_loss: 7.9319 adv_loss: 0.0054 auroc_train: 0.9789 auprc_train: 0.9739 precision_train: 0.9181 recall_train: 0.9571 f1_train: 0.9372 cm_train: (tn=1962, fp=183, fn=92, tp=2051)
2025-10-19 08:13:25 | INFO | EM.print | Optimization Finished!
2025-10-19 08:13:25 | INFO | EM.result.save | Saved result text: /root/OUTPUT/result/MDA_C_r1_004_data_20251019_081225/metrics/train_epoch_metrics_fold_2_20251019_081225.csv.txt
2025-10-19 08:13:25 | INFO | EM.print | [SAVE] Per-epoch train metrics saved: train_epoch_metrics_fold_2_20251019_081225.csv
2025-10-19 08:13:26 | INFO | EM.print | loss_test: 4.5322 auroc_test: 0.9485 auprc_test: 0.9464 precision_test: 0.8642 recall_test: 0.9016 f1_test: 0.8825 cm_test: (tn=444, fp=72, fn=50, tp=458)
2025-10-19 08:13:26 | INFO | EM | Fold 2 completed.
2025-10-19 08:13:26 | INFO | EM | === Fold 3/5 ===
2025-10-19 08:13:26 | INFO | EM.result.save | Saved result text: /root/OUTPUT/result/MDA_C_r1_004_data_20251019_081225/metrics/adv_config_fold_3_20251019_081225.json.txt
2025-10-19 08:13:26 | INFO | EM.print | [SAVE] adv config saved: metrics/adv_config_fold_3_20251019_081225.json
2025-10-19 08:13:26 | INFO | EM.print | Start Training...
2025-10-19 08:13:26 | INFO | EM.print | -------- Epoch 1 --------
2025-10-19 08:13:26 | INFO | EM.print | [AUG][online][epoch=1][iter=0] start name=random_permute_features noise_std=0.02 mask_rate=0.05 seed=0
2025-10-19 08:13:26 | INFO | EM.print | [AUG][online][epoch=1][iter=0] done name=random_permute_features shape=(1140, 1140)
2025-10-19 08:13:26 | INFO | EM.print | [ONLINE-AUG] mode=online name=random_permute_features noise_std=0.02 mask_rate=0.05 base_seed=0
2025-10-19 08:13:26 | INFO | EM.print | epoch: 1/ iteration: 1/ loss_train: 0.739759 | task_loss:0.7380 cont_loss:0.0818 adv_loss:0.7253
2025-10-19 08:13:27 | INFO | EM.print | epoch: 0001 loss_train: 4.4562 task_loss: 0.2512 cont_loss: 7.8617 adv_loss: 0.0385 auroc_train: 0.8338 auprc_train: 0.8344 precision_train: 0.7368 recall_train: 0.7245 f1_train: 0.7306 cm_train: (tn=1588, fp=555, fn=591, tp=1554)
2025-10-19 08:13:27 | INFO | EM.print | -------- Epoch 2 --------
2025-10-19 08:13:27 | INFO | EM.print | [AUG][online][epoch=2][iter=0] start name=random_permute_features noise_std=0.02 mask_rate=0.05 seed=1000
2025-10-19 08:13:27 | INFO | EM.print | [AUG][online][epoch=2][iter=0] done name=random_permute_features shape=(1140, 1140)
2025-10-19 08:13:27 | INFO | EM.print | [ONLINE-AUG] mode=online name=random_permute_features noise_std=0.02 mask_rate=0.05 base_seed=0
2025-10-19 08:13:27 | INFO | EM.print | epoch: 2/ iteration: 1/ loss_train: 4.4439063 | task_loss:0.2427 cont_loss:7.8474 adv_loss:0.0373
2025-10-19 08:13:29 | INFO | EM.print | epoch: 0002 loss_train: 4.4567 task_loss: 0.4954 cont_loss: 7.6808 adv_loss: 0.0186 auroc_train: 0.9450 auprc_train: 0.9384 precision_train: 0.8680 recall_train: 0.8936 f1_train: 0.8806 cm_train: (tn=1855, fp=291, fn=228, tp=1914)
2025-10-19 08:13:29 | INFO | EM.print | -------- Epoch 3 --------
2025-10-19 08:13:29 | INFO | EM.print | [AUG][online][epoch=3][iter=0] start name=random_permute_features noise_std=0.02 mask_rate=0.05 seed=2000
2025-10-19 08:13:29 | INFO | EM.print | [AUG][online][epoch=3][iter=0] done name=random_permute_features shape=(1140, 1140)
2025-10-19 08:13:29 | INFO | EM.print | [ONLINE-AUG] mode=online name=random_permute_features noise_std=0.02 mask_rate=0.05 base_seed=0
2025-10-19 08:13:29 | INFO | EM.print | epoch: 3/ iteration: 1/ loss_train: 4.3429637 | task_loss:0.2513 cont_loss:7.6750 adv_loss:0.0173
2025-10-19 08:13:30 | INFO | EM.print | epoch: 0003 loss_train: 4.2916 task_loss: 0.2875 cont_loss: 7.5539 adv_loss: 0.0151 auroc_train: 0.9563 auprc_train: 0.9494 precision_train: 0.8734 recall_train: 0.9146 f1_train: 0.8935 cm_train: (tn=1862, fp=284, fn=183, tp=1959)
2025-10-19 08:13:30 | INFO | EM.print | -------- Epoch 4 --------
2025-10-19 08:13:30 | INFO | EM.print | [AUG][online][epoch=4][iter=0] start name=random_permute_features noise_std=0.02 mask_rate=0.05 seed=3000
2025-10-19 08:13:30 | INFO | EM.print | [AUG][online][epoch=4][iter=0] done name=random_permute_features shape=(1140, 1140)
2025-10-19 08:13:30 | INFO | EM.print | [ONLINE-AUG] mode=online name=random_permute_features noise_std=0.02 mask_rate=0.05 base_seed=0
2025-10-19 08:13:30 | INFO | EM.print | epoch: 4/ iteration: 1/ loss_train: 4.314523 | task_loss:0.3230 cont_loss:7.5596 adv_loss:0.0227
2025-10-19 08:13:31 | INFO | EM.print | epoch: 0004 loss_train: 4.4408 task_loss: 0.2629 cont_loss: 7.8500 adv_loss: 0.0099 auroc_train: 0.9509 auprc_train: 0.9426 precision_train: 0.8694 recall_train: 0.9095 f1_train: 0.8890 cm_train: (tn=1851, fp=293, fn=194, tp=1950)
2025-10-19 08:13:31 | INFO | EM.print | -------- Epoch 5 --------
2025-10-19 08:13:32 | INFO | EM.print | [AUG][online][epoch=5][iter=0] start name=random_permute_features noise_std=0.02 mask_rate=0.05 seed=4000
2025-10-19 08:13:32 | INFO | EM.print | [AUG][online][epoch=5][iter=0] done name=random_permute_features shape=(1140, 1140)
2025-10-19 08:13:32 | INFO | EM.print | [ONLINE-AUG] mode=online name=random_permute_features noise_std=0.02 mask_rate=0.05 base_seed=0
2025-10-19 08:13:32 | INFO | EM.print | epoch: 5/ iteration: 1/ loss_train: 4.4086895 | task_loss:0.1911 cont_loss:7.8516 adv_loss:0.0086
2025-10-19 08:13:33 | INFO | EM.print | epoch: 0005 loss_train: 4.2949 task_loss: 0.1190 cont_loss: 7.7013 adv_loss: 0.0113 auroc_train: 0.9604 auprc_train: 0.9541 precision_train: 0.8763 recall_train: 0.9249 f1_train: 0.8999 cm_train: (tn=1864, fp=280, fn=161, tp=1983)
2025-10-19 08:13:33 | INFO | EM.print | -------- Epoch 6 --------
2025-10-19 08:13:33 | INFO | EM.print | [AUG][online][epoch=6][iter=0] start name=random_permute_features noise_std=0.02 mask_rate=0.05 seed=5000
2025-10-19 08:13:33 | INFO | EM.print | [AUG][online][epoch=6][iter=0] done name=random_permute_features shape=(1140, 1140)
2025-10-19 08:13:33 | INFO | EM.print | [ONLINE-AUG] mode=online name=random_permute_features noise_std=0.02 mask_rate=0.05 base_seed=0
2025-10-19 08:13:33 | INFO | EM.print | epoch: 6/ iteration: 1/ loss_train: 4.3453126 | task_loss:0.2170 cont_loss:7.7090 adv_loss:0.0155
2025-10-19 08:13:34 | INFO | EM.print | epoch: 0006 loss_train: 4.3595 task_loss: 0.2151 cont_loss: 7.7433 adv_loss: 0.0078 auroc_train: 0.9620 auprc_train: 0.9562 precision_train: 0.8740 recall_train: 0.9380 f1_train: 0.9048 cm_train: (tn=1854, fp=290, fn=133, tp=2011)
2025-10-19 08:13:34 | INFO | EM.print | -------- Epoch 7 --------
2025-10-19 08:13:34 | INFO | EM.print | [AUG][online][epoch=7][iter=0] start name=random_permute_features noise_std=0.02 mask_rate=0.05 seed=6000
2025-10-19 08:13:34 | INFO | EM.print | [AUG][online][epoch=7][iter=0] done name=random_permute_features shape=(1140, 1140)
2025-10-19 08:13:34 | INFO | EM.print | [ONLINE-AUG] mode=online name=random_permute_features noise_std=0.02 mask_rate=0.05 base_seed=0
2025-10-19 08:13:34 | INFO | EM.print | epoch: 7/ iteration: 1/ loss_train: 4.339705 | task_loss:0.1611 cont_loss:7.7507 adv_loss:0.0087
2025-10-19 08:13:35 | INFO | EM.print | epoch: 0007 loss_train: 4.3056 task_loss: 0.1772 cont_loss: 7.6684 adv_loss: 0.0166 auroc_train: 0.9647 auprc_train: 0.9584 precision_train: 0.8793 recall_train: 0.9403 f1_train: 0.9088 cm_train: (tn=1866, fp=277, fn=128, tp=2017)
2025-10-19 08:13:36 | INFO | EM.print | -------- Epoch 8 --------
2025-10-19 08:13:36 | INFO | EM.print | [AUG][online][epoch=8][iter=0] start name=random_permute_features noise_std=0.02 mask_rate=0.05 seed=7000
2025-10-19 08:13:36 | INFO | EM.print | [AUG][online][epoch=8][iter=0] done name=random_permute_features shape=(1140, 1140)
2025-10-19 08:13:36 | INFO | EM.print | [ONLINE-AUG] mode=online name=random_permute_features noise_std=0.02 mask_rate=0.05 base_seed=0
2025-10-19 08:13:36 | INFO | EM.print | epoch: 8/ iteration: 1/ loss_train: 4.3210254 | task_loss:0.2061 cont_loss:7.6834 adv_loss:0.0049
2025-10-19 08:13:37 | INFO | EM.print | epoch: 0008 loss_train: 4.2593 task_loss: 0.1001 cont_loss: 7.6556 adv_loss: 0.0074 auroc_train: 0.9709 auprc_train: 0.9665 precision_train: 0.9006 recall_train: 0.9450 f1_train: 0.9223 cm_train: (tn=1917, fp=224, fn=118, tp=2029)
2025-10-19 08:13:37 | INFO | EM.print | -------- Epoch 9 --------
2025-10-19 08:13:37 | INFO | EM.print | [AUG][online][epoch=9][iter=0] start name=random_permute_features noise_std=0.02 mask_rate=0.05 seed=8000
2025-10-19 08:13:37 | INFO | EM.print | [AUG][online][epoch=9][iter=0] done name=random_permute_features shape=(1140, 1140)
2025-10-19 08:13:37 | INFO | EM.print | [ONLINE-AUG] mode=online name=random_permute_features noise_std=0.02 mask_rate=0.05 base_seed=0
2025-10-19 08:13:37 | INFO | EM.print | epoch: 9/ iteration: 1/ loss_train: 4.325974 | task_loss:0.2402 cont_loss:7.6534 adv_loss:0.0170
2025-10-19 08:13:38 | INFO | EM.print | epoch: 0009 loss_train: 4.3118 task_loss: 0.1347 cont_loss: 7.7205 adv_loss: 0.0098 auroc_train: 0.9753 auprc_train: 0.9706 precision_train: 0.9055 recall_train: 0.9562 f1_train: 0.9301 cm_train: (tn=1930, fp=214, fn=94, tp=2050)
2025-10-19 08:13:38 | INFO | EM.print | -------- Epoch 10 --------
2025-10-19 08:13:38 | INFO | EM.print | [AUG][online][epoch=10][iter=0] start name=random_permute_features noise_std=0.02 mask_rate=0.05 seed=9000
2025-10-19 08:13:38 | INFO | EM.print | [AUG][online][epoch=10][iter=0] done name=random_permute_features shape=(1140, 1140)
2025-10-19 08:13:38 | INFO | EM.print | [ONLINE-AUG] mode=online name=random_permute_features noise_std=0.02 mask_rate=0.05 base_seed=0
2025-10-19 08:13:38 | INFO | EM.print | epoch: 10/ iteration: 1/ loss_train: 4.3118725 | task_loss:0.1068 cont_loss:7.7465 adv_loss:0.0064
2025-10-19 08:13:40 | INFO | EM.print | epoch: 0010 loss_train: 4.4076 task_loss: 0.2688 cont_loss: 7.7840 adv_loss: 0.0109 auroc_train: 0.9779 auprc_train: 0.9728 precision_train: 0.9122 recall_train: 0.9539 f1_train: 0.9326 cm_train: (tn=1945, fp=197, fn=99, tp=2047)
2025-10-19 08:13:40 | INFO | EM.print | Optimization Finished!
2025-10-19 08:13:40 | INFO | EM.result.save | Saved result text: /root/OUTPUT/result/MDA_C_r1_004_data_20251019_081225/metrics/train_epoch_metrics_fold_3_20251019_081225.csv.txt
2025-10-19 08:13:40 | INFO | EM.print | [SAVE] Per-epoch train metrics saved: train_epoch_metrics_fold_3_20251019_081225.csv
2025-10-19 08:13:40 | INFO | EM.print | loss_test: 4.5140 auroc_test: 0.9594 auprc_test: 0.9591 precision_test: 0.8982 recall_test: 0.8841 f1_test: 0.8911 cm_test: (tn=464, fp=51, fn=59, tp=450)
2025-10-19 08:13:40 | INFO | EM | Fold 3 completed.
2025-10-19 08:13:40 | INFO | EM | === Fold 4/5 ===
2025-10-19 08:13:40 | INFO | EM.result.save | Saved result text: /root/OUTPUT/result/MDA_C_r1_004_data_20251019_081225/metrics/adv_config_fold_4_20251019_081225.json.txt
2025-10-19 08:13:40 | INFO | EM.print | [SAVE] adv config saved: metrics/adv_config_fold_4_20251019_081225.json
2025-10-19 08:13:40 | INFO | EM.print | Start Training...
2025-10-19 08:13:40 | INFO | EM.print | -------- Epoch 1 --------
2025-10-19 08:13:41 | INFO | EM.print | [AUG][online][epoch=1][iter=0] start name=random_permute_features noise_std=0.02 mask_rate=0.05 seed=0
2025-10-19 08:13:41 | INFO | EM.print | [AUG][online][epoch=1][iter=0] done name=random_permute_features shape=(1140, 1140)
2025-10-19 08:13:41 | INFO | EM.print | [ONLINE-AUG] mode=online name=random_permute_features noise_std=0.02 mask_rate=0.05 base_seed=0
2025-10-19 08:13:41 | INFO | EM.print | epoch: 1/ iteration: 1/ loss_train: 0.69361466 | task_loss:0.6939 cont_loss:0.0635 adv_loss:0.6929
2025-10-19 08:13:42 | INFO | EM.print | epoch: 0001 loss_train: 4.4083 task_loss: 0.3290 cont_loss: 7.7164 adv_loss: 0.0324 auroc_train: 0.8138 auprc_train: 0.8191 precision_train: 0.7237 recall_train: 0.6950 f1_train: 0.7091 cm_train: (tn=1579, fp=568, fn=653, tp=1488)
2025-10-19 08:13:42 | INFO | EM.print | -------- Epoch 2 --------
2025-10-19 08:13:42 | INFO | EM.print | [AUG][online][epoch=2][iter=0] start name=random_permute_features noise_std=0.02 mask_rate=0.05 seed=1000
2025-10-19 08:13:42 | INFO | EM.print | [AUG][online][epoch=2][iter=0] done name=random_permute_features shape=(1140, 1140)
2025-10-19 08:13:42 | INFO | EM.print | [ONLINE-AUG] mode=online name=random_permute_features noise_std=0.02 mask_rate=0.05 base_seed=0
2025-10-19 08:13:42 | INFO | EM.print | epoch: 2/ iteration: 1/ loss_train: 4.4673686 | task_loss:0.4076 cont_loss:7.7584 adv_loss:0.0336
2025-10-19 08:13:43 | INFO | EM.print | epoch: 0002 loss_train: 4.3613 task_loss: 0.3632 cont_loss: 7.6228 adv_loss: 0.0105 auroc_train: 0.9459 auprc_train: 0.9385 precision_train: 0.8655 recall_train: 0.8941 f1_train: 0.8796 cm_train: (tn=1846, fp=298, fn=227, tp=1917)
2025-10-19 08:13:43 | INFO | EM.print | -------- Epoch 3 --------
2025-10-19 08:13:43 | INFO | EM.print | [AUG][online][epoch=3][iter=0] start name=random_permute_features noise_std=0.02 mask_rate=0.05 seed=2000
2025-10-19 08:13:43 | INFO | EM.print | [AUG][online][epoch=3][iter=0] done name=random_permute_features shape=(1140, 1140)
2025-10-19 08:13:43 | INFO | EM.print | [ONLINE-AUG] mode=online name=random_permute_features noise_std=0.02 mask_rate=0.05 base_seed=0
2025-10-19 08:13:43 | INFO | EM.print | epoch: 3/ iteration: 1/ loss_train: 4.2752023 | task_loss:0.2346 cont_loss:7.5716 adv_loss:0.0106
2025-10-19 08:13:45 | INFO | EM.print | epoch: 0003 loss_train: 4.2303 task_loss: 0.2467 cont_loss: 7.4816 adv_loss: 0.0087 auroc_train: 0.9559 auprc_train: 0.9509 precision_train: 0.8673 recall_train: 0.9114 f1_train: 0.8888 cm_train: (tn=1845, fp=299, fn=190, tp=1954)
2025-10-19 08:13:45 | INFO | EM.print | -------- Epoch 4 --------
2025-10-19 08:13:45 | INFO | EM.print | [AUG][online][epoch=4][iter=0] start name=random_permute_features noise_std=0.02 mask_rate=0.05 seed=3000
2025-10-19 08:13:45 | INFO | EM.print | [AUG][online][epoch=4][iter=0] done name=random_permute_features shape=(1140, 1140)
2025-10-19 08:13:45 | INFO | EM.print | [ONLINE-AUG] mode=online name=random_permute_features noise_std=0.02 mask_rate=0.05 base_seed=0
2025-10-19 08:13:45 | INFO | EM.print | epoch: 4/ iteration: 1/ loss_train: 4.256995 | task_loss:0.3058 cont_loss:7.4752 adv_loss:0.0160
2025-10-19 08:13:46 | INFO | EM.print | epoch: 0004 loss_train: 4.1913 task_loss: 0.1515 cont_loss: 7.4856 adv_loss: 0.0121 auroc_train: 0.9600 auprc_train: 0.9536 precision_train: 0.8714 recall_train: 0.9217 f1_train: 0.8958 cm_train: (tn=1850, fp=292, fn=168, tp=1978)
2025-10-19 08:13:46 | INFO | EM.print | -------- Epoch 5 --------
2025-10-19 08:13:46 | INFO | EM.print | [AUG][online][epoch=5][iter=0] start name=random_permute_features noise_std=0.02 mask_rate=0.05 seed=4000
2025-10-19 08:13:46 | INFO | EM.print | [AUG][online][epoch=5][iter=0] done name=random_permute_features shape=(1140, 1140)
2025-10-19 08:13:46 | INFO | EM.print | [ONLINE-AUG] mode=online name=random_permute_features noise_std=0.02 mask_rate=0.05 base_seed=0
2025-10-19 08:13:46 | INFO | EM.print | epoch: 5/ iteration: 1/ loss_train: 4.079631 | task_loss:0.2005 cont_loss:7.2389 adv_loss:0.0160
2025-10-19 08:13:48 | INFO | EM.print | epoch: 0005 loss_train: 4.3952 task_loss: 0.2247 cont_loss: 7.7989 adv_loss: 0.0094 auroc_train: 0.9530 auprc_train: 0.9437 precision_train: 0.8663 recall_train: 0.9217 f1_train: 0.8932 cm_train: (tn=1838, fp=305, fn=168, tp=1977)
2025-10-19 08:13:48 | INFO | EM.print | -------- Epoch 6 --------
2025-10-19 08:13:48 | INFO | EM.print | [AUG][online][epoch=6][iter=0] start name=random_permute_features noise_std=0.02 mask_rate=0.05 seed=5000
2025-10-19 08:13:48 | INFO | EM.print | [AUG][online][epoch=6][iter=0] done name=random_permute_features shape=(1140, 1140)
2025-10-19 08:13:48 | INFO | EM.print | [ONLINE-AUG] mode=online name=random_permute_features noise_std=0.02 mask_rate=0.05 base_seed=0
2025-10-19 08:13:48 | INFO | EM.print | epoch: 6/ iteration: 1/ loss_train: 4.4418106 | task_loss:0.2841 cont_loss:7.8390 adv_loss:0.0050
2025-10-19 08:13:49 | INFO | EM.print | epoch: 0006 loss_train: 4.3208 task_loss: 0.2282 cont_loss: 7.6616 adv_loss: 0.0084 auroc_train: 0.9570 auprc_train: 0.9493 precision_train: 0.8701 recall_train: 0.9269 f1_train: 0.8976 cm_train: (tn=1844, fp=297, fn=157, tp=1990)
2025-10-19 08:13:49 | INFO | EM.print | -------- Epoch 7 --------
2025-10-19 08:13:49 | INFO | EM.print | [AUG][online][epoch=7][iter=0] start name=random_permute_features noise_std=0.02 mask_rate=0.05 seed=6000
2025-10-19 08:13:49 | INFO | EM.print | [AUG][online][epoch=7][iter=0] done name=random_permute_features shape=(1140, 1140)
2025-10-19 08:13:49 | INFO | EM.print | [ONLINE-AUG] mode=online name=random_permute_features noise_std=0.02 mask_rate=0.05 base_seed=0
2025-10-19 08:13:49 | INFO | EM.print | epoch: 7/ iteration: 1/ loss_train: 4.349418 | task_loss:0.2781 cont_loss:7.6744 adv_loss:0.0067
2025-10-19 08:13:50 | INFO | EM.print | epoch: 0007 loss_train: 4.4422 task_loss: 0.2890 cont_loss: 7.8310 adv_loss: 0.0102 auroc_train: 0.9645 auprc_train: 0.9593 precision_train: 0.8767 recall_train: 0.9421 f1_train: 0.9082 cm_train: (tn=1861, fp=284, fn=124, tp=2019)
2025-10-19 08:13:50 | INFO | EM.print | -------- Epoch 8 --------
2025-10-19 08:13:50 | INFO | EM.print | [AUG][online][epoch=8][iter=0] start name=random_permute_features noise_std=0.02 mask_rate=0.05 seed=7000
2025-10-19 08:13:50 | INFO | EM.print | [AUG][online][epoch=8][iter=0] done name=random_permute_features shape=(1140, 1140)
2025-10-19 08:13:50 | INFO | EM.print | [ONLINE-AUG] mode=online name=random_permute_features noise_std=0.02 mask_rate=0.05 base_seed=0
2025-10-19 08:13:50 | INFO | EM.print | epoch: 8/ iteration: 1/ loss_train: 4.3548207 | task_loss:0.2469 cont_loss:7.7106 adv_loss:0.0057
2025-10-19 08:13:52 | INFO | EM.print | epoch: 0008 loss_train: 4.3101 task_loss: 0.1803 cont_loss: 7.6839 adv_loss: 0.0057 auroc_train: 0.9700 auprc_train: 0.9650 precision_train: 0.8969 recall_train: 0.9435 f1_train: 0.9196 cm_train: (tn=1916, fp=232, fn=121, tp=2019)
2025-10-19 08:13:52 | INFO | EM.print | -------- Epoch 9 --------
2025-10-19 08:13:52 | INFO | EM.print | [AUG][online][epoch=9][iter=0] start name=random_permute_features noise_std=0.02 mask_rate=0.05 seed=8000
2025-10-19 08:13:52 | INFO | EM.print | [AUG][online][epoch=9][iter=0] done name=random_permute_features shape=(1140, 1140)
2025-10-19 08:13:52 | INFO | EM.print | [ONLINE-AUG] mode=online name=random_permute_features noise_std=0.02 mask_rate=0.05 base_seed=0
2025-10-19 08:13:52 | INFO | EM.print | epoch: 9/ iteration: 1/ loss_train: 4.2993526 | task_loss:0.1732 cont_loss:7.6722 adv_loss:0.0034
2025-10-19 08:13:53 | INFO | EM.print | epoch: 0009 loss_train: 4.2266 task_loss: 0.1874 cont_loss: 7.5250 adv_loss: 0.0071 auroc_train: 0.9760 auprc_train: 0.9713 precision_train: 0.9129 recall_train: 0.9542 f1_train: 0.9331 cm_train: (tn=1952, fp=195, fn=98, tp=2043)
2025-10-19 08:13:53 | INFO | EM.print | -------- Epoch 10 --------
2025-10-19 08:13:53 | INFO | EM.print | [AUG][online][epoch=10][iter=0] start name=random_permute_features noise_std=0.02 mask_rate=0.05 seed=9000
2025-10-19 08:13:53 | INFO | EM.print | [AUG][online][epoch=10][iter=0] done name=random_permute_features shape=(1140, 1140)
2025-10-19 08:13:53 | INFO | EM.print | [ONLINE-AUG] mode=online name=random_permute_features noise_std=0.02 mask_rate=0.05 base_seed=0
2025-10-19 08:13:53 | INFO | EM.print | epoch: 10/ iteration: 1/ loss_train: 4.251616 | task_loss:0.2223 cont_loss:7.5357 adv_loss:0.0139
2025-10-19 08:13:55 | INFO | EM.print | epoch: 0010 loss_train: 4.3388 task_loss: 0.1644 cont_loss: 7.7485 adv_loss: 0.0064 auroc_train: 0.9792 auprc_train: 0.9751 precision_train: 0.9195 recall_train: 0.9580 f1_train: 0.9384 cm_train: (tn=1963, fp=180, fn=90, tp=2055)
2025-10-19 08:13:55 | INFO | EM.print | Optimization Finished!
2025-10-19 08:13:55 | INFO | EM.result.save | Saved result text: /root/OUTPUT/result/MDA_C_r1_004_data_20251019_081225/metrics/train_epoch_metrics_fold_4_20251019_081225.csv.txt
2025-10-19 08:13:55 | INFO | EM.print | [SAVE] Per-epoch train metrics saved: train_epoch_metrics_fold_4_20251019_081225.csv
2025-10-19 08:13:55 | INFO | EM.print | loss_test: 4.5157 auroc_test: 0.9586 auprc_test: 0.9588 precision_test: 0.8946 recall_test: 0.8704 f1_test: 0.8824 cm_test: (tn=454, fp=53, fn=67, tp=450)
2025-10-19 08:13:55 | INFO | EM | Fold 4 completed.
2025-10-19 08:13:55 | INFO | EM | === Fold 5/5 ===
2025-10-19 08:13:55 | INFO | EM.result.save | Saved result text: /root/OUTPUT/result/MDA_C_r1_004_data_20251019_081225/metrics/adv_config_fold_5_20251019_081225.json.txt
2025-10-19 08:13:55 | INFO | EM.print | [SAVE] adv config saved: metrics/adv_config_fold_5_20251019_081225.json
2025-10-19 08:13:55 | INFO | EM.print | Start Training...
2025-10-19 08:13:55 | INFO | EM.print | -------- Epoch 1 --------
2025-10-19 08:13:56 | INFO | EM.print | [AUG][online][epoch=1][iter=0] start name=random_permute_features noise_std=0.02 mask_rate=0.05 seed=0
2025-10-19 08:13:56 | INFO | EM.print | [AUG][online][epoch=1][iter=0] done name=random_permute_features shape=(1140, 1140)
2025-10-19 08:13:56 | INFO | EM.print | [ONLINE-AUG] mode=online name=random_permute_features noise_std=0.02 mask_rate=0.05 base_seed=0
2025-10-19 08:13:56 | INFO | EM.print | epoch: 1/ iteration: 1/ loss_train: 0.7148882 | task_loss:0.7040 cont_loss:0.0393 adv_loss:0.7530
2025-10-19 08:13:57 | INFO | EM.print | epoch: 0001 loss_train: 4.3610 task_loss: 0.1699 cont_loss: 7.7576 adv_loss: 0.0357 auroc_train: 0.8220 auprc_train: 0.8240 precision_train: 0.6982 recall_train: 0.7369 f1_train: 0.7170 cm_train: (tn=1461, fp=683, fn=564, tp=1580)
2025-10-19 08:13:57 | INFO | EM.print | -------- Epoch 2 --------
2025-10-19 08:13:57 | INFO | EM.print | [AUG][online][epoch=2][iter=0] start name=random_permute_features noise_std=0.02 mask_rate=0.05 seed=1000
2025-10-19 08:13:57 | INFO | EM.print | [AUG][online][epoch=2][iter=0] done name=random_permute_features shape=(1140, 1140)
2025-10-19 08:13:57 | INFO | EM.print | [ONLINE-AUG] mode=online name=random_permute_features noise_std=0.02 mask_rate=0.05 base_seed=0
2025-10-19 08:13:57 | INFO | EM.print | epoch: 2/ iteration: 1/ loss_train: 4.424639 | task_loss:0.4121 cont_loss:7.6874 adv_loss:0.0223
2025-10-19 08:13:58 | INFO | EM.print | epoch: 0002 loss_train: 4.3543 task_loss: 0.3278 cont_loss: 7.6339 adv_loss: 0.0163 auroc_train: 0.9455 auprc_train: 0.9337 precision_train: 0.8605 recall_train: 0.9011 f1_train: 0.8803 cm_train: (tn=1832, fp=313, fn=212, tp=1931)
2025-10-19 08:13:58 | INFO | EM.print | -------- Epoch 3 --------
2025-10-19 08:13:58 | INFO | EM.print | [AUG][online][epoch=3][iter=0] start name=random_permute_features noise_std=0.02 mask_rate=0.05 seed=2000
2025-10-19 08:13:58 | INFO | EM.print | [AUG][online][epoch=3][iter=0] done name=random_permute_features shape=(1140, 1140)
2025-10-19 08:13:58 | INFO | EM.print | [ONLINE-AUG] mode=online name=random_permute_features noise_std=0.02 mask_rate=0.05 base_seed=0
2025-10-19 08:13:58 | INFO | EM.print | epoch: 3/ iteration: 1/ loss_train: 4.2921977 | task_loss:0.1989 cont_loss:7.6277 adv_loss:0.0150
2025-10-19 08:14:00 | INFO | EM.print | epoch: 0003 loss_train: 4.3333 task_loss: 0.3692 cont_loss: 7.5681 adv_loss: 0.0094 auroc_train: 0.9520 auprc_train: 0.9442 precision_train: 0.8723 recall_train: 0.9151 f1_train: 0.8932 cm_train: (tn=1858, fp=287, fn=182, tp=1961)
2025-10-19 08:14:00 | INFO | EM.print | -------- Epoch 4 --------
2025-10-19 08:14:00 | INFO | EM.print | [AUG][online][epoch=4][iter=0] start name=random_permute_features noise_std=0.02 mask_rate=0.05 seed=3000
2025-10-19 08:14:00 | INFO | EM.print | [AUG][online][epoch=4][iter=0] done name=random_permute_features shape=(1140, 1140)
2025-10-19 08:14:00 | INFO | EM.print | [ONLINE-AUG] mode=online name=random_permute_features noise_std=0.02 mask_rate=0.05 base_seed=0
2025-10-19 08:14:00 | INFO | EM.print | epoch: 4/ iteration: 1/ loss_train: 4.343128 | task_loss:0.3390 cont_loss:7.6122 adv_loss:0.0078
2025-10-19 08:14:01 | INFO | EM.print | epoch: 0004 loss_train: 4.2976 task_loss: 0.3056 cont_loss: 7.5318 adv_loss: 0.0351 auroc_train: 0.9535 auprc_train: 0.9428 precision_train: 0.8795 recall_train: 0.9123 f1_train: 0.8956 cm_train: (tn=1876, fp=268, fn=188, tp=1956)
2025-10-19 08:14:01 | INFO | EM.print | -------- Epoch 5 --------
2025-10-19 08:14:01 | INFO | EM.print | [AUG][online][epoch=5][iter=0] start name=random_permute_features noise_std=0.02 mask_rate=0.05 seed=4000
2025-10-19 08:14:01 | INFO | EM.print | [AUG][online][epoch=5][iter=0] done name=random_permute_features shape=(1140, 1140)
2025-10-19 08:14:01 | INFO | EM.print | [ONLINE-AUG] mode=online name=random_permute_features noise_std=0.02 mask_rate=0.05 base_seed=0
2025-10-19 08:14:01 | INFO | EM.print | epoch: 5/ iteration: 1/ loss_train: 4.3567877 | task_loss:0.2823 cont_loss:7.6667 adv_loss:0.0261
2025-10-19 08:14:03 | INFO | EM.print | epoch: 0005 loss_train: 4.3207 task_loss: 0.2784 cont_loss: 7.6236 adv_loss: 0.0049 auroc_train: 0.9593 auprc_train: 0.9521 precision_train: 0.8739 recall_train: 0.9273 f1_train: 0.8998 cm_train: (tn=1856, fp=287, fn=156, tp=1989)
2025-10-19 08:14:03 | INFO | EM.print | -------- Epoch 6 --------
2025-10-19 08:14:03 | INFO | EM.print | [AUG][online][epoch=6][iter=0] start name=random_permute_features noise_std=0.02 mask_rate=0.05 seed=5000
2025-10-19 08:14:03 | INFO | EM.print | [AUG][online][epoch=6][iter=0] done name=random_permute_features shape=(1140, 1140)
2025-10-19 08:14:03 | INFO | EM.print | [ONLINE-AUG] mode=online name=random_permute_features noise_std=0.02 mask_rate=0.05 base_seed=0
2025-10-19 08:14:03 | INFO | EM.print | epoch: 6/ iteration: 1/ loss_train: 4.344123 | task_loss:0.2200 cont_loss:7.7122 adv_loss:0.0069
2025-10-19 08:14:04 | INFO | EM.print | epoch: 0006 loss_train: 4.4346 task_loss: 0.2333 cont_loss: 7.8644 adv_loss: 0.0085 auroc_train: 0.9628 auprc_train: 0.9575 precision_train: 0.8778 recall_train: 0.9314 f1_train: 0.9038 cm_train: (tn=1866, fp=278, fn=147, tp=1997)
2025-10-19 08:14:04 | INFO | EM.print | -------- Epoch 7 --------
2025-10-19 08:14:04 | INFO | EM.print | [AUG][online][epoch=7][iter=0] start name=random_permute_features noise_std=0.02 mask_rate=0.05 seed=6000
2025-10-19 08:14:04 | INFO | EM.print | [AUG][online][epoch=7][iter=0] done name=random_permute_features shape=(1140, 1140)
2025-10-19 08:14:04 | INFO | EM.print | [ONLINE-AUG] mode=online name=random_permute_features noise_std=0.02 mask_rate=0.05 base_seed=0
2025-10-19 08:14:04 | INFO | EM.print | epoch: 7/ iteration: 1/ loss_train: 4.402333 | task_loss:0.2161 cont_loss:7.8167 adv_loss:0.0118
2025-10-19 08:14:05 | INFO | EM.print | epoch: 0007 loss_train: 4.2925 task_loss: 0.1872 cont_loss: 7.6481 adv_loss: 0.0035 auroc_train: 0.9623 auprc_train: 0.9555 precision_train: 0.8777 recall_train: 0.9305 f1_train: 0.9034 cm_train: (tn=1865, fp=278, fn=149, tp=1996)
2025-10-19 08:14:06 | INFO | EM.print | -------- Epoch 8 --------
2025-10-19 08:14:06 | INFO | EM.print | [AUG][online][epoch=8][iter=0] start name=random_permute_features noise_std=0.02 mask_rate=0.05 seed=7000
2025-10-19 08:14:06 | INFO | EM.print | [AUG][online][epoch=8][iter=0] done name=random_permute_features shape=(1140, 1140)
2025-10-19 08:14:06 | INFO | EM.print | [ONLINE-AUG] mode=online name=random_permute_features noise_std=0.02 mask_rate=0.05 base_seed=0
2025-10-19 08:14:06 | INFO | EM.print | epoch: 8/ iteration: 1/ loss_train: 4.341363 | task_loss:0.2465 cont_loss:7.6772 adv_loss:0.0160
2025-10-19 08:14:07 | INFO | EM.print | epoch: 0008 loss_train: 4.3155 task_loss: 0.2454 cont_loss: 7.6321 adv_loss: 0.0149 auroc_train: 0.9685 auprc_train: 0.9631 precision_train: 0.8888 recall_train: 0.9436 f1_train: 0.9154 cm_train: (tn=1891, fp=253, fn=121, tp=2023)
2025-10-19 08:14:07 | INFO | EM.print | -------- Epoch 9 --------
2025-10-19 08:14:07 | INFO | EM.print | [AUG][online][epoch=9][iter=0] start name=random_permute_features noise_std=0.02 mask_rate=0.05 seed=8000
2025-10-19 08:14:07 | INFO | EM.print | [AUG][online][epoch=9][iter=0] done name=random_permute_features shape=(1140, 1140)
2025-10-19 08:14:07 | INFO | EM.print | [ONLINE-AUG] mode=online name=random_permute_features noise_std=0.02 mask_rate=0.05 base_seed=0
2025-10-19 08:14:07 | INFO | EM.print | epoch: 9/ iteration: 1/ loss_train: 4.301599 | task_loss:0.2175 cont_loss:7.6349 adv_loss:0.0091
2025-10-19 08:14:08 | INFO | EM.print | epoch: 0009 loss_train: 4.4227 task_loss: 0.1484 cont_loss: 7.9111 adv_loss: 0.0097 auroc_train: 0.9720 auprc_train: 0.9656 precision_train: 0.9043 recall_train: 0.9482 f1_train: 0.9257 cm_train: (tn=1930, fp=215, fn=111, tp=2032)
2025-10-19 08:14:08 | INFO | EM.print | -------- Epoch 10 --------
2025-10-19 08:14:08 | INFO | EM.print | [AUG][online][epoch=10][iter=0] start name=random_permute_features noise_std=0.02 mask_rate=0.05 seed=9000
2025-10-19 08:14:08 | INFO | EM.print | [AUG][online][epoch=10][iter=0] done name=random_permute_features shape=(1140, 1140)
2025-10-19 08:14:08 | INFO | EM.print | [ONLINE-AUG] mode=online name=random_permute_features noise_std=0.02 mask_rate=0.05 base_seed=0
2025-10-19 08:14:08 | INFO | EM.print | epoch: 10/ iteration: 1/ loss_train: 4.389438 | task_loss:0.2347 cont_loss:7.7820 adv_loss:0.0075
2025-10-19 08:14:10 | INFO | EM.print | epoch: 0010 loss_train: 4.2949 task_loss: 0.1490 cont_loss: 7.6775 adv_loss: 0.0104 auroc_train: 0.9758 auprc_train: 0.9722 precision_train: 0.9097 recall_train: 0.9432 f1_train: 0.9261 cm_train: (tn=1941, fp=201, fn=122, tp=2024)
2025-10-19 08:14:10 | INFO | EM.print | Optimization Finished!
2025-10-19 08:14:10 | INFO | EM.result.save | Saved result text: /root/OUTPUT/result/MDA_C_r1_004_data_20251019_081225/metrics/train_epoch_metrics_fold_5_20251019_081225.csv.txt
2025-10-19 08:14:10 | INFO | EM.print | [SAVE] Per-epoch train metrics saved: train_epoch_metrics_fold_5_20251019_081225.csv
2025-10-19 08:14:10 | INFO | EM.print | loss_test: 4.4231 auroc_test: 0.9547 auprc_test: 0.9548 precision_test: 0.8938 recall_test: 0.8677 f1_test: 0.8806 cm_test: (tn=457, fp=53, fn=68, tp=446)
2025-10-19 08:14:10 | INFO | EM | Fold 5 completed.
2025-10-19 08:14:10 | INFO | EM | === 5-Fold Cross Validation Results ===
2025-10-19 08:14:10 | INFO | EM | AUROC: 0.9548 ± 0.0040
2025-10-19 08:14:10 | INFO | EM | AUPRC: 0.9527 ± 0.0061
2025-10-19 08:14:10 | INFO | EM | F1-Score: 0.8806 ± 0.0079
2025-10-19 08:14:10 | INFO | EM | Loss: 4.5187 ± 0.0590
2025-10-19 08:14:10 | INFO | EM.result.save | Saved result text: /root/OUTPUT/result/MDA_C_r1_004_data_20251019_081225/result_summary_20251019_081225.txt
2025-10-19 08:14:10 | INFO | EM | Detailed Results:
2025-10-19 08:14:10 | INFO | EM | Fold 1: AUROC=0.9529, AUPRC=0.9445, F1=0.8665
2025-10-19 08:14:10 | INFO | EM | Fold 2: AUROC=0.9485, AUPRC=0.9464, F1=0.8825
2025-10-19 08:14:10 | INFO | EM | Fold 3: AUROC=0.9594, AUPRC=0.9591, F1=0.8911
2025-10-19 08:14:10 | INFO | EM | Fold 4: AUROC=0.9586, AUPRC=0.9588, F1=0.8824
2025-10-19 08:14:10 | INFO | EM | Fold 5: AUROC=0.9547, AUPRC=0.9548, F1=0.8806
2025-10-19 08:14:10 | INFO | EM.result.save | Saved result text: /root/OUTPUT/result/MDA_C_r1_004_data_20251019_081225/per_fold_20251019_081225.txt
2025-10-19 08:14:10 | INFO | EM.result.save | Saved result text: /root/OUTPUT/result/MDA_C_r1_004_data_20251019_081225/metrics/result_extra_20251019_081225.txt
2025-10-19 08:14:10 | INFO | EM | Precision: 0.8909 ± 0.0138
2025-10-19 08:14:10 | INFO | EM | Recall: 0.8712 ± 0.0229
2025-10-19 08:14:10 | INFO | EM | Confusion Matrix (sum): tn=2291, fp=274, fn=329, tp=2226
2025-10-19 08:14:10 | INFO | EM | All folds completed!
2025-10-19 08:14:10 | INFO | EM | ================================================================================
2025-10-19 08:14:10 | INFO | EM | RUN END   | run_id=20251019_081225 | run_name=MDA_C_r1_004
2025-10-19 08:14:10 | INFO | EM | RESULT DIR: /root/OUTPUT/result/MDA_C_r1_004_data_20251019_081225
2025-10-19 08:14:10 | INFO | EM | ================================================================================
