2025-10-19 18:05:30 | INFO | EM | ================================================================================
2025-10-19 18:05:30 | INFO | EM | RUN START | run_id=20251019_180530 | run_name=LDA_stageA_eps0.012_steps3
2025-10-19 18:05:30 | INFO | EM | COMMAND: /root/miniconda3/bin/python /root/hyperparameter-tuning/main.py --task_type LDA --run_name LDA_stageA_eps0.012_steps3 --feature_type one_hot --batch 64 --lr 0.0005 --weight_decay 0.0005 --dropout 0.05 --epochs 10 --augment_mode online --moco_queue 4096 --moco_momentum 0.99 --moco_t 0.07 --loss_ratio1 0.45 --loss_ratio2 0.55 --loss_ratio3 0.5 --enable_threshold_scan true --threshold_min 0.35 --threshold_max 0.65 --threshold_step 0.01 --enable_temp_scaling true --temp_grid_min 0.5 --temp_grid_max 3.0 --temp_grid_num 26 --adv_warmup_end 3 --adv_mode mgraph --adv_norm linf --adv_rand_init true --adv_project true --adv_on_moco true --adv_eps 0.012 --adv_alpha 0.004 --adv_steps 3
2025-10-19 18:05:30 | INFO | EM | ================================================================================
2025-10-19 18:05:30 | INFO | EM.result | Result directory: /root/OUTPUT/result/LDA_stageA_eps0.012_steps3_data_20251019_180530
2025-10-19 18:05:30 | INFO | EM | Initialized logging and result directory.
2025-10-19 18:05:30 | INFO | EM | Using CUDA: True
2025-10-19 18:05:30 | INFO | EM | CUDA device count: 1
2025-10-19 18:05:30 | INFO | EM | Current CUDA device: 0
2025-10-19 18:05:30 | INFO | EM | CUDA device name: NVIDIA GeForce RTX 4090
2025-10-19 18:05:30 | INFO | EM | === Augmentation Config ===
2025-10-19 18:05:30 | INFO | EM | [AUG CONFIG] Multiple augmentations detected: random_permute_features, attribute_mask, noise_then_mask
2025-10-19 18:05:30 | INFO | EM | augment=random_permute_features,attribute_mask,noise_then_mask | mode=online | noise_std=0.01 | mask_rate=0.1 | augment_seed=None (None means seed+fold for static)
2025-10-19 18:05:30 | INFO | EM | ===========================
2025-10-19 18:05:30 | INFO | EM | Loading dataset1/LDA.edgelist seed0 dataset...
2025-10-19 18:05:30 | INFO | EM | Selected cross_validation type: 5_cv1
2025-10-19 18:05:30 | INFO | EM | Selected task_type: LDA
2025-10-19 18:05:30 | INFO | EM | Selected feature_type: one_hot
2025-10-19 18:05:30 | INFO | EM | Selected embed_dim: N/A
2025-10-19 18:05:30 | INFO | EM | Selected learning_rate: N/A
2025-10-19 18:05:30 | INFO | EM | Selected epochs: 10
2025-10-19 18:05:30 | INFO | EM | Selected task type...
2025-10-19 18:05:40 | INFO | EM.print | [AUG][static][fold=1] start name=random_permute_features noise_std=0.01 mask_rate=0.1 seed=0
2025-10-19 18:05:40 | INFO | EM.print | [AUG][static][fold=1] done name=random_permute_features shape=(1140, 1140)
2025-10-19 18:05:40 | INFO | EM.augment | [AUGMENT][fold=1] name=random_permute_features noise_std=0.01 mask_rate=0.1 seed=0 masked_cols=0 shape=(1140, 1140) mean=0.0009 std=0.0296
2025-10-19 18:05:48 | INFO | EM.print | [AUG][static][fold=2] start name=random_permute_features noise_std=0.01 mask_rate=0.1 seed=1
2025-10-19 18:05:48 | INFO | EM.print | [AUG][static][fold=2] done name=random_permute_features shape=(1140, 1140)
2025-10-19 18:05:48 | INFO | EM.augment | [AUGMENT][fold=2] name=random_permute_features noise_std=0.01 mask_rate=0.1 seed=1 masked_cols=0 shape=(1140, 1140) mean=0.0009 std=0.0296
2025-10-19 18:05:57 | INFO | EM.print | [AUG][static][fold=3] start name=random_permute_features noise_std=0.01 mask_rate=0.1 seed=2
2025-10-19 18:05:57 | INFO | EM.print | [AUG][static][fold=3] done name=random_permute_features shape=(1140, 1140)
2025-10-19 18:05:57 | INFO | EM.augment | [AUGMENT][fold=3] name=random_permute_features noise_std=0.01 mask_rate=0.1 seed=2 masked_cols=0 shape=(1140, 1140) mean=0.0009 std=0.0296
2025-10-19 18:06:05 | INFO | EM.print | [AUG][static][fold=4] start name=random_permute_features noise_std=0.01 mask_rate=0.1 seed=3
2025-10-19 18:06:05 | INFO | EM.print | [AUG][static][fold=4] done name=random_permute_features shape=(1140, 1140)
2025-10-19 18:06:05 | INFO | EM.augment | [AUGMENT][fold=4] name=random_permute_features noise_std=0.01 mask_rate=0.1 seed=3 masked_cols=0 shape=(1140, 1140) mean=0.0009 std=0.0296
2025-10-19 18:06:13 | INFO | EM.print | [AUG][static][fold=5] start name=random_permute_features noise_std=0.01 mask_rate=0.1 seed=4
2025-10-19 18:06:13 | INFO | EM.print | [AUG][static][fold=5] done name=random_permute_features shape=(1140, 1140)
2025-10-19 18:06:13 | INFO | EM.augment | [AUGMENT][fold=5] name=random_permute_features noise_std=0.01 mask_rate=0.1 seed=4 masked_cols=0 shape=(1140, 1140) mean=0.0009 std=0.0296
2025-10-19 18:06:13 | INFO | EM | [DATALOADER] os=linux workers=8 prefetch_factor=4
2025-10-19 18:06:13 | INFO | EM.fold_stats | Saved fold stats to /root/OUTPUT/result/metrics/fold_stats.json
2025-10-19 18:06:13 | INFO | EM | Loading finished!
2025-10-19 18:06:13 | INFO | EM | Starting 5-fold cross validation...
2025-10-19 18:06:13 | INFO | EM | === Fold 1/5 ===
2025-10-19 18:06:13 | INFO | EM.result.save | Saved result text: /root/OUTPUT/result/LDA_stageA_eps0.012_steps3_data_20251019_180530/metrics/adv_config_fold_1_20251019_180530.json.txt
2025-10-19 18:06:13 | INFO | EM.print | [SAVE] adv config saved: metrics/adv_config_fold_1_20251019_180530.json
2025-10-19 18:06:13 | INFO | EM.print | Start Training...
2025-10-19 18:06:13 | INFO | EM.print | -------- Epoch 1 --------
2025-10-19 18:06:14 | INFO | EM.print | [AUG][online][epoch=1][iter=0] start name=random_permute_features noise_std=0.01 mask_rate=0.1 seed=0
2025-10-19 18:06:14 | INFO | EM.print | [AUG][online][epoch=1][iter=0] done name=random_permute_features shape=(1140, 1140)
2025-10-19 18:06:14 | INFO | EM.print | [ONLINE-AUG] mode=online name=random_permute_features noise_std=0.01 mask_rate=0.1 base_seed=0
2025-10-19 18:06:14 | INFO | EM.print | epoch: 1/ iteration: 1/ loss_train: 0.79117596 | task_loss:0.6695 cont_loss:0.2574 adv_loss:0.6966
2025-10-19 18:06:16 | INFO | EM.print | epoch: 0001 loss_train: 4.6764 task_loss: 0.3325 cont_loss: 8.1282 adv_loss: 0.1126 auroc_train: 0.8848 auprc_train: 0.8836 precision_train: 0.7874 recall_train: 0.8256 f1_train: 0.8060 cm_train: (tn=1666, fp=478, fn=374, tp=1770)
2025-10-19 18:06:16 | INFO | EM.print | -------- Epoch 2 --------
2025-10-19 18:06:16 | INFO | EM.print | [AUG][online][epoch=2][iter=0] start name=random_permute_features noise_std=0.01 mask_rate=0.1 seed=1000
2025-10-19 18:06:16 | INFO | EM.print | [AUG][online][epoch=2][iter=0] done name=random_permute_features shape=(1140, 1140)
2025-10-19 18:06:16 | INFO | EM.print | [ONLINE-AUG] mode=online name=random_permute_features noise_std=0.01 mask_rate=0.1 base_seed=0
2025-10-19 18:06:16 | INFO | EM.print | epoch: 2/ iteration: 1/ loss_train: 4.66706 | task_loss:0.3103 cont_loss:8.1231 adv_loss:0.1194
2025-10-19 18:06:18 | INFO | EM.print | epoch: 0002 loss_train: 4.5104 task_loss: 0.2428 cont_loss: 7.9726 adv_loss: 0.0325 auroc_train: 0.9421 auprc_train: 0.9375 precision_train: 0.8621 recall_train: 0.8778 f1_train: 0.8699 cm_train: (tn=1843, fp=301, fn=262, tp=1882)
2025-10-19 18:06:18 | INFO | EM.print | -------- Epoch 3 --------
2025-10-19 18:06:18 | INFO | EM.print | [AUG][online][epoch=3][iter=0] start name=random_permute_features noise_std=0.01 mask_rate=0.1 seed=2000
2025-10-19 18:06:18 | INFO | EM.print | [AUG][online][epoch=3][iter=0] done name=random_permute_features shape=(1140, 1140)
2025-10-19 18:06:18 | INFO | EM.print | [ONLINE-AUG] mode=online name=random_permute_features noise_std=0.01 mask_rate=0.1 base_seed=0
2025-10-19 18:06:18 | INFO | EM.print | epoch: 3/ iteration: 1/ loss_train: 19.756182 | task_loss:1.4990 cont_loss:5.8768 adv_loss:31.6988
2025-10-19 18:06:24 | INFO | EM.print | epoch: 0003 loss_train: 5.1596 task_loss: 0.7083 cont_loss: 8.1375 adv_loss: 0.7304 auroc_train: 0.4528 auprc_train: 0.4562 precision_train: 0.4730 recall_train: 0.4813 f1_train: 0.4771 cm_train: (tn=994, fp=1150, fn=1112, tp=1032)
2025-10-19 18:06:24 | INFO | EM.print | -------- Epoch 4 --------
2025-10-19 18:06:24 | INFO | EM.print | [AUG][online][epoch=4][iter=0] start name=random_permute_features noise_std=0.01 mask_rate=0.1 seed=3000
2025-10-19 18:06:24 | INFO | EM.print | [AUG][online][epoch=4][iter=0] done name=random_permute_features shape=(1140, 1140)
2025-10-19 18:06:24 | INFO | EM.print | [ONLINE-AUG] mode=online name=random_permute_features noise_std=0.01 mask_rate=0.1 base_seed=0
2025-10-19 18:06:24 | INFO | EM.print | epoch: 4/ iteration: 1/ loss_train: 5.1464252 | task_loss:0.6991 cont_loss:8.1194 adv_loss:0.7323
2025-10-19 18:06:30 | INFO | EM.print | epoch: 0004 loss_train: 5.2360 task_loss: 0.7024 cont_loss: 8.3081 adv_loss: 0.7010 auroc_train: 0.4897 auprc_train: 0.4883 precision_train: 0.4960 recall_train: 0.4897 f1_train: 0.4928 cm_train: (tn=1077, fp=1067, fn=1094, tp=1050)
2025-10-19 18:06:30 | INFO | EM.print | -------- Epoch 5 --------
2025-10-19 18:06:30 | INFO | EM.print | [AUG][online][epoch=5][iter=0] start name=random_permute_features noise_std=0.01 mask_rate=0.1 seed=4000
2025-10-19 18:06:30 | INFO | EM.print | [AUG][online][epoch=5][iter=0] done name=random_permute_features shape=(1140, 1140)
2025-10-19 18:06:30 | INFO | EM.print | [ONLINE-AUG] mode=online name=random_permute_features noise_std=0.01 mask_rate=0.1 base_seed=0
2025-10-19 18:06:30 | INFO | EM.print | epoch: 5/ iteration: 1/ loss_train: 5.230166 | task_loss:0.6981 cont_loss:8.3076 adv_loss:0.6937
2025-10-19 18:06:36 | INFO | EM.print | epoch: 0005 loss_train: 5.2204 task_loss: 0.6966 cont_loss: 8.2920 adv_loss: 0.6927 auroc_train: 0.4980 auprc_train: 0.4972 precision_train: 0.4989 recall_train: 0.5394 f1_train: 0.5184 cm_train: (tn=984, fp=1161, fn=987, tp=1156)
2025-10-19 18:06:36 | INFO | EM.print | -------- Epoch 6 --------
2025-10-19 18:06:36 | INFO | EM.print | [AUG][online][epoch=6][iter=0] start name=random_permute_features noise_std=0.01 mask_rate=0.1 seed=5000
2025-10-19 18:06:36 | INFO | EM.print | [AUG][online][epoch=6][iter=0] done name=random_permute_features shape=(1140, 1140)
2025-10-19 18:06:36 | INFO | EM.print | [ONLINE-AUG] mode=online name=random_permute_features noise_std=0.01 mask_rate=0.1 base_seed=0
2025-10-19 18:06:36 | INFO | EM.print | epoch: 6/ iteration: 1/ loss_train: 5.221033 | task_loss:0.6939 cont_loss:8.2936 adv_loss:0.6946
2025-10-19 18:06:42 | INFO | EM.print | epoch: 0006 loss_train: 5.2318 task_loss: 0.6926 cont_loss: 8.3155 adv_loss: 0.6932 auroc_train: 0.4944 auprc_train: 0.4956 precision_train: 0.4953 recall_train: 0.5937 f1_train: 0.5401 cm_train: (tn=844, fp=1298, fn=872, tp=1274)
2025-10-19 18:06:42 | INFO | EM.print | -------- Epoch 7 --------
2025-10-19 18:06:42 | INFO | EM.print | [AUG][online][epoch=7][iter=0] start name=random_permute_features noise_std=0.01 mask_rate=0.1 seed=6000
2025-10-19 18:06:42 | INFO | EM.print | [AUG][online][epoch=7][iter=0] done name=random_permute_features shape=(1140, 1140)
2025-10-19 18:06:42 | INFO | EM.print | [ONLINE-AUG] mode=online name=random_permute_features noise_std=0.01 mask_rate=0.1 base_seed=0
2025-10-19 18:06:42 | INFO | EM.print | epoch: 7/ iteration: 1/ loss_train: 5.233757 | task_loss:0.6917 cont_loss:8.3196 adv_loss:0.6935
2025-10-19 18:06:48 | INFO | EM.print | epoch: 0007 loss_train: 5.2444 task_loss: 0.7098 cont_loss: 8.3164 adv_loss: 0.7020 auroc_train: 0.4943 auprc_train: 0.4960 precision_train: 0.4921 recall_train: 0.4338 f1_train: 0.4611 cm_train: (tn=1184, fp=960, fn=1214, tp=930)
2025-10-19 18:06:48 | INFO | EM.print | -------- Epoch 8 --------
2025-10-19 18:06:48 | INFO | EM.print | [AUG][online][epoch=8][iter=0] start name=random_permute_features noise_std=0.01 mask_rate=0.1 seed=7000
2025-10-19 18:06:48 | INFO | EM.print | [AUG][online][epoch=8][iter=0] done name=random_permute_features shape=(1140, 1140)
2025-10-19 18:06:48 | INFO | EM.print | [ONLINE-AUG] mode=online name=random_permute_features noise_std=0.01 mask_rate=0.1 base_seed=0
2025-10-19 18:06:49 | INFO | EM.print | epoch: 8/ iteration: 1/ loss_train: 5.233701 | task_loss:0.6937 cont_loss:8.3165 adv_loss:0.6949
2025-10-19 18:06:55 | INFO | EM.print | epoch: 0008 loss_train: 5.2326 task_loss: 0.6930 cont_loss: 8.3121 adv_loss: 0.6982 auroc_train: 0.4919 auprc_train: 0.4925 precision_train: 0.4968 recall_train: 0.5874 f1_train: 0.5383 cm_train: (tn=867, fp=1276, fn=885, tp=1260)
2025-10-19 18:06:55 | INFO | EM.print | -------- Epoch 9 --------
2025-10-19 18:06:55 | INFO | EM.print | [AUG][online][epoch=9][iter=0] start name=random_permute_features noise_std=0.01 mask_rate=0.1 seed=8000
2025-10-19 18:06:55 | INFO | EM.print | [AUG][online][epoch=9][iter=0] done name=random_permute_features shape=(1140, 1140)
2025-10-19 18:06:55 | INFO | EM.print | [ONLINE-AUG] mode=online name=random_permute_features noise_std=0.01 mask_rate=0.1 base_seed=0
2025-10-19 18:06:55 | INFO | EM.print | epoch: 9/ iteration: 1/ loss_train: 5.232529 | task_loss:0.6910 cont_loss:8.3144 adv_loss:0.6973
2025-10-19 18:07:01 | INFO | EM.print | epoch: 0009 loss_train: 5.2388 task_loss: 0.6887 cont_loss: 8.3155 adv_loss: 0.7106 auroc_train: 0.4842 auprc_train: 0.4832 precision_train: 0.4944 recall_train: 0.5397 f1_train: 0.5161 cm_train: (tn=964, fp=1182, fn=986, tp=1156)
2025-10-19 18:07:01 | INFO | EM.print | -------- Epoch 10 --------
2025-10-19 18:07:01 | INFO | EM.print | [AUG][online][epoch=10][iter=0] start name=random_permute_features noise_std=0.01 mask_rate=0.1 seed=9000
2025-10-19 18:07:01 | INFO | EM.print | [AUG][online][epoch=10][iter=0] done name=random_permute_features shape=(1140, 1140)
2025-10-19 18:07:01 | INFO | EM.print | [ONLINE-AUG] mode=online name=random_permute_features noise_std=0.01 mask_rate=0.1 base_seed=0
2025-10-19 18:07:01 | INFO | EM.print | epoch: 10/ iteration: 1/ loss_train: 5.206731 | task_loss:0.7006 cont_loss:8.2545 adv_loss:0.7030
2025-10-19 18:07:07 | INFO | EM.print | epoch: 0010 loss_train: 5.2299 task_loss: 0.6950 cont_loss: 8.3024 adv_loss: 0.7018 auroc_train: 0.4777 auprc_train: 0.4838 precision_train: 0.4857 recall_train: 0.3876 f1_train: 0.4311 cm_train: (tn=1264, fp=880, fn=1313, tp=831)
2025-10-19 18:07:07 | INFO | EM.print | Optimization Finished!
2025-10-19 18:07:07 | INFO | EM.result.save | Saved result text: /root/OUTPUT/result/LDA_stageA_eps0.012_steps3_data_20251019_180530/metrics/train_epoch_metrics_fold_1_20251019_180530.csv.txt
2025-10-19 18:07:07 | INFO | EM.print | [SAVE] Per-epoch train metrics saved: train_epoch_metrics_fold_1_20251019_180530.csv
2025-10-19 18:07:08 | INFO | EM.result.save | Saved result text: /root/OUTPUT/result/LDA_stageA_eps0.012_steps3_data_20251019_180530/metrics/threshold_scan_fold_1_20251019_180530.txt
2025-10-19 18:07:08 | ERROR | EM.print | /root/miniconda3/lib/python3.12/site-packages/sklearn/metrics/_classification.py:1731: UndefinedMetricWarning: Precision is ill-defined and being set to 0.0 due to no predicted samples. Use `zero_division` parameter to control this behavior.
2025-10-19 18:07:08 | ERROR | EM.print |   _warn_prf(average, modifier, f"{metric.capitalize()} is", result.shape[0])
2025-10-19 18:07:08 | INFO | EM.print | loss_test: 5.2200 auroc_test: 0.8220 auprc_test: 0.8275 precision_test: 0.0000 recall_test: 0.0000 f1_test: 0.0000 cm_test: (tn=510, fp=0, fn=514, tp=0)
2025-10-19 18:07:08 | INFO | EM | Fold 1 completed.
2025-10-19 18:07:08 | INFO | EM | === Fold 2/5 ===
2025-10-19 18:07:08 | INFO | EM.result.save | Saved result text: /root/OUTPUT/result/LDA_stageA_eps0.012_steps3_data_20251019_180530/metrics/adv_config_fold_2_20251019_180530.json.txt
2025-10-19 18:07:08 | INFO | EM.print | [SAVE] adv config saved: metrics/adv_config_fold_2_20251019_180530.json
2025-10-19 18:07:08 | INFO | EM.print | Start Training...
2025-10-19 18:07:08 | INFO | EM.print | -------- Epoch 1 --------
2025-10-19 18:07:08 | INFO | EM.print | [AUG][online][epoch=1][iter=0] start name=random_permute_features noise_std=0.01 mask_rate=0.1 seed=0
2025-10-19 18:07:08 | INFO | EM.print | [AUG][online][epoch=1][iter=0] done name=random_permute_features shape=(1140, 1140)
2025-10-19 18:07:08 | INFO | EM.print | [ONLINE-AUG] mode=online name=random_permute_features noise_std=0.01 mask_rate=0.1 base_seed=0
2025-10-19 18:07:08 | INFO | EM.print | epoch: 1/ iteration: 1/ loss_train: 0.7871332 | task_loss:0.7277 cont_loss:0.0689 adv_loss:0.8435
2025-10-19 18:07:10 | INFO | EM.print | epoch: 0001 loss_train: 4.7325 task_loss: 0.4749 cont_loss: 8.0773 adv_loss: 0.1527 auroc_train: 0.8277 auprc_train: 0.8218 precision_train: 0.7349 recall_train: 0.7527 f1_train: 0.7437 cm_train: (tn=1563, fp=582, fn=530, tp=1613)
2025-10-19 18:07:10 | INFO | EM.print | -------- Epoch 2 --------
2025-10-19 18:07:10 | INFO | EM.print | [AUG][online][epoch=2][iter=0] start name=random_permute_features noise_std=0.01 mask_rate=0.1 seed=1000
2025-10-19 18:07:10 | INFO | EM.print | [AUG][online][epoch=2][iter=0] done name=random_permute_features shape=(1140, 1140)
2025-10-19 18:07:10 | INFO | EM.print | [ONLINE-AUG] mode=online name=random_permute_features noise_std=0.01 mask_rate=0.1 base_seed=0
2025-10-19 18:07:10 | INFO | EM.print | epoch: 2/ iteration: 1/ loss_train: 4.625307 | task_loss:0.2455 cont_loss:8.0666 adv_loss:0.1564
2025-10-19 18:07:12 | INFO | EM.print | epoch: 0002 loss_train: 4.4870 task_loss: 0.2721 cont_loss: 7.8980 adv_loss: 0.0414 auroc_train: 0.9390 auprc_train: 0.9305 precision_train: 0.8582 recall_train: 0.8918 f1_train: 0.8747 cm_train: (tn=1828, fp=316, fn=232, tp=1912)
2025-10-19 18:07:12 | INFO | EM.print | -------- Epoch 3 --------
2025-10-19 18:07:12 | INFO | EM.print | [AUG][online][epoch=3][iter=0] start name=random_permute_features noise_std=0.01 mask_rate=0.1 seed=2000
2025-10-19 18:07:12 | INFO | EM.print | [AUG][online][epoch=3][iter=0] done name=random_permute_features shape=(1140, 1140)
2025-10-19 18:07:12 | INFO | EM.print | [ONLINE-AUG] mode=online name=random_permute_features noise_std=0.01 mask_rate=0.1 base_seed=0
2025-10-19 18:07:12 | INFO | EM.print | epoch: 3/ iteration: 1/ loss_train: 23.696321 | task_loss:1.6421 cont_loss:7.5819 adv_loss:37.5746
2025-10-19 18:07:18 | INFO | EM.print | epoch: 0003 loss_train: 5.1202 task_loss: 0.6971 cont_loss: 7.9995 adv_loss: 0.8136 auroc_train: 0.4642 auprc_train: 0.4613 precision_train: 0.4863 recall_train: 0.5606 f1_train: 0.5208 cm_train: (tn=871, fp=1271, fn=943, tp=1203)
2025-10-19 18:07:18 | INFO | EM.print | -------- Epoch 4 --------
2025-10-19 18:07:18 | INFO | EM.print | [AUG][online][epoch=4][iter=0] start name=random_permute_features noise_std=0.01 mask_rate=0.1 seed=3000
2025-10-19 18:07:18 | INFO | EM.print | [AUG][online][epoch=4][iter=0] done name=random_permute_features shape=(1140, 1140)
2025-10-19 18:07:18 | INFO | EM.print | [ONLINE-AUG] mode=online name=random_permute_features noise_std=0.01 mask_rate=0.1 base_seed=0
2025-10-19 18:07:18 | INFO | EM.print | epoch: 4/ iteration: 1/ loss_train: 5.533954 | task_loss:0.7037 cont_loss:8.7642 adv_loss:0.7940
2025-10-19 18:07:25 | INFO | EM.print | epoch: 0004 loss_train: 5.2382 task_loss: 0.7111 cont_loss: 8.3005 adv_loss: 0.7059 auroc_train: 0.4862 auprc_train: 0.4900 precision_train: 0.4925 recall_train: 0.4872 f1_train: 0.4898 cm_train: (tn=1069, fp=1076, fn=1099, tp=1044)
2025-10-19 18:07:25 | INFO | EM.print | -------- Epoch 5 --------
2025-10-19 18:07:25 | INFO | EM.print | [AUG][online][epoch=5][iter=0] start name=random_permute_features noise_std=0.01 mask_rate=0.1 seed=4000
2025-10-19 18:07:25 | INFO | EM.print | [AUG][online][epoch=5][iter=0] done name=random_permute_features shape=(1140, 1140)
2025-10-19 18:07:25 | INFO | EM.print | [ONLINE-AUG] mode=online name=random_permute_features noise_std=0.01 mask_rate=0.1 base_seed=0
2025-10-19 18:07:25 | INFO | EM.print | epoch: 5/ iteration: 1/ loss_train: 5.2293625 | task_loss:0.7090 cont_loss:8.2840 adv_loss:0.7082
2025-10-19 18:07:32 | INFO | EM.print | epoch: 0005 loss_train: 5.2342 task_loss: 0.6962 cont_loss: 8.3075 adv_loss: 0.7036 auroc_train: 0.4948 auprc_train: 0.4942 precision_train: 0.4939 recall_train: 0.4883 f1_train: 0.4911 cm_train: (tn=1074, fp=1072, fn=1096, tp=1046)
2025-10-19 18:07:32 | INFO | EM.print | -------- Epoch 6 --------
2025-10-19 18:07:32 | INFO | EM.print | [AUG][online][epoch=6][iter=0] start name=random_permute_features noise_std=0.01 mask_rate=0.1 seed=5000
2025-10-19 18:07:32 | INFO | EM.print | [AUG][online][epoch=6][iter=0] done name=random_permute_features shape=(1140, 1140)
2025-10-19 18:07:32 | INFO | EM.print | [ONLINE-AUG] mode=online name=random_permute_features noise_std=0.01 mask_rate=0.1 base_seed=0
2025-10-19 18:07:32 | INFO | EM.print | epoch: 6/ iteration: 1/ loss_train: 5.2354755 | task_loss:0.6987 cont_loss:8.3091 adv_loss:0.7021
2025-10-19 18:07:39 | INFO | EM.print | epoch: 0006 loss_train: 5.2411 task_loss: 0.6936 cont_loss: 8.3289 adv_loss: 0.6962 auroc_train: 0.5037 auprc_train: 0.5018 precision_train: 0.5026 recall_train: 0.5925 f1_train: 0.5439 cm_train: (tn=885, fp=1258, fn=874, tp=1271)
2025-10-19 18:07:39 | INFO | EM.print | -------- Epoch 7 --------
2025-10-19 18:07:39 | INFO | EM.print | [AUG][online][epoch=7][iter=0] start name=random_permute_features noise_std=0.01 mask_rate=0.1 seed=6000
2025-10-19 18:07:39 | INFO | EM.print | [AUG][online][epoch=7][iter=0] done name=random_permute_features shape=(1140, 1140)
2025-10-19 18:07:39 | INFO | EM.print | [ONLINE-AUG] mode=online name=random_permute_features noise_std=0.01 mask_rate=0.1 base_seed=0
2025-10-19 18:07:39 | INFO | EM.print | epoch: 7/ iteration: 1/ loss_train: 5.2459264 | task_loss:0.6924 cont_loss:8.3392 adv_loss:0.6955
2025-10-19 18:07:46 | INFO | EM.print | epoch: 0007 loss_train: 5.2371 task_loss: 0.6984 cont_loss: 8.3161 adv_loss: 0.6979 auroc_train: 0.4969 auprc_train: 0.5029 precision_train: 0.5005 recall_train: 0.4795 f1_train: 0.4898 cm_train: (tn=1118, fp=1026, fn=1116, tp=1028)
2025-10-19 18:07:46 | INFO | EM.print | -------- Epoch 8 --------
2025-10-19 18:07:46 | INFO | EM.print | [AUG][online][epoch=8][iter=0] start name=random_permute_features noise_std=0.01 mask_rate=0.1 seed=7000
2025-10-19 18:07:46 | INFO | EM.print | [AUG][online][epoch=8][iter=0] done name=random_permute_features shape=(1140, 1140)
2025-10-19 18:07:46 | INFO | EM.print | [ONLINE-AUG] mode=online name=random_permute_features noise_std=0.01 mask_rate=0.1 base_seed=0
2025-10-19 18:07:46 | INFO | EM.print | epoch: 8/ iteration: 1/ loss_train: 5.232996 | task_loss:0.6911 cont_loss:8.3153 adv_loss:0.6972
2025-10-19 18:07:53 | INFO | EM.print | epoch: 0008 loss_train: 5.2341 task_loss: 0.6930 cont_loss: 8.3173 adv_loss: 0.6956 auroc_train: 0.4966 auprc_train: 0.4962 precision_train: 0.4926 recall_train: 0.4960 f1_train: 0.4943 cm_train: (tn=1053, fp=1094, fn=1079, tp=1062)
2025-10-19 18:07:53 | INFO | EM.print | -------- Epoch 9 --------
2025-10-19 18:07:53 | INFO | EM.print | [AUG][online][epoch=9][iter=0] start name=random_permute_features noise_std=0.01 mask_rate=0.1 seed=8000
2025-10-19 18:07:53 | INFO | EM.print | [AUG][online][epoch=9][iter=0] done name=random_permute_features shape=(1140, 1140)
2025-10-19 18:07:53 | INFO | EM.print | [ONLINE-AUG] mode=online name=random_permute_features noise_std=0.01 mask_rate=0.1 base_seed=0
2025-10-19 18:07:53 | INFO | EM.print | epoch: 9/ iteration: 1/ loss_train: 5.235602 | task_loss:0.6931 cont_loss:8.3172 adv_loss:0.6985
2025-10-19 18:08:00 | INFO | EM.print | epoch: 0009 loss_train: 5.2404 task_loss: 0.6944 cont_loss: 8.3171 adv_loss: 0.7071 auroc_train: 0.4826 auprc_train: 0.4860 precision_train: 0.4939 recall_train: 0.6208 f1_train: 0.5501 cm_train: (tn=780, fp=1364, fn=813, tp=1331)
2025-10-19 18:08:00 | INFO | EM.print | -------- Epoch 10 --------
2025-10-19 18:08:00 | INFO | EM.print | [AUG][online][epoch=10][iter=0] start name=random_permute_features noise_std=0.01 mask_rate=0.1 seed=9000
2025-10-19 18:08:00 | INFO | EM.print | [AUG][online][epoch=10][iter=0] done name=random_permute_features shape=(1140, 1140)
2025-10-19 18:08:00 | INFO | EM.print | [ONLINE-AUG] mode=online name=random_permute_features noise_std=0.01 mask_rate=0.1 base_seed=0
2025-10-19 18:08:00 | INFO | EM.print | epoch: 10/ iteration: 1/ loss_train: 5.2498884 | task_loss:0.6930 cont_loss:8.3167 adv_loss:0.7276
2025-10-19 18:08:07 | INFO | EM.print | epoch: 0010 loss_train: 5.2319 task_loss: 0.6907 cont_loss: 8.3180 adv_loss: 0.6925 auroc_train: 0.4971 auprc_train: 0.4984 precision_train: 0.4946 recall_train: 0.4728 f1_train: 0.4834 cm_train: (tn=1104, fp=1037, fn=1132, tp=1015)
2025-10-19 18:08:07 | INFO | EM.print | Optimization Finished!
2025-10-19 18:08:07 | INFO | EM.result.save | Saved result text: /root/OUTPUT/result/LDA_stageA_eps0.012_steps3_data_20251019_180530/metrics/train_epoch_metrics_fold_2_20251019_180530.csv.txt
2025-10-19 18:08:07 | INFO | EM.print | [SAVE] Per-epoch train metrics saved: train_epoch_metrics_fold_2_20251019_180530.csv
2025-10-19 18:08:08 | INFO | EM.result.save | Saved result text: /root/OUTPUT/result/LDA_stageA_eps0.012_steps3_data_20251019_180530/metrics/threshold_scan_fold_2_20251019_180530.txt
2025-10-19 18:08:08 | INFO | EM.print | loss_test: 5.2275 auroc_test: 0.7176 auprc_test: 0.6936 precision_test: 0.4990 recall_test: 1.0000 f1_test: 0.6658 cm_test: (tn=0, fp=513, fn=0, tp=511)
2025-10-19 18:08:08 | INFO | EM | Fold 2 completed.
2025-10-19 18:08:08 | INFO | EM | === Fold 3/5 ===
2025-10-19 18:08:08 | INFO | EM.result.save | Saved result text: /root/OUTPUT/result/LDA_stageA_eps0.012_steps3_data_20251019_180530/metrics/adv_config_fold_3_20251019_180530.json.txt
2025-10-19 18:08:08 | INFO | EM.print | [SAVE] adv config saved: metrics/adv_config_fold_3_20251019_180530.json
2025-10-19 18:08:08 | INFO | EM.print | Start Training...
2025-10-19 18:08:08 | INFO | EM.print | -------- Epoch 1 --------
2025-10-19 18:08:09 | INFO | EM.print | [AUG][online][epoch=1][iter=0] start name=random_permute_features noise_std=0.01 mask_rate=0.1 seed=0
2025-10-19 18:08:09 | INFO | EM.print | [AUG][online][epoch=1][iter=0] done name=random_permute_features shape=(1140, 1140)
2025-10-19 18:08:09 | INFO | EM.print | [ONLINE-AUG] mode=online name=random_permute_features noise_std=0.01 mask_rate=0.1 base_seed=0
2025-10-19 18:08:09 | INFO | EM.print | epoch: 1/ iteration: 1/ loss_train: 0.71367246 | task_loss:0.7029 cont_loss:0.0874 adv_loss:0.6987
2025-10-19 18:08:11 | INFO | EM.print | epoch: 0001 loss_train: 4.6000 task_loss: 0.4014 cont_loss: 7.9774 adv_loss: 0.0636 auroc_train: 0.8864 auprc_train: 0.8790 precision_train: 0.7823 recall_train: 0.7965 f1_train: 0.7894 cm_train: (tn=1670, fp=475, fn=436, tp=1707)
2025-10-19 18:08:11 | INFO | EM.print | -------- Epoch 2 --------
2025-10-19 18:08:11 | INFO | EM.print | [AUG][online][epoch=2][iter=0] start name=random_permute_features noise_std=0.01 mask_rate=0.1 seed=1000
2025-10-19 18:08:11 | INFO | EM.print | [AUG][online][epoch=2][iter=0] done name=random_permute_features shape=(1140, 1140)
2025-10-19 18:08:11 | INFO | EM.print | [ONLINE-AUG] mode=online name=random_permute_features noise_std=0.01 mask_rate=0.1 base_seed=0
2025-10-19 18:08:11 | INFO | EM.print | epoch: 2/ iteration: 1/ loss_train: 4.5452595 | task_loss:0.2991 cont_loss:7.9657 adv_loss:0.0591
2025-10-19 18:08:13 | INFO | EM.print | epoch: 0002 loss_train: 4.5328 task_loss: 0.3996 cont_loss: 7.8963 adv_loss: 0.0200 auroc_train: 0.9430 auprc_train: 0.9367 precision_train: 0.8557 recall_train: 0.8880 f1_train: 0.8715 cm_train: (tn=1824, fp=321, fn=240, tp=1903)
2025-10-19 18:08:13 | INFO | EM.print | -------- Epoch 3 --------
2025-10-19 18:08:13 | INFO | EM.print | [AUG][online][epoch=3][iter=0] start name=random_permute_features noise_std=0.01 mask_rate=0.1 seed=2000
2025-10-19 18:08:13 | INFO | EM.print | [AUG][online][epoch=3][iter=0] done name=random_permute_features shape=(1140, 1140)
2025-10-19 18:08:13 | INFO | EM.print | [ONLINE-AUG] mode=online name=random_permute_features noise_std=0.01 mask_rate=0.1 base_seed=0
2025-10-19 18:08:13 | INFO | EM.print | epoch: 3/ iteration: 1/ loss_train: 21.80278 | task_loss:0.9580 cont_loss:6.0544 adv_loss:36.0835
2025-10-19 18:08:20 | INFO | EM.print | epoch: 0003 loss_train: 5.1791 task_loss: 0.7008 cont_loss: 8.1957 adv_loss: 0.7121 auroc_train: 0.4580 auprc_train: 0.4542 precision_train: 0.4735 recall_train: 0.4569 f1_train: 0.4650 cm_train: (tn=1050, fp=1091, fn=1166, tp=981)
2025-10-19 18:08:20 | INFO | EM.print | -------- Epoch 4 --------
2025-10-19 18:08:20 | INFO | EM.print | [AUG][online][epoch=4][iter=0] start name=random_permute_features noise_std=0.01 mask_rate=0.1 seed=3000
2025-10-19 18:08:20 | INFO | EM.print | [AUG][online][epoch=4][iter=0] done name=random_permute_features shape=(1140, 1140)
2025-10-19 18:08:20 | INFO | EM.print | [ONLINE-AUG] mode=online name=random_permute_features noise_std=0.01 mask_rate=0.1 base_seed=0
2025-10-19 18:08:20 | INFO | EM.print | epoch: 4/ iteration: 1/ loss_train: 5.188234 | task_loss:0.6938 cont_loss:8.2177 adv_loss:0.7126
2025-10-19 18:08:27 | INFO | EM.print | epoch: 0004 loss_train: 5.2247 task_loss: 0.6918 cont_loss: 8.2959 adv_loss: 0.7013 auroc_train: 0.4907 auprc_train: 0.4899 precision_train: 0.4944 recall_train: 0.4767 f1_train: 0.4854 cm_train: (tn=1099, fp=1045, fn=1122, tp=1022)
2025-10-19 18:08:27 | INFO | EM.print | -------- Epoch 5 --------
2025-10-19 18:08:27 | INFO | EM.print | [AUG][online][epoch=5][iter=0] start name=random_permute_features noise_std=0.01 mask_rate=0.1 seed=4000
2025-10-19 18:08:27 | INFO | EM.print | [AUG][online][epoch=5][iter=0] done name=random_permute_features shape=(1140, 1140)
2025-10-19 18:08:27 | INFO | EM.print | [ONLINE-AUG] mode=online name=random_permute_features noise_std=0.01 mask_rate=0.1 base_seed=0
2025-10-19 18:08:27 | INFO | EM.print | epoch: 5/ iteration: 1/ loss_train: 5.204591 | task_loss:0.6976 cont_loss:8.2548 adv_loss:0.7010
2025-10-19 18:08:34 | INFO | EM.print | epoch: 0005 loss_train: 5.2268 task_loss: 0.6925 cont_loss: 8.3003 adv_loss: 0.6999 auroc_train: 0.4919 auprc_train: 0.4935 precision_train: 0.4925 recall_train: 0.5548 f1_train: 0.5218 cm_train: (tn=917, fp=1226, fn=955, tp=1190)
2025-10-19 18:08:34 | INFO | EM.print | -------- Epoch 6 --------
2025-10-19 18:08:34 | INFO | EM.print | [AUG][online][epoch=6][iter=0] start name=random_permute_features noise_std=0.01 mask_rate=0.1 seed=5000
2025-10-19 18:08:34 | INFO | EM.print | [AUG][online][epoch=6][iter=0] done name=random_permute_features shape=(1140, 1140)
2025-10-19 18:08:34 | INFO | EM.print | [ONLINE-AUG] mode=online name=random_permute_features noise_std=0.01 mask_rate=0.1 base_seed=0
2025-10-19 18:08:34 | INFO | EM.print | epoch: 6/ iteration: 1/ loss_train: 5.221309 | task_loss:0.6922 cont_loss:8.2930 adv_loss:0.6973
2025-10-19 18:08:41 | INFO | EM.print | epoch: 0006 loss_train: 5.2294 task_loss: 0.6891 cont_loss: 8.3144 adv_loss: 0.6927 auroc_train: 0.5001 auprc_train: 0.4956 precision_train: 0.4998 recall_train: 0.4986 f1_train: 0.4992 cm_train: (tn=1074, fp=1070, fn=1075, tp=1069)
2025-10-19 18:08:41 | INFO | EM.print | -------- Epoch 7 --------
2025-10-19 18:08:41 | INFO | EM.print | [AUG][online][epoch=7][iter=0] start name=random_permute_features noise_std=0.01 mask_rate=0.1 seed=6000
2025-10-19 18:08:41 | INFO | EM.print | [AUG][online][epoch=7][iter=0] done name=random_permute_features shape=(1140, 1140)
2025-10-19 18:08:41 | INFO | EM.print | [ONLINE-AUG] mode=online name=random_permute_features noise_std=0.01 mask_rate=0.1 base_seed=0
2025-10-19 18:08:41 | INFO | EM.print | epoch: 7/ iteration: 1/ loss_train: 5.23307 | task_loss:0.6909 cont_loss:8.3161 adv_loss:0.6966
2025-10-19 18:08:48 | INFO | EM.print | epoch: 0007 loss_train: 5.2298 task_loss: 0.6835 cont_loss: 8.3155 adv_loss: 0.6974 auroc_train: 0.4896 auprc_train: 0.4876 precision_train: 0.4923 recall_train: 0.4473 f1_train: 0.4687 cm_train: (tn=1155, fp=989, fn=1185, tp=959)
2025-10-19 18:08:48 | INFO | EM.print | -------- Epoch 8 --------
2025-10-19 18:08:48 | INFO | EM.print | [AUG][online][epoch=8][iter=0] start name=random_permute_features noise_std=0.01 mask_rate=0.1 seed=7000
2025-10-19 18:08:48 | INFO | EM.print | [AUG][online][epoch=8][iter=0] done name=random_permute_features shape=(1140, 1140)
2025-10-19 18:08:48 | INFO | EM.print | [ONLINE-AUG] mode=online name=random_permute_features noise_std=0.01 mask_rate=0.1 base_seed=0
2025-10-19 18:08:48 | INFO | EM.print | epoch: 8/ iteration: 1/ loss_train: 5.2407274 | task_loss:0.7074 cont_loss:8.3151 adv_loss:0.6982
2025-10-19 18:08:55 | INFO | EM.print | epoch: 0008 loss_train: 5.2374 task_loss: 0.7061 cont_loss: 8.3133 adv_loss: 0.6947 auroc_train: 0.4918 auprc_train: 0.4884 precision_train: 0.5000 recall_train: 0.5382 f1_train: 0.5184 cm_train: (tn=990, fp=1154, fn=990, tp=1154)
2025-10-19 18:08:55 | INFO | EM.print | -------- Epoch 9 --------
2025-10-19 18:08:55 | INFO | EM.print | [AUG][online][epoch=9][iter=0] start name=random_permute_features noise_std=0.01 mask_rate=0.1 seed=8000
2025-10-19 18:08:55 | INFO | EM.print | [AUG][online][epoch=9][iter=0] done name=random_permute_features shape=(1140, 1140)
2025-10-19 18:08:55 | INFO | EM.print | [ONLINE-AUG] mode=online name=random_permute_features noise_std=0.01 mask_rate=0.1 base_seed=0
2025-10-19 18:08:55 | INFO | EM.print | epoch: 9/ iteration: 1/ loss_train: 5.2363033 | task_loss:0.6949 cont_loss:8.3193 adv_loss:0.6959
2025-10-19 18:09:01 | INFO | EM.print | epoch: 0009 loss_train: 5.2400 task_loss: 0.7067 cont_loss: 8.3157 adv_loss: 0.6967 auroc_train: 0.4934 auprc_train: 0.4914 precision_train: 0.4923 recall_train: 0.4659 f1_train: 0.4788 cm_train: (tn=1120, fp=1028, fn=1143, tp=997)
2025-10-19 18:09:01 | INFO | EM.print | -------- Epoch 10 --------
2025-10-19 18:09:01 | INFO | EM.print | [AUG][online][epoch=10][iter=0] start name=random_permute_features noise_std=0.01 mask_rate=0.1 seed=9000
2025-10-19 18:09:01 | INFO | EM.print | [AUG][online][epoch=10][iter=0] done name=random_permute_features shape=(1140, 1140)
2025-10-19 18:09:01 | INFO | EM.print | [ONLINE-AUG] mode=online name=random_permute_features noise_std=0.01 mask_rate=0.1 base_seed=0
2025-10-19 18:09:01 | INFO | EM.print | epoch: 10/ iteration: 1/ loss_train: 5.2341247 | task_loss:0.7001 cont_loss:8.3105 adv_loss:0.6966
2025-10-19 18:09:07 | INFO | EM.print | epoch: 0010 loss_train: 5.2336 task_loss: 0.6940 cont_loss: 8.3130 adv_loss: 0.6982 auroc_train: 0.4750 auprc_train: 0.4811 precision_train: 0.4765 recall_train: 0.4536 f1_train: 0.4647 cm_train: (tn=1077, fp=1068, fn=1171, tp=972)
2025-10-19 18:09:07 | INFO | EM.print | Optimization Finished!
2025-10-19 18:09:07 | INFO | EM.result.save | Saved result text: /root/OUTPUT/result/LDA_stageA_eps0.012_steps3_data_20251019_180530/metrics/train_epoch_metrics_fold_3_20251019_180530.csv.txt
2025-10-19 18:09:07 | INFO | EM.print | [SAVE] Per-epoch train metrics saved: train_epoch_metrics_fold_3_20251019_180530.csv
2025-10-19 18:09:08 | INFO | EM.result.save | Saved result text: /root/OUTPUT/result/LDA_stageA_eps0.012_steps3_data_20251019_180530/metrics/threshold_scan_fold_3_20251019_180530.txt
2025-10-19 18:09:08 | INFO | EM.print | loss_test: 5.2318 auroc_test: 0.8666 auprc_test: 0.8684 precision_test: 0.4990 recall_test: 1.0000 f1_test: 0.6658 cm_test: (tn=0, fp=513, fn=0, tp=511)
2025-10-19 18:09:08 | INFO | EM | Fold 3 completed.
2025-10-19 18:09:08 | INFO | EM | === Fold 4/5 ===
2025-10-19 18:09:08 | INFO | EM.result.save | Saved result text: /root/OUTPUT/result/LDA_stageA_eps0.012_steps3_data_20251019_180530/metrics/adv_config_fold_4_20251019_180530.json.txt
2025-10-19 18:09:08 | INFO | EM.print | [SAVE] adv config saved: metrics/adv_config_fold_4_20251019_180530.json
2025-10-19 18:09:08 | INFO | EM.print | Start Training...
2025-10-19 18:09:08 | INFO | EM.print | -------- Epoch 1 --------
2025-10-19 18:09:08 | INFO | EM.print | [AUG][online][epoch=1][iter=0] start name=random_permute_features noise_std=0.01 mask_rate=0.1 seed=0
2025-10-19 18:09:08 | INFO | EM.print | [AUG][online][epoch=1][iter=0] done name=random_permute_features shape=(1140, 1140)
2025-10-19 18:09:08 | INFO | EM.print | [ONLINE-AUG] mode=online name=random_permute_features noise_std=0.01 mask_rate=0.1 base_seed=0
2025-10-19 18:09:08 | INFO | EM.print | epoch: 1/ iteration: 1/ loss_train: 0.8777167 | task_loss:0.7801 cont_loss:0.0487 adv_loss:0.9998
2025-10-19 18:09:10 | INFO | EM.print | epoch: 0001 loss_train: 4.6933 task_loss: 0.2601 cont_loss: 8.0807 adv_loss: 0.2637 auroc_train: 0.8583 auprc_train: 0.8479 precision_train: 0.7516 recall_train: 0.7841 f1_train: 0.7675 cm_train: (tn=1587, fp=556, fn=463, tp=1682)
2025-10-19 18:09:10 | INFO | EM.print | -------- Epoch 2 --------
2025-10-19 18:09:10 | INFO | EM.print | [AUG][online][epoch=2][iter=0] start name=random_permute_features noise_std=0.01 mask_rate=0.1 seed=1000
2025-10-19 18:09:10 | INFO | EM.print | [AUG][online][epoch=2][iter=0] done name=random_permute_features shape=(1140, 1140)
2025-10-19 18:09:10 | INFO | EM.print | [ONLINE-AUG] mode=online name=random_permute_features noise_std=0.01 mask_rate=0.1 base_seed=0
2025-10-19 18:09:10 | INFO | EM.print | epoch: 2/ iteration: 1/ loss_train: 4.6973944 | task_loss:0.2856 cont_loss:8.0757 adv_loss:0.2544
2025-10-19 18:09:12 | INFO | EM.print | epoch: 0002 loss_train: 4.5005 task_loss: 0.2601 cont_loss: 7.9362 adv_loss: 0.0372 auroc_train: 0.9446 auprc_train: 0.9401 precision_train: 0.8609 recall_train: 0.8814 f1_train: 0.8710 cm_train: (tn=1841, fp=305, fn=254, tp=1888)
2025-10-19 18:09:12 | INFO | EM.print | -------- Epoch 3 --------
2025-10-19 18:09:12 | INFO | EM.print | [AUG][online][epoch=3][iter=0] start name=random_permute_features noise_std=0.01 mask_rate=0.1 seed=2000
2025-10-19 18:09:12 | INFO | EM.print | [AUG][online][epoch=3][iter=0] done name=random_permute_features shape=(1140, 1140)
2025-10-19 18:09:12 | INFO | EM.print | [ONLINE-AUG] mode=online name=random_permute_features noise_std=0.01 mask_rate=0.1 base_seed=0
2025-10-19 18:09:12 | INFO | EM.print | epoch: 3/ iteration: 1/ loss_train: 19.137491 | task_loss:1.3980 cont_loss:5.4936 adv_loss:30.9738
2025-10-19 18:09:18 | INFO | EM.print | epoch: 0003 loss_train: 5.1572 task_loss: 0.7435 cont_loss: 8.0492 adv_loss: 0.7911 auroc_train: 0.4159 auprc_train: 0.4362 precision_train: 0.4476 recall_train: 0.4774 f1_train: 0.4620 cm_train: (tn=879, fp=1264, fn=1121, tp=1024)
2025-10-19 18:09:18 | INFO | EM.print | -------- Epoch 4 --------
2025-10-19 18:09:18 | INFO | EM.print | [AUG][online][epoch=4][iter=0] start name=random_permute_features noise_std=0.01 mask_rate=0.1 seed=3000
2025-10-19 18:09:18 | INFO | EM.print | [AUG][online][epoch=4][iter=0] done name=random_permute_features shape=(1140, 1140)
2025-10-19 18:09:18 | INFO | EM.print | [ONLINE-AUG] mode=online name=random_permute_features noise_std=0.01 mask_rate=0.1 base_seed=0
2025-10-19 18:09:18 | INFO | EM.print | epoch: 4/ iteration: 1/ loss_train: 5.123543 | task_loss:0.6834 cont_loss:8.0078 adv_loss:0.8234
2025-10-19 18:09:24 | INFO | EM.print | epoch: 0004 loss_train: 5.2261 task_loss: 0.6924 cont_loss: 8.2889 adv_loss: 0.7113 auroc_train: 0.5159 auprc_train: 0.5095 precision_train: 0.5164 recall_train: 0.5287 f1_train: 0.5225 cm_train: (tn=1081, fp=1062, fn=1011, tp=1134)
2025-10-19 18:09:24 | INFO | EM.print | -------- Epoch 5 --------
2025-10-19 18:09:24 | INFO | EM.print | [AUG][online][epoch=5][iter=0] start name=random_permute_features noise_std=0.01 mask_rate=0.1 seed=4000
2025-10-19 18:09:24 | INFO | EM.print | [AUG][online][epoch=5][iter=0] done name=random_permute_features shape=(1140, 1140)
2025-10-19 18:09:24 | INFO | EM.print | [ONLINE-AUG] mode=online name=random_permute_features noise_std=0.01 mask_rate=0.1 base_seed=0
2025-10-19 18:09:24 | INFO | EM.print | epoch: 5/ iteration: 1/ loss_train: 5.2318053 | task_loss:0.6949 cont_loss:8.3078 adv_loss:0.6996
2025-10-19 18:09:31 | INFO | EM.print | epoch: 0005 loss_train: 5.2318 task_loss: 0.6894 cont_loss: 8.3114 adv_loss: 0.7006 auroc_train: 0.4982 auprc_train: 0.4985 precision_train: 0.5013 recall_train: 0.5338 f1_train: 0.5170 cm_train: (tn=1004, fp=1139, fn=1000, tp=1145)
2025-10-19 18:09:31 | INFO | EM.print | -------- Epoch 6 --------
2025-10-19 18:09:31 | INFO | EM.print | [AUG][online][epoch=6][iter=0] start name=random_permute_features noise_std=0.01 mask_rate=0.1 seed=5000
2025-10-19 18:09:31 | INFO | EM.print | [AUG][online][epoch=6][iter=0] done name=random_permute_features shape=(1140, 1140)
2025-10-19 18:09:31 | INFO | EM.print | [ONLINE-AUG] mode=online name=random_permute_features noise_std=0.01 mask_rate=0.1 base_seed=0
2025-10-19 18:09:31 | INFO | EM.print | epoch: 6/ iteration: 1/ loss_train: 5.2248054 | task_loss:0.6956 cont_loss:8.2984 adv_loss:0.6953
2025-10-19 18:09:37 | INFO | EM.print | epoch: 0006 loss_train: 5.2647 task_loss: 0.6925 cont_loss: 8.3679 adv_loss: 0.7014 auroc_train: 0.4881 auprc_train: 0.4892 precision_train: 0.4909 recall_train: 0.4795 f1_train: 0.4852 cm_train: (tn=1072, fp=1068, fn=1118, tp=1030)
2025-10-19 18:09:37 | INFO | EM.print | -------- Epoch 7 --------
2025-10-19 18:09:37 | INFO | EM.print | [AUG][online][epoch=7][iter=0] start name=random_permute_features noise_std=0.01 mask_rate=0.1 seed=6000
2025-10-19 18:09:37 | INFO | EM.print | [AUG][online][epoch=7][iter=0] done name=random_permute_features shape=(1140, 1140)
2025-10-19 18:09:37 | INFO | EM.print | [ONLINE-AUG] mode=online name=random_permute_features noise_std=0.01 mask_rate=0.1 base_seed=0
2025-10-19 18:09:37 | INFO | EM.print | epoch: 7/ iteration: 1/ loss_train: 5.245204 | task_loss:0.6955 cont_loss:8.3395 adv_loss:0.6910
2025-10-19 18:09:43 | INFO | EM.print | epoch: 0007 loss_train: 5.2177 task_loss: 0.6958 cont_loss: 8.2786 adv_loss: 0.7026 auroc_train: 0.4932 auprc_train: 0.4888 precision_train: 0.5023 recall_train: 0.6182 f1_train: 0.5542 cm_train: (tn=829, fp=1314, fn=819, tp=1326)
2025-10-19 18:09:43 | INFO | EM.print | -------- Epoch 8 --------
2025-10-19 18:09:43 | INFO | EM.print | [AUG][online][epoch=8][iter=0] start name=random_permute_features noise_std=0.01 mask_rate=0.1 seed=7000
2025-10-19 18:09:43 | INFO | EM.print | [AUG][online][epoch=8][iter=0] done name=random_permute_features shape=(1140, 1140)
2025-10-19 18:09:43 | INFO | EM.print | [ONLINE-AUG] mode=online name=random_permute_features noise_std=0.01 mask_rate=0.1 base_seed=0
2025-10-19 18:09:43 | INFO | EM.print | epoch: 8/ iteration: 1/ loss_train: 5.2068863 | task_loss:0.6965 cont_loss:8.2689 adv_loss:0.6912
2025-10-19 18:09:49 | INFO | EM.print | epoch: 0008 loss_train: 5.2237 task_loss: 0.6837 cont_loss: 8.3033 adv_loss: 0.6985 auroc_train: 0.5067 auprc_train: 0.5074 precision_train: 0.5036 recall_train: 0.5582 f1_train: 0.5295 cm_train: (tn=961, fp=1181, fn=948, tp=1198)
2025-10-19 18:09:49 | INFO | EM.print | -------- Epoch 9 --------
2025-10-19 18:09:49 | INFO | EM.print | [AUG][online][epoch=9][iter=0] start name=random_permute_features noise_std=0.01 mask_rate=0.1 seed=8000
2025-10-19 18:09:49 | INFO | EM.print | [AUG][online][epoch=9][iter=0] done name=random_permute_features shape=(1140, 1140)
2025-10-19 18:09:49 | INFO | EM.print | [ONLINE-AUG] mode=online name=random_permute_features noise_std=0.01 mask_rate=0.1 base_seed=0
2025-10-19 18:09:49 | INFO | EM.print | epoch: 9/ iteration: 1/ loss_train: 5.187468 | task_loss:0.7021 cont_loss:8.2331 adv_loss:0.6867
2025-10-19 18:09:55 | INFO | EM.print | epoch: 0009 loss_train: 5.1901 task_loss: 0.6893 cont_loss: 8.2441 adv_loss: 0.6913 auroc_train: 0.4997 auprc_train: 0.4980 precision_train: 0.5022 recall_train: 0.4292 f1_train: 0.4628 cm_train: (tn=1229, fp=913, fn=1225, tp=921)
2025-10-19 18:09:55 | INFO | EM.print | -------- Epoch 10 --------
2025-10-19 18:09:55 | INFO | EM.print | [AUG][online][epoch=10][iter=0] start name=random_permute_features noise_std=0.01 mask_rate=0.1 seed=9000
2025-10-19 18:09:55 | INFO | EM.print | [AUG][online][epoch=10][iter=0] done name=random_permute_features shape=(1140, 1140)
2025-10-19 18:09:55 | INFO | EM.print | [ONLINE-AUG] mode=online name=random_permute_features noise_std=0.01 mask_rate=0.1 base_seed=0
2025-10-19 18:09:55 | INFO | EM.print | epoch: 10/ iteration: 1/ loss_train: 5.1902537 | task_loss:0.6969 cont_loss:8.2405 adv_loss:0.6888
2025-10-19 18:10:01 | INFO | EM.print | epoch: 0010 loss_train: 5.1796 task_loss: 0.6942 cont_loss: 8.2253 adv_loss: 0.6866 auroc_train: 0.4812 auprc_train: 0.4860 precision_train: 0.4867 recall_train: 0.3845 f1_train: 0.4296 cm_train: (tn=1276, fp=869, fn=1319, tp=824)
2025-10-19 18:10:01 | INFO | EM.print | Optimization Finished!
2025-10-19 18:10:01 | INFO | EM.result.save | Saved result text: /root/OUTPUT/result/LDA_stageA_eps0.012_steps3_data_20251019_180530/metrics/train_epoch_metrics_fold_4_20251019_180530.csv.txt
2025-10-19 18:10:01 | INFO | EM.print | [SAVE] Per-epoch train metrics saved: train_epoch_metrics_fold_4_20251019_180530.csv
2025-10-19 18:10:02 | INFO | EM.result.save | Saved result text: /root/OUTPUT/result/LDA_stageA_eps0.012_steps3_data_20251019_180530/metrics/threshold_scan_fold_4_20251019_180530.txt
2025-10-19 18:10:02 | INFO | EM.print | loss_test: 5.2130 auroc_test: 0.8109 auprc_test: 0.7911 precision_test: 0.5020 recall_test: 1.0000 f1_test: 0.6684 cm_test: (tn=0, fp=510, fn=0, tp=514)
2025-10-19 18:10:02 | INFO | EM | Fold 4 completed.
2025-10-19 18:10:02 | INFO | EM | === Fold 5/5 ===
2025-10-19 18:10:02 | INFO | EM.result.save | Saved result text: /root/OUTPUT/result/LDA_stageA_eps0.012_steps3_data_20251019_180530/metrics/adv_config_fold_5_20251019_180530.json.txt
2025-10-19 18:10:02 | INFO | EM.print | [SAVE] adv config saved: metrics/adv_config_fold_5_20251019_180530.json
2025-10-19 18:10:02 | INFO | EM.print | Start Training...
2025-10-19 18:10:02 | INFO | EM.print | -------- Epoch 1 --------
2025-10-19 18:10:02 | INFO | EM.print | [AUG][online][epoch=1][iter=0] start name=random_permute_features noise_std=0.01 mask_rate=0.1 seed=0
2025-10-19 18:10:02 | INFO | EM.print | [AUG][online][epoch=1][iter=0] done name=random_permute_features shape=(1140, 1140)
2025-10-19 18:10:02 | INFO | EM.print | [ONLINE-AUG] mode=online name=random_permute_features noise_std=0.01 mask_rate=0.1 base_seed=0
2025-10-19 18:10:02 | INFO | EM.print | epoch: 1/ iteration: 1/ loss_train: 0.72205865 | task_loss:0.6827 cont_loss:0.0922 adv_loss:0.7283
2025-10-19 18:10:04 | INFO | EM.print | epoch: 0001 loss_train: 4.6752 task_loss: 0.3686 cont_loss: 8.0569 adv_loss: 0.1560 auroc_train: 0.8975 auprc_train: 0.8891 precision_train: 0.8027 recall_train: 0.8256 f1_train: 0.8140 cm_train: (tn=1709, fp=435, fn=374, tp=1770)
2025-10-19 18:10:04 | INFO | EM.print | -------- Epoch 2 --------
2025-10-19 18:10:04 | INFO | EM.print | [AUG][online][epoch=2][iter=0] start name=random_permute_features noise_std=0.01 mask_rate=0.1 seed=1000
2025-10-19 18:10:04 | INFO | EM.print | [AUG][online][epoch=2][iter=0] done name=random_permute_features shape=(1140, 1140)
2025-10-19 18:10:04 | INFO | EM.print | [ONLINE-AUG] mode=online name=random_permute_features noise_std=0.01 mask_rate=0.1 base_seed=0
2025-10-19 18:10:04 | INFO | EM.print | epoch: 2/ iteration: 1/ loss_train: 4.6125107 | task_loss:0.2487 cont_loss:8.0582 adv_loss:0.1372
2025-10-19 18:10:06 | INFO | EM.print | epoch: 0002 loss_train: 4.5072 task_loss: 0.3035 cont_loss: 7.9200 adv_loss: 0.0293 auroc_train: 0.9469 auprc_train: 0.9448 precision_train: 0.8685 recall_train: 0.8847 f1_train: 0.8766 cm_train: (tn=1858, fp=287, fn=247, tp=1896)
2025-10-19 18:10:06 | INFO | EM.print | -------- Epoch 3 --------
2025-10-19 18:10:06 | INFO | EM.print | [AUG][online][epoch=3][iter=0] start name=random_permute_features noise_std=0.01 mask_rate=0.1 seed=2000
2025-10-19 18:10:06 | INFO | EM.print | [AUG][online][epoch=3][iter=0] done name=random_permute_features shape=(1140, 1140)
2025-10-19 18:10:06 | INFO | EM.print | [ONLINE-AUG] mode=online name=random_permute_features noise_std=0.01 mask_rate=0.1 base_seed=0
2025-10-19 18:10:06 | INFO | EM.print | epoch: 3/ iteration: 1/ loss_train: 20.786009 | task_loss:1.5497 cont_loss:6.4332 adv_loss:33.1007
2025-10-19 18:10:12 | INFO | EM.print | epoch: 0003 loss_train: 4.9661 task_loss: 0.7013 cont_loss: 7.8047 adv_loss: 0.7159 auroc_train: 0.4226 auprc_train: 0.4380 precision_train: 0.4560 recall_train: 0.4986 f1_train: 0.4764 cm_train: (tn=872, fp=1274, fn=1074, tp=1068)
2025-10-19 18:10:12 | INFO | EM.print | -------- Epoch 4 --------
2025-10-19 18:10:12 | INFO | EM.print | [AUG][online][epoch=4][iter=0] start name=random_permute_features noise_std=0.01 mask_rate=0.1 seed=3000
2025-10-19 18:10:12 | INFO | EM.print | [AUG][online][epoch=4][iter=0] done name=random_permute_features shape=(1140, 1140)
2025-10-19 18:10:12 | INFO | EM.print | [ONLINE-AUG] mode=online name=random_permute_features noise_std=0.01 mask_rate=0.1 base_seed=0
2025-10-19 18:10:12 | INFO | EM.print | epoch: 4/ iteration: 1/ loss_train: 4.9615474 | task_loss:0.6911 cont_loss:7.8059 adv_loss:0.7146
2025-10-19 18:10:18 | INFO | EM.print | epoch: 0004 loss_train: 5.1777 task_loss: 0.7252 cont_loss: 8.1774 adv_loss: 0.7075 auroc_train: 0.4900 auprc_train: 0.4912 precision_train: 0.4904 recall_train: 0.4762 f1_train: 0.4832 cm_train: (tn=1080, fp=1062, fn=1124, tp=1022)
2025-10-19 18:10:18 | INFO | EM.print | -------- Epoch 5 --------
2025-10-19 18:10:18 | INFO | EM.print | [AUG][online][epoch=5][iter=0] start name=random_permute_features noise_std=0.01 mask_rate=0.1 seed=4000
2025-10-19 18:10:18 | INFO | EM.print | [AUG][online][epoch=5][iter=0] done name=random_permute_features shape=(1140, 1140)
2025-10-19 18:10:18 | INFO | EM.print | [ONLINE-AUG] mode=online name=random_permute_features noise_std=0.01 mask_rate=0.1 base_seed=0
2025-10-19 18:10:18 | INFO | EM.print | epoch: 5/ iteration: 1/ loss_train: 5.224751 | task_loss:0.7063 cont_loss:8.2834 adv_loss:0.7021
2025-10-19 18:10:24 | INFO | EM.print | epoch: 0005 loss_train: 5.2388 task_loss: 0.6936 cont_loss: 8.3168 adv_loss: 0.7049 auroc_train: 0.4948 auprc_train: 0.4918 precision_train: 0.5041 recall_train: 0.4272 f1_train: 0.4625 cm_train: (tn=1243, fp=901, fn=1228, tp=916)
2025-10-19 18:10:24 | INFO | EM.print | -------- Epoch 6 --------
2025-10-19 18:10:24 | INFO | EM.print | [AUG][online][epoch=6][iter=0] start name=random_permute_features noise_std=0.01 mask_rate=0.1 seed=5000
2025-10-19 18:10:24 | INFO | EM.print | [AUG][online][epoch=6][iter=0] done name=random_permute_features shape=(1140, 1140)
2025-10-19 18:10:24 | INFO | EM.print | [ONLINE-AUG] mode=online name=random_permute_features noise_std=0.01 mask_rate=0.1 base_seed=0
2025-10-19 18:10:24 | INFO | EM.print | epoch: 6/ iteration: 1/ loss_train: 5.2308874 | task_loss:0.6949 cont_loss:8.3040 adv_loss:0.7020
2025-10-19 18:10:30 | INFO | EM.print | epoch: 0006 loss_train: 5.2336 task_loss: 0.6912 cont_loss: 8.3137 adv_loss: 0.7000 auroc_train: 0.4907 auprc_train: 0.4875 precision_train: 0.4928 recall_train: 0.5226 f1_train: 0.5072 cm_train: (tn=986, fp=1155, fn=1025, tp=1122)
2025-10-19 18:10:31 | INFO | EM.print | -------- Epoch 7 --------
2025-10-19 18:10:31 | INFO | EM.print | [AUG][online][epoch=7][iter=0] start name=random_permute_features noise_std=0.01 mask_rate=0.1 seed=6000
2025-10-19 18:10:31 | INFO | EM.print | [AUG][online][epoch=7][iter=0] done name=random_permute_features shape=(1140, 1140)
2025-10-19 18:10:31 | INFO | EM.print | [ONLINE-AUG] mode=online name=random_permute_features noise_std=0.01 mask_rate=0.1 base_seed=0
2025-10-19 18:10:31 | INFO | EM.print | epoch: 7/ iteration: 1/ loss_train: 5.232673 | task_loss:0.6890 cont_loss:8.3159 adv_loss:0.6978
2025-10-19 18:10:37 | INFO | EM.print | epoch: 0007 loss_train: 5.2341 task_loss: 0.7004 cont_loss: 8.3104 adv_loss: 0.6964 auroc_train: 0.4970 auprc_train: 0.4976 precision_train: 0.5037 recall_train: 0.6615 f1_train: 0.5719 cm_train: (tn=745, fp=1398, fn=726, tp=1419)
2025-10-19 18:10:37 | INFO | EM.print | -------- Epoch 8 --------
2025-10-19 18:10:37 | INFO | EM.print | [AUG][online][epoch=8][iter=0] start name=random_permute_features noise_std=0.01 mask_rate=0.1 seed=7000
2025-10-19 18:10:37 | INFO | EM.print | [AUG][online][epoch=8][iter=0] done name=random_permute_features shape=(1140, 1140)
2025-10-19 18:10:37 | INFO | EM.print | [ONLINE-AUG] mode=online name=random_permute_features noise_std=0.01 mask_rate=0.1 base_seed=0
2025-10-19 18:10:37 | INFO | EM.print | epoch: 8/ iteration: 1/ loss_train: 5.2371893 | task_loss:0.6975 cont_loss:8.3147 adv_loss:0.7004
2025-10-19 18:10:43 | INFO | EM.print | epoch: 0008 loss_train: 5.2368 task_loss: 0.6964 cont_loss: 8.3181 adv_loss: 0.6969 auroc_train: 0.4924 auprc_train: 0.4935 precision_train: 0.4983 recall_train: 0.6199 f1_train: 0.5525 cm_train: (tn=806, fp=1338, fn=815, tp=1329)
2025-10-19 18:10:43 | INFO | EM.print | -------- Epoch 9 --------
2025-10-19 18:10:43 | INFO | EM.print | [AUG][online][epoch=9][iter=0] start name=random_permute_features noise_std=0.01 mask_rate=0.1 seed=8000
2025-10-19 18:10:43 | INFO | EM.print | [AUG][online][epoch=9][iter=0] done name=random_permute_features shape=(1140, 1140)
2025-10-19 18:10:43 | INFO | EM.print | [ONLINE-AUG] mode=online name=random_permute_features noise_std=0.01 mask_rate=0.1 base_seed=0
2025-10-19 18:10:43 | INFO | EM.print | epoch: 9/ iteration: 1/ loss_train: 5.229406 | task_loss:0.6940 cont_loss:8.3085 adv_loss:0.6948
2025-10-19 18:10:49 | INFO | EM.print | epoch: 0009 loss_train: 5.2197 task_loss: 0.6945 cont_loss: 8.2912 adv_loss: 0.6941 auroc_train: 0.4840 auprc_train: 0.4891 precision_train: 0.4891 recall_train: 0.4937 f1_train: 0.4914 cm_train: (tn=1040, fp=1105, fn=1085, tp=1058)
2025-10-19 18:10:49 | INFO | EM.print | -------- Epoch 10 --------
2025-10-19 18:10:49 | INFO | EM.print | [AUG][online][epoch=10][iter=0] start name=random_permute_features noise_std=0.01 mask_rate=0.1 seed=9000
2025-10-19 18:10:49 | INFO | EM.print | [AUG][online][epoch=10][iter=0] done name=random_permute_features shape=(1140, 1140)
2025-10-19 18:10:49 | INFO | EM.print | [ONLINE-AUG] mode=online name=random_permute_features noise_std=0.01 mask_rate=0.1 base_seed=0
2025-10-19 18:10:49 | INFO | EM.print | epoch: 10/ iteration: 1/ loss_train: 5.215541 | task_loss:0.6853 cont_loss:8.2898 adv_loss:0.6955
2025-10-19 18:10:55 | INFO | EM.print | epoch: 0010 loss_train: 5.2235 task_loss: 0.6936 cont_loss: 8.2996 adv_loss: 0.6932 auroc_train: 0.4946 auprc_train: 0.4933 precision_train: 0.4968 recall_train: 0.5086 f1_train: 0.5027 cm_train: (tn=1041, fp=1104, fn=1053, tp=1090)
2025-10-19 18:10:55 | INFO | EM.print | Optimization Finished!
2025-10-19 18:10:55 | INFO | EM.result.save | Saved result text: /root/OUTPUT/result/LDA_stageA_eps0.012_steps3_data_20251019_180530/metrics/train_epoch_metrics_fold_5_20251019_180530.csv.txt
2025-10-19 18:10:55 | INFO | EM.print | [SAVE] Per-epoch train metrics saved: train_epoch_metrics_fold_5_20251019_180530.csv
2025-10-19 18:10:56 | INFO | EM.result.save | Saved result text: /root/OUTPUT/result/LDA_stageA_eps0.012_steps3_data_20251019_180530/metrics/threshold_scan_fold_5_20251019_180530.txt
2025-10-19 18:10:56 | INFO | EM.print | loss_test: 5.2163 auroc_test: 0.8430 auprc_test: 0.8308 precision_test: 0.5010 recall_test: 1.0000 f1_test: 0.6675 cm_test: (tn=0, fp=511, fn=0, tp=513)
2025-10-19 18:10:56 | INFO | EM | Fold 5 completed.
2025-10-19 18:10:56 | INFO | EM | === 5-Fold Cross Validation Results ===
2025-10-19 18:10:56 | INFO | EM | AUROC: 0.8120 ± 0.0509
2025-10-19 18:10:56 | INFO | EM | AUPRC: 0.8023 ± 0.0596
2025-10-19 18:10:56 | INFO | EM | F1-Score: 0.5335 ± 0.2668
2025-10-19 18:10:56 | INFO | EM | Loss: 5.2217 ± 0.0070
2025-10-19 18:10:56 | INFO | EM.result.save | Saved result text: /root/OUTPUT/result/LDA_stageA_eps0.012_steps3_data_20251019_180530/result_summary_20251019_180530.txt
2025-10-19 18:10:56 | INFO | EM | Detailed Results:
2025-10-19 18:10:56 | INFO | EM | Fold 1: AUROC=0.8220, AUPRC=0.8275, F1=0.0000
2025-10-19 18:10:56 | INFO | EM | Fold 2: AUROC=0.7176, AUPRC=0.6936, F1=0.6658
2025-10-19 18:10:56 | INFO | EM | Fold 3: AUROC=0.8666, AUPRC=0.8684, F1=0.6658
2025-10-19 18:10:56 | INFO | EM | Fold 4: AUROC=0.8109, AUPRC=0.7911, F1=0.6684
2025-10-19 18:10:56 | INFO | EM | Fold 5: AUROC=0.8430, AUPRC=0.8308, F1=0.6675
2025-10-19 18:10:56 | INFO | EM.result.save | Saved result text: /root/OUTPUT/result/LDA_stageA_eps0.012_steps3_data_20251019_180530/per_fold_20251019_180530.txt
2025-10-19 18:10:56 | INFO | EM.result.save | Saved result text: /root/OUTPUT/result/LDA_stageA_eps0.012_steps3_data_20251019_180530/metrics/result_extra_20251019_180530.txt
2025-10-19 18:10:56 | INFO | EM | Precision: 0.4002 ± 0.2001
2025-10-19 18:10:56 | INFO | EM | Recall: 0.8000 ± 0.4000
2025-10-19 18:10:56 | INFO | EM | Confusion Matrix (sum): tn=510, fp=2047, fn=514, tp=2049
2025-10-19 18:10:56 | INFO | EM | All folds completed!
2025-10-19 18:10:56 | INFO | EM | ================================================================================
2025-10-19 18:10:56 | INFO | EM | RUN END   | run_id=20251019_180530 | run_name=LDA_stageA_eps0.012_steps3
2025-10-19 18:10:56 | INFO | EM | RESULT DIR: /root/OUTPUT/result/LDA_stageA_eps0.012_steps3_data_20251019_180530
2025-10-19 18:10:56 | INFO | EM | ================================================================================
