2025-10-19 17:52:14 | INFO | EM | ================================================================================
2025-10-19 17:52:14 | INFO | EM | RUN START | run_id=20251019_175214 | run_name=LDA_stageA_eps0.008_steps3
2025-10-19 17:52:14 | INFO | EM | COMMAND: /root/miniconda3/bin/python /root/hyperparameter-tuning/main.py --task_type LDA --run_name LDA_stageA_eps0.008_steps3 --feature_type one_hot --batch 64 --lr 0.0005 --weight_decay 0.0005 --dropout 0.05 --epochs 10 --augment_mode online --moco_queue 4096 --moco_momentum 0.99 --moco_t 0.07 --loss_ratio1 0.45 --loss_ratio2 0.55 --loss_ratio3 0.5 --enable_threshold_scan true --threshold_min 0.35 --threshold_max 0.65 --threshold_step 0.01 --enable_temp_scaling true --temp_grid_min 0.5 --temp_grid_max 3.0 --temp_grid_num 26 --adv_warmup_end 3 --adv_mode mgraph --adv_norm linf --adv_rand_init true --adv_project true --adv_on_moco true --adv_eps 0.008 --adv_alpha 0.0026666666666666666 --adv_steps 3
2025-10-19 17:52:14 | INFO | EM | ================================================================================
2025-10-19 17:52:14 | INFO | EM.result | Result directory: /root/OUTPUT/result/LDA_stageA_eps0.008_steps3_data_20251019_175214
2025-10-19 17:52:14 | INFO | EM | Initialized logging and result directory.
2025-10-19 17:52:14 | INFO | EM | Using CUDA: True
2025-10-19 17:52:14 | INFO | EM | CUDA device count: 1
2025-10-19 17:52:14 | INFO | EM | Current CUDA device: 0
2025-10-19 17:52:14 | INFO | EM | CUDA device name: NVIDIA GeForce RTX 4090
2025-10-19 17:52:14 | INFO | EM | === Augmentation Config ===
2025-10-19 17:52:14 | INFO | EM | [AUG CONFIG] Multiple augmentations detected: random_permute_features, attribute_mask, noise_then_mask
2025-10-19 17:52:14 | INFO | EM | augment=random_permute_features,attribute_mask,noise_then_mask | mode=online | noise_std=0.01 | mask_rate=0.1 | augment_seed=None (None means seed+fold for static)
2025-10-19 17:52:14 | INFO | EM | ===========================
2025-10-19 17:52:14 | INFO | EM | Loading dataset1/LDA.edgelist seed0 dataset...
2025-10-19 17:52:14 | INFO | EM | Selected cross_validation type: 5_cv1
2025-10-19 17:52:14 | INFO | EM | Selected task_type: LDA
2025-10-19 17:52:14 | INFO | EM | Selected feature_type: one_hot
2025-10-19 17:52:14 | INFO | EM | Selected embed_dim: N/A
2025-10-19 17:52:14 | INFO | EM | Selected learning_rate: N/A
2025-10-19 17:52:14 | INFO | EM | Selected epochs: 10
2025-10-19 17:52:14 | INFO | EM | Selected task type...
2025-10-19 17:52:22 | INFO | EM.print | [AUG][static][fold=1] start name=random_permute_features noise_std=0.01 mask_rate=0.1 seed=0
2025-10-19 17:52:22 | INFO | EM.print | [AUG][static][fold=1] done name=random_permute_features shape=(1140, 1140)
2025-10-19 17:52:22 | INFO | EM.augment | [AUGMENT][fold=1] name=random_permute_features noise_std=0.01 mask_rate=0.1 seed=0 masked_cols=0 shape=(1140, 1140) mean=0.0009 std=0.0296
2025-10-19 17:52:31 | INFO | EM.print | [AUG][static][fold=2] start name=random_permute_features noise_std=0.01 mask_rate=0.1 seed=1
2025-10-19 17:52:31 | INFO | EM.print | [AUG][static][fold=2] done name=random_permute_features shape=(1140, 1140)
2025-10-19 17:52:31 | INFO | EM.augment | [AUGMENT][fold=2] name=random_permute_features noise_std=0.01 mask_rate=0.1 seed=1 masked_cols=0 shape=(1140, 1140) mean=0.0009 std=0.0296
2025-10-19 17:52:39 | INFO | EM.print | [AUG][static][fold=3] start name=random_permute_features noise_std=0.01 mask_rate=0.1 seed=2
2025-10-19 17:52:39 | INFO | EM.print | [AUG][static][fold=3] done name=random_permute_features shape=(1140, 1140)
2025-10-19 17:52:39 | INFO | EM.augment | [AUGMENT][fold=3] name=random_permute_features noise_std=0.01 mask_rate=0.1 seed=2 masked_cols=0 shape=(1140, 1140) mean=0.0009 std=0.0296
2025-10-19 17:52:47 | INFO | EM.print | [AUG][static][fold=4] start name=random_permute_features noise_std=0.01 mask_rate=0.1 seed=3
2025-10-19 17:52:47 | INFO | EM.print | [AUG][static][fold=4] done name=random_permute_features shape=(1140, 1140)
2025-10-19 17:52:47 | INFO | EM.augment | [AUGMENT][fold=4] name=random_permute_features noise_std=0.01 mask_rate=0.1 seed=3 masked_cols=0 shape=(1140, 1140) mean=0.0009 std=0.0296
2025-10-19 17:52:56 | INFO | EM.print | [AUG][static][fold=5] start name=random_permute_features noise_std=0.01 mask_rate=0.1 seed=4
2025-10-19 17:52:56 | INFO | EM.print | [AUG][static][fold=5] done name=random_permute_features shape=(1140, 1140)
2025-10-19 17:52:56 | INFO | EM.augment | [AUGMENT][fold=5] name=random_permute_features noise_std=0.01 mask_rate=0.1 seed=4 masked_cols=0 shape=(1140, 1140) mean=0.0009 std=0.0296
2025-10-19 17:52:56 | INFO | EM | [DATALOADER] os=linux workers=8 prefetch_factor=4
2025-10-19 17:52:56 | INFO | EM.fold_stats | Saved fold stats to /root/OUTPUT/result/metrics/fold_stats.json
2025-10-19 17:52:56 | INFO | EM | Loading finished!
2025-10-19 17:52:56 | INFO | EM | Starting 5-fold cross validation...
2025-10-19 17:52:56 | INFO | EM | === Fold 1/5 ===
2025-10-19 17:52:56 | INFO | EM.result.save | Saved result text: /root/OUTPUT/result/LDA_stageA_eps0.008_steps3_data_20251019_175214/metrics/adv_config_fold_1_20251019_175214.json.txt
2025-10-19 17:52:56 | INFO | EM.print | [SAVE] adv config saved: metrics/adv_config_fold_1_20251019_175214.json
2025-10-19 17:52:56 | INFO | EM.print | Start Training...
2025-10-19 17:52:56 | INFO | EM.print | -------- Epoch 1 --------
2025-10-19 17:52:56 | INFO | EM.print | [AUG][online][epoch=1][iter=0] start name=random_permute_features noise_std=0.01 mask_rate=0.1 seed=0
2025-10-19 17:52:56 | INFO | EM.print | [AUG][online][epoch=1][iter=0] done name=random_permute_features shape=(1140, 1140)
2025-10-19 17:52:56 | INFO | EM.print | [ONLINE-AUG] mode=online name=random_permute_features noise_std=0.01 mask_rate=0.1 base_seed=0
2025-10-19 17:52:57 | INFO | EM.print | epoch: 1/ iteration: 1/ loss_train: 0.79117596 | task_loss:0.6695 cont_loss:0.2574 adv_loss:0.6966
2025-10-19 17:52:58 | INFO | EM.print | epoch: 0001 loss_train: 4.6764 task_loss: 0.3331 cont_loss: 8.1279 adv_loss: 0.1123 auroc_train: 0.8848 auprc_train: 0.8836 precision_train: 0.7878 recall_train: 0.8260 f1_train: 0.8065 cm_train: (tn=1667, fp=477, fn=373, tp=1771)
2025-10-19 17:52:58 | INFO | EM.print | -------- Epoch 2 --------
2025-10-19 17:52:58 | INFO | EM.print | [AUG][online][epoch=2][iter=0] start name=random_permute_features noise_std=0.01 mask_rate=0.1 seed=1000
2025-10-19 17:52:58 | INFO | EM.print | [AUG][online][epoch=2][iter=0] done name=random_permute_features shape=(1140, 1140)
2025-10-19 17:52:58 | INFO | EM.print | [ONLINE-AUG] mode=online name=random_permute_features noise_std=0.01 mask_rate=0.1 base_seed=0
2025-10-19 17:52:58 | INFO | EM.print | epoch: 2/ iteration: 1/ loss_train: 4.666656 | task_loss:0.3103 cont_loss:8.1227 adv_loss:0.1191
2025-10-19 17:53:00 | INFO | EM.print | epoch: 0002 loss_train: 4.5097 task_loss: 0.2424 cont_loss: 7.9715 adv_loss: 0.0325 auroc_train: 0.9420 auprc_train: 0.9373 precision_train: 0.8615 recall_train: 0.8759 f1_train: 0.8686 cm_train: (tn=1842, fp=302, fn=266, tp=1878)
2025-10-19 17:53:00 | INFO | EM.print | -------- Epoch 3 --------
2025-10-19 17:53:00 | INFO | EM.print | [AUG][online][epoch=3][iter=0] start name=random_permute_features noise_std=0.01 mask_rate=0.1 seed=2000
2025-10-19 17:53:00 | INFO | EM.print | [AUG][online][epoch=3][iter=0] done name=random_permute_features shape=(1140, 1140)
2025-10-19 17:53:00 | INFO | EM.print | [ONLINE-AUG] mode=online name=random_permute_features noise_std=0.01 mask_rate=0.1 base_seed=0
2025-10-19 17:53:00 | INFO | EM.print | epoch: 3/ iteration: 1/ loss_train: 14.942371 | task_loss:1.5413 cont_loss:5.8332 adv_loss:22.0811
2025-10-19 17:53:06 | INFO | EM.print | epoch: 0003 loss_train: 5.1474 task_loss: 0.7008 cont_loss: 8.1362 adv_loss: 0.7142 auroc_train: 0.4593 auprc_train: 0.4640 precision_train: 0.4739 recall_train: 0.4837 f1_train: 0.4788 cm_train: (tn=993, fp=1151, fn=1107, tp=1037)
2025-10-19 17:53:06 | INFO | EM.print | -------- Epoch 4 --------
2025-10-19 17:53:06 | INFO | EM.print | [AUG][online][epoch=4][iter=0] start name=random_permute_features noise_std=0.01 mask_rate=0.1 seed=3000
2025-10-19 17:53:06 | INFO | EM.print | [AUG][online][epoch=4][iter=0] done name=random_permute_features shape=(1140, 1140)
2025-10-19 17:53:06 | INFO | EM.print | [ONLINE-AUG] mode=online name=random_permute_features noise_std=0.01 mask_rate=0.1 base_seed=0
2025-10-19 17:53:06 | INFO | EM.print | epoch: 4/ iteration: 1/ loss_train: 5.1485314 | task_loss:0.7005 cont_loss:8.1380 adv_loss:0.7148
2025-10-19 17:53:13 | INFO | EM.print | epoch: 0004 loss_train: 5.2346 task_loss: 0.7022 cont_loss: 8.3010 adv_loss: 0.7061 auroc_train: 0.4931 auprc_train: 0.4899 precision_train: 0.5002 recall_train: 0.4874 f1_train: 0.4937 cm_train: (tn=1100, fp=1044, fn=1099, tp=1045)
2025-10-19 17:53:13 | INFO | EM.print | -------- Epoch 5 --------
2025-10-19 17:53:13 | INFO | EM.print | [AUG][online][epoch=5][iter=0] start name=random_permute_features noise_std=0.01 mask_rate=0.1 seed=4000
2025-10-19 17:53:13 | INFO | EM.print | [AUG][online][epoch=5][iter=0] done name=random_permute_features shape=(1140, 1140)
2025-10-19 17:53:13 | INFO | EM.print | [ONLINE-AUG] mode=online name=random_permute_features noise_std=0.01 mask_rate=0.1 base_seed=0
2025-10-19 17:53:13 | INFO | EM.print | epoch: 5/ iteration: 1/ loss_train: 5.248365 | task_loss:0.6978 cont_loss:8.3329 adv_loss:0.7025
2025-10-19 17:53:19 | INFO | EM.print | epoch: 0005 loss_train: 5.2334 task_loss: 0.6962 cont_loss: 8.3071 adv_loss: 0.7025 auroc_train: 0.4963 auprc_train: 0.4959 precision_train: 0.4994 recall_train: 0.5506 f1_train: 0.5237 cm_train: (tn=962, fp=1183, fn=963, tp=1180)
2025-10-19 17:53:19 | INFO | EM.print | -------- Epoch 6 --------
2025-10-19 17:53:19 | INFO | EM.print | [AUG][online][epoch=6][iter=0] start name=random_permute_features noise_std=0.01 mask_rate=0.1 seed=5000
2025-10-19 17:53:19 | INFO | EM.print | [AUG][online][epoch=6][iter=0] done name=random_permute_features shape=(1140, 1140)
2025-10-19 17:53:19 | INFO | EM.print | [ONLINE-AUG] mode=online name=random_permute_features noise_std=0.01 mask_rate=0.1 base_seed=0
2025-10-19 17:53:19 | INFO | EM.print | epoch: 6/ iteration: 1/ loss_train: 5.2278028 | task_loss:0.6930 cont_loss:8.3068 adv_loss:0.6944
2025-10-19 17:53:26 | INFO | EM.print | epoch: 0006 loss_train: 5.2272 task_loss: 0.6922 cont_loss: 8.3068 adv_loss: 0.6940 auroc_train: 0.4940 auprc_train: 0.4937 precision_train: 0.4961 recall_train: 0.5876 f1_train: 0.5380 cm_train: (tn=861, fp=1281, fn=885, tp=1261)
2025-10-19 17:53:26 | INFO | EM.print | -------- Epoch 7 --------
2025-10-19 17:53:26 | INFO | EM.print | [AUG][online][epoch=7][iter=0] start name=random_permute_features noise_std=0.01 mask_rate=0.1 seed=6000
2025-10-19 17:53:26 | INFO | EM.print | [AUG][online][epoch=7][iter=0] done name=random_permute_features shape=(1140, 1140)
2025-10-19 17:53:26 | INFO | EM.print | [ONLINE-AUG] mode=online name=random_permute_features noise_std=0.01 mask_rate=0.1 base_seed=0
2025-10-19 17:53:27 | INFO | EM.print | epoch: 7/ iteration: 1/ loss_train: 5.2332225 | task_loss:0.6911 cont_loss:8.3115 adv_loss:0.7018
2025-10-19 17:53:33 | INFO | EM.print | epoch: 0007 loss_train: 5.2418 task_loss: 0.7114 cont_loss: 8.3184 adv_loss: 0.6930 auroc_train: 0.4954 auprc_train: 0.4971 precision_train: 0.4902 recall_train: 0.4328 f1_train: 0.4597 cm_train: (tn=1179, fp=965, fn=1216, tp=928)
2025-10-19 17:53:33 | INFO | EM.print | -------- Epoch 8 --------
2025-10-19 17:53:33 | INFO | EM.print | [AUG][online][epoch=8][iter=0] start name=random_permute_features noise_std=0.01 mask_rate=0.1 seed=7000
2025-10-19 17:53:33 | INFO | EM.print | [AUG][online][epoch=8][iter=0] done name=random_permute_features shape=(1140, 1140)
2025-10-19 17:53:33 | INFO | EM.print | [ONLINE-AUG] mode=online name=random_permute_features noise_std=0.01 mask_rate=0.1 base_seed=0
2025-10-19 17:53:34 | INFO | EM.print | epoch: 8/ iteration: 1/ loss_train: 5.2314763 | task_loss:0.6938 cont_loss:8.3149 adv_loss:0.6921
2025-10-19 17:53:41 | INFO | EM.print | epoch: 0008 loss_train: 5.2284 task_loss: 0.6921 cont_loss: 8.3146 adv_loss: 0.6879 auroc_train: 0.4940 auprc_train: 0.4938 precision_train: 0.4996 recall_train: 0.5888 f1_train: 0.5406 cm_train: (tn=878, fp=1265, fn=882, tp=1263)
2025-10-19 17:53:41 | INFO | EM.print | -------- Epoch 9 --------
2025-10-19 17:53:41 | INFO | EM.print | [AUG][online][epoch=9][iter=0] start name=random_permute_features noise_std=0.01 mask_rate=0.1 seed=8000
2025-10-19 17:53:41 | INFO | EM.print | [AUG][online][epoch=9][iter=0] done name=random_permute_features shape=(1140, 1140)
2025-10-19 17:53:41 | INFO | EM.print | [ONLINE-AUG] mode=online name=random_permute_features noise_std=0.01 mask_rate=0.1 base_seed=0
2025-10-19 17:53:41 | INFO | EM.print | epoch: 9/ iteration: 1/ loss_train: 5.22851 | task_loss:0.6913 cont_loss:8.3157 adv_loss:0.6876
2025-10-19 17:53:48 | INFO | EM.print | epoch: 0009 loss_train: 5.2222 task_loss: 0.6837 cont_loss: 8.3163 adv_loss: 0.6811 auroc_train: 0.4998 auprc_train: 0.4968 precision_train: 0.4991 recall_train: 0.5289 f1_train: 0.5136 cm_train: (tn=1009, fp=1137, fn=1009, tp=1133)
2025-10-19 17:53:48 | INFO | EM.print | -------- Epoch 10 --------
2025-10-19 17:53:48 | INFO | EM.print | [AUG][online][epoch=10][iter=0] start name=random_permute_features noise_std=0.01 mask_rate=0.1 seed=9000
2025-10-19 17:53:48 | INFO | EM.print | [AUG][online][epoch=10][iter=0] done name=random_permute_features shape=(1140, 1140)
2025-10-19 17:53:48 | INFO | EM.print | [ONLINE-AUG] mode=online name=random_permute_features noise_std=0.01 mask_rate=0.1 base_seed=0
2025-10-19 17:53:48 | INFO | EM.print | epoch: 10/ iteration: 1/ loss_train: 5.23031 | task_loss:0.7006 cont_loss:8.3169 adv_loss:0.6815
2025-10-19 17:53:55 | INFO | EM.print | epoch: 0010 loss_train: 5.2188 task_loss: 0.6842 cont_loss: 8.3140 adv_loss: 0.6764 auroc_train: 0.5138 auprc_train: 0.5087 precision_train: 0.4903 recall_train: 0.4123 f1_train: 0.4479 cm_train: (tn=1225, fp=919, fn=1260, tp=884)
2025-10-19 17:53:55 | INFO | EM.print | Optimization Finished!
2025-10-19 17:53:55 | INFO | EM.result.save | Saved result text: /root/OUTPUT/result/LDA_stageA_eps0.008_steps3_data_20251019_175214/metrics/train_epoch_metrics_fold_1_20251019_175214.csv.txt
2025-10-19 17:53:55 | INFO | EM.print | [SAVE] Per-epoch train metrics saved: train_epoch_metrics_fold_1_20251019_175214.csv
2025-10-19 17:53:56 | INFO | EM.result.save | Saved result text: /root/OUTPUT/result/LDA_stageA_eps0.008_steps3_data_20251019_175214/metrics/threshold_scan_fold_1_20251019_175214.txt
2025-10-19 17:53:56 | INFO | EM.print | loss_test: 5.2146 auroc_test: 0.7696 auprc_test: 0.7956 precision_test: 0.5757 recall_test: 0.8658 f1_test: 0.6915 cm_test: (tn=182, fp=328, fn=69, tp=445)
2025-10-19 17:53:56 | INFO | EM | Fold 1 completed.
2025-10-19 17:53:56 | INFO | EM | === Fold 2/5 ===
2025-10-19 17:53:56 | INFO | EM.result.save | Saved result text: /root/OUTPUT/result/LDA_stageA_eps0.008_steps3_data_20251019_175214/metrics/adv_config_fold_2_20251019_175214.json.txt
2025-10-19 17:53:56 | INFO | EM.print | [SAVE] adv config saved: metrics/adv_config_fold_2_20251019_175214.json
2025-10-19 17:53:56 | INFO | EM.print | Start Training...
2025-10-19 17:53:56 | INFO | EM.print | -------- Epoch 1 --------
2025-10-19 17:53:57 | INFO | EM.print | [AUG][online][epoch=1][iter=0] start name=random_permute_features noise_std=0.01 mask_rate=0.1 seed=0
2025-10-19 17:53:57 | INFO | EM.print | [AUG][online][epoch=1][iter=0] done name=random_permute_features shape=(1140, 1140)
2025-10-19 17:53:57 | INFO | EM.print | [ONLINE-AUG] mode=online name=random_permute_features noise_std=0.01 mask_rate=0.1 base_seed=0
2025-10-19 17:53:57 | INFO | EM.print | epoch: 1/ iteration: 1/ loss_train: 0.7871332 | task_loss:0.7277 cont_loss:0.0689 adv_loss:0.8435
2025-10-19 17:53:58 | INFO | EM.print | epoch: 0001 loss_train: 4.7323 task_loss: 0.4738 cont_loss: 8.0776 adv_loss: 0.1528 auroc_train: 0.8277 auprc_train: 0.8218 precision_train: 0.7349 recall_train: 0.7527 f1_train: 0.7437 cm_train: (tn=1563, fp=582, fn=530, tp=1613)
2025-10-19 17:53:58 | INFO | EM.print | -------- Epoch 2 --------
2025-10-19 17:53:59 | INFO | EM.print | [AUG][online][epoch=2][iter=0] start name=random_permute_features noise_std=0.01 mask_rate=0.1 seed=1000
2025-10-19 17:53:59 | INFO | EM.print | [AUG][online][epoch=2][iter=0] done name=random_permute_features shape=(1140, 1140)
2025-10-19 17:53:59 | INFO | EM.print | [ONLINE-AUG] mode=online name=random_permute_features noise_std=0.01 mask_rate=0.1 base_seed=0
2025-10-19 17:53:59 | INFO | EM.print | epoch: 2/ iteration: 1/ loss_train: 4.6252866 | task_loss:0.2451 cont_loss:8.0667 adv_loss:0.1566
2025-10-19 17:54:00 | INFO | EM.print | epoch: 0002 loss_train: 4.4903 task_loss: 0.2733 cont_loss: 7.9030 adv_loss: 0.0414 auroc_train: 0.9390 auprc_train: 0.9305 precision_train: 0.8576 recall_train: 0.8904 f1_train: 0.8737 cm_train: (tn=1827, fp=317, fn=235, tp=1909)
2025-10-19 17:54:00 | INFO | EM.print | -------- Epoch 3 --------
2025-10-19 17:54:00 | INFO | EM.print | [AUG][online][epoch=3][iter=0] start name=random_permute_features noise_std=0.01 mask_rate=0.1 seed=2000
2025-10-19 17:54:00 | INFO | EM.print | [AUG][online][epoch=3][iter=0] done name=random_permute_features shape=(1140, 1140)
2025-10-19 17:54:00 | INFO | EM.print | [ONLINE-AUG] mode=online name=random_permute_features noise_std=0.01 mask_rate=0.1 base_seed=0
2025-10-19 17:54:00 | INFO | EM.print | epoch: 3/ iteration: 1/ loss_train: 17.800243 | task_loss:1.5143 cont_loss:7.6538 adv_loss:25.8184
2025-10-19 17:54:06 | INFO | EM.print | epoch: 0003 loss_train: 5.2688 task_loss: 0.7014 cont_loss: 8.3298 adv_loss: 0.7436 auroc_train: 0.4651 auprc_train: 0.4624 precision_train: 0.4809 recall_train: 0.4981 f1_train: 0.4894 cm_train: (tn=988, fp=1154, fn=1077, tp=1069)
2025-10-19 17:54:06 | INFO | EM.print | -------- Epoch 4 --------
2025-10-19 17:54:06 | INFO | EM.print | [AUG][online][epoch=4][iter=0] start name=random_permute_features noise_std=0.01 mask_rate=0.1 seed=3000
2025-10-19 17:54:06 | INFO | EM.print | [AUG][online][epoch=4][iter=0] done name=random_permute_features shape=(1140, 1140)
2025-10-19 17:54:06 | INFO | EM.print | [ONLINE-AUG] mode=online name=random_permute_features noise_std=0.01 mask_rate=0.1 base_seed=0
2025-10-19 17:54:06 | INFO | EM.print | epoch: 4/ iteration: 1/ loss_train: 5.2504535 | task_loss:0.7044 cont_loss:8.3190 adv_loss:0.7160
2025-10-19 17:54:13 | INFO | EM.print | epoch: 0004 loss_train: 5.2397 task_loss: 0.7121 cont_loss: 8.3111 adv_loss: 0.6963 auroc_train: 0.4883 auprc_train: 0.4953 precision_train: 0.4930 recall_train: 0.5119 f1_train: 0.5023 cm_train: (tn=1017, fp=1128, fn=1046, tp=1097)
2025-10-19 17:54:13 | INFO | EM.print | -------- Epoch 5 --------
2025-10-19 17:54:13 | INFO | EM.print | [AUG][online][epoch=5][iter=0] start name=random_permute_features noise_std=0.01 mask_rate=0.1 seed=4000
2025-10-19 17:54:13 | INFO | EM.print | [AUG][online][epoch=5][iter=0] done name=random_permute_features shape=(1140, 1140)
2025-10-19 17:54:13 | INFO | EM.print | [ONLINE-AUG] mode=online name=random_permute_features noise_std=0.01 mask_rate=0.1 base_seed=0
2025-10-19 17:54:13 | INFO | EM.print | epoch: 5/ iteration: 1/ loss_train: 5.23652 | task_loss:0.7097 cont_loss:8.3091 adv_loss:0.6942
2025-10-19 17:54:19 | INFO | EM.print | epoch: 0005 loss_train: 5.2344 task_loss: 0.6950 cont_loss: 8.3150 adv_loss: 0.6968 auroc_train: 0.4974 auprc_train: 0.4965 precision_train: 0.4993 recall_train: 0.5070 f1_train: 0.5031 cm_train: (tn=1057, fp=1089, fn=1056, tp=1086)
2025-10-19 17:54:19 | INFO | EM.print | -------- Epoch 6 --------
2025-10-19 17:54:19 | INFO | EM.print | [AUG][online][epoch=6][iter=0] start name=random_permute_features noise_std=0.01 mask_rate=0.1 seed=5000
2025-10-19 17:54:19 | INFO | EM.print | [AUG][online][epoch=6][iter=0] done name=random_permute_features shape=(1140, 1140)
2025-10-19 17:54:19 | INFO | EM.print | [ONLINE-AUG] mode=online name=random_permute_features noise_std=0.01 mask_rate=0.1 base_seed=0
2025-10-19 17:54:19 | INFO | EM.print | epoch: 6/ iteration: 1/ loss_train: 5.235745 | task_loss:0.6979 cont_loss:8.3183 adv_loss:0.6932
2025-10-19 17:54:25 | INFO | EM.print | epoch: 0006 loss_train: 5.2321 task_loss: 0.6933 cont_loss: 8.3166 adv_loss: 0.6919 auroc_train: 0.5050 auprc_train: 0.5032 precision_train: 0.5062 recall_train: 0.5855 f1_train: 0.5430 cm_train: (tn=918, fp=1225, fn=889, tp=1256)
2025-10-19 17:54:25 | INFO | EM.print | -------- Epoch 7 --------
2025-10-19 17:54:25 | INFO | EM.print | [AUG][online][epoch=7][iter=0] start name=random_permute_features noise_std=0.01 mask_rate=0.1 seed=6000
2025-10-19 17:54:25 | INFO | EM.print | [AUG][online][epoch=7][iter=0] done name=random_permute_features shape=(1140, 1140)
2025-10-19 17:54:25 | INFO | EM.print | [ONLINE-AUG] mode=online name=random_permute_features noise_std=0.01 mask_rate=0.1 base_seed=0
2025-10-19 17:54:26 | INFO | EM.print | epoch: 7/ iteration: 1/ loss_train: 5.2316623 | task_loss:0.6926 cont_loss:8.3172 adv_loss:0.6910
2025-10-19 17:54:32 | INFO | EM.print | epoch: 0007 loss_train: 5.2273 task_loss: 0.6971 cont_loss: 8.3112 adv_loss: 0.6849 auroc_train: 0.5010 auprc_train: 0.5030 precision_train: 0.4995 recall_train: 0.4762 f1_train: 0.4876 cm_train: (tn=1121, fp=1023, fn=1123, tp=1021)
2025-10-19 17:54:32 | INFO | EM.print | -------- Epoch 8 --------
2025-10-19 17:54:32 | INFO | EM.print | [AUG][online][epoch=8][iter=0] start name=random_permute_features noise_std=0.01 mask_rate=0.1 seed=7000
2025-10-19 17:54:32 | INFO | EM.print | [AUG][online][epoch=8][iter=0] done name=random_permute_features shape=(1140, 1140)
2025-10-19 17:54:32 | INFO | EM.print | [ONLINE-AUG] mode=online name=random_permute_features noise_std=0.01 mask_rate=0.1 base_seed=0
2025-10-19 17:54:32 | INFO | EM.print | epoch: 8/ iteration: 1/ loss_train: 5.2216043 | task_loss:0.6893 cont_loss:8.3077 adv_loss:0.6844
2025-10-19 17:54:38 | INFO | EM.print | epoch: 0008 loss_train: 5.2234 task_loss: 0.6916 cont_loss: 8.3149 adv_loss: 0.6779 auroc_train: 0.5070 auprc_train: 0.5040 precision_train: 0.5048 recall_train: 0.5110 f1_train: 0.5079 cm_train: (tn=1074, fp=1073, fn=1047, tp=1094)
2025-10-19 17:54:38 | INFO | EM.print | -------- Epoch 9 --------
2025-10-19 17:54:38 | INFO | EM.print | [AUG][online][epoch=9][iter=0] start name=random_permute_features noise_std=0.01 mask_rate=0.1 seed=8000
2025-10-19 17:54:38 | INFO | EM.print | [AUG][online][epoch=9][iter=0] done name=random_permute_features shape=(1140, 1140)
2025-10-19 17:54:38 | INFO | EM.print | [ONLINE-AUG] mode=online name=random_permute_features noise_std=0.01 mask_rate=0.1 base_seed=0
2025-10-19 17:54:38 | INFO | EM.print | epoch: 9/ iteration: 1/ loss_train: 5.225164 | task_loss:0.6894 cont_loss:8.3193 adv_loss:0.6786
2025-10-19 17:54:44 | INFO | EM.print | epoch: 0009 loss_train: 5.2158 task_loss: 0.6913 cont_loss: 8.3126 adv_loss: 0.6656 auroc_train: 0.4989 auprc_train: 0.5005 precision_train: 0.5083 recall_train: 0.6283 f1_train: 0.5620 cm_train: (tn=841, fp=1303, fn=797, tp=1347)
2025-10-19 17:54:44 | INFO | EM.print | -------- Epoch 10 --------
2025-10-19 17:54:44 | INFO | EM.print | [AUG][online][epoch=10][iter=0] start name=random_permute_features noise_std=0.01 mask_rate=0.1 seed=9000
2025-10-19 17:54:44 | INFO | EM.print | [AUG][online][epoch=10][iter=0] done name=random_permute_features shape=(1140, 1140)
2025-10-19 17:54:44 | INFO | EM.print | [ONLINE-AUG] mode=online name=random_permute_features noise_std=0.01 mask_rate=0.1 base_seed=0
2025-10-19 17:54:44 | INFO | EM.print | epoch: 10/ iteration: 1/ loss_train: 5.2238097 | task_loss:0.6925 cont_loss:8.3167 adv_loss:0.6759
2025-10-19 17:54:50 | INFO | EM.print | epoch: 0010 loss_train: 5.2130 task_loss: 0.6689 cont_loss: 8.3161 adv_loss: 0.6762 auroc_train: 0.5419 auprc_train: 0.5267 precision_train: 0.5283 recall_train: 0.5398 f1_train: 0.5340 cm_train: (tn=1106, fp=1035, fn=988, tp=1159)
2025-10-19 17:54:50 | INFO | EM.print | Optimization Finished!
2025-10-19 17:54:50 | INFO | EM.result.save | Saved result text: /root/OUTPUT/result/LDA_stageA_eps0.008_steps3_data_20251019_175214/metrics/train_epoch_metrics_fold_2_20251019_175214.csv.txt
2025-10-19 17:54:50 | INFO | EM.print | [SAVE] Per-epoch train metrics saved: train_epoch_metrics_fold_2_20251019_175214.csv
2025-10-19 17:54:51 | INFO | EM.result.save | Saved result text: /root/OUTPUT/result/LDA_stageA_eps0.008_steps3_data_20251019_175214/metrics/threshold_scan_fold_2_20251019_175214.txt
2025-10-19 17:54:51 | INFO | EM.print | loss_test: 5.2020 auroc_test: 0.7893 auprc_test: 0.7786 precision_test: 0.6638 recall_test: 0.7652 f1_test: 0.7109 cm_test: (tn=315, fp=198, fn=120, tp=391)
2025-10-19 17:54:51 | INFO | EM | Fold 2 completed.
2025-10-19 17:54:51 | INFO | EM | === Fold 3/5 ===
2025-10-19 17:54:51 | INFO | EM.result.save | Saved result text: /root/OUTPUT/result/LDA_stageA_eps0.008_steps3_data_20251019_175214/metrics/adv_config_fold_3_20251019_175214.json.txt
2025-10-19 17:54:51 | INFO | EM.print | [SAVE] adv config saved: metrics/adv_config_fold_3_20251019_175214.json
2025-10-19 17:54:51 | INFO | EM.print | Start Training...
2025-10-19 17:54:51 | INFO | EM.print | -------- Epoch 1 --------
2025-10-19 17:54:51 | INFO | EM.print | [AUG][online][epoch=1][iter=0] start name=random_permute_features noise_std=0.01 mask_rate=0.1 seed=0
2025-10-19 17:54:51 | INFO | EM.print | [AUG][online][epoch=1][iter=0] done name=random_permute_features shape=(1140, 1140)
2025-10-19 17:54:51 | INFO | EM.print | [ONLINE-AUG] mode=online name=random_permute_features noise_std=0.01 mask_rate=0.1 base_seed=0
2025-10-19 17:54:51 | INFO | EM.print | epoch: 1/ iteration: 1/ loss_train: 0.71367246 | task_loss:0.7029 cont_loss:0.0874 adv_loss:0.6987
2025-10-19 17:54:53 | INFO | EM.print | epoch: 0001 loss_train: 4.6018 task_loss: 0.4059 cont_loss: 7.9768 adv_loss: 0.0637 auroc_train: 0.8862 auprc_train: 0.8788 precision_train: 0.7834 recall_train: 0.7951 f1_train: 0.7893 cm_train: (tn=1674, fp=471, fn=439, tp=1704)
2025-10-19 17:54:53 | INFO | EM.print | -------- Epoch 2 --------
2025-10-19 17:54:53 | INFO | EM.print | [AUG][online][epoch=2][iter=0] start name=random_permute_features noise_std=0.01 mask_rate=0.1 seed=1000
2025-10-19 17:54:53 | INFO | EM.print | [AUG][online][epoch=2][iter=0] done name=random_permute_features shape=(1140, 1140)
2025-10-19 17:54:53 | INFO | EM.print | [ONLINE-AUG] mode=online name=random_permute_features noise_std=0.01 mask_rate=0.1 base_seed=0
2025-10-19 17:54:53 | INFO | EM.print | epoch: 2/ iteration: 1/ loss_train: 4.5463233 | task_loss:0.3019 cont_loss:7.9653 adv_loss:0.0591
2025-10-19 17:54:55 | INFO | EM.print | epoch: 0002 loss_train: 4.5329 task_loss: 0.4017 cont_loss: 7.8948 adv_loss: 0.0200 auroc_train: 0.9429 auprc_train: 0.9368 precision_train: 0.8553 recall_train: 0.8885 f1_train: 0.8716 cm_train: (tn=1823, fp=322, fn=239, tp=1904)
2025-10-19 17:54:55 | INFO | EM.print | -------- Epoch 3 --------
2025-10-19 17:54:55 | INFO | EM.print | [AUG][online][epoch=3][iter=0] start name=random_permute_features noise_std=0.01 mask_rate=0.1 seed=2000
2025-10-19 17:54:55 | INFO | EM.print | [AUG][online][epoch=3][iter=0] done name=random_permute_features shape=(1140, 1140)
2025-10-19 17:54:55 | INFO | EM.print | [ONLINE-AUG] mode=online name=random_permute_features noise_std=0.01 mask_rate=0.1 base_seed=0
2025-10-19 17:54:55 | INFO | EM.print | epoch: 3/ iteration: 1/ loss_train: 16.058342 | task_loss:1.0798 cont_loss:5.9400 adv_loss:24.6109
2025-10-19 17:55:01 | INFO | EM.print | epoch: 0003 loss_train: 5.2087 task_loss: 0.7006 cont_loss: 8.2501 adv_loss: 0.7118 auroc_train: 0.4558 auprc_train: 0.4567 precision_train: 0.4749 recall_train: 0.4578 f1_train: 0.4662 cm_train: (tn=1054, fp=1087, fn=1164, tp=983)
2025-10-19 17:55:01 | INFO | EM.print | -------- Epoch 4 --------
2025-10-19 17:55:01 | INFO | EM.print | [AUG][online][epoch=4][iter=0] start name=random_permute_features noise_std=0.01 mask_rate=0.1 seed=3000
2025-10-19 17:55:01 | INFO | EM.print | [AUG][online][epoch=4][iter=0] done name=random_permute_features shape=(1140, 1140)
2025-10-19 17:55:01 | INFO | EM.print | [ONLINE-AUG] mode=online name=random_permute_features noise_std=0.01 mask_rate=0.1 base_seed=0
2025-10-19 17:55:01 | INFO | EM.print | epoch: 4/ iteration: 1/ loss_train: 5.2124724 | task_loss:0.6933 cont_loss:8.2598 adv_loss:0.7151
2025-10-19 17:55:07 | INFO | EM.print | epoch: 0004 loss_train: 5.2311 task_loss: 0.6921 cont_loss: 8.3059 adv_loss: 0.7028 auroc_train: 0.4958 auprc_train: 0.4978 precision_train: 0.4961 recall_train: 0.4781 f1_train: 0.4869 cm_train: (tn=1103, fp=1041, fn=1119, tp=1025)
2025-10-19 17:55:07 | INFO | EM.print | -------- Epoch 5 --------
2025-10-19 17:55:07 | INFO | EM.print | [AUG][online][epoch=5][iter=0] start name=random_permute_features noise_std=0.01 mask_rate=0.1 seed=4000
2025-10-19 17:55:07 | INFO | EM.print | [AUG][online][epoch=5][iter=0] done name=random_permute_features shape=(1140, 1140)
2025-10-19 17:55:07 | INFO | EM.print | [ONLINE-AUG] mode=online name=random_permute_features noise_std=0.01 mask_rate=0.1 base_seed=0
2025-10-19 17:55:07 | INFO | EM.print | epoch: 5/ iteration: 1/ loss_train: 5.242702 | task_loss:0.6963 cont_loss:8.3136 adv_loss:0.7137
2025-10-19 17:55:14 | INFO | EM.print | epoch: 0005 loss_train: 5.2244 task_loss: 0.6915 cont_loss: 8.2989 adv_loss: 0.6976 auroc_train: 0.4902 auprc_train: 0.4954 precision_train: 0.4921 recall_train: 0.5249 f1_train: 0.5080 cm_train: (tn=981, fp=1162, fn=1019, tp=1126)
2025-10-19 17:55:14 | INFO | EM.print | -------- Epoch 6 --------
2025-10-19 17:55:14 | INFO | EM.print | [AUG][online][epoch=6][iter=0] start name=random_permute_features noise_std=0.01 mask_rate=0.1 seed=5000
2025-10-19 17:55:14 | INFO | EM.print | [AUG][online][epoch=6][iter=0] done name=random_permute_features shape=(1140, 1140)
2025-10-19 17:55:14 | INFO | EM.print | [ONLINE-AUG] mode=online name=random_permute_features noise_std=0.01 mask_rate=0.1 base_seed=0
2025-10-19 17:55:14 | INFO | EM.print | epoch: 6/ iteration: 1/ loss_train: 5.220782 | task_loss:0.6917 cont_loss:8.2902 adv_loss:0.6998
2025-10-19 17:55:20 | INFO | EM.print | epoch: 0006 loss_train: 5.2080 task_loss: 0.6895 cont_loss: 8.2760 adv_loss: 0.6919 auroc_train: 0.4999 auprc_train: 0.4934 precision_train: 0.4991 recall_train: 0.5056 f1_train: 0.5023 cm_train: (tn=1056, fp=1088, fn=1060, tp=1084)
2025-10-19 17:55:20 | INFO | EM.print | -------- Epoch 7 --------
2025-10-19 17:55:20 | INFO | EM.print | [AUG][online][epoch=7][iter=0] start name=random_permute_features noise_std=0.01 mask_rate=0.1 seed=6000
2025-10-19 17:55:20 | INFO | EM.print | [AUG][online][epoch=7][iter=0] done name=random_permute_features shape=(1140, 1140)
2025-10-19 17:55:20 | INFO | EM.print | [ONLINE-AUG] mode=online name=random_permute_features noise_std=0.01 mask_rate=0.1 base_seed=0
2025-10-19 17:55:20 | INFO | EM.print | epoch: 7/ iteration: 1/ loss_train: 5.2088146 | task_loss:0.6914 cont_loss:8.2765 adv_loss:0.6912
2025-10-19 17:55:26 | INFO | EM.print | epoch: 0007 loss_train: 5.1926 task_loss: 0.6805 cont_loss: 8.2604 adv_loss: 0.6864 auroc_train: 0.4928 auprc_train: 0.4898 precision_train: 0.4933 recall_train: 0.4618 f1_train: 0.4770 cm_train: (tn=1127, fp=1017, fn=1154, tp=990)
2025-10-19 17:55:26 | INFO | EM.print | -------- Epoch 8 --------
2025-10-19 17:55:26 | INFO | EM.print | [AUG][online][epoch=8][iter=0] start name=random_permute_features noise_std=0.01 mask_rate=0.1 seed=7000
2025-10-19 17:55:26 | INFO | EM.print | [AUG][online][epoch=8][iter=0] done name=random_permute_features shape=(1140, 1140)
2025-10-19 17:55:26 | INFO | EM.print | [ONLINE-AUG] mode=online name=random_permute_features noise_std=0.01 mask_rate=0.1 base_seed=0
2025-10-19 17:55:26 | INFO | EM.print | epoch: 8/ iteration: 1/ loss_train: 5.2095647 | task_loss:0.7118 cont_loss:8.2665 adv_loss:0.6853
2025-10-19 17:55:32 | INFO | EM.print | epoch: 0008 loss_train: 5.2402 task_loss: 0.7086 cont_loss: 8.3130 adv_loss: 0.6984 auroc_train: 0.4945 auprc_train: 0.4911 precision_train: 0.4986 recall_train: 0.4921 f1_train: 0.4953 cm_train: (tn=1083, fp=1061, fn=1089, tp=1055)
2025-10-19 17:55:32 | INFO | EM.print | -------- Epoch 9 --------
2025-10-19 17:55:32 | INFO | EM.print | [AUG][online][epoch=9][iter=0] start name=random_permute_features noise_std=0.01 mask_rate=0.1 seed=8000
2025-10-19 17:55:32 | INFO | EM.print | [AUG][online][epoch=9][iter=0] done name=random_permute_features shape=(1140, 1140)
2025-10-19 17:55:32 | INFO | EM.print | [ONLINE-AUG] mode=online name=random_permute_features noise_std=0.01 mask_rate=0.1 base_seed=0
2025-10-19 17:55:32 | INFO | EM.print | epoch: 9/ iteration: 1/ loss_train: 5.2282643 | task_loss:0.6949 cont_loss:8.3113 adv_loss:0.6886
2025-10-19 17:55:38 | INFO | EM.print | epoch: 0009 loss_train: 5.1821 task_loss: 0.7048 cont_loss: 8.2142 adv_loss: 0.6942 auroc_train: 0.4974 auprc_train: 0.4953 precision_train: 0.4927 recall_train: 0.5187 f1_train: 0.5053 cm_train: (tn=1005, fp=1143, fn=1030, tp=1110)
2025-10-19 17:55:38 | INFO | EM.print | -------- Epoch 10 --------
2025-10-19 17:55:38 | INFO | EM.print | [AUG][online][epoch=10][iter=0] start name=random_permute_features noise_std=0.01 mask_rate=0.1 seed=9000
2025-10-19 17:55:38 | INFO | EM.print | [AUG][online][epoch=10][iter=0] done name=random_permute_features shape=(1140, 1140)
2025-10-19 17:55:38 | INFO | EM.print | [ONLINE-AUG] mode=online name=random_permute_features noise_std=0.01 mask_rate=0.1 base_seed=0
2025-10-19 17:55:38 | INFO | EM.print | epoch: 10/ iteration: 1/ loss_train: 5.199508 | task_loss:0.6988 cont_loss:8.2472 adv_loss:0.6982
2025-10-19 17:55:44 | INFO | EM.print | epoch: 0010 loss_train: 5.2042 task_loss: 0.6933 cont_loss: 8.2708 adv_loss: 0.6865 auroc_train: 0.4807 auprc_train: 0.4851 precision_train: 0.4849 recall_train: 0.4358 f1_train: 0.4591 cm_train: (tn=1153, fp=992, fn=1209, tp=934)
2025-10-19 17:55:44 | INFO | EM.print | Optimization Finished!
2025-10-19 17:55:44 | INFO | EM.result.save | Saved result text: /root/OUTPUT/result/LDA_stageA_eps0.008_steps3_data_20251019_175214/metrics/train_epoch_metrics_fold_3_20251019_175214.csv.txt
2025-10-19 17:55:44 | INFO | EM.print | [SAVE] Per-epoch train metrics saved: train_epoch_metrics_fold_3_20251019_175214.csv
2025-10-19 17:55:45 | INFO | EM.result.save | Saved result text: /root/OUTPUT/result/LDA_stageA_eps0.008_steps3_data_20251019_175214/metrics/threshold_scan_fold_3_20251019_175214.txt
2025-10-19 17:55:45 | INFO | EM.print | loss_test: 5.2094 auroc_test: 0.7975 auprc_test: 0.7765 precision_test: 0.4990 recall_test: 1.0000 f1_test: 0.6658 cm_test: (tn=0, fp=513, fn=0, tp=511)
2025-10-19 17:55:45 | INFO | EM | Fold 3 completed.
2025-10-19 17:55:45 | INFO | EM | === Fold 4/5 ===
2025-10-19 17:55:45 | INFO | EM.result.save | Saved result text: /root/OUTPUT/result/LDA_stageA_eps0.008_steps3_data_20251019_175214/metrics/adv_config_fold_4_20251019_175214.json.txt
2025-10-19 17:55:45 | INFO | EM.print | [SAVE] adv config saved: metrics/adv_config_fold_4_20251019_175214.json
2025-10-19 17:55:45 | INFO | EM.print | Start Training...
2025-10-19 17:55:45 | INFO | EM.print | -------- Epoch 1 --------
2025-10-19 17:55:45 | INFO | EM.print | [AUG][online][epoch=1][iter=0] start name=random_permute_features noise_std=0.01 mask_rate=0.1 seed=0
2025-10-19 17:55:45 | INFO | EM.print | [AUG][online][epoch=1][iter=0] done name=random_permute_features shape=(1140, 1140)
2025-10-19 17:55:45 | INFO | EM.print | [ONLINE-AUG] mode=online name=random_permute_features noise_std=0.01 mask_rate=0.1 base_seed=0
2025-10-19 17:55:45 | INFO | EM.print | epoch: 1/ iteration: 1/ loss_train: 0.8777167 | task_loss:0.7801 cont_loss:0.0487 adv_loss:0.9998
2025-10-19 17:55:47 | INFO | EM.print | epoch: 0001 loss_train: 4.6933 task_loss: 0.2601 cont_loss: 8.0807 adv_loss: 0.2637 auroc_train: 0.8583 auprc_train: 0.8479 precision_train: 0.7516 recall_train: 0.7841 f1_train: 0.7675 cm_train: (tn=1587, fp=556, fn=463, tp=1682)
2025-10-19 17:55:47 | INFO | EM.print | -------- Epoch 2 --------
2025-10-19 17:55:47 | INFO | EM.print | [AUG][online][epoch=2][iter=0] start name=random_permute_features noise_std=0.01 mask_rate=0.1 seed=1000
2025-10-19 17:55:47 | INFO | EM.print | [AUG][online][epoch=2][iter=0] done name=random_permute_features shape=(1140, 1140)
2025-10-19 17:55:47 | INFO | EM.print | [ONLINE-AUG] mode=online name=random_permute_features noise_std=0.01 mask_rate=0.1 base_seed=0
2025-10-19 17:55:47 | INFO | EM.print | epoch: 2/ iteration: 1/ loss_train: 4.697394 | task_loss:0.2856 cont_loss:8.0757 adv_loss:0.2544
2025-10-19 17:55:49 | INFO | EM.print | epoch: 0002 loss_train: 4.5003 task_loss: 0.2579 cont_loss: 7.9377 adv_loss: 0.0371 auroc_train: 0.9446 auprc_train: 0.9402 precision_train: 0.8612 recall_train: 0.8805 f1_train: 0.8707 cm_train: (tn=1842, fp=304, fn=256, tp=1886)
2025-10-19 17:55:49 | INFO | EM.print | -------- Epoch 3 --------
2025-10-19 17:55:49 | INFO | EM.print | [AUG][online][epoch=3][iter=0] start name=random_permute_features noise_std=0.01 mask_rate=0.1 seed=2000
2025-10-19 17:55:49 | INFO | EM.print | [AUG][online][epoch=3][iter=0] done name=random_permute_features shape=(1140, 1140)
2025-10-19 17:55:49 | INFO | EM.print | [ONLINE-AUG] mode=online name=random_permute_features noise_std=0.01 mask_rate=0.1 base_seed=0
2025-10-19 17:55:49 | INFO | EM.print | epoch: 3/ iteration: 1/ loss_train: 14.410511 | task_loss:1.4706 cont_loss:5.9258 adv_loss:20.9791
2025-10-19 17:55:56 | INFO | EM.print | epoch: 0003 loss_train: 5.2298 task_loss: 0.7179 cont_loss: 8.2697 adv_loss: 0.7169 auroc_train: 0.4389 auprc_train: 0.4591 precision_train: 0.4648 recall_train: 0.4704 f1_train: 0.4676 cm_train: (tn=981, fp=1162, fn=1136, tp=1009)
2025-10-19 17:55:56 | INFO | EM.print | -------- Epoch 4 --------
2025-10-19 17:55:56 | INFO | EM.print | [AUG][online][epoch=4][iter=0] start name=random_permute_features noise_std=0.01 mask_rate=0.1 seed=3000
2025-10-19 17:55:56 | INFO | EM.print | [AUG][online][epoch=4][iter=0] done name=random_permute_features shape=(1140, 1140)
2025-10-19 17:55:56 | INFO | EM.print | [ONLINE-AUG] mode=online name=random_permute_features noise_std=0.01 mask_rate=0.1 base_seed=0
2025-10-19 17:55:56 | INFO | EM.print | epoch: 4/ iteration: 1/ loss_train: 5.235206 | task_loss:0.6845 cont_loss:8.3206 adv_loss:0.7017
2025-10-19 17:56:03 | INFO | EM.print | epoch: 0004 loss_train: 5.2273 task_loss: 0.6929 cont_loss: 8.3047 adv_loss: 0.6958 auroc_train: 0.5132 auprc_train: 0.5100 precision_train: 0.5140 recall_train: 0.4979 f1_train: 0.5058 cm_train: (tn=1133, fp=1010, fn=1077, tp=1068)
2025-10-19 17:56:03 | INFO | EM.print | -------- Epoch 5 --------
2025-10-19 17:56:03 | INFO | EM.print | [AUG][online][epoch=5][iter=0] start name=random_permute_features noise_std=0.01 mask_rate=0.1 seed=4000
2025-10-19 17:56:03 | INFO | EM.print | [AUG][online][epoch=5][iter=0] done name=random_permute_features shape=(1140, 1140)
2025-10-19 17:56:03 | INFO | EM.print | [ONLINE-AUG] mode=online name=random_permute_features noise_std=0.01 mask_rate=0.1 base_seed=0
2025-10-19 17:56:03 | INFO | EM.print | epoch: 5/ iteration: 1/ loss_train: 5.2298603 | task_loss:0.6950 cont_loss:8.3077 adv_loss:0.6957
2025-10-19 17:56:10 | INFO | EM.print | epoch: 0005 loss_train: 5.2118 task_loss: 0.6893 cont_loss: 8.2831 adv_loss: 0.6918 auroc_train: 0.5034 auprc_train: 0.5068 precision_train: 0.5009 recall_train: 0.5445 f1_train: 0.5218 cm_train: (tn=979, fp=1164, fn=977, tp=1168)
2025-10-19 17:56:10 | INFO | EM.print | -------- Epoch 6 --------
2025-10-19 17:56:10 | INFO | EM.print | [AUG][online][epoch=6][iter=0] start name=random_permute_features noise_std=0.01 mask_rate=0.1 seed=5000
2025-10-19 17:56:10 | INFO | EM.print | [AUG][online][epoch=6][iter=0] done name=random_permute_features shape=(1140, 1140)
2025-10-19 17:56:10 | INFO | EM.print | [ONLINE-AUG] mode=online name=random_permute_features noise_std=0.01 mask_rate=0.1 base_seed=0
2025-10-19 17:56:10 | INFO | EM.print | epoch: 6/ iteration: 1/ loss_train: 5.2072425 | task_loss:0.6965 cont_loss:8.2714 adv_loss:0.6891
2025-10-19 17:56:17 | INFO | EM.print | epoch: 0006 loss_train: 5.2240 task_loss: 0.6924 cont_loss: 8.3069 adv_loss: 0.6872 auroc_train: 0.4887 auprc_train: 0.4916 precision_train: 0.4915 recall_train: 0.4739 f1_train: 0.4826 cm_train: (tn=1087, fp=1053, fn=1130, tp=1018)
2025-10-19 17:56:17 | INFO | EM.print | -------- Epoch 7 --------
2025-10-19 17:56:17 | INFO | EM.print | [AUG][online][epoch=7][iter=0] start name=random_permute_features noise_std=0.01 mask_rate=0.1 seed=6000
2025-10-19 17:56:17 | INFO | EM.print | [AUG][online][epoch=7][iter=0] done name=random_permute_features shape=(1140, 1140)
2025-10-19 17:56:17 | INFO | EM.print | [ONLINE-AUG] mode=online name=random_permute_features noise_std=0.01 mask_rate=0.1 base_seed=0
2025-10-19 17:56:17 | INFO | EM.print | epoch: 7/ iteration: 1/ loss_train: 5.2210054 | task_loss:0.6959 cont_loss:8.2992 adv_loss:0.6866
2025-10-19 17:56:24 | INFO | EM.print | epoch: 0007 loss_train: 5.2298 task_loss: 0.6945 cont_loss: 8.3138 adv_loss: 0.6894 auroc_train: 0.4983 auprc_train: 0.4908 precision_train: 0.4985 recall_train: 0.5552 f1_train: 0.5254 cm_train: (tn=945, fp=1198, fn=954, tp=1191)
2025-10-19 17:56:24 | INFO | EM.print | -------- Epoch 8 --------
2025-10-19 17:56:24 | INFO | EM.print | [AUG][online][epoch=8][iter=0] start name=random_permute_features noise_std=0.01 mask_rate=0.1 seed=7000
2025-10-19 17:56:24 | INFO | EM.print | [AUG][online][epoch=8][iter=0] done name=random_permute_features shape=(1140, 1140)
2025-10-19 17:56:24 | INFO | EM.print | [ONLINE-AUG] mode=online name=random_permute_features noise_std=0.01 mask_rate=0.1 base_seed=0
2025-10-19 17:56:24 | INFO | EM.print | epoch: 8/ iteration: 1/ loss_train: 5.2255173 | task_loss:0.6937 cont_loss:8.3125 adv_loss:0.6829
2025-10-19 17:56:30 | INFO | EM.print | epoch: 0008 loss_train: 5.2170 task_loss: 0.6748 cont_loss: 8.3164 adv_loss: 0.6787 auroc_train: 0.5254 auprc_train: 0.5292 precision_train: 0.5079 recall_train: 0.5363 f1_train: 0.5218 cm_train: (tn=1027, fp=1115, fn=995, tp=1151)
2025-10-19 17:56:30 | INFO | EM.print | -------- Epoch 9 --------
2025-10-19 17:56:30 | INFO | EM.print | [AUG][online][epoch=9][iter=0] start name=random_permute_features noise_std=0.01 mask_rate=0.1 seed=8000
2025-10-19 17:56:30 | INFO | EM.print | [AUG][online][epoch=9][iter=0] done name=random_permute_features shape=(1140, 1140)
2025-10-19 17:56:30 | INFO | EM.print | [ONLINE-AUG] mode=online name=random_permute_features noise_std=0.01 mask_rate=0.1 base_seed=0
2025-10-19 17:56:31 | INFO | EM.print | epoch: 9/ iteration: 1/ loss_train: 5.2208495 | task_loss:0.6957 cont_loss:8.3159 adv_loss:0.6681
2025-10-19 17:56:37 | INFO | EM.print | epoch: 0009 loss_train: 5.2103 task_loss: 0.6925 cont_loss: 8.3001 adv_loss: 0.6673 auroc_train: 0.5656 auprc_train: 0.5371 precision_train: 0.5386 recall_train: 0.6118 f1_train: 0.5729 cm_train: (tn=1017, fp=1125, fn=833, tp=1313)
2025-10-19 17:56:37 | INFO | EM.print | -------- Epoch 10 --------
2025-10-19 17:56:37 | INFO | EM.print | [AUG][online][epoch=10][iter=0] start name=random_permute_features noise_std=0.01 mask_rate=0.1 seed=9000
2025-10-19 17:56:37 | INFO | EM.print | [AUG][online][epoch=10][iter=0] done name=random_permute_features shape=(1140, 1140)
2025-10-19 17:56:37 | INFO | EM.print | [ONLINE-AUG] mode=online name=random_permute_features noise_std=0.01 mask_rate=0.1 base_seed=0
2025-10-19 17:56:37 | INFO | EM.print | epoch: 10/ iteration: 1/ loss_train: 5.193985 | task_loss:0.6628 cont_loss:8.2917 adv_loss:0.6706
2025-10-19 17:56:43 | INFO | EM.print | epoch: 0010 loss_train: 5.1209 task_loss: 0.6264 cont_loss: 8.1792 adv_loss: 0.6810 auroc_train: 0.6283 auprc_train: 0.5915 precision_train: 0.5777 recall_train: 0.7629 f1_train: 0.6576 cm_train: (tn=950, fp=1195, fn=508, tp=1635)
2025-10-19 17:56:43 | INFO | EM.print | Optimization Finished!
2025-10-19 17:56:43 | INFO | EM.result.save | Saved result text: /root/OUTPUT/result/LDA_stageA_eps0.008_steps3_data_20251019_175214/metrics/train_epoch_metrics_fold_4_20251019_175214.csv.txt
2025-10-19 17:56:43 | INFO | EM.print | [SAVE] Per-epoch train metrics saved: train_epoch_metrics_fold_4_20251019_175214.csv
2025-10-19 17:56:43 | INFO | EM.result.save | Saved result text: /root/OUTPUT/result/LDA_stageA_eps0.008_steps3_data_20251019_175214/metrics/threshold_scan_fold_4_20251019_175214.txt
2025-10-19 17:56:43 | INFO | EM.print | loss_test: 5.1135 auroc_test: 0.8255 auprc_test: 0.8045 precision_test: 0.6331 recall_test: 0.8696 f1_test: 0.7328 cm_test: (tn=251, fp=259, fn=67, tp=447)
2025-10-19 17:56:43 | INFO | EM | Fold 4 completed.
2025-10-19 17:56:43 | INFO | EM | === Fold 5/5 ===
2025-10-19 17:56:43 | INFO | EM.result.save | Saved result text: /root/OUTPUT/result/LDA_stageA_eps0.008_steps3_data_20251019_175214/metrics/adv_config_fold_5_20251019_175214.json.txt
2025-10-19 17:56:43 | INFO | EM.print | [SAVE] adv config saved: metrics/adv_config_fold_5_20251019_175214.json
2025-10-19 17:56:43 | INFO | EM.print | Start Training...
2025-10-19 17:56:43 | INFO | EM.print | -------- Epoch 1 --------
2025-10-19 17:56:44 | INFO | EM.print | [AUG][online][epoch=1][iter=0] start name=random_permute_features noise_std=0.01 mask_rate=0.1 seed=0
2025-10-19 17:56:44 | INFO | EM.print | [AUG][online][epoch=1][iter=0] done name=random_permute_features shape=(1140, 1140)
2025-10-19 17:56:44 | INFO | EM.print | [ONLINE-AUG] mode=online name=random_permute_features noise_std=0.01 mask_rate=0.1 base_seed=0
2025-10-19 17:56:44 | INFO | EM.print | epoch: 1/ iteration: 1/ loss_train: 0.72205865 | task_loss:0.6827 cont_loss:0.0922 adv_loss:0.7283
2025-10-19 17:56:45 | INFO | EM.print | epoch: 0001 loss_train: 4.6751 task_loss: 0.3688 cont_loss: 8.0567 adv_loss: 0.1560 auroc_train: 0.8975 auprc_train: 0.8891 precision_train: 0.8024 recall_train: 0.8256 f1_train: 0.8138 cm_train: (tn=1708, fp=436, fn=374, tp=1770)
2025-10-19 17:56:45 | INFO | EM.print | -------- Epoch 2 --------
2025-10-19 17:56:45 | INFO | EM.print | [AUG][online][epoch=2][iter=0] start name=random_permute_features noise_std=0.01 mask_rate=0.1 seed=1000
2025-10-19 17:56:45 | INFO | EM.print | [AUG][online][epoch=2][iter=0] done name=random_permute_features shape=(1140, 1140)
2025-10-19 17:56:45 | INFO | EM.print | [ONLINE-AUG] mode=online name=random_permute_features noise_std=0.01 mask_rate=0.1 base_seed=0
2025-10-19 17:56:45 | INFO | EM.print | epoch: 2/ iteration: 1/ loss_train: 4.612439 | task_loss:0.2488 cont_loss:8.0581 adv_loss:0.1371
2025-10-19 17:56:47 | INFO | EM.print | epoch: 0002 loss_train: 4.5068 task_loss: 0.3033 cont_loss: 7.9194 adv_loss: 0.0292 auroc_train: 0.9468 auprc_train: 0.9448 precision_train: 0.8681 recall_train: 0.8847 f1_train: 0.8764 cm_train: (tn=1857, fp=288, fn=247, tp=1896)
2025-10-19 17:56:47 | INFO | EM.print | -------- Epoch 3 --------
2025-10-19 17:56:47 | INFO | EM.print | [AUG][online][epoch=3][iter=0] start name=random_permute_features noise_std=0.01 mask_rate=0.1 seed=2000
2025-10-19 17:56:47 | INFO | EM.print | [AUG][online][epoch=3][iter=0] done name=random_permute_features shape=(1140, 1140)
2025-10-19 17:56:47 | INFO | EM.print | [ONLINE-AUG] mode=online name=random_permute_features noise_std=0.01 mask_rate=0.1 base_seed=0
2025-10-19 17:56:47 | INFO | EM.print | epoch: 3/ iteration: 1/ loss_train: 15.555533 | task_loss:2.0707 cont_loss:6.4127 adv_loss:22.1934
2025-10-19 17:56:53 | INFO | EM.print | epoch: 0003 loss_train: 5.1972 task_loss: 0.6995 cont_loss: 8.2323 adv_loss: 0.7094 auroc_train: 0.4409 auprc_train: 0.4514 precision_train: 0.4661 recall_train: 0.4911 f1_train: 0.4783 cm_train: (tn=941, fp=1205, fn=1090, tp=1052)
2025-10-19 17:56:53 | INFO | EM.print | -------- Epoch 4 --------
2025-10-19 17:56:53 | INFO | EM.print | [AUG][online][epoch=4][iter=0] start name=random_permute_features noise_std=0.01 mask_rate=0.1 seed=3000
2025-10-19 17:56:53 | INFO | EM.print | [AUG][online][epoch=4][iter=0] done name=random_permute_features shape=(1140, 1140)
2025-10-19 17:56:53 | INFO | EM.print | [ONLINE-AUG] mode=online name=random_permute_features noise_std=0.01 mask_rate=0.1 base_seed=0
2025-10-19 17:56:53 | INFO | EM.print | epoch: 4/ iteration: 1/ loss_train: 5.1978054 | task_loss:0.6915 cont_loss:8.2393 adv_loss:0.7101
2025-10-19 17:56:59 | INFO | EM.print | epoch: 0004 loss_train: 5.2183 task_loss: 0.7237 cont_loss: 8.2584 adv_loss: 0.7010 auroc_train: 0.4922 auprc_train: 0.4946 precision_train: 0.4879 recall_train: 0.4879 f1_train: 0.4879 cm_train: (tn=1043, fp=1099, fn=1099, tp=1047)
2025-10-19 17:56:59 | INFO | EM.print | -------- Epoch 5 --------
2025-10-19 17:56:59 | INFO | EM.print | [AUG][online][epoch=5][iter=0] start name=random_permute_features noise_std=0.01 mask_rate=0.1 seed=4000
2025-10-19 17:56:59 | INFO | EM.print | [AUG][online][epoch=5][iter=0] done name=random_permute_features shape=(1140, 1140)
2025-10-19 17:56:59 | INFO | EM.print | [ONLINE-AUG] mode=online name=random_permute_features noise_std=0.01 mask_rate=0.1 base_seed=0
2025-10-19 17:56:59 | INFO | EM.print | epoch: 5/ iteration: 1/ loss_train: 5.2338934 | task_loss:0.7030 cont_loss:8.3006 adv_loss:0.7044
2025-10-19 17:57:05 | INFO | EM.print | epoch: 0005 loss_train: 5.2308 task_loss: 0.6927 cont_loss: 8.3093 adv_loss: 0.6980 auroc_train: 0.4986 auprc_train: 0.4931 precision_train: 0.5040 recall_train: 0.4398 f1_train: 0.4697 cm_train: (tn=1216, fp=928, fn=1201, tp=943)
2025-10-19 17:57:05 | INFO | EM.print | -------- Epoch 6 --------
2025-10-19 17:57:05 | INFO | EM.print | [AUG][online][epoch=6][iter=0] start name=random_permute_features noise_std=0.01 mask_rate=0.1 seed=5000
2025-10-19 17:57:05 | INFO | EM.print | [AUG][online][epoch=6][iter=0] done name=random_permute_features shape=(1140, 1140)
2025-10-19 17:57:05 | INFO | EM.print | [ONLINE-AUG] mode=online name=random_permute_features noise_std=0.01 mask_rate=0.1 base_seed=0
2025-10-19 17:57:05 | INFO | EM.print | epoch: 6/ iteration: 1/ loss_train: 5.220582 | task_loss:0.6941 cont_loss:8.2932 adv_loss:0.6939
2025-10-19 17:57:11 | INFO | EM.print | epoch: 0006 loss_train: 5.2115 task_loss: 0.6911 cont_loss: 8.2789 adv_loss: 0.6942 auroc_train: 0.4937 auprc_train: 0.4906 precision_train: 0.4986 recall_train: 0.5668 f1_train: 0.5305 cm_train: (tn=917, fp=1224, fn=930, tp=1217)
2025-10-19 17:57:11 | INFO | EM.print | -------- Epoch 7 --------
2025-10-19 17:57:11 | INFO | EM.print | [AUG][online][epoch=7][iter=0] start name=random_permute_features noise_std=0.01 mask_rate=0.1 seed=6000
2025-10-19 17:57:11 | INFO | EM.print | [AUG][online][epoch=7][iter=0] done name=random_permute_features shape=(1140, 1140)
2025-10-19 17:57:11 | INFO | EM.print | [ONLINE-AUG] mode=online name=random_permute_features noise_std=0.01 mask_rate=0.1 base_seed=0
2025-10-19 17:57:12 | INFO | EM.print | epoch: 7/ iteration: 1/ loss_train: 5.2168994 | task_loss:0.6895 cont_loss:8.2913 adv_loss:0.6928
2025-10-19 17:57:18 | INFO | EM.print | epoch: 0007 loss_train: 5.2242 task_loss: 0.6994 cont_loss: 8.2950 adv_loss: 0.6945 auroc_train: 0.4988 auprc_train: 0.4972 precision_train: 0.4998 recall_train: 0.6555 f1_train: 0.5672 cm_train: (tn=736, fp=1407, fn=739, tp=1406)
2025-10-19 17:57:18 | INFO | EM.print | -------- Epoch 8 --------
2025-10-19 17:57:18 | INFO | EM.print | [AUG][online][epoch=8][iter=0] start name=random_permute_features noise_std=0.01 mask_rate=0.1 seed=7000
2025-10-19 17:57:18 | INFO | EM.print | [AUG][online][epoch=8][iter=0] done name=random_permute_features shape=(1140, 1140)
2025-10-19 17:57:18 | INFO | EM.print | [ONLINE-AUG] mode=online name=random_permute_features noise_std=0.01 mask_rate=0.1 base_seed=0
2025-10-19 17:57:18 | INFO | EM.print | epoch: 8/ iteration: 1/ loss_train: 5.2337174 | task_loss:0.6970 cont_loss:8.3096 adv_loss:0.6996
2025-10-19 17:57:25 | INFO | EM.print | epoch: 0008 loss_train: 5.2160 task_loss: 0.6955 cont_loss: 8.2846 adv_loss: 0.6929 auroc_train: 0.4921 auprc_train: 0.4890 precision_train: 0.4979 recall_train: 0.6021 f1_train: 0.5451 cm_train: (tn=842, fp=1302, fn=853, tp=1291)
2025-10-19 17:57:25 | INFO | EM.print | -------- Epoch 9 --------
2025-10-19 17:57:25 | INFO | EM.print | [AUG][online][epoch=9][iter=0] start name=random_permute_features noise_std=0.01 mask_rate=0.1 seed=8000
2025-10-19 17:57:25 | INFO | EM.print | [AUG][online][epoch=9][iter=0] done name=random_permute_features shape=(1140, 1140)
2025-10-19 17:57:25 | INFO | EM.print | [ONLINE-AUG] mode=online name=random_permute_features noise_std=0.01 mask_rate=0.1 base_seed=0
2025-10-19 17:57:25 | INFO | EM.print | epoch: 9/ iteration: 1/ loss_train: 5.2206283 | task_loss:0.6952 cont_loss:8.2957 adv_loss:0.6903
2025-10-19 17:57:32 | INFO | EM.print | epoch: 0009 loss_train: 5.2160 task_loss: 0.6942 cont_loss: 8.2892 adv_loss: 0.6892 auroc_train: 0.4855 auprc_train: 0.4934 precision_train: 0.4922 recall_train: 0.4839 f1_train: 0.4880 cm_train: (tn=1075, fp=1070, fn=1106, tp=1037)
2025-10-19 17:57:32 | INFO | EM.print | -------- Epoch 10 --------
2025-10-19 17:57:32 | INFO | EM.print | [AUG][online][epoch=10][iter=0] start name=random_permute_features noise_std=0.01 mask_rate=0.1 seed=9000
2025-10-19 17:57:32 | INFO | EM.print | [AUG][online][epoch=10][iter=0] done name=random_permute_features shape=(1140, 1140)
2025-10-19 17:57:32 | INFO | EM.print | [ONLINE-AUG] mode=online name=random_permute_features noise_std=0.01 mask_rate=0.1 base_seed=0
2025-10-19 17:57:32 | INFO | EM.print | epoch: 10/ iteration: 1/ loss_train: 5.2134504 | task_loss:0.6859 cont_loss:8.2941 adv_loss:0.6861
2025-10-19 17:57:39 | INFO | EM.print | epoch: 0010 loss_train: 5.2158 task_loss: 0.6920 cont_loss: 8.2930 adv_loss: 0.6864 auroc_train: 0.5074 auprc_train: 0.5070 precision_train: 0.5067 recall_train: 0.5142 f1_train: 0.5104 cm_train: (tn=1072, fp=1073, fn=1041, tp=1102)
2025-10-19 17:57:39 | INFO | EM.print | Optimization Finished!
2025-10-19 17:57:39 | INFO | EM.result.save | Saved result text: /root/OUTPUT/result/LDA_stageA_eps0.008_steps3_data_20251019_175214/metrics/train_epoch_metrics_fold_5_20251019_175214.csv.txt
2025-10-19 17:57:39 | INFO | EM.print | [SAVE] Per-epoch train metrics saved: train_epoch_metrics_fold_5_20251019_175214.csv
2025-10-19 17:57:40 | INFO | EM.result.save | Saved result text: /root/OUTPUT/result/LDA_stageA_eps0.008_steps3_data_20251019_175214/metrics/threshold_scan_fold_5_20251019_175214.txt
2025-10-19 17:57:40 | INFO | EM.print | loss_test: 5.2112 auroc_test: 0.7885 auprc_test: 0.8360 precision_test: 0.9695 recall_test: 0.3099 f1_test: 0.4697 cm_test: (tn=506, fp=5, fn=354, tp=159)
2025-10-19 17:57:40 | INFO | EM | Fold 5 completed.
2025-10-19 17:57:40 | INFO | EM | === 5-Fold Cross Validation Results ===
2025-10-19 17:57:40 | INFO | EM | AUROC: 0.7941 ± 0.0182
2025-10-19 17:57:40 | INFO | EM | AUPRC: 0.7982 ± 0.0216
2025-10-19 17:57:40 | INFO | EM | F1-Score: 0.6541 ± 0.0948
2025-10-19 17:57:40 | INFO | EM | Loss: 5.1901 ± 0.0385
2025-10-19 17:57:40 | INFO | EM.result.save | Saved result text: /root/OUTPUT/result/LDA_stageA_eps0.008_steps3_data_20251019_175214/result_summary_20251019_175214.txt
2025-10-19 17:57:40 | INFO | EM | Detailed Results:
2025-10-19 17:57:40 | INFO | EM | Fold 1: AUROC=0.7696, AUPRC=0.7956, F1=0.6915
2025-10-19 17:57:40 | INFO | EM | Fold 2: AUROC=0.7893, AUPRC=0.7786, F1=0.7109
2025-10-19 17:57:40 | INFO | EM | Fold 3: AUROC=0.7975, AUPRC=0.7765, F1=0.6658
2025-10-19 17:57:40 | INFO | EM | Fold 4: AUROC=0.8255, AUPRC=0.8045, F1=0.7328
2025-10-19 17:57:40 | INFO | EM | Fold 5: AUROC=0.7885, AUPRC=0.8360, F1=0.4697
2025-10-19 17:57:40 | INFO | EM.result.save | Saved result text: /root/OUTPUT/result/LDA_stageA_eps0.008_steps3_data_20251019_175214/per_fold_20251019_175214.txt
2025-10-19 17:57:40 | INFO | EM.result.save | Saved result text: /root/OUTPUT/result/LDA_stageA_eps0.008_steps3_data_20251019_175214/metrics/result_extra_20251019_175214.txt
2025-10-19 17:57:40 | INFO | EM | Precision: 0.6682 ± 0.1608
2025-10-19 17:57:40 | INFO | EM | Recall: 0.7621 ± 0.2381
2025-10-19 17:57:40 | INFO | EM | Confusion Matrix (sum): tn=1254, fp=1303, fn=610, tp=1953
2025-10-19 17:57:40 | INFO | EM | All folds completed!
2025-10-19 17:57:40 | INFO | EM | ================================================================================
2025-10-19 17:57:40 | INFO | EM | RUN END   | run_id=20251019_175214 | run_name=LDA_stageA_eps0.008_steps3
2025-10-19 17:57:40 | INFO | EM | RESULT DIR: /root/OUTPUT/result/LDA_stageA_eps0.008_steps3_data_20251019_175214
2025-10-19 17:57:40 | INFO | EM | ================================================================================
