2025-10-19 18:57:33 | INFO | EM | ================================================================================
2025-10-19 18:57:33 | INFO | EM | RUN START | run_id=20251019_185733 | run_name=LMI_stageA_eps0.015_steps3
2025-10-19 18:57:33 | INFO | EM | COMMAND: /root/miniconda3/bin/python /root/hyperparameter-tuning/main.py --task_type LMI --run_name LMI_stageA_eps0.015_steps3 --feature_type one_hot --batch 64 --lr 0.0005 --weight_decay 0.0005 --dropout 0.05 --epochs 10 --augment_mode online --moco_queue 4096 --moco_momentum 0.99 --moco_t 0.07 --loss_ratio1 0.45 --loss_ratio2 0.55 --loss_ratio3 0.5 --enable_threshold_scan true --threshold_min 0.35 --threshold_max 0.65 --threshold_step 0.01 --enable_temp_scaling true --temp_grid_min 0.5 --temp_grid_max 3.0 --temp_grid_num 26 --adv_warmup_end 3 --adv_mode mgraph --adv_norm linf --adv_rand_init true --adv_project true --adv_on_moco true --adv_eps 0.015 --adv_alpha 0.005 --adv_steps 3
2025-10-19 18:57:33 | INFO | EM | ================================================================================
2025-10-19 18:57:33 | INFO | EM.result | Result directory: /root/OUTPUT/result/LMI_stageA_eps0.015_steps3_data_20251019_185733
2025-10-19 18:57:33 | INFO | EM | Initialized logging and result directory.
2025-10-19 18:57:33 | INFO | EM | Using CUDA: True
2025-10-19 18:57:33 | INFO | EM | CUDA device count: 1
2025-10-19 18:57:33 | INFO | EM | Current CUDA device: 0
2025-10-19 18:57:33 | INFO | EM | CUDA device name: NVIDIA GeForce RTX 4090
2025-10-19 18:57:33 | INFO | EM | === Augmentation Config ===
2025-10-19 18:57:33 | INFO | EM | [AUG CONFIG] Multiple augmentations detected: random_permute_features, attribute_mask, noise_then_mask
2025-10-19 18:57:33 | INFO | EM | augment=random_permute_features,attribute_mask,noise_then_mask | mode=online | noise_std=0.01 | mask_rate=0.1 | augment_seed=None (None means seed+fold for static)
2025-10-19 18:57:33 | INFO | EM | ===========================
2025-10-19 18:57:33 | INFO | EM | Loading dataset1/LDA.edgelist seed0 dataset...
2025-10-19 18:57:33 | INFO | EM | Selected cross_validation type: 5_cv1
2025-10-19 18:57:33 | INFO | EM | Selected task_type: LMI
2025-10-19 18:57:33 | INFO | EM | Selected feature_type: one_hot
2025-10-19 18:57:33 | INFO | EM | Selected embed_dim: N/A
2025-10-19 18:57:33 | INFO | EM | Selected learning_rate: N/A
2025-10-19 18:57:33 | INFO | EM | Selected epochs: 10
2025-10-19 18:57:33 | INFO | EM | Selected task type...
2025-10-19 18:57:41 | INFO | EM.print | [AUG][static][fold=1] start name=random_permute_features noise_std=0.01 mask_rate=0.1 seed=0
2025-10-19 18:57:41 | INFO | EM.print | [AUG][static][fold=1] done name=random_permute_features shape=(1140, 1140)
2025-10-19 18:57:41 | INFO | EM.augment | [AUGMENT][fold=1] name=random_permute_features noise_std=0.01 mask_rate=0.1 seed=0 masked_cols=0 shape=(1140, 1140) mean=0.0009 std=0.0296
2025-10-19 18:57:49 | INFO | EM.print | [AUG][static][fold=2] start name=random_permute_features noise_std=0.01 mask_rate=0.1 seed=1
2025-10-19 18:57:49 | INFO | EM.print | [AUG][static][fold=2] done name=random_permute_features shape=(1140, 1140)
2025-10-19 18:57:49 | INFO | EM.augment | [AUGMENT][fold=2] name=random_permute_features noise_std=0.01 mask_rate=0.1 seed=1 masked_cols=0 shape=(1140, 1140) mean=0.0009 std=0.0296
2025-10-19 18:57:58 | INFO | EM.print | [AUG][static][fold=3] start name=random_permute_features noise_std=0.01 mask_rate=0.1 seed=2
2025-10-19 18:57:58 | INFO | EM.print | [AUG][static][fold=3] done name=random_permute_features shape=(1140, 1140)
2025-10-19 18:57:58 | INFO | EM.augment | [AUGMENT][fold=3] name=random_permute_features noise_std=0.01 mask_rate=0.1 seed=2 masked_cols=0 shape=(1140, 1140) mean=0.0009 std=0.0296
2025-10-19 18:58:06 | INFO | EM.print | [AUG][static][fold=4] start name=random_permute_features noise_std=0.01 mask_rate=0.1 seed=3
2025-10-19 18:58:06 | INFO | EM.print | [AUG][static][fold=4] done name=random_permute_features shape=(1140, 1140)
2025-10-19 18:58:06 | INFO | EM.augment | [AUGMENT][fold=4] name=random_permute_features noise_std=0.01 mask_rate=0.1 seed=3 masked_cols=0 shape=(1140, 1140) mean=0.0009 std=0.0296
2025-10-19 18:58:15 | INFO | EM.print | [AUG][static][fold=5] start name=random_permute_features noise_std=0.01 mask_rate=0.1 seed=4
2025-10-19 18:58:15 | INFO | EM.print | [AUG][static][fold=5] done name=random_permute_features shape=(1140, 1140)
2025-10-19 18:58:15 | INFO | EM.augment | [AUGMENT][fold=5] name=random_permute_features noise_std=0.01 mask_rate=0.1 seed=4 masked_cols=0 shape=(1140, 1140) mean=0.0009 std=0.0296
2025-10-19 18:58:15 | INFO | EM | [DATALOADER] os=linux workers=8 prefetch_factor=4
2025-10-19 18:58:15 | INFO | EM.fold_stats | Saved fold stats to /root/OUTPUT/result/metrics/fold_stats.json
2025-10-19 18:58:15 | INFO | EM | Loading finished!
2025-10-19 18:58:15 | INFO | EM | Starting 5-fold cross validation...
2025-10-19 18:58:15 | INFO | EM | === Fold 1/5 ===
2025-10-19 18:58:15 | INFO | EM.result.save | Saved result text: /root/OUTPUT/result/LMI_stageA_eps0.015_steps3_data_20251019_185733/metrics/adv_config_fold_1_20251019_185733.json.txt
2025-10-19 18:58:15 | INFO | EM.print | [SAVE] adv config saved: metrics/adv_config_fold_1_20251019_185733.json
2025-10-19 18:58:15 | INFO | EM.print | Start Training...
2025-10-19 18:58:15 | INFO | EM.print | -------- Epoch 1 --------
2025-10-19 18:58:15 | INFO | EM.print | [AUG][online][epoch=1][iter=0] start name=random_permute_features noise_std=0.01 mask_rate=0.1 seed=0
2025-10-19 18:58:15 | INFO | EM.print | [AUG][online][epoch=1][iter=0] done name=random_permute_features shape=(1140, 1140)
2025-10-19 18:58:15 | INFO | EM.print | [ONLINE-AUG] mode=online name=random_permute_features noise_std=0.01 mask_rate=0.1 base_seed=0
2025-10-19 18:58:16 | INFO | EM.print | epoch: 1/ iteration: 1/ loss_train: 0.7913039 | task_loss:0.6699 cont_loss:0.2572 adv_loss:0.6968
2025-10-19 18:58:17 | INFO | EM.print | epoch: 0001 loss_train: 4.7035 task_loss: 0.4959 cont_loss: 8.0972 adv_loss: 0.0537 auroc_train: 0.8176 auprc_train: 0.8184 precision_train: 0.7188 recall_train: 0.7617 f1_train: 0.7396 cm_train: (tn=1505, fp=639, fn=511, tp=1633)
2025-10-19 18:58:17 | INFO | EM.print | -------- Epoch 2 --------
2025-10-19 18:58:17 | INFO | EM.print | [AUG][online][epoch=2][iter=0] start name=random_permute_features noise_std=0.01 mask_rate=0.1 seed=1000
2025-10-19 18:58:17 | INFO | EM.print | [AUG][online][epoch=2][iter=0] done name=random_permute_features shape=(1140, 1140)
2025-10-19 18:58:17 | INFO | EM.print | [ONLINE-AUG] mode=online name=random_permute_features noise_std=0.01 mask_rate=0.1 base_seed=0
2025-10-19 18:58:17 | INFO | EM.print | epoch: 2/ iteration: 1/ loss_train: 4.641831 | task_loss:0.3315 cont_loss:8.1128 adv_loss:0.0612
2025-10-19 18:58:19 | INFO | EM.print | epoch: 0002 loss_train: 4.5263 task_loss: 0.2666 cont_loss: 7.9884 adv_loss: 0.0254 auroc_train: 0.9172 auprc_train: 0.9145 precision_train: 0.8321 recall_train: 0.8321 f1_train: 0.8321 cm_train: (tn=1784, fp=360, fn=360, tp=1784)
2025-10-19 18:58:19 | INFO | EM.print | -------- Epoch 3 --------
2025-10-19 18:58:19 | INFO | EM.print | [AUG][online][epoch=3][iter=0] start name=random_permute_features noise_std=0.01 mask_rate=0.1 seed=2000
2025-10-19 18:58:19 | INFO | EM.print | [AUG][online][epoch=3][iter=0] done name=random_permute_features shape=(1140, 1140)
2025-10-19 18:58:19 | INFO | EM.print | [ONLINE-AUG] mode=online name=random_permute_features noise_std=0.01 mask_rate=0.1 base_seed=0
2025-10-19 18:58:19 | INFO | EM.print | epoch: 3/ iteration: 1/ loss_train: 24.888683 | task_loss:1.2384 cont_loss:6.1275 adv_loss:41.9226
2025-10-19 18:58:25 | INFO | EM.print | epoch: 0003 loss_train: 5.2403 task_loss: 0.7218 cont_loss: 8.2668 adv_loss: 0.7375 auroc_train: 0.4504 auprc_train: 0.4624 precision_train: 0.4615 recall_train: 0.4450 f1_train: 0.4531 cm_train: (tn=1031, fp=1113, fn=1190, tp=954)
2025-10-19 18:58:25 | INFO | EM.print | -------- Epoch 4 --------
2025-10-19 18:58:25 | INFO | EM.print | [AUG][online][epoch=4][iter=0] start name=random_permute_features noise_std=0.01 mask_rate=0.1 seed=3000
2025-10-19 18:58:25 | INFO | EM.print | [AUG][online][epoch=4][iter=0] done name=random_permute_features shape=(1140, 1140)
2025-10-19 18:58:25 | INFO | EM.print | [ONLINE-AUG] mode=online name=random_permute_features noise_std=0.01 mask_rate=0.1 base_seed=0
2025-10-19 18:58:25 | INFO | EM.print | epoch: 4/ iteration: 1/ loss_train: 5.2154465 | task_loss:0.6918 cont_loss:8.2562 adv_loss:0.7265
2025-10-19 18:58:31 | INFO | EM.print | epoch: 0004 loss_train: 5.2355 task_loss: 0.6992 cont_loss: 8.3075 adv_loss: 0.7035 auroc_train: 0.4868 auprc_train: 0.4790 precision_train: 0.4975 recall_train: 0.4725 f1_train: 0.4847 cm_train: (tn=1121, fp=1023, fn=1131, tp=1013)
2025-10-19 18:58:32 | INFO | EM.print | -------- Epoch 5 --------
2025-10-19 18:58:32 | INFO | EM.print | [AUG][online][epoch=5][iter=0] start name=random_permute_features noise_std=0.01 mask_rate=0.1 seed=4000
2025-10-19 18:58:32 | INFO | EM.print | [AUG][online][epoch=5][iter=0] done name=random_permute_features shape=(1140, 1140)
2025-10-19 18:58:32 | INFO | EM.print | [ONLINE-AUG] mode=online name=random_permute_features noise_std=0.01 mask_rate=0.1 base_seed=0
2025-10-19 18:58:32 | INFO | EM.print | epoch: 5/ iteration: 1/ loss_train: 5.234986 | task_loss:0.6963 cont_loss:8.3028 adv_loss:0.7102
2025-10-19 18:58:37 | INFO | EM.print | epoch: 0005 loss_train: 5.2217 task_loss: 0.7003 cont_loss: 8.2715 adv_loss: 0.7145 auroc_train: 0.4885 auprc_train: 0.4856 precision_train: 0.4916 recall_train: 0.5194 f1_train: 0.5051 cm_train: (tn=994, fp=1151, fn=1030, tp=1113)
2025-10-19 18:58:37 | INFO | EM.print | -------- Epoch 6 --------
2025-10-19 18:58:37 | INFO | EM.print | [AUG][online][epoch=6][iter=0] start name=random_permute_features noise_std=0.01 mask_rate=0.1 seed=5000
2025-10-19 18:58:37 | INFO | EM.print | [AUG][online][epoch=6][iter=0] done name=random_permute_features shape=(1140, 1140)
2025-10-19 18:58:37 | INFO | EM.print | [ONLINE-AUG] mode=online name=random_permute_features noise_std=0.01 mask_rate=0.1 base_seed=0
2025-10-19 18:58:38 | INFO | EM.print | epoch: 6/ iteration: 1/ loss_train: 5.2159667 | task_loss:0.6942 cont_loss:8.2722 adv_loss:0.7078
2025-10-19 18:58:44 | INFO | EM.print | epoch: 0006 loss_train: 5.2157 task_loss: 0.6916 cont_loss: 8.2749 adv_loss: 0.7066 auroc_train: 0.4898 auprc_train: 0.4916 precision_train: 0.4886 recall_train: 0.5475 f1_train: 0.5164 cm_train: (tn=912, fp=1230, fn=971, tp=1175)
2025-10-19 18:58:44 | INFO | EM.print | -------- Epoch 7 --------
2025-10-19 18:58:44 | INFO | EM.print | [AUG][online][epoch=7][iter=0] start name=random_permute_features noise_std=0.01 mask_rate=0.1 seed=6000
2025-10-19 18:58:44 | INFO | EM.print | [AUG][online][epoch=7][iter=0] done name=random_permute_features shape=(1140, 1140)
2025-10-19 18:58:44 | INFO | EM.print | [ONLINE-AUG] mode=online name=random_permute_features noise_std=0.01 mask_rate=0.1 base_seed=0
2025-10-19 18:58:44 | INFO | EM.print | epoch: 7/ iteration: 1/ loss_train: 5.229663 | task_loss:0.6952 cont_loss:8.2604 adv_loss:0.7473
2025-10-19 18:58:51 | INFO | EM.print | epoch: 0007 loss_train: 5.2090 task_loss: 0.7152 cont_loss: 8.2501 adv_loss: 0.6991 auroc_train: 0.4908 auprc_train: 0.4877 precision_train: 0.4882 recall_train: 0.4258 f1_train: 0.4549 cm_train: (tn=1187, fp=957, fn=1231, tp=913)
2025-10-19 18:58:51 | INFO | EM.print | -------- Epoch 8 --------
2025-10-19 18:58:51 | INFO | EM.print | [AUG][online][epoch=8][iter=0] start name=random_permute_features noise_std=0.01 mask_rate=0.1 seed=7000
2025-10-19 18:58:51 | INFO | EM.print | [AUG][online][epoch=8][iter=0] done name=random_permute_features shape=(1140, 1140)
2025-10-19 18:58:51 | INFO | EM.print | [ONLINE-AUG] mode=online name=random_permute_features noise_std=0.01 mask_rate=0.1 base_seed=0
2025-10-19 18:58:51 | INFO | EM.print | epoch: 8/ iteration: 1/ loss_train: 5.193324 | task_loss:0.6927 cont_loss:8.2422 adv_loss:0.6968
2025-10-19 18:58:57 | INFO | EM.print | epoch: 0008 loss_train: 5.2338 task_loss: 0.6935 cont_loss: 8.3026 adv_loss: 0.7105 auroc_train: 0.4926 auprc_train: 0.4933 precision_train: 0.4954 recall_train: 0.5986 f1_train: 0.5421 cm_train: (tn=835, fp=1308, fn=861, tp=1284)
2025-10-19 18:58:57 | INFO | EM.print | -------- Epoch 9 --------
2025-10-19 18:58:57 | INFO | EM.print | [AUG][online][epoch=9][iter=0] start name=random_permute_features noise_std=0.01 mask_rate=0.1 seed=8000
2025-10-19 18:58:57 | INFO | EM.print | [AUG][online][epoch=9][iter=0] done name=random_permute_features shape=(1140, 1140)
2025-10-19 18:58:57 | INFO | EM.print | [ONLINE-AUG] mode=online name=random_permute_features noise_std=0.01 mask_rate=0.1 base_seed=0
2025-10-19 18:58:58 | INFO | EM.print | epoch: 9/ iteration: 1/ loss_train: 5.2264314 | task_loss:0.6909 cont_loss:8.2984 adv_loss:0.7028
2025-10-19 18:59:04 | INFO | EM.print | epoch: 0009 loss_train: 5.2229 task_loss: 0.6889 cont_loss: 8.2956 adv_loss: 0.7006 auroc_train: 0.4879 auprc_train: 0.4899 precision_train: 0.4886 recall_train: 0.4706 f1_train: 0.4794 cm_train: (tn=1091, fp=1055, fn=1134, tp=1008)
2025-10-19 18:59:04 | INFO | EM.print | -------- Epoch 10 --------
2025-10-19 18:59:04 | INFO | EM.print | [AUG][online][epoch=10][iter=0] start name=random_permute_features noise_std=0.01 mask_rate=0.1 seed=9000
2025-10-19 18:59:04 | INFO | EM.print | [AUG][online][epoch=10][iter=0] done name=random_permute_features shape=(1140, 1140)
2025-10-19 18:59:04 | INFO | EM.print | [ONLINE-AUG] mode=online name=random_permute_features noise_std=0.01 mask_rate=0.1 base_seed=0
2025-10-19 18:59:04 | INFO | EM.print | epoch: 10/ iteration: 1/ loss_train: 5.2217054 | task_loss:0.6988 cont_loss:8.2915 adv_loss:0.6939
2025-10-19 18:59:10 | INFO | EM.print | epoch: 0010 loss_train: 5.2284 task_loss: 0.6948 cont_loss: 8.3099 adv_loss: 0.6904 auroc_train: 0.4852 auprc_train: 0.4901 precision_train: 0.4730 recall_train: 0.3675 f1_train: 0.4136 cm_train: (tn=1266, fp=878, fn=1356, tp=788)
2025-10-19 18:59:10 | INFO | EM.print | Optimization Finished!
2025-10-19 18:59:10 | INFO | EM.result.save | Saved result text: /root/OUTPUT/result/LMI_stageA_eps0.015_steps3_data_20251019_185733/metrics/train_epoch_metrics_fold_1_20251019_185733.csv.txt
2025-10-19 18:59:10 | INFO | EM.print | [SAVE] Per-epoch train metrics saved: train_epoch_metrics_fold_1_20251019_185733.csv
2025-10-19 18:59:10 | INFO | EM.result.save | Saved result text: /root/OUTPUT/result/LMI_stageA_eps0.015_steps3_data_20251019_185733/metrics/threshold_scan_fold_1_20251019_185733.txt
2025-10-19 18:59:10 | ERROR | EM.print | /root/miniconda3/lib/python3.12/site-packages/sklearn/metrics/_classification.py:1731: UndefinedMetricWarning: Precision is ill-defined and being set to 0.0 due to no predicted samples. Use `zero_division` parameter to control this behavior.
2025-10-19 18:59:10 | ERROR | EM.print |   _warn_prf(average, modifier, f"{metric.capitalize()} is", result.shape[0])
2025-10-19 18:59:10 | INFO | EM.print | loss_test: 5.2218 auroc_test: 0.8676 auprc_test: 0.8596 precision_test: 0.0000 recall_test: 0.0000 f1_test: 0.0000 cm_test: (tn=510, fp=0, fn=514, tp=0)
2025-10-19 18:59:10 | INFO | EM | Fold 1 completed.
2025-10-19 18:59:10 | INFO | EM | === Fold 2/5 ===
2025-10-19 18:59:10 | INFO | EM.result.save | Saved result text: /root/OUTPUT/result/LMI_stageA_eps0.015_steps3_data_20251019_185733/metrics/adv_config_fold_2_20251019_185733.json.txt
2025-10-19 18:59:10 | INFO | EM.print | [SAVE] adv config saved: metrics/adv_config_fold_2_20251019_185733.json
2025-10-19 18:59:10 | INFO | EM.print | Start Training...
2025-10-19 18:59:10 | INFO | EM.print | -------- Epoch 1 --------
2025-10-19 18:59:11 | INFO | EM.print | [AUG][online][epoch=1][iter=0] start name=random_permute_features noise_std=0.01 mask_rate=0.1 seed=0
2025-10-19 18:59:11 | INFO | EM.print | [AUG][online][epoch=1][iter=0] done name=random_permute_features shape=(1140, 1140)
2025-10-19 18:59:11 | INFO | EM.print | [ONLINE-AUG] mode=online name=random_permute_features noise_std=0.01 mask_rate=0.1 base_seed=0
2025-10-19 18:59:11 | INFO | EM.print | epoch: 1/ iteration: 1/ loss_train: 0.78662825 | task_loss:0.7257 cont_loss:0.0690 adv_loss:0.8442
2025-10-19 18:59:13 | INFO | EM.print | epoch: 0001 loss_train: 4.7183 task_loss: 0.4855 cont_loss: 8.0589 adv_loss: 0.1349 auroc_train: 0.7624 auprc_train: 0.7658 precision_train: 0.6838 recall_train: 0.6631 f1_train: 0.6733 cm_train: (tn=1488, fp=657, fn=722, tp=1421)
2025-10-19 18:59:13 | INFO | EM.print | -------- Epoch 2 --------
2025-10-19 18:59:13 | INFO | EM.print | [AUG][online][epoch=2][iter=0] start name=random_permute_features noise_std=0.01 mask_rate=0.1 seed=1000
2025-10-19 18:59:13 | INFO | EM.print | [AUG][online][epoch=2][iter=0] done name=random_permute_features shape=(1140, 1140)
2025-10-19 18:59:13 | INFO | EM.print | [ONLINE-AUG] mode=online name=random_permute_features noise_std=0.01 mask_rate=0.1 base_seed=0
2025-10-19 18:59:13 | INFO | EM.print | epoch: 2/ iteration: 1/ loss_train: 4.64483 | task_loss:0.3366 cont_loss:8.0722 adv_loss:0.1073
2025-10-19 18:59:14 | INFO | EM.print | epoch: 0002 loss_train: 4.4979 task_loss: 0.2799 cont_loss: 7.9205 adv_loss: 0.0314 auroc_train: 0.9174 auprc_train: 0.9113 precision_train: 0.8398 recall_train: 0.8484 f1_train: 0.8441 cm_train: (tn=1797, fp=347, fn=325, tp=1819)
2025-10-19 18:59:14 | INFO | EM.print | -------- Epoch 3 --------
2025-10-19 18:59:14 | INFO | EM.print | [AUG][online][epoch=3][iter=0] start name=random_permute_features noise_std=0.01 mask_rate=0.1 seed=2000
2025-10-19 18:59:14 | INFO | EM.print | [AUG][online][epoch=3][iter=0] done name=random_permute_features shape=(1140, 1140)
2025-10-19 18:59:14 | INFO | EM.print | [ONLINE-AUG] mode=online name=random_permute_features noise_std=0.01 mask_rate=0.1 base_seed=0
2025-10-19 18:59:14 | INFO | EM.print | epoch: 3/ iteration: 1/ loss_train: 29.86631 | task_loss:0.9370 cont_loss:7.6498 adv_loss:50.4746
2025-10-19 18:59:20 | INFO | EM.print | epoch: 0003 loss_train: 5.1089 task_loss: 0.6975 cont_loss: 7.9924 adv_loss: 0.7984 auroc_train: 0.4869 auprc_train: 0.4796 precision_train: 0.4972 recall_train: 0.5741 f1_train: 0.5329 cm_train: (tn=896, fp=1246, fn=914, tp=1232)
2025-10-19 18:59:20 | INFO | EM.print | -------- Epoch 4 --------
2025-10-19 18:59:20 | INFO | EM.print | [AUG][online][epoch=4][iter=0] start name=random_permute_features noise_std=0.01 mask_rate=0.1 seed=3000
2025-10-19 18:59:20 | INFO | EM.print | [AUG][online][epoch=4][iter=0] done name=random_permute_features shape=(1140, 1140)
2025-10-19 18:59:20 | INFO | EM.print | [ONLINE-AUG] mode=online name=random_permute_features noise_std=0.01 mask_rate=0.1 base_seed=0
2025-10-19 18:59:21 | INFO | EM.print | epoch: 4/ iteration: 1/ loss_train: 4.922888 | task_loss:0.6994 cont_loss:7.6792 adv_loss:0.7692
2025-10-19 18:59:27 | INFO | EM.print | epoch: 0004 loss_train: 5.2363 task_loss: 0.7062 cont_loss: 8.3026 adv_loss: 0.7042 auroc_train: 0.4849 auprc_train: 0.4963 precision_train: 0.4838 recall_train: 0.4802 f1_train: 0.4820 cm_train: (tn=1047, fp=1098, fn=1114, tp=1029)
2025-10-19 18:59:27 | INFO | EM.print | -------- Epoch 5 --------
2025-10-19 18:59:27 | INFO | EM.print | [AUG][online][epoch=5][iter=0] start name=random_permute_features noise_std=0.01 mask_rate=0.1 seed=4000
2025-10-19 18:59:27 | INFO | EM.print | [AUG][online][epoch=5][iter=0] done name=random_permute_features shape=(1140, 1140)
2025-10-19 18:59:27 | INFO | EM.print | [ONLINE-AUG] mode=online name=random_permute_features noise_std=0.01 mask_rate=0.1 base_seed=0
2025-10-19 18:59:27 | INFO | EM.print | epoch: 5/ iteration: 1/ loss_train: 5.1568103 | task_loss:0.7048 cont_loss:8.1717 adv_loss:0.6904
2025-10-19 18:59:33 | INFO | EM.print | epoch: 0005 loss_train: 5.1981 task_loss: 0.6973 cont_loss: 8.2374 adv_loss: 0.7075 auroc_train: 0.5021 auprc_train: 0.5032 precision_train: 0.4953 recall_train: 0.4888 f1_train: 0.4920 cm_train: (tn=1079, fp=1067, fn=1095, tp=1047)
2025-10-19 18:59:33 | INFO | EM.print | -------- Epoch 6 --------
2025-10-19 18:59:33 | INFO | EM.print | [AUG][online][epoch=6][iter=0] start name=random_permute_features noise_std=0.01 mask_rate=0.1 seed=5000
2025-10-19 18:59:33 | INFO | EM.print | [AUG][online][epoch=6][iter=0] done name=random_permute_features shape=(1140, 1140)
2025-10-19 18:59:33 | INFO | EM.print | [ONLINE-AUG] mode=online name=random_permute_features noise_std=0.01 mask_rate=0.1 base_seed=0
2025-10-19 18:59:33 | INFO | EM.print | epoch: 6/ iteration: 1/ loss_train: 5.2184596 | task_loss:0.6997 cont_loss:8.2806 adv_loss:0.6986
2025-10-19 18:59:39 | INFO | EM.print | epoch: 0006 loss_train: 5.2099 task_loss: 0.6937 cont_loss: 8.2847 adv_loss: 0.6823 auroc_train: 0.5019 auprc_train: 0.4996 precision_train: 0.5054 recall_train: 0.5669 f1_train: 0.5344 cm_train: (tn=953, fp=1190, fn=929, tp=1216)
2025-10-19 18:59:39 | INFO | EM.print | -------- Epoch 7 --------
2025-10-19 18:59:39 | INFO | EM.print | [AUG][online][epoch=7][iter=0] start name=random_permute_features noise_std=0.01 mask_rate=0.1 seed=6000
2025-10-19 18:59:39 | INFO | EM.print | [AUG][online][epoch=7][iter=0] done name=random_permute_features shape=(1140, 1140)
2025-10-19 18:59:39 | INFO | EM.print | [ONLINE-AUG] mode=online name=random_permute_features noise_std=0.01 mask_rate=0.1 base_seed=0
2025-10-19 18:59:39 | INFO | EM.print | epoch: 7/ iteration: 1/ loss_train: 5.225405 | task_loss:0.6937 cont_loss:8.2847 adv_loss:0.7133
2025-10-19 18:59:45 | INFO | EM.print | epoch: 0007 loss_train: 5.2300 task_loss: 0.6985 cont_loss: 8.3049 adv_loss: 0.6960 auroc_train: 0.4997 auprc_train: 0.5036 precision_train: 0.5019 recall_train: 0.4995 f1_train: 0.5007 cm_train: (tn=1081, fp=1063, fn=1073, tp=1071)
2025-10-19 18:59:45 | INFO | EM.print | -------- Epoch 8 --------
2025-10-19 18:59:45 | INFO | EM.print | [AUG][online][epoch=8][iter=0] start name=random_permute_features noise_std=0.01 mask_rate=0.1 seed=7000
2025-10-19 18:59:45 | INFO | EM.print | [AUG][online][epoch=8][iter=0] done name=random_permute_features shape=(1140, 1140)
2025-10-19 18:59:45 | INFO | EM.print | [ONLINE-AUG] mode=online name=random_permute_features noise_std=0.01 mask_rate=0.1 base_seed=0
2025-10-19 18:59:45 | INFO | EM.print | epoch: 8/ iteration: 1/ loss_train: 5.2245774 | task_loss:0.6919 cont_loss:8.3015 adv_loss:0.6948
2025-10-19 18:59:51 | INFO | EM.print | epoch: 0008 loss_train: 5.2002 task_loss: 0.6927 cont_loss: 8.2568 adv_loss: 0.6943 auroc_train: 0.4942 auprc_train: 0.4845 precision_train: 0.5005 recall_train: 0.5068 f1_train: 0.5036 cm_train: (tn=1064, fp=1083, fn=1056, tp=1085)
2025-10-19 18:59:51 | INFO | EM.print | -------- Epoch 9 --------
2025-10-19 18:59:51 | INFO | EM.print | [AUG][online][epoch=9][iter=0] start name=random_permute_features noise_std=0.01 mask_rate=0.1 seed=8000
2025-10-19 18:59:51 | INFO | EM.print | [AUG][online][epoch=9][iter=0] done name=random_permute_features shape=(1140, 1140)
2025-10-19 18:59:51 | INFO | EM.print | [ONLINE-AUG] mode=online name=random_permute_features noise_std=0.01 mask_rate=0.1 base_seed=0
2025-10-19 18:59:51 | INFO | EM.print | epoch: 9/ iteration: 1/ loss_train: 5.20134 | task_loss:0.6945 cont_loss:8.2574 adv_loss:0.6945
2025-10-19 18:59:57 | INFO | EM.print | epoch: 0009 loss_train: 5.2729 task_loss: 0.6984 cont_loss: 8.3653 adv_loss: 0.7154 auroc_train: 0.4821 auprc_train: 0.4746 precision_train: 0.4966 recall_train: 0.5840 f1_train: 0.5368 cm_train: (tn=875, fp=1269, fn=892, tp=1252)
2025-10-19 18:59:57 | INFO | EM.print | -------- Epoch 10 --------
2025-10-19 18:59:57 | INFO | EM.print | [AUG][online][epoch=10][iter=0] start name=random_permute_features noise_std=0.01 mask_rate=0.1 seed=9000
2025-10-19 18:59:57 | INFO | EM.print | [AUG][online][epoch=10][iter=0] done name=random_permute_features shape=(1140, 1140)
2025-10-19 18:59:57 | INFO | EM.print | [ONLINE-AUG] mode=online name=random_permute_features noise_std=0.01 mask_rate=0.1 base_seed=0
2025-10-19 18:59:57 | INFO | EM.print | epoch: 10/ iteration: 1/ loss_train: 5.388227 | task_loss:0.6951 cont_loss:8.6040 adv_loss:0.6864
2025-10-19 19:00:04 | INFO | EM.print | epoch: 0010 loss_train: 5.2642 task_loss: 0.6958 cont_loss: 8.3427 adv_loss: 0.7251 auroc_train: 0.4916 auprc_train: 0.4964 precision_train: 0.4945 recall_train: 0.4592 f1_train: 0.4762 cm_train: (tn=1133, fp=1008, fn=1161, tp=986)
2025-10-19 19:00:04 | INFO | EM.print | Optimization Finished!
2025-10-19 19:00:04 | INFO | EM.result.save | Saved result text: /root/OUTPUT/result/LMI_stageA_eps0.015_steps3_data_20251019_185733/metrics/train_epoch_metrics_fold_2_20251019_185733.csv.txt
2025-10-19 19:00:04 | INFO | EM.print | [SAVE] Per-epoch train metrics saved: train_epoch_metrics_fold_2_20251019_185733.csv
2025-10-19 19:00:05 | INFO | EM.result.save | Saved result text: /root/OUTPUT/result/LMI_stageA_eps0.015_steps3_data_20251019_185733/metrics/threshold_scan_fold_2_20251019_185733.txt
2025-10-19 19:00:05 | ERROR | EM.print | /root/miniconda3/lib/python3.12/site-packages/sklearn/metrics/_classification.py:1731: UndefinedMetricWarning: Precision is ill-defined and being set to 0.0 due to no predicted samples. Use `zero_division` parameter to control this behavior.
2025-10-19 19:00:05 | ERROR | EM.print |   _warn_prf(average, modifier, f"{metric.capitalize()} is", result.shape[0])
2025-10-19 19:00:05 | INFO | EM.print | loss_test: 5.2322 auroc_test: 0.8509 auprc_test: 0.8189 precision_test: 0.0000 recall_test: 0.0000 f1_test: 0.0000 cm_test: (tn=513, fp=0, fn=511, tp=0)
2025-10-19 19:00:05 | INFO | EM | Fold 2 completed.
2025-10-19 19:00:05 | INFO | EM | === Fold 3/5 ===
2025-10-19 19:00:05 | INFO | EM.result.save | Saved result text: /root/OUTPUT/result/LMI_stageA_eps0.015_steps3_data_20251019_185733/metrics/adv_config_fold_3_20251019_185733.json.txt
2025-10-19 19:00:05 | INFO | EM.print | [SAVE] adv config saved: metrics/adv_config_fold_3_20251019_185733.json
2025-10-19 19:00:05 | INFO | EM.print | Start Training...
2025-10-19 19:00:05 | INFO | EM.print | -------- Epoch 1 --------
2025-10-19 19:00:06 | INFO | EM.print | [AUG][online][epoch=1][iter=0] start name=random_permute_features noise_std=0.01 mask_rate=0.1 seed=0
2025-10-19 19:00:06 | INFO | EM.print | [AUG][online][epoch=1][iter=0] done name=random_permute_features shape=(1140, 1140)
2025-10-19 19:00:06 | INFO | EM.print | [ONLINE-AUG] mode=online name=random_permute_features noise_std=0.01 mask_rate=0.1 base_seed=0
2025-10-19 19:00:06 | INFO | EM.print | epoch: 1/ iteration: 1/ loss_train: 0.71271646 | task_loss:0.7014 cont_loss:0.0873 adv_loss:0.6981
2025-10-19 19:00:08 | INFO | EM.print | epoch: 0001 loss_train: 4.5616 task_loss: 0.3461 cont_loss: 7.9664 adv_loss: 0.0487 auroc_train: 0.8398 auprc_train: 0.8265 precision_train: 0.7451 recall_train: 0.7503 f1_train: 0.7477 cm_train: (tn=1595, fp=550, fn=535, tp=1608)
2025-10-19 19:00:08 | INFO | EM.print | -------- Epoch 2 --------
2025-10-19 19:00:08 | INFO | EM.print | [AUG][online][epoch=2][iter=0] start name=random_permute_features noise_std=0.01 mask_rate=0.1 seed=1000
2025-10-19 19:00:08 | INFO | EM.print | [AUG][online][epoch=2][iter=0] done name=random_permute_features shape=(1140, 1140)
2025-10-19 19:00:08 | INFO | EM.print | [ONLINE-AUG] mode=online name=random_permute_features noise_std=0.01 mask_rate=0.1 base_seed=0
2025-10-19 19:00:08 | INFO | EM.print | epoch: 2/ iteration: 1/ loss_train: 4.525358 | task_loss:0.3056 cont_loss:7.9447 adv_loss:0.0365
2025-10-19 19:00:10 | INFO | EM.print | epoch: 0002 loss_train: 4.5244 task_loss: 0.4016 cont_loss: 7.8856 adv_loss: 0.0130 auroc_train: 0.9324 auprc_train: 0.9275 precision_train: 0.8442 recall_train: 0.8572 f1_train: 0.8507 cm_train: (tn=1806, fp=339, fn=306, tp=1837)
2025-10-19 19:00:10 | INFO | EM.print | -------- Epoch 3 --------
2025-10-19 19:00:10 | INFO | EM.print | [AUG][online][epoch=3][iter=0] start name=random_permute_features noise_std=0.01 mask_rate=0.1 seed=2000
2025-10-19 19:00:10 | INFO | EM.print | [AUG][online][epoch=3][iter=0] done name=random_permute_features shape=(1140, 1140)
2025-10-19 19:00:10 | INFO | EM.print | [ONLINE-AUG] mode=online name=random_permute_features noise_std=0.01 mask_rate=0.1 base_seed=0
2025-10-19 19:00:10 | INFO | EM.print | epoch: 3/ iteration: 1/ loss_train: 25.94218 | task_loss:0.8006 cont_loss:6.3185 adv_loss:44.2134
2025-10-19 19:00:17 | INFO | EM.print | epoch: 0003 loss_train: 5.1785 task_loss: 0.6902 cont_loss: 8.1605 adv_loss: 0.7593 auroc_train: 0.4805 auprc_train: 0.4806 precision_train: 0.4980 recall_train: 0.4690 f1_train: 0.4831 cm_train: (tn=1126, fp=1015, fn=1140, tp=1007)
2025-10-19 19:00:17 | INFO | EM.print | -------- Epoch 4 --------
2025-10-19 19:00:17 | INFO | EM.print | [AUG][online][epoch=4][iter=0] start name=random_permute_features noise_std=0.01 mask_rate=0.1 seed=3000
2025-10-19 19:00:17 | INFO | EM.print | [AUG][online][epoch=4][iter=0] done name=random_permute_features shape=(1140, 1140)
2025-10-19 19:00:17 | INFO | EM.print | [ONLINE-AUG] mode=online name=random_permute_features noise_std=0.01 mask_rate=0.1 base_seed=0
2025-10-19 19:00:17 | INFO | EM.print | epoch: 4/ iteration: 1/ loss_train: 5.1825037 | task_loss:0.6941 cont_loss:8.1708 adv_loss:0.7524
2025-10-19 19:00:24 | INFO | EM.print | epoch: 0004 loss_train: 5.2529 task_loss: 0.6913 cont_loss: 8.3445 adv_loss: 0.7045 auroc_train: 0.4841 auprc_train: 0.4853 precision_train: 0.4906 recall_train: 0.5098 f1_train: 0.5000 cm_train: (tn=1009, fp=1135, fn=1051, tp=1093)
2025-10-19 19:00:24 | INFO | EM.print | -------- Epoch 5 --------
2025-10-19 19:00:24 | INFO | EM.print | [AUG][online][epoch=5][iter=0] start name=random_permute_features noise_std=0.01 mask_rate=0.1 seed=4000
2025-10-19 19:00:24 | INFO | EM.print | [AUG][online][epoch=5][iter=0] done name=random_permute_features shape=(1140, 1140)
2025-10-19 19:00:24 | INFO | EM.print | [ONLINE-AUG] mode=online name=random_permute_features noise_std=0.01 mask_rate=0.1 base_seed=0
2025-10-19 19:00:24 | INFO | EM.print | epoch: 5/ iteration: 1/ loss_train: 5.220673 | task_loss:0.6955 cont_loss:8.2847 adv_loss:0.7022
2025-10-19 19:00:31 | INFO | EM.print | epoch: 0005 loss_train: 5.2242 task_loss: 0.6937 cont_loss: 8.2822 adv_loss: 0.7136 auroc_train: 0.4922 auprc_train: 0.4932 precision_train: 0.4940 recall_train: 0.5366 f1_train: 0.5144 cm_train: (tn=964, fp=1179, fn=994, tp=1151)
2025-10-19 19:00:31 | INFO | EM.print | -------- Epoch 6 --------
2025-10-19 19:00:31 | INFO | EM.print | [AUG][online][epoch=6][iter=0] start name=random_permute_features noise_std=0.01 mask_rate=0.1 seed=5000
2025-10-19 19:00:31 | INFO | EM.print | [AUG][online][epoch=6][iter=0] done name=random_permute_features shape=(1140, 1140)
2025-10-19 19:00:31 | INFO | EM.print | [ONLINE-AUG] mode=online name=random_permute_features noise_std=0.01 mask_rate=0.1 base_seed=0
2025-10-19 19:00:31 | INFO | EM.print | epoch: 6/ iteration: 1/ loss_train: 5.23417 | task_loss:0.6936 cont_loss:8.3131 adv_loss:0.6997
2025-10-19 19:00:38 | INFO | EM.print | epoch: 0006 loss_train: 5.2325 task_loss: 0.6895 cont_loss: 8.3151 adv_loss: 0.6979 auroc_train: 0.5011 auprc_train: 0.4929 precision_train: 0.5024 recall_train: 0.5424 f1_train: 0.5216 cm_train: (tn=992, fp=1152, fn=981, tp=1163)
2025-10-19 19:00:38 | INFO | EM.print | -------- Epoch 7 --------
2025-10-19 19:00:38 | INFO | EM.print | [AUG][online][epoch=7][iter=0] start name=random_permute_features noise_std=0.01 mask_rate=0.1 seed=6000
2025-10-19 19:00:38 | INFO | EM.print | [AUG][online][epoch=7][iter=0] done name=random_permute_features shape=(1140, 1140)
2025-10-19 19:00:38 | INFO | EM.print | [ONLINE-AUG] mode=online name=random_permute_features noise_std=0.01 mask_rate=0.1 base_seed=0
2025-10-19 19:00:38 | INFO | EM.print | epoch: 7/ iteration: 1/ loss_train: 5.236126 | task_loss:0.6918 cont_loss:8.3168 adv_loss:0.7011
2025-10-19 19:00:45 | INFO | EM.print | epoch: 0007 loss_train: 5.2264 task_loss: 0.6803 cont_loss: 8.3122 adv_loss: 0.6971 auroc_train: 0.4931 auprc_train: 0.4901 precision_train: 0.4878 recall_train: 0.4389 f1_train: 0.4621 cm_train: (tn=1156, fp=988, fn=1203, tp=941)
2025-10-19 19:00:45 | INFO | EM.print | -------- Epoch 8 --------
2025-10-19 19:00:45 | INFO | EM.print | [AUG][online][epoch=8][iter=0] start name=random_permute_features noise_std=0.01 mask_rate=0.1 seed=7000
2025-10-19 19:00:45 | INFO | EM.print | [AUG][online][epoch=8][iter=0] done name=random_permute_features shape=(1140, 1140)
2025-10-19 19:00:45 | INFO | EM.print | [ONLINE-AUG] mode=online name=random_permute_features noise_std=0.01 mask_rate=0.1 base_seed=0
2025-10-19 19:00:45 | INFO | EM.print | epoch: 8/ iteration: 1/ loss_train: 5.2413177 | task_loss:0.7122 cont_loss:8.3134 adv_loss:0.6969
2025-10-19 19:00:52 | INFO | EM.print | epoch: 0008 loss_train: 5.2422 task_loss: 0.7114 cont_loss: 8.3170 adv_loss: 0.6954 auroc_train: 0.4969 auprc_train: 0.4934 precision_train: 0.5005 recall_train: 0.5070 f1_train: 0.5037 cm_train: (tn=1059, fp=1085, fn=1057, tp=1087)
2025-10-19 19:00:52 | INFO | EM.print | -------- Epoch 9 --------
2025-10-19 19:00:52 | INFO | EM.print | [AUG][online][epoch=9][iter=0] start name=random_permute_features noise_std=0.01 mask_rate=0.1 seed=8000
2025-10-19 19:00:52 | INFO | EM.print | [AUG][online][epoch=9][iter=0] done name=random_permute_features shape=(1140, 1140)
2025-10-19 19:00:52 | INFO | EM.print | [ONLINE-AUG] mode=online name=random_permute_features noise_std=0.01 mask_rate=0.1 base_seed=0
2025-10-19 19:00:52 | INFO | EM.print | epoch: 9/ iteration: 1/ loss_train: 5.23462 | task_loss:0.6965 cont_loss:8.3131 adv_loss:0.6980
2025-10-19 19:00:59 | INFO | EM.print | epoch: 0009 loss_train: 5.2325 task_loss: 0.7059 cont_loss: 8.3074 adv_loss: 0.6916 auroc_train: 0.4921 auprc_train: 0.4951 precision_train: 0.5000 recall_train: 0.5477 f1_train: 0.5227 cm_train: (tn=976, fp=1172, fn=968, tp=1172)
2025-10-19 19:00:59 | INFO | EM.print | -------- Epoch 10 --------
2025-10-19 19:00:59 | INFO | EM.print | [AUG][online][epoch=10][iter=0] start name=random_permute_features noise_std=0.01 mask_rate=0.1 seed=9000
2025-10-19 19:00:59 | INFO | EM.print | [AUG][online][epoch=10][iter=0] done name=random_permute_features shape=(1140, 1140)
2025-10-19 19:00:59 | INFO | EM.print | [ONLINE-AUG] mode=online name=random_permute_features noise_std=0.01 mask_rate=0.1 base_seed=0
2025-10-19 19:00:59 | INFO | EM.print | epoch: 10/ iteration: 1/ loss_train: 5.2337627 | task_loss:0.6999 cont_loss:8.3092 adv_loss:0.6974
2025-10-19 19:01:06 | INFO | EM.print | epoch: 0010 loss_train: 5.2324 task_loss: 0.6933 cont_loss: 8.3143 adv_loss: 0.6951 auroc_train: 0.4736 auprc_train: 0.4812 precision_train: 0.4801 recall_train: 0.4055 f1_train: 0.4397 cm_train: (tn=1204, fp=941, fn=1274, tp=869)
2025-10-19 19:01:06 | INFO | EM.print | Optimization Finished!
2025-10-19 19:01:06 | INFO | EM.result.save | Saved result text: /root/OUTPUT/result/LMI_stageA_eps0.015_steps3_data_20251019_185733/metrics/train_epoch_metrics_fold_3_20251019_185733.csv.txt
2025-10-19 19:01:06 | INFO | EM.print | [SAVE] Per-epoch train metrics saved: train_epoch_metrics_fold_3_20251019_185733.csv
2025-10-19 19:01:07 | INFO | EM.result.save | Saved result text: /root/OUTPUT/result/LMI_stageA_eps0.015_steps3_data_20251019_185733/metrics/threshold_scan_fold_3_20251019_185733.txt
2025-10-19 19:01:07 | INFO | EM.print | loss_test: 5.2309 auroc_test: 0.8669 auprc_test: 0.8591 precision_test: 0.4990 recall_test: 1.0000 f1_test: 0.6658 cm_test: (tn=0, fp=513, fn=0, tp=511)
2025-10-19 19:01:07 | INFO | EM | Fold 3 completed.
2025-10-19 19:01:07 | INFO | EM | === Fold 4/5 ===
2025-10-19 19:01:07 | INFO | EM.result.save | Saved result text: /root/OUTPUT/result/LMI_stageA_eps0.015_steps3_data_20251019_185733/metrics/adv_config_fold_4_20251019_185733.json.txt
2025-10-19 19:01:07 | INFO | EM.print | [SAVE] adv config saved: metrics/adv_config_fold_4_20251019_185733.json
2025-10-19 19:01:07 | INFO | EM.print | Start Training...
2025-10-19 19:01:07 | INFO | EM.print | -------- Epoch 1 --------
2025-10-19 19:01:08 | INFO | EM.print | [AUG][online][epoch=1][iter=0] start name=random_permute_features noise_std=0.01 mask_rate=0.1 seed=0
2025-10-19 19:01:08 | INFO | EM.print | [AUG][online][epoch=1][iter=0] done name=random_permute_features shape=(1140, 1140)
2025-10-19 19:01:08 | INFO | EM.print | [ONLINE-AUG] mode=online name=random_permute_features noise_std=0.01 mask_rate=0.1 base_seed=0
2025-10-19 19:01:08 | INFO | EM.print | epoch: 1/ iteration: 1/ loss_train: 0.8777503 | task_loss:0.7798 cont_loss:0.0486 adv_loss:1.0002
2025-10-19 19:01:10 | INFO | EM.print | epoch: 0001 loss_train: 4.7129 task_loss: 0.4236 cont_loss: 8.0547 adv_loss: 0.1844 auroc_train: 0.7942 auprc_train: 0.7854 precision_train: 0.6941 recall_train: 0.7268 f1_train: 0.7101 cm_train: (tn=1456, fp=687, fn=586, tp=1559)
2025-10-19 19:01:10 | INFO | EM.print | -------- Epoch 2 --------
2025-10-19 19:01:10 | INFO | EM.print | [AUG][online][epoch=2][iter=0] start name=random_permute_features noise_std=0.01 mask_rate=0.1 seed=1000
2025-10-19 19:01:10 | INFO | EM.print | [AUG][online][epoch=2][iter=0] done name=random_permute_features shape=(1140, 1140)
2025-10-19 19:01:10 | INFO | EM.print | [ONLINE-AUG] mode=online name=random_permute_features noise_std=0.01 mask_rate=0.1 base_seed=0
2025-10-19 19:01:10 | INFO | EM.print | epoch: 2/ iteration: 1/ loss_train: 4.724762 | task_loss:0.4315 cont_loss:8.0667 adv_loss:0.1878
2025-10-19 19:01:11 | INFO | EM.print | epoch: 0002 loss_train: 4.5265 task_loss: 0.3723 cont_loss: 7.8902 adv_loss: 0.0387 auroc_train: 0.9224 auprc_train: 0.9173 precision_train: 0.8409 recall_train: 0.8441 f1_train: 0.8425 cm_train: (tn=1804, fp=342, fn=334, tp=1808)
2025-10-19 19:01:11 | INFO | EM.print | -------- Epoch 3 --------
2025-10-19 19:01:11 | INFO | EM.print | [AUG][online][epoch=3][iter=0] start name=random_permute_features noise_std=0.01 mask_rate=0.1 seed=2000
2025-10-19 19:01:11 | INFO | EM.print | [AUG][online][epoch=3][iter=0] done name=random_permute_features shape=(1140, 1140)
2025-10-19 19:01:11 | INFO | EM.print | [ONLINE-AUG] mode=online name=random_permute_features noise_std=0.01 mask_rate=0.1 base_seed=0
2025-10-19 19:01:12 | INFO | EM.print | epoch: 3/ iteration: 1/ loss_train: 25.992353 | task_loss:1.1895 cont_loss:5.6656 adv_loss:44.6820
2025-10-19 19:01:18 | INFO | EM.print | epoch: 0003 loss_train: 5.1563 task_loss: 0.7235 cont_loss: 8.1339 adv_loss: 0.7140 auroc_train: 0.4334 auprc_train: 0.4505 precision_train: 0.4598 recall_train: 0.4904 f1_train: 0.4746 cm_train: (tn=907, fp=1236, fn=1093, tp=1052)
2025-10-19 19:01:18 | INFO | EM.print | -------- Epoch 4 --------
2025-10-19 19:01:18 | INFO | EM.print | [AUG][online][epoch=4][iter=0] start name=random_permute_features noise_std=0.01 mask_rate=0.1 seed=3000
2025-10-19 19:01:18 | INFO | EM.print | [AUG][online][epoch=4][iter=0] done name=random_permute_features shape=(1140, 1140)
2025-10-19 19:01:18 | INFO | EM.print | [ONLINE-AUG] mode=online name=random_permute_features noise_std=0.01 mask_rate=0.1 base_seed=0
2025-10-19 19:01:18 | INFO | EM.print | epoch: 4/ iteration: 1/ loss_train: 5.143915 | task_loss:0.6832 cont_loss:8.1613 adv_loss:0.6955
2025-10-19 19:01:25 | INFO | EM.print | epoch: 0004 loss_train: 5.1469 task_loss: 0.6921 cont_loss: 8.1708 adv_loss: 0.6830 auroc_train: 0.5104 auprc_train: 0.5078 precision_train: 0.5153 recall_train: 0.5091 f1_train: 0.5122 cm_train: (tn=1116, fp=1027, fn=1053, tp=1092)
2025-10-19 19:01:25 | INFO | EM.print | -------- Epoch 5 --------
2025-10-19 19:01:25 | INFO | EM.print | [AUG][online][epoch=5][iter=0] start name=random_permute_features noise_std=0.01 mask_rate=0.1 seed=4000
2025-10-19 19:01:25 | INFO | EM.print | [AUG][online][epoch=5][iter=0] done name=random_permute_features shape=(1140, 1140)
2025-10-19 19:01:25 | INFO | EM.print | [ONLINE-AUG] mode=online name=random_permute_features noise_std=0.01 mask_rate=0.1 base_seed=0
2025-10-19 19:01:25 | INFO | EM.print | epoch: 5/ iteration: 1/ loss_train: 5.1492705 | task_loss:0.6904 cont_loss:8.1750 adv_loss:0.6847
2025-10-19 19:01:32 | INFO | EM.print | epoch: 0005 loss_train: 5.2494 task_loss: 0.6911 cont_loss: 8.2470 adv_loss: 0.8050 auroc_train: 0.5070 auprc_train: 0.5051 precision_train: 0.5098 recall_train: 0.5231 f1_train: 0.5163 cm_train: (tn=1064, fp=1079, fn=1023, tp=1122)
2025-10-19 19:01:32 | INFO | EM.print | -------- Epoch 6 --------
2025-10-19 19:01:32 | INFO | EM.print | [AUG][online][epoch=6][iter=0] start name=random_permute_features noise_std=0.01 mask_rate=0.1 seed=5000
2025-10-19 19:01:32 | INFO | EM.print | [AUG][online][epoch=6][iter=0] done name=random_permute_features shape=(1140, 1140)
2025-10-19 19:01:32 | INFO | EM.print | [ONLINE-AUG] mode=online name=random_permute_features noise_std=0.01 mask_rate=0.1 base_seed=0
2025-10-19 19:01:32 | INFO | EM.print | epoch: 6/ iteration: 1/ loss_train: 5.2234945 | task_loss:0.6980 cont_loss:8.2487 adv_loss:0.7452
2025-10-19 19:01:39 | INFO | EM.print | epoch: 0006 loss_train: 5.2653 task_loss: 0.6955 cont_loss: 8.2757 adv_loss: 0.8015 auroc_train: 0.4924 auprc_train: 0.4975 precision_train: 0.4969 recall_train: 0.4483 f1_train: 0.4714 cm_train: (tn=1165, fp=975, fn=1185, tp=963)
2025-10-19 19:01:39 | INFO | EM.print | -------- Epoch 7 --------
2025-10-19 19:01:39 | INFO | EM.print | [AUG][online][epoch=7][iter=0] start name=random_permute_features noise_std=0.01 mask_rate=0.1 seed=6000
2025-10-19 19:01:39 | INFO | EM.print | [AUG][online][epoch=7][iter=0] done name=random_permute_features shape=(1140, 1140)
2025-10-19 19:01:39 | INFO | EM.print | [ONLINE-AUG] mode=online name=random_permute_features noise_std=0.01 mask_rate=0.1 base_seed=0
2025-10-19 19:01:39 | INFO | EM.print | epoch: 7/ iteration: 1/ loss_train: 5.169417 | task_loss:0.6992 cont_loss:8.2471 adv_loss:0.6377
2025-10-19 19:01:46 | INFO | EM.print | epoch: 0007 loss_train: 5.2315 task_loss: 0.6957 cont_loss: 8.2985 adv_loss: 0.7085 auroc_train: 0.4867 auprc_train: 0.4873 precision_train: 0.4931 recall_train: 0.5016 f1_train: 0.4973 cm_train: (tn=1037, fp=1106, fn=1069, tp=1076)
2025-10-19 19:01:46 | INFO | EM.print | -------- Epoch 8 --------
2025-10-19 19:01:46 | INFO | EM.print | [AUG][online][epoch=8][iter=0] start name=random_permute_features noise_std=0.01 mask_rate=0.1 seed=7000
2025-10-19 19:01:46 | INFO | EM.print | [AUG][online][epoch=8][iter=0] done name=random_permute_features shape=(1140, 1140)
2025-10-19 19:01:46 | INFO | EM.print | [ONLINE-AUG] mode=online name=random_permute_features noise_std=0.01 mask_rate=0.1 base_seed=0
2025-10-19 19:01:46 | INFO | EM.print | epoch: 8/ iteration: 1/ loss_train: 5.219206 | task_loss:0.6973 cont_loss:8.3087 adv_loss:0.6713
2025-10-19 19:01:53 | INFO | EM.print | epoch: 0008 loss_train: 5.2041 task_loss: 0.6816 cont_loss: 8.2979 adv_loss: 0.6671 auroc_train: 0.5056 auprc_train: 0.5008 precision_train: 0.5041 recall_train: 0.5103 f1_train: 0.5072 cm_train: (tn=1065, fp=1077, fn=1051, tp=1095)
2025-10-19 19:01:53 | INFO | EM.print | -------- Epoch 9 --------
2025-10-19 19:01:53 | INFO | EM.print | [AUG][online][epoch=9][iter=0] start name=random_permute_features noise_std=0.01 mask_rate=0.1 seed=8000
2025-10-19 19:01:53 | INFO | EM.print | [AUG][online][epoch=9][iter=0] done name=random_permute_features shape=(1140, 1140)
2025-10-19 19:01:53 | INFO | EM.print | [ONLINE-AUG] mode=online name=random_permute_features noise_std=0.01 mask_rate=0.1 base_seed=0
2025-10-19 19:01:53 | INFO | EM.print | epoch: 9/ iteration: 1/ loss_train: 5.1945114 | task_loss:0.7010 cont_loss:8.2861 adv_loss:0.6434
2025-10-19 19:02:00 | INFO | EM.print | epoch: 0009 loss_train: 5.1883 task_loss: 0.6906 cont_loss: 8.2319 adv_loss: 0.7000 auroc_train: 0.5068 auprc_train: 0.5067 precision_train: 0.5059 recall_train: 0.3826 f1_train: 0.4357 cm_train: (tn=1340, fp=802, fn=1325, tp=821)
2025-10-19 19:02:00 | INFO | EM.print | -------- Epoch 10 --------
2025-10-19 19:02:00 | INFO | EM.print | [AUG][online][epoch=10][iter=0] start name=random_permute_features noise_std=0.01 mask_rate=0.1 seed=9000
2025-10-19 19:02:00 | INFO | EM.print | [AUG][online][epoch=10][iter=0] done name=random_permute_features shape=(1140, 1140)
2025-10-19 19:02:00 | INFO | EM.print | [ONLINE-AUG] mode=online name=random_permute_features noise_std=0.01 mask_rate=0.1 base_seed=0
2025-10-19 19:02:00 | INFO | EM.print | epoch: 10/ iteration: 1/ loss_train: 5.1683254 | task_loss:0.6927 cont_loss:8.1999 adv_loss:0.6933
2025-10-19 19:02:07 | INFO | EM.print | epoch: 0010 loss_train: 5.1996 task_loss: 0.6903 cont_loss: 8.2461 adv_loss: 0.7072 auroc_train: 0.4869 auprc_train: 0.4868 precision_train: 0.4992 recall_train: 0.4302 f1_train: 0.4622 cm_train: (tn=1220, fp=925, fn=1221, tp=922)
2025-10-19 19:02:07 | INFO | EM.print | Optimization Finished!
2025-10-19 19:02:07 | INFO | EM.result.save | Saved result text: /root/OUTPUT/result/LMI_stageA_eps0.015_steps3_data_20251019_185733/metrics/train_epoch_metrics_fold_4_20251019_185733.csv.txt
2025-10-19 19:02:07 | INFO | EM.print | [SAVE] Per-epoch train metrics saved: train_epoch_metrics_fold_4_20251019_185733.csv
2025-10-19 19:02:08 | INFO | EM.result.save | Saved result text: /root/OUTPUT/result/LMI_stageA_eps0.015_steps3_data_20251019_185733/metrics/threshold_scan_fold_4_20251019_185733.txt
2025-10-19 19:02:08 | INFO | EM.print | loss_test: 5.2262 auroc_test: 0.8747 auprc_test: 0.8597 precision_test: 0.5020 recall_test: 1.0000 f1_test: 0.6684 cm_test: (tn=0, fp=510, fn=0, tp=514)
2025-10-19 19:02:08 | INFO | EM | Fold 4 completed.
2025-10-19 19:02:08 | INFO | EM | === Fold 5/5 ===
2025-10-19 19:02:08 | INFO | EM.result.save | Saved result text: /root/OUTPUT/result/LMI_stageA_eps0.015_steps3_data_20251019_185733/metrics/adv_config_fold_5_20251019_185733.json.txt
2025-10-19 19:02:08 | INFO | EM.print | [SAVE] adv config saved: metrics/adv_config_fold_5_20251019_185733.json
2025-10-19 19:02:08 | INFO | EM.print | Start Training...
2025-10-19 19:02:08 | INFO | EM.print | -------- Epoch 1 --------
2025-10-19 19:02:09 | INFO | EM.print | [AUG][online][epoch=1][iter=0] start name=random_permute_features noise_std=0.01 mask_rate=0.1 seed=0
2025-10-19 19:02:09 | INFO | EM.print | [AUG][online][epoch=1][iter=0] done name=random_permute_features shape=(1140, 1140)
2025-10-19 19:02:09 | INFO | EM.print | [ONLINE-AUG] mode=online name=random_permute_features noise_std=0.01 mask_rate=0.1 base_seed=0
2025-10-19 19:02:09 | INFO | EM.print | epoch: 1/ iteration: 1/ loss_train: 0.7212974 | task_loss:0.6810 cont_loss:0.0923 adv_loss:0.7282
2025-10-19 19:02:11 | INFO | EM.print | epoch: 0001 loss_train: 4.6887 task_loss: 0.4775 cont_loss: 8.0333 adv_loss: 0.1111 auroc_train: 0.8675 auprc_train: 0.8573 precision_train: 0.7650 recall_train: 0.8125 f1_train: 0.7881 cm_train: (tn=1609, fp=535, fn=402, tp=1742)
2025-10-19 19:02:11 | INFO | EM.print | -------- Epoch 2 --------
2025-10-19 19:02:11 | INFO | EM.print | [AUG][online][epoch=2][iter=0] start name=random_permute_features noise_std=0.01 mask_rate=0.1 seed=1000
2025-10-19 19:02:11 | INFO | EM.print | [AUG][online][epoch=2][iter=0] done name=random_permute_features shape=(1140, 1140)
2025-10-19 19:02:11 | INFO | EM.print | [ONLINE-AUG] mode=online name=random_permute_features noise_std=0.01 mask_rate=0.1 base_seed=0
2025-10-19 19:02:11 | INFO | EM.print | epoch: 2/ iteration: 1/ loss_train: 4.602485 | task_loss:0.2909 cont_loss:8.0566 adv_loss:0.0808
2025-10-19 19:02:13 | INFO | EM.print | epoch: 0002 loss_train: 4.5614 task_loss: 0.4118 cont_loss: 7.9345 adv_loss: 0.0242 auroc_train: 0.9375 auprc_train: 0.9372 precision_train: 0.8564 recall_train: 0.8544 f1_train: 0.8554 cm_train: (tn=1838, fp=307, fn=312, tp=1831)
2025-10-19 19:02:13 | INFO | EM.print | -------- Epoch 3 --------
2025-10-19 19:02:13 | INFO | EM.print | [AUG][online][epoch=3][iter=0] start name=random_permute_features noise_std=0.01 mask_rate=0.1 seed=2000
2025-10-19 19:02:13 | INFO | EM.print | [AUG][online][epoch=3][iter=0] done name=random_permute_features shape=(1140, 1140)
2025-10-19 19:02:13 | INFO | EM.print | [ONLINE-AUG] mode=online name=random_permute_features noise_std=0.01 mask_rate=0.1 base_seed=0
2025-10-19 19:02:13 | INFO | EM.print | epoch: 3/ iteration: 1/ loss_train: 25.973856 | task_loss:1.1832 cont_loss:6.7941 adv_loss:43.4093
2025-10-19 19:02:20 | INFO | EM.print | epoch: 0003 loss_train: 5.1465 task_loss: 0.7017 cont_loss: 8.1097 adv_loss: 0.7407 auroc_train: 0.4511 auprc_train: 0.4577 precision_train: 0.4654 recall_train: 0.5406 f1_train: 0.5002 cm_train: (tn=816, fp=1330, fn=984, tp=1158)
2025-10-19 19:02:20 | INFO | EM.print | -------- Epoch 4 --------
2025-10-19 19:02:20 | INFO | EM.print | [AUG][online][epoch=4][iter=0] start name=random_permute_features noise_std=0.01 mask_rate=0.1 seed=3000
2025-10-19 19:02:20 | INFO | EM.print | [AUG][online][epoch=4][iter=0] done name=random_permute_features shape=(1140, 1140)
2025-10-19 19:02:20 | INFO | EM.print | [ONLINE-AUG] mode=online name=random_permute_features noise_std=0.01 mask_rate=0.1 base_seed=0
2025-10-19 19:02:20 | INFO | EM.print | epoch: 4/ iteration: 1/ loss_train: 5.095529 | task_loss:0.6929 cont_loss:8.0444 adv_loss:0.7186
2025-10-19 19:02:27 | INFO | EM.print | epoch: 0004 loss_train: 5.1239 task_loss: 0.7235 cont_loss: 7.9940 adv_loss: 0.8032 auroc_train: 0.4957 auprc_train: 0.4932 precision_train: 0.4965 recall_train: 0.4916 f1_train: 0.4940 cm_train: (tn=1072, fp=1070, fn=1091, tp=1055)
2025-10-19 19:02:27 | INFO | EM.print | -------- Epoch 5 --------
2025-10-19 19:02:27 | INFO | EM.print | [AUG][online][epoch=5][iter=0] start name=random_permute_features noise_std=0.01 mask_rate=0.1 seed=4000
2025-10-19 19:02:27 | INFO | EM.print | [AUG][online][epoch=5][iter=0] done name=random_permute_features shape=(1140, 1140)
2025-10-19 19:02:27 | INFO | EM.print | [ONLINE-AUG] mode=online name=random_permute_features noise_std=0.01 mask_rate=0.1 base_seed=0
2025-10-19 19:02:27 | INFO | EM.print | epoch: 5/ iteration: 1/ loss_train: 5.084957 | task_loss:0.7018 cont_loss:8.0087 adv_loss:0.7287
2025-10-19 19:02:33 | INFO | EM.print | epoch: 0005 loss_train: 5.2233 task_loss: 0.6941 cont_loss: 8.2818 adv_loss: 0.7119 auroc_train: 0.4980 auprc_train: 0.4939 precision_train: 0.4983 recall_train: 0.4809 f1_train: 0.4894 cm_train: (tn=1106, fp=1038, fn=1113, tp=1031)
2025-10-19 19:02:33 | INFO | EM.print | -------- Epoch 6 --------
2025-10-19 19:02:33 | INFO | EM.print | [AUG][online][epoch=6][iter=0] start name=random_permute_features noise_std=0.01 mask_rate=0.1 seed=5000
2025-10-19 19:02:33 | INFO | EM.print | [AUG][online][epoch=6][iter=0] done name=random_permute_features shape=(1140, 1140)
2025-10-19 19:02:33 | INFO | EM.print | [ONLINE-AUG] mode=online name=random_permute_features noise_std=0.01 mask_rate=0.1 base_seed=0
2025-10-19 19:02:33 | INFO | EM.print | epoch: 6/ iteration: 1/ loss_train: 5.225391 | task_loss:0.6946 cont_loss:8.2985 adv_loss:0.6973
2025-10-19 19:02:40 | INFO | EM.print | epoch: 0006 loss_train: 5.2233 task_loss: 0.6921 cont_loss: 8.2927 adv_loss: 0.7017 auroc_train: 0.4933 auprc_train: 0.4911 precision_train: 0.4937 recall_train: 0.5654 f1_train: 0.5271 cm_train: (tn=896, fp=1245, fn=933, tp=1214)
2025-10-19 19:02:40 | INFO | EM.print | -------- Epoch 7 --------
2025-10-19 19:02:40 | INFO | EM.print | [AUG][online][epoch=7][iter=0] start name=random_permute_features noise_std=0.01 mask_rate=0.1 seed=6000
2025-10-19 19:02:40 | INFO | EM.print | [AUG][online][epoch=7][iter=0] done name=random_permute_features shape=(1140, 1140)
2025-10-19 19:02:40 | INFO | EM.print | [ONLINE-AUG] mode=online name=random_permute_features noise_std=0.01 mask_rate=0.1 base_seed=0
2025-10-19 19:02:40 | INFO | EM.print | epoch: 7/ iteration: 1/ loss_train: 5.221267 | task_loss:0.6889 cont_loss:8.2980 adv_loss:0.6947
2025-10-19 19:02:47 | INFO | EM.print | epoch: 0007 loss_train: 5.2402 task_loss: 0.6988 cont_loss: 8.3213 adv_loss: 0.6981 auroc_train: 0.4994 auprc_train: 0.4943 precision_train: 0.5016 recall_train: 0.6462 f1_train: 0.5648 cm_train: (tn=766, fp=1377, fn=759, tp=1386)
2025-10-19 19:02:47 | INFO | EM.print | -------- Epoch 8 --------
2025-10-19 19:02:47 | INFO | EM.print | [AUG][online][epoch=8][iter=0] start name=random_permute_features noise_std=0.01 mask_rate=0.1 seed=7000
2025-10-19 19:02:47 | INFO | EM.print | [AUG][online][epoch=8][iter=0] done name=random_permute_features shape=(1140, 1140)
2025-10-19 19:02:47 | INFO | EM.print | [ONLINE-AUG] mode=online name=random_permute_features noise_std=0.01 mask_rate=0.1 base_seed=0
2025-10-19 19:02:47 | INFO | EM.print | epoch: 8/ iteration: 1/ loss_train: 5.2392273 | task_loss:0.6970 cont_loss:8.3219 adv_loss:0.6970
2025-10-19 19:02:54 | INFO | EM.print | epoch: 0008 loss_train: 5.2277 task_loss: 0.6965 cont_loss: 8.3040 adv_loss: 0.6942 auroc_train: 0.4953 auprc_train: 0.4949 precision_train: 0.4975 recall_train: 0.5984 f1_train: 0.5433 cm_train: (tn=848, fp=1296, fn=861, tp=1283)
2025-10-19 19:02:54 | INFO | EM.print | -------- Epoch 9 --------
2025-10-19 19:02:54 | INFO | EM.print | [AUG][online][epoch=9][iter=0] start name=random_permute_features noise_std=0.01 mask_rate=0.1 seed=8000
2025-10-19 19:02:54 | INFO | EM.print | [AUG][online][epoch=9][iter=0] done name=random_permute_features shape=(1140, 1140)
2025-10-19 19:02:54 | INFO | EM.print | [ONLINE-AUG] mode=online name=random_permute_features noise_std=0.01 mask_rate=0.1 base_seed=0
2025-10-19 19:02:54 | INFO | EM.print | epoch: 9/ iteration: 1/ loss_train: 5.2296243 | task_loss:0.6946 cont_loss:8.3093 adv_loss:0.6938
2025-10-19 19:03:01 | INFO | EM.print | epoch: 0009 loss_train: 5.2343 task_loss: 0.6946 cont_loss: 8.3106 adv_loss: 0.7018 auroc_train: 0.4796 auprc_train: 0.4953 precision_train: 0.4860 recall_train: 0.4307 f1_train: 0.4567 cm_train: (tn=1169, fp=976, fn=1220, tp=923)
2025-10-19 19:03:01 | INFO | EM.print | -------- Epoch 10 --------
2025-10-19 19:03:01 | INFO | EM.print | [AUG][online][epoch=10][iter=0] start name=random_permute_features noise_std=0.01 mask_rate=0.1 seed=9000
2025-10-19 19:03:01 | INFO | EM.print | [AUG][online][epoch=10][iter=0] done name=random_permute_features shape=(1140, 1140)
2025-10-19 19:03:01 | INFO | EM.print | [ONLINE-AUG] mode=online name=random_permute_features noise_std=0.01 mask_rate=0.1 base_seed=0
2025-10-19 19:03:01 | INFO | EM.print | epoch: 10/ iteration: 1/ loss_train: 5.2282243 | task_loss:0.6869 cont_loss:8.3061 adv_loss:0.7016
2025-10-19 19:03:08 | INFO | EM.print | epoch: 0010 loss_train: 5.2254 task_loss: 0.6936 cont_loss: 8.2966 adv_loss: 0.7003 auroc_train: 0.4961 auprc_train: 0.4984 precision_train: 0.4928 recall_train: 0.5404 f1_train: 0.5155 cm_train: (tn=953, fp=1192, fn=985, tp=1158)
2025-10-19 19:03:08 | INFO | EM.print | Optimization Finished!
2025-10-19 19:03:08 | INFO | EM.result.save | Saved result text: /root/OUTPUT/result/LMI_stageA_eps0.015_steps3_data_20251019_185733/metrics/train_epoch_metrics_fold_5_20251019_185733.csv.txt
2025-10-19 19:03:08 | INFO | EM.print | [SAVE] Per-epoch train metrics saved: train_epoch_metrics_fold_5_20251019_185733.csv
2025-10-19 19:03:09 | INFO | EM.result.save | Saved result text: /root/OUTPUT/result/LMI_stageA_eps0.015_steps3_data_20251019_185733/metrics/threshold_scan_fold_5_20251019_185733.txt
2025-10-19 19:03:09 | INFO | EM.print | loss_test: 5.2278 auroc_test: 0.8635 auprc_test: 0.8340 precision_test: 0.5010 recall_test: 1.0000 f1_test: 0.6675 cm_test: (tn=0, fp=511, fn=0, tp=513)
2025-10-19 19:03:09 | INFO | EM | Fold 5 completed.
2025-10-19 19:03:09 | INFO | EM | === 5-Fold Cross Validation Results ===
2025-10-19 19:03:09 | INFO | EM | AUROC: 0.8647 ± 0.0078
2025-10-19 19:03:09 | INFO | EM | AUPRC: 0.8462 ± 0.0169
2025-10-19 19:03:09 | INFO | EM | F1-Score: 0.4003 ± 0.3269
2025-10-19 19:03:09 | INFO | EM | Loss: 5.2278 ± 0.0037
2025-10-19 19:03:09 | INFO | EM.result.save | Saved result text: /root/OUTPUT/result/LMI_stageA_eps0.015_steps3_data_20251019_185733/result_summary_20251019_185733.txt
2025-10-19 19:03:09 | INFO | EM | Detailed Results:
2025-10-19 19:03:09 | INFO | EM | Fold 1: AUROC=0.8676, AUPRC=0.8596, F1=0.0000
2025-10-19 19:03:09 | INFO | EM | Fold 2: AUROC=0.8509, AUPRC=0.8189, F1=0.0000
2025-10-19 19:03:09 | INFO | EM | Fold 3: AUROC=0.8669, AUPRC=0.8591, F1=0.6658
2025-10-19 19:03:09 | INFO | EM | Fold 4: AUROC=0.8747, AUPRC=0.8597, F1=0.6684
2025-10-19 19:03:09 | INFO | EM | Fold 5: AUROC=0.8635, AUPRC=0.8340, F1=0.6675
2025-10-19 19:03:09 | INFO | EM.result.save | Saved result text: /root/OUTPUT/result/LMI_stageA_eps0.015_steps3_data_20251019_185733/per_fold_20251019_185733.txt
2025-10-19 19:03:09 | INFO | EM.result.save | Saved result text: /root/OUTPUT/result/LMI_stageA_eps0.015_steps3_data_20251019_185733/metrics/result_extra_20251019_185733.txt
2025-10-19 19:03:09 | INFO | EM | Precision: 0.3004 ± 0.2453
2025-10-19 19:03:09 | INFO | EM | Recall: 0.6000 ± 0.4899
2025-10-19 19:03:09 | INFO | EM | Confusion Matrix (sum): tn=1023, fp=1534, fn=1025, tp=1538
2025-10-19 19:03:09 | INFO | EM | All folds completed!
2025-10-19 19:03:09 | INFO | EM | ================================================================================
2025-10-19 19:03:09 | INFO | EM | RUN END   | run_id=20251019_185733 | run_name=LMI_stageA_eps0.015_steps3
2025-10-19 19:03:09 | INFO | EM | RESULT DIR: /root/OUTPUT/result/LMI_stageA_eps0.015_steps3_data_20251019_185733
2025-10-19 19:03:09 | INFO | EM | ================================================================================
