2025-10-19 18:18:34 | INFO | EM | ================================================================================
2025-10-19 18:18:34 | INFO | EM | RUN START | run_id=20251019_181834 | run_name=LDA_stageA_eps0.015_steps3
2025-10-19 18:18:34 | INFO | EM | COMMAND: /root/miniconda3/bin/python /root/hyperparameter-tuning/main.py --task_type LDA --run_name LDA_stageA_eps0.015_steps3 --feature_type one_hot --batch 64 --lr 0.0005 --weight_decay 0.0005 --dropout 0.05 --epochs 10 --augment_mode online --moco_queue 4096 --moco_momentum 0.99 --moco_t 0.07 --loss_ratio1 0.45 --loss_ratio2 0.55 --loss_ratio3 0.5 --enable_threshold_scan true --threshold_min 0.35 --threshold_max 0.65 --threshold_step 0.01 --enable_temp_scaling true --temp_grid_min 0.5 --temp_grid_max 3.0 --temp_grid_num 26 --adv_warmup_end 3 --adv_mode mgraph --adv_norm linf --adv_rand_init true --adv_project true --adv_on_moco true --adv_eps 0.015 --adv_alpha 0.005 --adv_steps 3
2025-10-19 18:18:34 | INFO | EM | ================================================================================
2025-10-19 18:18:34 | INFO | EM.result | Result directory: /root/OUTPUT/result/LDA_stageA_eps0.015_steps3_data_20251019_181834
2025-10-19 18:18:34 | INFO | EM | Initialized logging and result directory.
2025-10-19 18:18:34 | INFO | EM | Using CUDA: True
2025-10-19 18:18:34 | INFO | EM | CUDA device count: 1
2025-10-19 18:18:34 | INFO | EM | Current CUDA device: 0
2025-10-19 18:18:34 | INFO | EM | CUDA device name: NVIDIA GeForce RTX 4090
2025-10-19 18:18:34 | INFO | EM | === Augmentation Config ===
2025-10-19 18:18:34 | INFO | EM | [AUG CONFIG] Multiple augmentations detected: random_permute_features, attribute_mask, noise_then_mask
2025-10-19 18:18:34 | INFO | EM | augment=random_permute_features,attribute_mask,noise_then_mask | mode=online | noise_std=0.01 | mask_rate=0.1 | augment_seed=None (None means seed+fold for static)
2025-10-19 18:18:34 | INFO | EM | ===========================
2025-10-19 18:18:34 | INFO | EM | Loading dataset1/LDA.edgelist seed0 dataset...
2025-10-19 18:18:34 | INFO | EM | Selected cross_validation type: 5_cv1
2025-10-19 18:18:34 | INFO | EM | Selected task_type: LDA
2025-10-19 18:18:34 | INFO | EM | Selected feature_type: one_hot
2025-10-19 18:18:34 | INFO | EM | Selected embed_dim: N/A
2025-10-19 18:18:34 | INFO | EM | Selected learning_rate: N/A
2025-10-19 18:18:34 | INFO | EM | Selected epochs: 10
2025-10-19 18:18:34 | INFO | EM | Selected task type...
2025-10-19 18:18:43 | INFO | EM.print | [AUG][static][fold=1] start name=random_permute_features noise_std=0.01 mask_rate=0.1 seed=0
2025-10-19 18:18:44 | INFO | EM.print | [AUG][static][fold=1] done name=random_permute_features shape=(1140, 1140)
2025-10-19 18:18:44 | INFO | EM.augment | [AUGMENT][fold=1] name=random_permute_features noise_std=0.01 mask_rate=0.1 seed=0 masked_cols=0 shape=(1140, 1140) mean=0.0009 std=0.0296
2025-10-19 18:18:52 | INFO | EM.print | [AUG][static][fold=2] start name=random_permute_features noise_std=0.01 mask_rate=0.1 seed=1
2025-10-19 18:18:52 | INFO | EM.print | [AUG][static][fold=2] done name=random_permute_features shape=(1140, 1140)
2025-10-19 18:18:52 | INFO | EM.augment | [AUGMENT][fold=2] name=random_permute_features noise_std=0.01 mask_rate=0.1 seed=1 masked_cols=0 shape=(1140, 1140) mean=0.0009 std=0.0296
2025-10-19 18:19:00 | INFO | EM.print | [AUG][static][fold=3] start name=random_permute_features noise_std=0.01 mask_rate=0.1 seed=2
2025-10-19 18:19:00 | INFO | EM.print | [AUG][static][fold=3] done name=random_permute_features shape=(1140, 1140)
2025-10-19 18:19:00 | INFO | EM.augment | [AUGMENT][fold=3] name=random_permute_features noise_std=0.01 mask_rate=0.1 seed=2 masked_cols=0 shape=(1140, 1140) mean=0.0009 std=0.0296
2025-10-19 18:19:08 | INFO | EM.print | [AUG][static][fold=4] start name=random_permute_features noise_std=0.01 mask_rate=0.1 seed=3
2025-10-19 18:19:08 | INFO | EM.print | [AUG][static][fold=4] done name=random_permute_features shape=(1140, 1140)
2025-10-19 18:19:08 | INFO | EM.augment | [AUGMENT][fold=4] name=random_permute_features noise_std=0.01 mask_rate=0.1 seed=3 masked_cols=0 shape=(1140, 1140) mean=0.0009 std=0.0296
2025-10-19 18:19:16 | INFO | EM.print | [AUG][static][fold=5] start name=random_permute_features noise_std=0.01 mask_rate=0.1 seed=4
2025-10-19 18:19:16 | INFO | EM.print | [AUG][static][fold=5] done name=random_permute_features shape=(1140, 1140)
2025-10-19 18:19:16 | INFO | EM.augment | [AUGMENT][fold=5] name=random_permute_features noise_std=0.01 mask_rate=0.1 seed=4 masked_cols=0 shape=(1140, 1140) mean=0.0009 std=0.0296
2025-10-19 18:19:16 | INFO | EM | [DATALOADER] os=linux workers=8 prefetch_factor=4
2025-10-19 18:19:16 | INFO | EM.fold_stats | Saved fold stats to /root/OUTPUT/result/metrics/fold_stats.json
2025-10-19 18:19:16 | INFO | EM | Loading finished!
2025-10-19 18:19:16 | INFO | EM | Starting 5-fold cross validation...
2025-10-19 18:19:16 | INFO | EM | === Fold 1/5 ===
2025-10-19 18:19:16 | INFO | EM.result.save | Saved result text: /root/OUTPUT/result/LDA_stageA_eps0.015_steps3_data_20251019_181834/metrics/adv_config_fold_1_20251019_181834.json.txt
2025-10-19 18:19:16 | INFO | EM.print | [SAVE] adv config saved: metrics/adv_config_fold_1_20251019_181834.json
2025-10-19 18:19:16 | INFO | EM.print | Start Training...
2025-10-19 18:19:16 | INFO | EM.print | -------- Epoch 1 --------
2025-10-19 18:19:16 | INFO | EM.print | [AUG][online][epoch=1][iter=0] start name=random_permute_features noise_std=0.01 mask_rate=0.1 seed=0
2025-10-19 18:19:16 | INFO | EM.print | [AUG][online][epoch=1][iter=0] done name=random_permute_features shape=(1140, 1140)
2025-10-19 18:19:16 | INFO | EM.print | [ONLINE-AUG] mode=online name=random_permute_features noise_std=0.01 mask_rate=0.1 base_seed=0
2025-10-19 18:19:17 | INFO | EM.print | epoch: 1/ iteration: 1/ loss_train: 0.79117596 | task_loss:0.6695 cont_loss:0.2574 adv_loss:0.6966
2025-10-19 18:19:19 | INFO | EM.print | epoch: 0001 loss_train: 4.6765 task_loss: 0.3326 cont_loss: 8.1283 adv_loss: 0.1126 auroc_train: 0.8848 auprc_train: 0.8836 precision_train: 0.7874 recall_train: 0.8256 f1_train: 0.8060 cm_train: (tn=1666, fp=478, fn=374, tp=1770)
2025-10-19 18:19:19 | INFO | EM.print | -------- Epoch 2 --------
2025-10-19 18:19:19 | INFO | EM.print | [AUG][online][epoch=2][iter=0] start name=random_permute_features noise_std=0.01 mask_rate=0.1 seed=1000
2025-10-19 18:19:19 | INFO | EM.print | [AUG][online][epoch=2][iter=0] done name=random_permute_features shape=(1140, 1140)
2025-10-19 18:19:19 | INFO | EM.print | [ONLINE-AUG] mode=online name=random_permute_features noise_std=0.01 mask_rate=0.1 base_seed=0
2025-10-19 18:19:19 | INFO | EM.print | epoch: 2/ iteration: 1/ loss_train: 4.6673017 | task_loss:0.3107 cont_loss:8.1232 adv_loss:0.1194
2025-10-19 18:19:20 | INFO | EM.print | epoch: 0002 loss_train: 4.5096 task_loss: 0.2419 cont_loss: 7.9718 adv_loss: 0.0326 auroc_train: 0.9420 auprc_train: 0.9374 precision_train: 0.8616 recall_train: 0.8769 f1_train: 0.8692 cm_train: (tn=1842, fp=302, fn=264, tp=1880)
2025-10-19 18:19:20 | INFO | EM.print | -------- Epoch 3 --------
2025-10-19 18:19:21 | INFO | EM.print | [AUG][online][epoch=3][iter=0] start name=random_permute_features noise_std=0.01 mask_rate=0.1 seed=2000
2025-10-19 18:19:21 | INFO | EM.print | [AUG][online][epoch=3][iter=0] done name=random_permute_features shape=(1140, 1140)
2025-10-19 18:19:21 | INFO | EM.print | [ONLINE-AUG] mode=online name=random_permute_features noise_std=0.01 mask_rate=0.1 base_seed=0
2025-10-19 18:19:21 | INFO | EM.print | epoch: 3/ iteration: 1/ loss_train: 23.360529 | task_loss:1.4255 cont_loss:5.9937 adv_loss:38.8450
2025-10-19 18:19:27 | INFO | EM.print | epoch: 0003 loss_train: 5.1594 task_loss: 0.7224 cont_loss: 8.1104 adv_loss: 0.7472 auroc_train: 0.4602 auprc_train: 0.4628 precision_train: 0.4692 recall_train: 0.4729 f1_train: 0.4711 cm_train: (tn=997, fp=1147, fn=1130, tp=1014)
2025-10-19 18:19:27 | INFO | EM.print | -------- Epoch 4 --------
2025-10-19 18:19:27 | INFO | EM.print | [AUG][online][epoch=4][iter=0] start name=random_permute_features noise_std=0.01 mask_rate=0.1 seed=3000
2025-10-19 18:19:27 | INFO | EM.print | [AUG][online][epoch=4][iter=0] done name=random_permute_features shape=(1140, 1140)
2025-10-19 18:19:27 | INFO | EM.print | [ONLINE-AUG] mode=online name=random_permute_features noise_std=0.01 mask_rate=0.1 base_seed=0
2025-10-19 18:19:27 | INFO | EM.print | epoch: 4/ iteration: 1/ loss_train: 5.09688 | task_loss:0.6978 cont_loss:8.0220 adv_loss:0.7415
2025-10-19 18:19:33 | INFO | EM.print | epoch: 0004 loss_train: 5.2242 task_loss: 0.6993 cont_loss: 8.2838 adv_loss: 0.7068 auroc_train: 0.4836 auprc_train: 0.4880 precision_train: 0.4891 recall_train: 0.4907 f1_train: 0.4899 cm_train: (tn=1045, fp=1099, fn=1092, tp=1052)
2025-10-19 18:19:33 | INFO | EM.print | -------- Epoch 5 --------
2025-10-19 18:19:33 | INFO | EM.print | [AUG][online][epoch=5][iter=0] start name=random_permute_features noise_std=0.01 mask_rate=0.1 seed=4000
2025-10-19 18:19:33 | INFO | EM.print | [AUG][online][epoch=5][iter=0] done name=random_permute_features shape=(1140, 1140)
2025-10-19 18:19:33 | INFO | EM.print | [ONLINE-AUG] mode=online name=random_permute_features noise_std=0.01 mask_rate=0.1 base_seed=0
2025-10-19 18:19:33 | INFO | EM.print | epoch: 5/ iteration: 1/ loss_train: 5.2129025 | task_loss:0.6980 cont_loss:8.2609 adv_loss:0.7105
2025-10-19 18:19:39 | INFO | EM.print | epoch: 0005 loss_train: 5.1785 task_loss: 0.6974 cont_loss: 8.2071 adv_loss: 0.7016 auroc_train: 0.4964 auprc_train: 0.4942 precision_train: 0.4958 recall_train: 0.5226 f1_train: 0.5089 cm_train: (tn=1006, fp=1139, fn=1023, tp=1120)
2025-10-19 18:19:39 | INFO | EM.print | -------- Epoch 6 --------
2025-10-19 18:19:39 | INFO | EM.print | [AUG][online][epoch=6][iter=0] start name=random_permute_features noise_std=0.01 mask_rate=0.1 seed=5000
2025-10-19 18:19:39 | INFO | EM.print | [AUG][online][epoch=6][iter=0] done name=random_permute_features shape=(1140, 1140)
2025-10-19 18:19:39 | INFO | EM.print | [ONLINE-AUG] mode=online name=random_permute_features noise_std=0.01 mask_rate=0.1 base_seed=0
2025-10-19 18:19:39 | INFO | EM.print | epoch: 6/ iteration: 1/ loss_train: 5.2790318 | task_loss:0.6948 cont_loss:8.3683 adv_loss:0.7275
2025-10-19 18:19:45 | INFO | EM.print | epoch: 0006 loss_train: 5.2291 task_loss: 0.6913 cont_loss: 8.2895 adv_loss: 0.7177 auroc_train: 0.4936 auprc_train: 0.4963 precision_train: 0.4972 recall_train: 0.6151 f1_train: 0.5499 cm_train: (tn=807, fp=1335, fn=826, tp=1320)
2025-10-19 18:19:45 | INFO | EM.print | -------- Epoch 7 --------
2025-10-19 18:19:45 | INFO | EM.print | [AUG][online][epoch=7][iter=0] start name=random_permute_features noise_std=0.01 mask_rate=0.1 seed=6000
2025-10-19 18:19:45 | INFO | EM.print | [AUG][online][epoch=7][iter=0] done name=random_permute_features shape=(1140, 1140)
2025-10-19 18:19:45 | INFO | EM.print | [ONLINE-AUG] mode=online name=random_permute_features noise_std=0.01 mask_rate=0.1 base_seed=0
2025-10-19 18:19:45 | INFO | EM.print | epoch: 7/ iteration: 1/ loss_train: 5.226066 | task_loss:0.6921 cont_loss:8.2885 adv_loss:0.7119
2025-10-19 18:19:52 | INFO | EM.print | epoch: 0007 loss_train: 5.2410 task_loss: 0.7077 cont_loss: 8.3150 adv_loss: 0.6985 auroc_train: 0.4950 auprc_train: 0.4951 precision_train: 0.4875 recall_train: 0.4370 f1_train: 0.4609 cm_train: (tn=1159, fp=985, fn=1207, tp=937)
2025-10-19 18:19:52 | INFO | EM.print | -------- Epoch 8 --------
2025-10-19 18:19:52 | INFO | EM.print | [AUG][online][epoch=8][iter=0] start name=random_permute_features noise_std=0.01 mask_rate=0.1 seed=7000
2025-10-19 18:19:52 | INFO | EM.print | [AUG][online][epoch=8][iter=0] done name=random_permute_features shape=(1140, 1140)
2025-10-19 18:19:52 | INFO | EM.print | [ONLINE-AUG] mode=online name=random_permute_features noise_std=0.01 mask_rate=0.1 base_seed=0
2025-10-19 18:19:52 | INFO | EM.print | epoch: 8/ iteration: 1/ loss_train: 5.233759 | task_loss:0.6928 cont_loss:8.3135 adv_loss:0.6992
2025-10-19 18:19:58 | INFO | EM.print | epoch: 0008 loss_train: 5.2393 task_loss: 0.6938 cont_loss: 8.3131 adv_loss: 0.7098 auroc_train: 0.4916 auprc_train: 0.4919 precision_train: 0.4942 recall_train: 0.5804 f1_train: 0.5339 cm_train: (tn=869, fp=1274, fn=900, tp=1245)
2025-10-19 18:19:58 | INFO | EM.print | -------- Epoch 9 --------
2025-10-19 18:19:58 | INFO | EM.print | [AUG][online][epoch=9][iter=0] start name=random_permute_features noise_std=0.01 mask_rate=0.1 seed=8000
2025-10-19 18:19:58 | INFO | EM.print | [AUG][online][epoch=9][iter=0] done name=random_permute_features shape=(1140, 1140)
2025-10-19 18:19:58 | INFO | EM.print | [ONLINE-AUG] mode=online name=random_permute_features noise_std=0.01 mask_rate=0.1 base_seed=0
2025-10-19 18:19:58 | INFO | EM.print | epoch: 9/ iteration: 1/ loss_train: 5.236008 | task_loss:0.6918 cont_loss:8.3103 adv_loss:0.7081
2025-10-19 18:20:04 | INFO | EM.print | epoch: 0009 loss_train: 5.2528 task_loss: 0.6890 cont_loss: 8.3084 adv_loss: 0.7463 auroc_train: 0.4838 auprc_train: 0.4866 precision_train: 0.4869 recall_train: 0.5191 f1_train: 0.5025 cm_train: (tn=974, fp=1172, fn=1030, tp=1112)
2025-10-19 18:20:04 | INFO | EM.print | -------- Epoch 10 --------
2025-10-19 18:20:04 | INFO | EM.print | [AUG][online][epoch=10][iter=0] start name=random_permute_features noise_std=0.01 mask_rate=0.1 seed=9000
2025-10-19 18:20:04 | INFO | EM.print | [AUG][online][epoch=10][iter=0] done name=random_permute_features shape=(1140, 1140)
2025-10-19 18:20:04 | INFO | EM.print | [ONLINE-AUG] mode=online name=random_permute_features noise_std=0.01 mask_rate=0.1 base_seed=0
2025-10-19 18:20:04 | INFO | EM.print | epoch: 10/ iteration: 1/ loss_train: 5.2258844 | task_loss:0.7006 cont_loss:8.2890 adv_loss:0.7033
2025-10-19 18:20:10 | INFO | EM.print | epoch: 0010 loss_train: 5.2279 task_loss: 0.6942 cont_loss: 8.3058 adv_loss: 0.6946 auroc_train: 0.4785 auprc_train: 0.4838 precision_train: 0.4780 recall_train: 0.3605 f1_train: 0.4111 cm_train: (tn=1300, fp=844, fn=1371, tp=773)
2025-10-19 18:20:11 | INFO | EM.print | Optimization Finished!
2025-10-19 18:20:11 | INFO | EM.result.save | Saved result text: /root/OUTPUT/result/LDA_stageA_eps0.015_steps3_data_20251019_181834/metrics/train_epoch_metrics_fold_1_20251019_181834.csv.txt
2025-10-19 18:20:11 | INFO | EM.print | [SAVE] Per-epoch train metrics saved: train_epoch_metrics_fold_1_20251019_181834.csv
2025-10-19 18:20:11 | INFO | EM.result.save | Saved result text: /root/OUTPUT/result/LDA_stageA_eps0.015_steps3_data_20251019_181834/metrics/threshold_scan_fold_1_20251019_181834.txt
2025-10-19 18:20:11 | ERROR | EM.print | /root/miniconda3/lib/python3.12/site-packages/sklearn/metrics/_classification.py:1731: UndefinedMetricWarning: Precision is ill-defined and being set to 0.0 due to no predicted samples. Use `zero_division` parameter to control this behavior.
2025-10-19 18:20:11 | ERROR | EM.print |   _warn_prf(average, modifier, f"{metric.capitalize()} is", result.shape[0])
2025-10-19 18:20:11 | INFO | EM.print | loss_test: 5.2218 auroc_test: 0.8342 auprc_test: 0.8518 precision_test: 0.0000 recall_test: 0.0000 f1_test: 0.0000 cm_test: (tn=510, fp=0, fn=514, tp=0)
2025-10-19 18:20:11 | INFO | EM | Fold 1 completed.
2025-10-19 18:20:11 | INFO | EM | === Fold 2/5 ===
2025-10-19 18:20:11 | INFO | EM.result.save | Saved result text: /root/OUTPUT/result/LDA_stageA_eps0.015_steps3_data_20251019_181834/metrics/adv_config_fold_2_20251019_181834.json.txt
2025-10-19 18:20:11 | INFO | EM.print | [SAVE] adv config saved: metrics/adv_config_fold_2_20251019_181834.json
2025-10-19 18:20:11 | INFO | EM.print | Start Training...
2025-10-19 18:20:11 | INFO | EM.print | -------- Epoch 1 --------
2025-10-19 18:20:12 | INFO | EM.print | [AUG][online][epoch=1][iter=0] start name=random_permute_features noise_std=0.01 mask_rate=0.1 seed=0
2025-10-19 18:20:12 | INFO | EM.print | [AUG][online][epoch=1][iter=0] done name=random_permute_features shape=(1140, 1140)
2025-10-19 18:20:12 | INFO | EM.print | [ONLINE-AUG] mode=online name=random_permute_features noise_std=0.01 mask_rate=0.1 base_seed=0
2025-10-19 18:20:12 | INFO | EM.print | epoch: 1/ iteration: 1/ loss_train: 0.7871332 | task_loss:0.7277 cont_loss:0.0689 adv_loss:0.8435
2025-10-19 18:20:14 | INFO | EM.print | epoch: 0001 loss_train: 4.7323 task_loss: 0.4738 cont_loss: 8.0776 adv_loss: 0.1528 auroc_train: 0.8277 auprc_train: 0.8218 precision_train: 0.7349 recall_train: 0.7527 f1_train: 0.7437 cm_train: (tn=1563, fp=582, fn=530, tp=1613)
2025-10-19 18:20:14 | INFO | EM.print | -------- Epoch 2 --------
2025-10-19 18:20:14 | INFO | EM.print | [AUG][online][epoch=2][iter=0] start name=random_permute_features noise_std=0.01 mask_rate=0.1 seed=1000
2025-10-19 18:20:14 | INFO | EM.print | [AUG][online][epoch=2][iter=0] done name=random_permute_features shape=(1140, 1140)
2025-10-19 18:20:14 | INFO | EM.print | [ONLINE-AUG] mode=online name=random_permute_features noise_std=0.01 mask_rate=0.1 base_seed=0
2025-10-19 18:20:14 | INFO | EM.print | epoch: 2/ iteration: 1/ loss_train: 4.6252856 | task_loss:0.2451 cont_loss:8.0667 adv_loss:0.1566
2025-10-19 18:20:16 | INFO | EM.print | epoch: 0002 loss_train: 4.4902 task_loss: 0.2732 cont_loss: 7.9028 adv_loss: 0.0414 auroc_train: 0.9390 auprc_train: 0.9305 precision_train: 0.8576 recall_train: 0.8904 f1_train: 0.8737 cm_train: (tn=1827, fp=317, fn=235, tp=1909)
2025-10-19 18:20:16 | INFO | EM.print | -------- Epoch 3 --------
2025-10-19 18:20:16 | INFO | EM.print | [AUG][online][epoch=3][iter=0] start name=random_permute_features noise_std=0.01 mask_rate=0.1 seed=2000
2025-10-19 18:20:16 | INFO | EM.print | [AUG][online][epoch=3][iter=0] done name=random_permute_features shape=(1140, 1140)
2025-10-19 18:20:16 | INFO | EM.print | [ONLINE-AUG] mode=online name=random_permute_features noise_std=0.01 mask_rate=0.1 base_seed=0
2025-10-19 18:20:16 | INFO | EM.print | epoch: 3/ iteration: 1/ loss_train: 28.052128 | task_loss:1.5144 cont_loss:7.4413 adv_loss:46.5559
2025-10-19 18:20:22 | INFO | EM.print | epoch: 0003 loss_train: 5.1314 task_loss: 0.7000 cont_loss: 8.0897 adv_loss: 0.7340 auroc_train: 0.4539 auprc_train: 0.4535 precision_train: 0.4819 recall_train: 0.5592 f1_train: 0.5177 cm_train: (tn=852, fp=1290, fn=946, tp=1200)
2025-10-19 18:20:22 | INFO | EM.print | -------- Epoch 4 --------
2025-10-19 18:20:22 | INFO | EM.print | [AUG][online][epoch=4][iter=0] start name=random_permute_features noise_std=0.01 mask_rate=0.1 seed=3000
2025-10-19 18:20:22 | INFO | EM.print | [AUG][online][epoch=4][iter=0] done name=random_permute_features shape=(1140, 1140)
2025-10-19 18:20:22 | INFO | EM.print | [ONLINE-AUG] mode=online name=random_permute_features noise_std=0.01 mask_rate=0.1 base_seed=0
2025-10-19 18:20:22 | INFO | EM.print | epoch: 4/ iteration: 1/ loss_train: 5.047511 | task_loss:0.7024 cont_loss:7.9415 adv_loss:0.7272
2025-10-19 18:20:28 | INFO | EM.print | epoch: 0004 loss_train: 5.2527 task_loss: 0.7094 cont_loss: 8.3249 adv_loss: 0.7096 auroc_train: 0.4852 auprc_train: 0.4880 precision_train: 0.4824 recall_train: 0.4979 f1_train: 0.4900 cm_train: (tn=1000, fp=1145, fn=1076, tp=1067)
2025-10-19 18:20:28 | INFO | EM.print | -------- Epoch 5 --------
2025-10-19 18:20:28 | INFO | EM.print | [AUG][online][epoch=5][iter=0] start name=random_permute_features noise_std=0.01 mask_rate=0.1 seed=4000
2025-10-19 18:20:28 | INFO | EM.print | [AUG][online][epoch=5][iter=0] done name=random_permute_features shape=(1140, 1140)
2025-10-19 18:20:28 | INFO | EM.print | [ONLINE-AUG] mode=online name=random_permute_features noise_std=0.01 mask_rate=0.1 base_seed=0
2025-10-19 18:20:28 | INFO | EM.print | epoch: 5/ iteration: 1/ loss_train: 5.2412586 | task_loss:0.7072 cont_loss:8.3001 adv_loss:0.7159
2025-10-19 18:20:34 | INFO | EM.print | epoch: 0005 loss_train: 5.2360 task_loss: 0.6962 cont_loss: 8.3146 adv_loss: 0.6992 auroc_train: 0.4948 auprc_train: 0.4943 precision_train: 0.4956 recall_train: 0.5000 f1_train: 0.4978 cm_train: (tn=1056, fp=1090, fn=1071, tp=1071)
2025-10-19 18:20:34 | INFO | EM.print | -------- Epoch 6 --------
2025-10-19 18:20:34 | INFO | EM.print | [AUG][online][epoch=6][iter=0] start name=random_permute_features noise_std=0.01 mask_rate=0.1 seed=5000
2025-10-19 18:20:34 | INFO | EM.print | [AUG][online][epoch=6][iter=0] done name=random_permute_features shape=(1140, 1140)
2025-10-19 18:20:34 | INFO | EM.print | [ONLINE-AUG] mode=online name=random_permute_features noise_std=0.01 mask_rate=0.1 base_seed=0
2025-10-19 18:20:34 | INFO | EM.print | epoch: 6/ iteration: 1/ loss_train: 5.343384 | task_loss:0.6987 cont_loss:8.4100 adv_loss:0.8070
2025-10-19 18:20:40 | INFO | EM.print | epoch: 0006 loss_train: 5.2393 task_loss: 0.6930 cont_loss: 8.3215 adv_loss: 0.7012 auroc_train: 0.4963 auprc_train: 0.4955 precision_train: 0.4961 recall_train: 0.5674 f1_train: 0.5294 cm_train: (tn=907, fp=1236, fn=928, tp=1217)
2025-10-19 18:20:40 | INFO | EM.print | -------- Epoch 7 --------
2025-10-19 18:20:40 | INFO | EM.print | [AUG][online][epoch=7][iter=0] start name=random_permute_features noise_std=0.01 mask_rate=0.1 seed=6000
2025-10-19 18:20:40 | INFO | EM.print | [AUG][online][epoch=7][iter=0] done name=random_permute_features shape=(1140, 1140)
2025-10-19 18:20:40 | INFO | EM.print | [ONLINE-AUG] mode=online name=random_permute_features noise_std=0.01 mask_rate=0.1 base_seed=0
2025-10-19 18:20:40 | INFO | EM.print | epoch: 7/ iteration: 1/ loss_train: 5.239843 | task_loss:0.6929 cont_loss:8.3167 adv_loss:0.7076
2025-10-19 18:20:46 | INFO | EM.print | epoch: 0007 loss_train: 5.2561 task_loss: 0.6992 cont_loss: 8.3223 adv_loss: 0.7283 auroc_train: 0.4975 auprc_train: 0.5012 precision_train: 0.4955 recall_train: 0.4893 f1_train: 0.4924 cm_train: (tn=1076, fp=1068, fn=1095, tp=1049)
2025-10-19 18:20:46 | INFO | EM.print | -------- Epoch 8 --------
2025-10-19 18:20:47 | INFO | EM.print | [AUG][online][epoch=8][iter=0] start name=random_permute_features noise_std=0.01 mask_rate=0.1 seed=7000
2025-10-19 18:20:47 | INFO | EM.print | [AUG][online][epoch=8][iter=0] done name=random_permute_features shape=(1140, 1140)
2025-10-19 18:20:47 | INFO | EM.print | [ONLINE-AUG] mode=online name=random_permute_features noise_std=0.01 mask_rate=0.1 base_seed=0
2025-10-19 18:20:47 | INFO | EM.print | epoch: 8/ iteration: 1/ loss_train: 5.236262 | task_loss:0.6914 cont_loss:8.3160 adv_loss:0.7027
2025-10-19 18:20:53 | INFO | EM.print | epoch: 0008 loss_train: 5.2767 task_loss: 0.6932 cont_loss: 8.3567 adv_loss: 0.7371 auroc_train: 0.4979 auprc_train: 0.4968 precision_train: 0.4943 recall_train: 0.4839 f1_train: 0.4890 cm_train: (tn=1087, fp=1060, fn=1105, tp=1036)
2025-10-19 18:20:53 | INFO | EM.print | -------- Epoch 9 --------
2025-10-19 18:20:53 | INFO | EM.print | [AUG][online][epoch=9][iter=0] start name=random_permute_features noise_std=0.01 mask_rate=0.1 seed=8000
2025-10-19 18:20:53 | INFO | EM.print | [AUG][online][epoch=9][iter=0] done name=random_permute_features shape=(1140, 1140)
2025-10-19 18:20:53 | INFO | EM.print | [ONLINE-AUG] mode=online name=random_permute_features noise_std=0.01 mask_rate=0.1 base_seed=0
2025-10-19 18:20:53 | INFO | EM.print | epoch: 9/ iteration: 1/ loss_train: 5.256756 | task_loss:0.6936 cont_loss:8.3394 adv_loss:0.7160
2025-10-19 18:20:59 | INFO | EM.print | epoch: 0009 loss_train: 5.2173 task_loss: 0.6947 cont_loss: 8.3081 adv_loss: 0.6705 auroc_train: 0.4858 auprc_train: 0.4936 precision_train: 0.4915 recall_train: 0.6343 f1_train: 0.5539 cm_train: (tn=737, fp=1407, fn=784, tp=1360)
2025-10-19 18:20:59 | INFO | EM.print | -------- Epoch 10 --------
2025-10-19 18:20:59 | INFO | EM.print | [AUG][online][epoch=10][iter=0] start name=random_permute_features noise_std=0.01 mask_rate=0.1 seed=9000
2025-10-19 18:20:59 | INFO | EM.print | [AUG][online][epoch=10][iter=0] done name=random_permute_features shape=(1140, 1140)
2025-10-19 18:20:59 | INFO | EM.print | [ONLINE-AUG] mode=online name=random_permute_features noise_std=0.01 mask_rate=0.1 base_seed=0
2025-10-19 18:20:59 | INFO | EM.print | epoch: 10/ iteration: 1/ loss_train: 5.2159247 | task_loss:0.6921 cont_loss:8.3041 adv_loss:0.6744
2025-10-19 18:21:05 | INFO | EM.print | epoch: 0010 loss_train: 5.2355 task_loss: 0.6895 cont_loss: 8.3434 adv_loss: 0.6727 auroc_train: 0.5000 auprc_train: 0.4977 precision_train: 0.4971 recall_train: 0.4406 f1_train: 0.4672 cm_train: (tn=1184, fp=957, fn=1201, tp=946)
2025-10-19 18:21:05 | INFO | EM.print | Optimization Finished!
2025-10-19 18:21:05 | INFO | EM.result.save | Saved result text: /root/OUTPUT/result/LDA_stageA_eps0.015_steps3_data_20251019_181834/metrics/train_epoch_metrics_fold_2_20251019_181834.csv.txt
2025-10-19 18:21:05 | INFO | EM.print | [SAVE] Per-epoch train metrics saved: train_epoch_metrics_fold_2_20251019_181834.csv
2025-10-19 18:21:06 | INFO | EM.result.save | Saved result text: /root/OUTPUT/result/LDA_stageA_eps0.015_steps3_data_20251019_181834/metrics/threshold_scan_fold_2_20251019_181834.txt
2025-10-19 18:21:06 | INFO | EM.print | loss_test: 5.2270 auroc_test: 0.8096 auprc_test: 0.7730 precision_test: 0.5422 recall_test: 0.9922 f1_test: 0.7012 cm_test: (tn=85, fp=428, fn=4, tp=507)
2025-10-19 18:21:06 | INFO | EM | Fold 2 completed.
2025-10-19 18:21:06 | INFO | EM | === Fold 3/5 ===
2025-10-19 18:21:06 | INFO | EM.result.save | Saved result text: /root/OUTPUT/result/LDA_stageA_eps0.015_steps3_data_20251019_181834/metrics/adv_config_fold_3_20251019_181834.json.txt
2025-10-19 18:21:06 | INFO | EM.print | [SAVE] adv config saved: metrics/adv_config_fold_3_20251019_181834.json
2025-10-19 18:21:06 | INFO | EM.print | Start Training...
2025-10-19 18:21:06 | INFO | EM.print | -------- Epoch 1 --------
2025-10-19 18:21:06 | INFO | EM.print | [AUG][online][epoch=1][iter=0] start name=random_permute_features noise_std=0.01 mask_rate=0.1 seed=0
2025-10-19 18:21:06 | INFO | EM.print | [AUG][online][epoch=1][iter=0] done name=random_permute_features shape=(1140, 1140)
2025-10-19 18:21:06 | INFO | EM.print | [ONLINE-AUG] mode=online name=random_permute_features noise_std=0.01 mask_rate=0.1 base_seed=0
2025-10-19 18:21:06 | INFO | EM.print | epoch: 1/ iteration: 1/ loss_train: 0.71367246 | task_loss:0.7029 cont_loss:0.0874 adv_loss:0.6987
2025-10-19 18:21:08 | INFO | EM.print | epoch: 0001 loss_train: 4.6021 task_loss: 0.4064 cont_loss: 7.9770 adv_loss: 0.0636 auroc_train: 0.8862 auprc_train: 0.8788 precision_train: 0.7834 recall_train: 0.7951 f1_train: 0.7893 cm_train: (tn=1674, fp=471, fn=439, tp=1704)
2025-10-19 18:21:08 | INFO | EM.print | -------- Epoch 2 --------
2025-10-19 18:21:08 | INFO | EM.print | [AUG][online][epoch=2][iter=0] start name=random_permute_features noise_std=0.01 mask_rate=0.1 seed=1000
2025-10-19 18:21:08 | INFO | EM.print | [AUG][online][epoch=2][iter=0] done name=random_permute_features shape=(1140, 1140)
2025-10-19 18:21:08 | INFO | EM.print | [ONLINE-AUG] mode=online name=random_permute_features noise_std=0.01 mask_rate=0.1 base_seed=0
2025-10-19 18:21:08 | INFO | EM.print | epoch: 2/ iteration: 1/ loss_train: 4.546462 | task_loss:0.3020 cont_loss:7.9655 adv_loss:0.0591
2025-10-19 18:21:10 | INFO | EM.print | epoch: 0002 loss_train: 4.5326 task_loss: 0.4022 cont_loss: 7.8939 adv_loss: 0.0200 auroc_train: 0.9428 auprc_train: 0.9367 precision_train: 0.8555 recall_train: 0.8899 f1_train: 0.8724 cm_train: (tn=1823, fp=322, fn=236, tp=1907)
2025-10-19 18:21:10 | INFO | EM.print | -------- Epoch 3 --------
2025-10-19 18:21:10 | INFO | EM.print | [AUG][online][epoch=3][iter=0] start name=random_permute_features noise_std=0.01 mask_rate=0.1 seed=2000
2025-10-19 18:21:10 | INFO | EM.print | [AUG][online][epoch=3][iter=0] done name=random_permute_features shape=(1140, 1140)
2025-10-19 18:21:10 | INFO | EM.print | [ONLINE-AUG] mode=online name=random_permute_features noise_std=0.01 mask_rate=0.1 base_seed=0
2025-10-19 18:21:10 | INFO | EM.print | epoch: 3/ iteration: 1/ loss_train: 26.11051 | task_loss:0.8787 cont_loss:6.1861 adv_loss:44.6254
2025-10-19 18:21:16 | INFO | EM.print | epoch: 0003 loss_train: 5.0476 task_loss: 0.6988 cont_loss: 7.9474 adv_loss: 0.7242 auroc_train: 0.4603 auprc_train: 0.4552 precision_train: 0.4809 recall_train: 0.5091 f1_train: 0.4946 cm_train: (tn=961, fp=1180, fn=1054, tp=1093)
2025-10-19 18:21:16 | INFO | EM.print | -------- Epoch 4 --------
2025-10-19 18:21:16 | INFO | EM.print | [AUG][online][epoch=4][iter=0] start name=random_permute_features noise_std=0.01 mask_rate=0.1 seed=3000
2025-10-19 18:21:16 | INFO | EM.print | [AUG][online][epoch=4][iter=0] done name=random_permute_features shape=(1140, 1140)
2025-10-19 18:21:16 | INFO | EM.print | [ONLINE-AUG] mode=online name=random_permute_features noise_std=0.01 mask_rate=0.1 base_seed=0
2025-10-19 18:21:16 | INFO | EM.print | epoch: 4/ iteration: 1/ loss_train: 5.0631266 | task_loss:0.6937 cont_loss:7.9775 adv_loss:0.7267
2025-10-19 18:21:23 | INFO | EM.print | epoch: 0004 loss_train: 5.2131 task_loss: 0.6919 cont_loss: 8.2749 adv_loss: 0.7010 auroc_train: 0.4901 auprc_train: 0.4909 precision_train: 0.4952 recall_train: 0.4813 f1_train: 0.4882 cm_train: (tn=1092, fp=1052, fn=1112, tp=1032)
2025-10-19 18:21:23 | INFO | EM.print | -------- Epoch 5 --------
2025-10-19 18:21:23 | INFO | EM.print | [AUG][online][epoch=5][iter=0] start name=random_permute_features noise_std=0.01 mask_rate=0.1 seed=4000
2025-10-19 18:21:23 | INFO | EM.print | [AUG][online][epoch=5][iter=0] done name=random_permute_features shape=(1140, 1140)
2025-10-19 18:21:23 | INFO | EM.print | [ONLINE-AUG] mode=online name=random_permute_features noise_std=0.01 mask_rate=0.1 base_seed=0
2025-10-19 18:21:23 | INFO | EM.print | epoch: 5/ iteration: 1/ loss_train: 5.204921 | task_loss:0.6971 cont_loss:8.2545 adv_loss:0.7025
2025-10-19 18:21:29 | INFO | EM.print | epoch: 0005 loss_train: 5.2259 task_loss: 0.6929 cont_loss: 8.3011 adv_loss: 0.6971 auroc_train: 0.4927 auprc_train: 0.4933 precision_train: 0.4962 recall_train: 0.5427 f1_train: 0.5184 cm_train: (tn=961, fp=1182, fn=981, tp=1164)
2025-10-19 18:21:29 | INFO | EM.print | -------- Epoch 6 --------
2025-10-19 18:21:29 | INFO | EM.print | [AUG][online][epoch=6][iter=0] start name=random_permute_features noise_std=0.01 mask_rate=0.1 seed=5000
2025-10-19 18:21:29 | INFO | EM.print | [AUG][online][epoch=6][iter=0] done name=random_permute_features shape=(1140, 1140)
2025-10-19 18:21:29 | INFO | EM.print | [ONLINE-AUG] mode=online name=random_permute_features noise_std=0.01 mask_rate=0.1 base_seed=0
2025-10-19 18:21:30 | INFO | EM.print | epoch: 6/ iteration: 1/ loss_train: 5.2281575 | task_loss:0.6929 cont_loss:8.3003 adv_loss:0.7024
2025-10-19 18:21:36 | INFO | EM.print | epoch: 0006 loss_train: 5.2329 task_loss: 0.6889 cont_loss: 8.3168 adv_loss: 0.6974 auroc_train: 0.4999 auprc_train: 0.4950 precision_train: 0.5007 recall_train: 0.5219 f1_train: 0.5111 cm_train: (tn=1028, fp=1116, fn=1025, tp=1119)
2025-10-19 18:21:36 | INFO | EM.print | -------- Epoch 7 --------
2025-10-19 18:21:36 | INFO | EM.print | [AUG][online][epoch=7][iter=0] start name=random_permute_features noise_std=0.01 mask_rate=0.1 seed=6000
2025-10-19 18:21:36 | INFO | EM.print | [AUG][online][epoch=7][iter=0] done name=random_permute_features shape=(1140, 1140)
2025-10-19 18:21:36 | INFO | EM.print | [ONLINE-AUG] mode=online name=random_permute_features noise_std=0.01 mask_rate=0.1 base_seed=0
2025-10-19 18:21:37 | INFO | EM.print | epoch: 7/ iteration: 1/ loss_train: 5.2369175 | task_loss:0.6911 cont_loss:8.3167 adv_loss:0.7034
2025-10-19 18:21:43 | INFO | EM.print | epoch: 0007 loss_train: 5.2845 task_loss: 0.6828 cont_loss: 8.3243 adv_loss: 0.7978 auroc_train: 0.4894 auprc_train: 0.4859 precision_train: 0.4929 recall_train: 0.4552 f1_train: 0.4733 cm_train: (tn=1140, fp=1004, fn=1168, tp=976)
2025-10-19 18:21:43 | INFO | EM.print | -------- Epoch 8 --------
2025-10-19 18:21:43 | INFO | EM.print | [AUG][online][epoch=8][iter=0] start name=random_permute_features noise_std=0.01 mask_rate=0.1 seed=7000
2025-10-19 18:21:43 | INFO | EM.print | [AUG][online][epoch=8][iter=0] done name=random_permute_features shape=(1140, 1140)
2025-10-19 18:21:43 | INFO | EM.print | [ONLINE-AUG] mode=online name=random_permute_features noise_std=0.01 mask_rate=0.1 base_seed=0
2025-10-19 18:21:44 | INFO | EM.print | epoch: 8/ iteration: 1/ loss_train: 5.2379827 | task_loss:0.7085 cont_loss:8.3099 adv_loss:0.6974
2025-10-19 18:21:50 | INFO | EM.print | epoch: 0008 loss_train: 5.2344 task_loss: 0.7071 cont_loss: 8.3001 adv_loss: 0.7024 auroc_train: 0.4895 auprc_train: 0.4865 precision_train: 0.4979 recall_train: 0.5009 f1_train: 0.4994 cm_train: (tn=1061, fp=1083, fn=1070, tp=1074)
2025-10-19 18:21:50 | INFO | EM.print | -------- Epoch 9 --------
2025-10-19 18:21:50 | INFO | EM.print | [AUG][online][epoch=9][iter=0] start name=random_permute_features noise_std=0.01 mask_rate=0.1 seed=8000
2025-10-19 18:21:50 | INFO | EM.print | [AUG][online][epoch=9][iter=0] done name=random_permute_features shape=(1140, 1140)
2025-10-19 18:21:50 | INFO | EM.print | [ONLINE-AUG] mode=online name=random_permute_features noise_std=0.01 mask_rate=0.1 base_seed=0
2025-10-19 18:21:50 | INFO | EM.print | epoch: 9/ iteration: 1/ loss_train: 5.227522 | task_loss:0.6953 cont_loss:8.3007 adv_loss:0.6986
2025-10-19 18:21:56 | INFO | EM.print | epoch: 0009 loss_train: 5.2316 task_loss: 0.7066 cont_loss: 8.2991 adv_loss: 0.6982 auroc_train: 0.4918 auprc_train: 0.4917 precision_train: 0.5013 recall_train: 0.5374 f1_train: 0.5187 cm_train: (tn=1004, fp=1144, fn=990, tp=1150)
2025-10-19 18:21:56 | INFO | EM.print | -------- Epoch 10 --------
2025-10-19 18:21:56 | INFO | EM.print | [AUG][online][epoch=10][iter=0] start name=random_permute_features noise_std=0.01 mask_rate=0.1 seed=9000
2025-10-19 18:21:56 | INFO | EM.print | [AUG][online][epoch=10][iter=0] done name=random_permute_features shape=(1140, 1140)
2025-10-19 18:21:56 | INFO | EM.print | [ONLINE-AUG] mode=online name=random_permute_features noise_std=0.01 mask_rate=0.1 base_seed=0
2025-10-19 18:21:56 | INFO | EM.print | epoch: 10/ iteration: 1/ loss_train: 5.2274923 | task_loss:0.6998 cont_loss:8.2975 adv_loss:0.6979
2025-10-19 18:22:02 | INFO | EM.print | epoch: 0010 loss_train: 5.2293 task_loss: 0.6940 cont_loss: 8.3109 adv_loss: 0.6919 auroc_train: 0.4762 auprc_train: 0.4835 precision_train: 0.4742 recall_train: 0.4456 f1_train: 0.4595 cm_train: (tn=1086, fp=1059, fn=1188, tp=955)
2025-10-19 18:22:02 | INFO | EM.print | Optimization Finished!
2025-10-19 18:22:02 | INFO | EM.result.save | Saved result text: /root/OUTPUT/result/LDA_stageA_eps0.015_steps3_data_20251019_181834/metrics/train_epoch_metrics_fold_3_20251019_181834.csv.txt
2025-10-19 18:22:02 | INFO | EM.print | [SAVE] Per-epoch train metrics saved: train_epoch_metrics_fold_3_20251019_181834.csv
2025-10-19 18:22:03 | INFO | EM.result.save | Saved result text: /root/OUTPUT/result/LDA_stageA_eps0.015_steps3_data_20251019_181834/metrics/threshold_scan_fold_3_20251019_181834.txt
2025-10-19 18:22:03 | INFO | EM.print | loss_test: 5.2305 auroc_test: 0.7079 auprc_test: 0.6101 precision_test: 0.4990 recall_test: 1.0000 f1_test: 0.6658 cm_test: (tn=0, fp=513, fn=0, tp=511)
2025-10-19 18:22:03 | INFO | EM | Fold 3 completed.
2025-10-19 18:22:03 | INFO | EM | === Fold 4/5 ===
2025-10-19 18:22:03 | INFO | EM.result.save | Saved result text: /root/OUTPUT/result/LDA_stageA_eps0.015_steps3_data_20251019_181834/metrics/adv_config_fold_4_20251019_181834.json.txt
2025-10-19 18:22:03 | INFO | EM.print | [SAVE] adv config saved: metrics/adv_config_fold_4_20251019_181834.json
2025-10-19 18:22:03 | INFO | EM.print | Start Training...
2025-10-19 18:22:03 | INFO | EM.print | -------- Epoch 1 --------
2025-10-19 18:22:03 | INFO | EM.print | [AUG][online][epoch=1][iter=0] start name=random_permute_features noise_std=0.01 mask_rate=0.1 seed=0
2025-10-19 18:22:03 | INFO | EM.print | [AUG][online][epoch=1][iter=0] done name=random_permute_features shape=(1140, 1140)
2025-10-19 18:22:03 | INFO | EM.print | [ONLINE-AUG] mode=online name=random_permute_features noise_std=0.01 mask_rate=0.1 base_seed=0
2025-10-19 18:22:03 | INFO | EM.print | epoch: 1/ iteration: 1/ loss_train: 0.8777167 | task_loss:0.7801 cont_loss:0.0487 adv_loss:0.9998
2025-10-19 18:22:05 | INFO | EM.print | epoch: 0001 loss_train: 4.6935 task_loss: 0.2600 cont_loss: 8.0811 adv_loss: 0.2638 auroc_train: 0.8583 auprc_train: 0.8479 precision_train: 0.7516 recall_train: 0.7841 f1_train: 0.7675 cm_train: (tn=1587, fp=556, fn=463, tp=1682)
2025-10-19 18:22:05 | INFO | EM.print | -------- Epoch 2 --------
2025-10-19 18:22:05 | INFO | EM.print | [AUG][online][epoch=2][iter=0] start name=random_permute_features noise_std=0.01 mask_rate=0.1 seed=1000
2025-10-19 18:22:05 | INFO | EM.print | [AUG][online][epoch=2][iter=0] done name=random_permute_features shape=(1140, 1140)
2025-10-19 18:22:05 | INFO | EM.print | [ONLINE-AUG] mode=online name=random_permute_features noise_std=0.01 mask_rate=0.1 base_seed=0
2025-10-19 18:22:05 | INFO | EM.print | epoch: 2/ iteration: 1/ loss_train: 4.6976695 | task_loss:0.2855 cont_loss:8.0762 adv_loss:0.2545
2025-10-19 18:22:07 | INFO | EM.print | epoch: 0002 loss_train: 4.4982 task_loss: 0.2580 cont_loss: 7.9341 adv_loss: 0.0368 auroc_train: 0.9445 auprc_train: 0.9399 precision_train: 0.8613 recall_train: 0.8810 f1_train: 0.8710 cm_train: (tn=1842, fp=304, fn=255, tp=1887)
2025-10-19 18:22:07 | INFO | EM.print | -------- Epoch 3 --------
2025-10-19 18:22:07 | INFO | EM.print | [AUG][online][epoch=3][iter=0] start name=random_permute_features noise_std=0.01 mask_rate=0.1 seed=2000
2025-10-19 18:22:07 | INFO | EM.print | [AUG][online][epoch=3][iter=0] done name=random_permute_features shape=(1140, 1140)
2025-10-19 18:22:07 | INFO | EM.print | [ONLINE-AUG] mode=online name=random_permute_features noise_std=0.01 mask_rate=0.1 base_seed=0
2025-10-19 18:22:07 | INFO | EM.print | epoch: 3/ iteration: 1/ loss_train: 22.758568 | task_loss:1.3586 cont_loss:5.4978 adv_loss:38.2468
2025-10-19 18:22:13 | INFO | EM.print | epoch: 0003 loss_train: 5.1691 task_loss: 0.7497 cont_loss: 8.0804 adv_loss: 0.7751 auroc_train: 0.4134 auprc_train: 0.4306 precision_train: 0.4418 recall_train: 0.4844 f1_train: 0.4621 cm_train: (tn=830, fp=1313, fn=1106, tp=1039)
2025-10-19 18:22:13 | INFO | EM.print | -------- Epoch 4 --------
2025-10-19 18:22:13 | INFO | EM.print | [AUG][online][epoch=4][iter=0] start name=random_permute_features noise_std=0.01 mask_rate=0.1 seed=3000
2025-10-19 18:22:13 | INFO | EM.print | [AUG][online][epoch=4][iter=0] done name=random_permute_features shape=(1140, 1140)
2025-10-19 18:22:13 | INFO | EM.print | [ONLINE-AUG] mode=online name=random_permute_features noise_std=0.01 mask_rate=0.1 base_seed=0
2025-10-19 18:22:13 | INFO | EM.print | epoch: 4/ iteration: 1/ loss_train: 5.048811 | task_loss:0.6954 cont_loss:7.7627 adv_loss:0.9328
2025-10-19 18:22:19 | INFO | EM.print | epoch: 0004 loss_train: 5.1998 task_loss: 0.6922 cont_loss: 8.2439 adv_loss: 0.7084 auroc_train: 0.5140 auprc_train: 0.5069 precision_train: 0.5135 recall_train: 0.5040 f1_train: 0.5087 cm_train: (tn=1119, fp=1024, fn=1064, tp=1081)
2025-10-19 18:22:19 | INFO | EM.print | -------- Epoch 5 --------
2025-10-19 18:22:19 | INFO | EM.print | [AUG][online][epoch=5][iter=0] start name=random_permute_features noise_std=0.01 mask_rate=0.1 seed=4000
2025-10-19 18:22:19 | INFO | EM.print | [AUG][online][epoch=5][iter=0] done name=random_permute_features shape=(1140, 1140)
2025-10-19 18:22:19 | INFO | EM.print | [ONLINE-AUG] mode=online name=random_permute_features noise_std=0.01 mask_rate=0.1 base_seed=0
2025-10-19 18:22:19 | INFO | EM.print | epoch: 5/ iteration: 1/ loss_train: 5.146889 | task_loss:0.6961 cont_loss:8.1552 adv_loss:0.6966
2025-10-19 18:22:25 | INFO | EM.print | epoch: 0005 loss_train: 5.2367 task_loss: 0.6920 cont_loss: 8.3251 adv_loss: 0.6931 auroc_train: 0.4998 auprc_train: 0.4983 precision_train: 0.5050 recall_train: 0.5217 f1_train: 0.5132 cm_train: (tn=1046, fp=1097, fn=1026, tp=1119)
2025-10-19 18:22:26 | INFO | EM.print | -------- Epoch 6 --------
2025-10-19 18:22:26 | INFO | EM.print | [AUG][online][epoch=6][iter=0] start name=random_permute_features noise_std=0.01 mask_rate=0.1 seed=5000
2025-10-19 18:22:26 | INFO | EM.print | [AUG][online][epoch=6][iter=0] done name=random_permute_features shape=(1140, 1140)
2025-10-19 18:22:26 | INFO | EM.print | [ONLINE-AUG] mode=online name=random_permute_features noise_std=0.01 mask_rate=0.1 base_seed=0
2025-10-19 18:22:26 | INFO | EM.print | epoch: 6/ iteration: 1/ loss_train: 5.1669006 | task_loss:0.7008 cont_loss:8.2061 adv_loss:0.6764
2025-10-19 18:22:32 | INFO | EM.print | epoch: 0006 loss_train: 5.2265 task_loss: 0.6963 cont_loss: 8.2974 adv_loss: 0.6992 auroc_train: 0.4893 auprc_train: 0.4935 precision_train: 0.4949 recall_train: 0.4516 f1_train: 0.4722 cm_train: (tn=1150, fp=990, fn=1178, tp=970)
2025-10-19 18:22:32 | INFO | EM.print | -------- Epoch 7 --------
2025-10-19 18:22:32 | INFO | EM.print | [AUG][online][epoch=7][iter=0] start name=random_permute_features noise_std=0.01 mask_rate=0.1 seed=6000
2025-10-19 18:22:32 | INFO | EM.print | [AUG][online][epoch=7][iter=0] done name=random_permute_features shape=(1140, 1140)
2025-10-19 18:22:32 | INFO | EM.print | [ONLINE-AUG] mode=online name=random_permute_features noise_std=0.01 mask_rate=0.1 base_seed=0
2025-10-19 18:22:32 | INFO | EM.print | epoch: 7/ iteration: 1/ loss_train: 5.181395 | task_loss:0.6984 cont_loss:8.2858 adv_loss:0.6198
2025-10-19 18:22:38 | INFO | EM.print | epoch: 0007 loss_train: 5.2410 task_loss: 0.6960 cont_loss: 8.3192 adv_loss: 0.7046 auroc_train: 0.4908 auprc_train: 0.4852 precision_train: 0.4986 recall_train: 0.5800 f1_train: 0.5362 cm_train: (tn=892, fp=1251, fn=901, tp=1244)
2025-10-19 18:22:38 | INFO | EM.print | -------- Epoch 8 --------
2025-10-19 18:22:38 | INFO | EM.print | [AUG][online][epoch=8][iter=0] start name=random_permute_features noise_std=0.01 mask_rate=0.1 seed=7000
2025-10-19 18:22:38 | INFO | EM.print | [AUG][online][epoch=8][iter=0] done name=random_permute_features shape=(1140, 1140)
2025-10-19 18:22:38 | INFO | EM.print | [ONLINE-AUG] mode=online name=random_permute_features noise_std=0.01 mask_rate=0.1 base_seed=0
2025-10-19 18:22:38 | INFO | EM.print | epoch: 8/ iteration: 1/ loss_train: 5.2787514 | task_loss:0.6969 cont_loss:8.3173 adv_loss:0.7812
2025-10-19 18:22:44 | INFO | EM.print | epoch: 0008 loss_train: 5.2425 task_loss: 0.6860 cont_loss: 8.3173 adv_loss: 0.7186 auroc_train: 0.5002 auprc_train: 0.4995 precision_train: 0.5004 recall_train: 0.5242 f1_train: 0.5121 cm_train: (tn=1019, fp=1123, fn=1021, tp=1125)
2025-10-19 18:22:44 | INFO | EM.print | -------- Epoch 9 --------
2025-10-19 18:22:44 | INFO | EM.print | [AUG][online][epoch=9][iter=0] start name=random_permute_features noise_std=0.01 mask_rate=0.1 seed=8000
2025-10-19 18:22:44 | INFO | EM.print | [AUG][online][epoch=9][iter=0] done name=random_permute_features shape=(1140, 1140)
2025-10-19 18:22:44 | INFO | EM.print | [ONLINE-AUG] mode=online name=random_permute_features noise_std=0.01 mask_rate=0.1 base_seed=0
2025-10-19 18:22:44 | INFO | EM.print | epoch: 9/ iteration: 1/ loss_train: 5.2512145 | task_loss:0.7033 cont_loss:8.3213 adv_loss:0.7161
2025-10-19 18:22:51 | INFO | EM.print | epoch: 0009 loss_train: 5.2353 task_loss: 0.6893 cont_loss: 8.3205 adv_loss: 0.6978 auroc_train: 0.4921 auprc_train: 0.4906 precision_train: 0.5003 recall_train: 0.4208 f1_train: 0.4571 cm_train: (tn=1240, fp=902, fn=1243, tp=903)
2025-10-19 18:22:51 | INFO | EM.print | -------- Epoch 10 --------
2025-10-19 18:22:51 | INFO | EM.print | [AUG][online][epoch=10][iter=0] start name=random_permute_features noise_std=0.01 mask_rate=0.1 seed=9000
2025-10-19 18:22:51 | INFO | EM.print | [AUG][online][epoch=10][iter=0] done name=random_permute_features shape=(1140, 1140)
2025-10-19 18:22:51 | INFO | EM.print | [ONLINE-AUG] mode=online name=random_permute_features noise_std=0.01 mask_rate=0.1 base_seed=0
2025-10-19 18:22:51 | INFO | EM.print | epoch: 10/ iteration: 1/ loss_train: 5.246158 | task_loss:0.6976 cont_loss:8.3258 adv_loss:0.7061
2025-10-19 18:22:57 | INFO | EM.print | epoch: 0010 loss_train: 5.2230 task_loss: 0.6947 cont_loss: 8.3018 adv_loss: 0.6888 auroc_train: 0.4752 auprc_train: 0.4787 precision_train: 0.4776 recall_train: 0.3481 f1_train: 0.4027 cm_train: (tn=1329, fp=816, fn=1397, tp=746)
2025-10-19 18:22:57 | INFO | EM.print | Optimization Finished!
2025-10-19 18:22:57 | INFO | EM.result.save | Saved result text: /root/OUTPUT/result/LDA_stageA_eps0.015_steps3_data_20251019_181834/metrics/train_epoch_metrics_fold_4_20251019_181834.csv.txt
2025-10-19 18:22:57 | INFO | EM.print | [SAVE] Per-epoch train metrics saved: train_epoch_metrics_fold_4_20251019_181834.csv
2025-10-19 18:22:58 | INFO | EM.result.save | Saved result text: /root/OUTPUT/result/LDA_stageA_eps0.015_steps3_data_20251019_181834/metrics/threshold_scan_fold_4_20251019_181834.txt
2025-10-19 18:22:58 | INFO | EM.print | loss_test: 5.2302 auroc_test: 0.8773 auprc_test: 0.8786 precision_test: 0.5020 recall_test: 1.0000 f1_test: 0.6684 cm_test: (tn=0, fp=510, fn=0, tp=514)
2025-10-19 18:22:58 | INFO | EM | Fold 4 completed.
2025-10-19 18:22:58 | INFO | EM | === Fold 5/5 ===
2025-10-19 18:22:58 | INFO | EM.result.save | Saved result text: /root/OUTPUT/result/LDA_stageA_eps0.015_steps3_data_20251019_181834/metrics/adv_config_fold_5_20251019_181834.json.txt
2025-10-19 18:22:58 | INFO | EM.print | [SAVE] adv config saved: metrics/adv_config_fold_5_20251019_181834.json
2025-10-19 18:22:58 | INFO | EM.print | Start Training...
2025-10-19 18:22:58 | INFO | EM.print | -------- Epoch 1 --------
2025-10-19 18:22:58 | INFO | EM.print | [AUG][online][epoch=1][iter=0] start name=random_permute_features noise_std=0.01 mask_rate=0.1 seed=0
2025-10-19 18:22:58 | INFO | EM.print | [AUG][online][epoch=1][iter=0] done name=random_permute_features shape=(1140, 1140)
2025-10-19 18:22:58 | INFO | EM.print | [ONLINE-AUG] mode=online name=random_permute_features noise_std=0.01 mask_rate=0.1 base_seed=0
2025-10-19 18:22:58 | INFO | EM.print | epoch: 1/ iteration: 1/ loss_train: 0.72205865 | task_loss:0.6827 cont_loss:0.0922 adv_loss:0.7283
2025-10-19 18:23:00 | INFO | EM.print | epoch: 0001 loss_train: 4.6746 task_loss: 0.3694 cont_loss: 8.0550 adv_loss: 0.1563 auroc_train: 0.8976 auprc_train: 0.8892 precision_train: 0.8023 recall_train: 0.8251 f1_train: 0.8135 cm_train: (tn=1708, fp=436, fn=375, tp=1769)
2025-10-19 18:23:00 | INFO | EM.print | -------- Epoch 2 --------
2025-10-19 18:23:00 | INFO | EM.print | [AUG][online][epoch=2][iter=0] start name=random_permute_features noise_std=0.01 mask_rate=0.1 seed=1000
2025-10-19 18:23:00 | INFO | EM.print | [AUG][online][epoch=2][iter=0] done name=random_permute_features shape=(1140, 1140)
2025-10-19 18:23:00 | INFO | EM.print | [ONLINE-AUG] mode=online name=random_permute_features noise_std=0.01 mask_rate=0.1 base_seed=0
2025-10-19 18:23:00 | INFO | EM.print | epoch: 2/ iteration: 1/ loss_train: 4.6118 | task_loss:0.2481 cont_loss:8.0572 adv_loss:0.1374
2025-10-19 18:23:02 | INFO | EM.print | epoch: 0002 loss_train: 4.5055 task_loss: 0.2987 cont_loss: 7.9206 adv_loss: 0.0294 auroc_train: 0.9468 auprc_train: 0.9448 precision_train: 0.8682 recall_train: 0.8852 f1_train: 0.8766 cm_train: (tn=1857, fp=288, fn=246, tp=1897)
2025-10-19 18:23:02 | INFO | EM.print | -------- Epoch 3 --------
2025-10-19 18:23:02 | INFO | EM.print | [AUG][online][epoch=3][iter=0] start name=random_permute_features noise_std=0.01 mask_rate=0.1 seed=2000
2025-10-19 18:23:02 | INFO | EM.print | [AUG][online][epoch=3][iter=0] done name=random_permute_features shape=(1140, 1140)
2025-10-19 18:23:02 | INFO | EM.print | [ONLINE-AUG] mode=online name=random_permute_features noise_std=0.01 mask_rate=0.1 base_seed=0
2025-10-19 18:23:02 | INFO | EM.print | epoch: 3/ iteration: 1/ loss_train: 24.830141 | task_loss:1.3238 cont_loss:6.4944 adv_loss:41.3250
2025-10-19 18:23:08 | INFO | EM.print | epoch: 0003 loss_train: 5.0690 task_loss: 0.7010 cont_loss: 7.9632 adv_loss: 0.7476 auroc_train: 0.4333 auprc_train: 0.4495 precision_train: 0.4500 recall_train: 0.4855 f1_train: 0.4671 cm_train: (tn=875, fp=1271, fn=1102, tp=1040)
2025-10-19 18:23:08 | INFO | EM.print | -------- Epoch 4 --------
2025-10-19 18:23:08 | INFO | EM.print | [AUG][online][epoch=4][iter=0] start name=random_permute_features noise_std=0.01 mask_rate=0.1 seed=3000
2025-10-19 18:23:08 | INFO | EM.print | [AUG][online][epoch=4][iter=0] done name=random_permute_features shape=(1140, 1140)
2025-10-19 18:23:08 | INFO | EM.print | [ONLINE-AUG] mode=online name=random_permute_features noise_std=0.01 mask_rate=0.1 base_seed=0
2025-10-19 18:23:08 | INFO | EM.print | epoch: 4/ iteration: 1/ loss_train: 5.0830846 | task_loss:0.6910 cont_loss:7.9976 adv_loss:0.7469
2025-10-19 18:23:14 | INFO | EM.print | epoch: 0004 loss_train: 5.2078 task_loss: 0.7209 cont_loss: 8.2309 adv_loss: 0.7129 auroc_train: 0.4905 auprc_train: 0.4895 precision_train: 0.4929 recall_train: 0.4828 f1_train: 0.4878 cm_train: (tn=1076, fp=1066, fn=1110, tp=1036)
2025-10-19 18:23:14 | INFO | EM.print | -------- Epoch 5 --------
2025-10-19 18:23:14 | INFO | EM.print | [AUG][online][epoch=5][iter=0] start name=random_permute_features noise_std=0.01 mask_rate=0.1 seed=4000
2025-10-19 18:23:14 | INFO | EM.print | [AUG][online][epoch=5][iter=0] done name=random_permute_features shape=(1140, 1140)
2025-10-19 18:23:14 | INFO | EM.print | [ONLINE-AUG] mode=online name=random_permute_features noise_std=0.01 mask_rate=0.1 base_seed=0
2025-10-19 18:23:14 | INFO | EM.print | epoch: 5/ iteration: 1/ loss_train: 5.1910768 | task_loss:0.7019 cont_loss:8.2153 adv_loss:0.7135
2025-10-19 18:23:20 | INFO | EM.print | epoch: 0005 loss_train: 5.2172 task_loss: 0.6933 cont_loss: 8.2780 adv_loss: 0.7045 auroc_train: 0.5003 auprc_train: 0.4937 precision_train: 0.5063 recall_train: 0.4328 f1_train: 0.4667 cm_train: (tn=1239, fp=905, fn=1216, tp=928)
2025-10-19 18:23:20 | INFO | EM.print | -------- Epoch 6 --------
2025-10-19 18:23:20 | INFO | EM.print | [AUG][online][epoch=6][iter=0] start name=random_permute_features noise_std=0.01 mask_rate=0.1 seed=5000
2025-10-19 18:23:20 | INFO | EM.print | [AUG][online][epoch=6][iter=0] done name=random_permute_features shape=(1140, 1140)
2025-10-19 18:23:20 | INFO | EM.print | [ONLINE-AUG] mode=online name=random_permute_features noise_std=0.01 mask_rate=0.1 base_seed=0
2025-10-19 18:23:20 | INFO | EM.print | epoch: 6/ iteration: 1/ loss_train: 5.2076163 | task_loss:0.6943 cont_loss:8.2647 adv_loss:0.6992
2025-10-19 18:23:27 | INFO | EM.print | epoch: 0006 loss_train: 5.1947 task_loss: 0.6913 cont_loss: 8.2472 adv_loss: 0.6952 auroc_train: 0.4931 auprc_train: 0.4884 precision_train: 0.4963 recall_train: 0.5277 f1_train: 0.5115 cm_train: (tn=991, fp=1150, fn=1014, tp=1133)
2025-10-19 18:23:27 | INFO | EM.print | -------- Epoch 7 --------
2025-10-19 18:23:27 | INFO | EM.print | [AUG][online][epoch=7][iter=0] start name=random_permute_features noise_std=0.01 mask_rate=0.1 seed=6000
2025-10-19 18:23:27 | INFO | EM.print | [AUG][online][epoch=7][iter=0] done name=random_permute_features shape=(1140, 1140)
2025-10-19 18:23:27 | INFO | EM.print | [ONLINE-AUG] mode=online name=random_permute_features noise_std=0.01 mask_rate=0.1 base_seed=0
2025-10-19 18:23:27 | INFO | EM.print | epoch: 7/ iteration: 1/ loss_train: 5.1945624 | task_loss:0.6901 cont_loss:8.2476 adv_loss:0.6957
2025-10-19 18:23:33 | INFO | EM.print | epoch: 0007 loss_train: 5.1863 task_loss: 0.7021 cont_loss: 8.3127 adv_loss: 0.5968 auroc_train: 0.4963 auprc_train: 0.4948 precision_train: 0.4998 recall_train: 0.6550 f1_train: 0.5670 cm_train: (tn=737, fp=1406, fn=740, tp=1405)
2025-10-19 18:23:33 | INFO | EM.print | -------- Epoch 8 --------
2025-10-19 18:23:33 | INFO | EM.print | [AUG][online][epoch=8][iter=0] start name=random_permute_features noise_std=0.01 mask_rate=0.1 seed=7000
2025-10-19 18:23:33 | INFO | EM.print | [AUG][online][epoch=8][iter=0] done name=random_permute_features shape=(1140, 1140)
2025-10-19 18:23:33 | INFO | EM.print | [ONLINE-AUG] mode=online name=random_permute_features noise_std=0.01 mask_rate=0.1 base_seed=0
2025-10-19 18:23:33 | INFO | EM.print | epoch: 8/ iteration: 1/ loss_train: 5.2967544 | task_loss:0.6895 cont_loss:8.3086 adv_loss:0.8334
2025-10-19 18:23:39 | INFO | EM.print | epoch: 0008 loss_train: 5.2282 task_loss: 0.6969 cont_loss: 8.3196 adv_loss: 0.6777 auroc_train: 0.4924 auprc_train: 0.4980 precision_train: 0.4837 recall_train: 0.5690 f1_train: 0.5229 cm_train: (tn=842, fp=1302, fn=924, tp=1220)
2025-10-19 18:23:39 | INFO | EM.print | -------- Epoch 9 --------
2025-10-19 18:23:39 | INFO | EM.print | [AUG][online][epoch=9][iter=0] start name=random_permute_features noise_std=0.01 mask_rate=0.1 seed=8000
2025-10-19 18:23:39 | INFO | EM.print | [AUG][online][epoch=9][iter=0] done name=random_permute_features shape=(1140, 1140)
2025-10-19 18:23:39 | INFO | EM.print | [ONLINE-AUG] mode=online name=random_permute_features noise_std=0.01 mask_rate=0.1 base_seed=0
2025-10-19 18:23:39 | INFO | EM.print | epoch: 9/ iteration: 1/ loss_train: 5.225713 | task_loss:0.6953 cont_loss:8.3174 adv_loss:0.6766
2025-10-19 18:23:46 | INFO | EM.print | epoch: 0009 loss_train: 5.2457 task_loss: 0.6949 cont_loss: 8.3220 adv_loss: 0.7118 auroc_train: 0.4860 auprc_train: 0.4884 precision_train: 0.4924 recall_train: 0.4853 f1_train: 0.4888 cm_train: (tn=1073, fp=1072, fn=1103, tp=1040)
2025-10-19 18:23:46 | INFO | EM.print | -------- Epoch 10 --------
2025-10-19 18:23:46 | INFO | EM.print | [AUG][online][epoch=10][iter=0] start name=random_permute_features noise_std=0.01 mask_rate=0.1 seed=9000
2025-10-19 18:23:46 | INFO | EM.print | [AUG][online][epoch=10][iter=0] done name=random_permute_features shape=(1140, 1140)
2025-10-19 18:23:46 | INFO | EM.print | [ONLINE-AUG] mode=online name=random_permute_features noise_std=0.01 mask_rate=0.1 base_seed=0
2025-10-19 18:23:46 | INFO | EM.print | epoch: 10/ iteration: 1/ loss_train: 5.2353106 | task_loss:0.6853 cont_loss:8.3203 adv_loss:0.7015
2025-10-19 18:23:53 | INFO | EM.print | epoch: 0010 loss_train: 5.2354 task_loss: 0.6939 cont_loss: 8.3157 adv_loss: 0.6991 auroc_train: 0.4962 auprc_train: 0.4922 precision_train: 0.4933 recall_train: 0.5142 f1_train: 0.5035 cm_train: (tn=1013, fp=1132, fn=1041, tp=1102)
2025-10-19 18:23:53 | INFO | EM.print | Optimization Finished!
2025-10-19 18:23:53 | INFO | EM.result.save | Saved result text: /root/OUTPUT/result/LDA_stageA_eps0.015_steps3_data_20251019_181834/metrics/train_epoch_metrics_fold_5_20251019_181834.csv.txt
2025-10-19 18:23:53 | INFO | EM.print | [SAVE] Per-epoch train metrics saved: train_epoch_metrics_fold_5_20251019_181834.csv
2025-10-19 18:23:54 | INFO | EM.result.save | Saved result text: /root/OUTPUT/result/LDA_stageA_eps0.015_steps3_data_20251019_181834/metrics/threshold_scan_fold_5_20251019_181834.txt
2025-10-19 18:23:54 | ERROR | EM.print | /root/miniconda3/lib/python3.12/site-packages/sklearn/metrics/_classification.py:1731: UndefinedMetricWarning: Precision is ill-defined and being set to 0.0 due to no predicted samples. Use `zero_division` parameter to control this behavior.
2025-10-19 18:23:54 | ERROR | EM.print |   _warn_prf(average, modifier, f"{metric.capitalize()} is", result.shape[0])
2025-10-19 18:23:54 | INFO | EM.print | loss_test: 5.2292 auroc_test: 0.7714 auprc_test: 0.7183 precision_test: 0.0000 recall_test: 0.0000 f1_test: 0.0000 cm_test: (tn=511, fp=0, fn=513, tp=0)
2025-10-19 18:23:54 | INFO | EM | Fold 5 completed.
2025-10-19 18:23:54 | INFO | EM | === 5-Fold Cross Validation Results ===
2025-10-19 18:23:54 | INFO | EM | AUROC: 0.8001 ± 0.0575
2025-10-19 18:23:54 | INFO | EM | AUPRC: 0.7664 ± 0.0966
2025-10-19 18:23:54 | INFO | EM | F1-Score: 0.4071 ± 0.3326
2025-10-19 18:23:54 | INFO | EM | Loss: 5.2278 ± 0.0032
2025-10-19 18:23:54 | INFO | EM.result.save | Saved result text: /root/OUTPUT/result/LDA_stageA_eps0.015_steps3_data_20251019_181834/result_summary_20251019_181834.txt
2025-10-19 18:23:54 | INFO | EM | Detailed Results:
2025-10-19 18:23:54 | INFO | EM | Fold 1: AUROC=0.8342, AUPRC=0.8518, F1=0.0000
2025-10-19 18:23:54 | INFO | EM | Fold 2: AUROC=0.8096, AUPRC=0.7730, F1=0.7012
2025-10-19 18:23:54 | INFO | EM | Fold 3: AUROC=0.7079, AUPRC=0.6101, F1=0.6658
2025-10-19 18:23:54 | INFO | EM | Fold 4: AUROC=0.8773, AUPRC=0.8786, F1=0.6684
2025-10-19 18:23:54 | INFO | EM | Fold 5: AUROC=0.7714, AUPRC=0.7183, F1=0.0000
2025-10-19 18:23:54 | INFO | EM.result.save | Saved result text: /root/OUTPUT/result/LDA_stageA_eps0.015_steps3_data_20251019_181834/per_fold_20251019_181834.txt
2025-10-19 18:23:54 | INFO | EM.result.save | Saved result text: /root/OUTPUT/result/LDA_stageA_eps0.015_steps3_data_20251019_181834/metrics/result_extra_20251019_181834.txt
2025-10-19 18:23:54 | INFO | EM | Precision: 0.3086 ± 0.2525
2025-10-19 18:23:54 | INFO | EM | Recall: 0.5984 ± 0.4886
2025-10-19 18:23:54 | INFO | EM | Confusion Matrix (sum): tn=1106, fp=1451, fn=1031, tp=1532
2025-10-19 18:23:54 | INFO | EM | All folds completed!
2025-10-19 18:23:54 | INFO | EM | ================================================================================
2025-10-19 18:23:54 | INFO | EM | RUN END   | run_id=20251019_181834 | run_name=LDA_stageA_eps0.015_steps3
2025-10-19 18:23:54 | INFO | EM | RESULT DIR: /root/OUTPUT/result/LDA_stageA_eps0.015_steps3_data_20251019_181834
2025-10-19 18:23:54 | INFO | EM | ================================================================================
