2025-10-19 19:10:44 | INFO | EM | ================================================================================
2025-10-19 19:10:44 | INFO | EM | RUN START | run_id=20251019_191044 | run_name=MDA_stageA_eps0.008_steps3
2025-10-19 19:10:44 | INFO | EM | COMMAND: /root/miniconda3/bin/python /root/hyperparameter-tuning/main.py --task_type MDA --run_name MDA_stageA_eps0.008_steps3 --feature_type one_hot --batch 64 --lr 0.0005 --weight_decay 0.0005 --dropout 0.05 --epochs 10 --augment_mode online --moco_queue 4096 --moco_momentum 0.99 --moco_t 0.07 --loss_ratio1 0.45 --loss_ratio2 0.55 --loss_ratio3 0.5 --enable_threshold_scan true --threshold_min 0.35 --threshold_max 0.65 --threshold_step 0.01 --enable_temp_scaling true --temp_grid_min 0.5 --temp_grid_max 3.0 --temp_grid_num 26 --adv_warmup_end 3 --adv_mode mgraph --adv_norm linf --adv_rand_init true --adv_project true --adv_on_moco true --adv_eps 0.008 --adv_alpha 0.0026666666666666666 --adv_steps 3
2025-10-19 19:10:44 | INFO | EM | ================================================================================
2025-10-19 19:10:44 | INFO | EM.result | Result directory: /root/OUTPUT/result/MDA_stageA_eps0.008_steps3_data_20251019_191044
2025-10-19 19:10:44 | INFO | EM | Initialized logging and result directory.
2025-10-19 19:10:44 | INFO | EM | Using CUDA: True
2025-10-19 19:10:44 | INFO | EM | CUDA device count: 1
2025-10-19 19:10:44 | INFO | EM | Current CUDA device: 0
2025-10-19 19:10:44 | INFO | EM | CUDA device name: NVIDIA GeForce RTX 4090
2025-10-19 19:10:44 | INFO | EM | === Augmentation Config ===
2025-10-19 19:10:44 | INFO | EM | [AUG CONFIG] Multiple augmentations detected: random_permute_features, attribute_mask, noise_then_mask
2025-10-19 19:10:44 | INFO | EM | augment=random_permute_features,attribute_mask,noise_then_mask | mode=online | noise_std=0.01 | mask_rate=0.1 | augment_seed=None (None means seed+fold for static)
2025-10-19 19:10:44 | INFO | EM | ===========================
2025-10-19 19:10:44 | INFO | EM | Loading dataset1/LDA.edgelist seed0 dataset...
2025-10-19 19:10:44 | INFO | EM | Selected cross_validation type: 5_cv1
2025-10-19 19:10:44 | INFO | EM | Selected task_type: MDA
2025-10-19 19:10:44 | INFO | EM | Selected feature_type: one_hot
2025-10-19 19:10:44 | INFO | EM | Selected embed_dim: N/A
2025-10-19 19:10:44 | INFO | EM | Selected learning_rate: N/A
2025-10-19 19:10:44 | INFO | EM | Selected epochs: 10
2025-10-19 19:10:44 | INFO | EM | Selected task type...
2025-10-19 19:10:50 | INFO | EM.print | [AUG][static][fold=1] start name=random_permute_features noise_std=0.01 mask_rate=0.1 seed=0
2025-10-19 19:10:51 | INFO | EM.print | [AUG][static][fold=1] done name=random_permute_features shape=(1140, 1140)
2025-10-19 19:10:51 | INFO | EM.augment | [AUGMENT][fold=1] name=random_permute_features noise_std=0.01 mask_rate=0.1 seed=0 masked_cols=0 shape=(1140, 1140) mean=0.0009 std=0.0296
2025-10-19 19:10:57 | INFO | EM.print | [AUG][static][fold=2] start name=random_permute_features noise_std=0.01 mask_rate=0.1 seed=1
2025-10-19 19:10:57 | INFO | EM.print | [AUG][static][fold=2] done name=random_permute_features shape=(1140, 1140)
2025-10-19 19:10:57 | INFO | EM.augment | [AUGMENT][fold=2] name=random_permute_features noise_std=0.01 mask_rate=0.1 seed=1 masked_cols=0 shape=(1140, 1140) mean=0.0009 std=0.0296
2025-10-19 19:11:03 | INFO | EM.print | [AUG][static][fold=3] start name=random_permute_features noise_std=0.01 mask_rate=0.1 seed=2
2025-10-19 19:11:03 | INFO | EM.print | [AUG][static][fold=3] done name=random_permute_features shape=(1140, 1140)
2025-10-19 19:11:03 | INFO | EM.augment | [AUGMENT][fold=3] name=random_permute_features noise_std=0.01 mask_rate=0.1 seed=2 masked_cols=0 shape=(1140, 1140) mean=0.0009 std=0.0296
2025-10-19 19:11:09 | INFO | EM.print | [AUG][static][fold=4] start name=random_permute_features noise_std=0.01 mask_rate=0.1 seed=3
2025-10-19 19:11:09 | INFO | EM.print | [AUG][static][fold=4] done name=random_permute_features shape=(1140, 1140)
2025-10-19 19:11:09 | INFO | EM.augment | [AUGMENT][fold=4] name=random_permute_features noise_std=0.01 mask_rate=0.1 seed=3 masked_cols=0 shape=(1140, 1140) mean=0.0009 std=0.0296
2025-10-19 19:11:15 | INFO | EM.print | [AUG][static][fold=5] start name=random_permute_features noise_std=0.01 mask_rate=0.1 seed=4
2025-10-19 19:11:15 | INFO | EM.print | [AUG][static][fold=5] done name=random_permute_features shape=(1140, 1140)
2025-10-19 19:11:15 | INFO | EM.augment | [AUGMENT][fold=5] name=random_permute_features noise_std=0.01 mask_rate=0.1 seed=4 masked_cols=0 shape=(1140, 1140) mean=0.0009 std=0.0296
2025-10-19 19:11:15 | INFO | EM | [DATALOADER] os=linux workers=8 prefetch_factor=4
2025-10-19 19:11:15 | INFO | EM.fold_stats | Saved fold stats to /root/OUTPUT/result/metrics/fold_stats.json
2025-10-19 19:11:15 | INFO | EM | Loading finished!
2025-10-19 19:11:15 | INFO | EM | Starting 5-fold cross validation...
2025-10-19 19:11:15 | INFO | EM | === Fold 1/5 ===
2025-10-19 19:11:15 | INFO | EM.result.save | Saved result text: /root/OUTPUT/result/MDA_stageA_eps0.008_steps3_data_20251019_191044/metrics/adv_config_fold_1_20251019_191044.json.txt
2025-10-19 19:11:15 | INFO | EM.print | [SAVE] adv config saved: metrics/adv_config_fold_1_20251019_191044.json
2025-10-19 19:11:15 | INFO | EM.print | Start Training...
2025-10-19 19:11:15 | INFO | EM.print | -------- Epoch 1 --------
2025-10-19 19:11:16 | INFO | EM.print | [AUG][online][epoch=1][iter=0] start name=random_permute_features noise_std=0.01 mask_rate=0.1 seed=0
2025-10-19 19:11:16 | INFO | EM.print | [AUG][online][epoch=1][iter=0] done name=random_permute_features shape=(1140, 1140)
2025-10-19 19:11:16 | INFO | EM.print | [ONLINE-AUG] mode=online name=random_permute_features noise_std=0.01 mask_rate=0.1 base_seed=0
2025-10-19 19:11:16 | INFO | EM.print | epoch: 1/ iteration: 1/ loss_train: 0.79234046 | task_loss:0.6691 cont_loss:0.2595 adv_loss:0.6971
2025-10-19 19:11:18 | INFO | EM.print | epoch: 0001 loss_train: 4.6256 task_loss: 0.3434 cont_loss: 8.0679 adv_loss: 0.0675 auroc_train: 0.8871 auprc_train: 0.8901 precision_train: 0.7882 recall_train: 0.8228 f1_train: 0.8051 cm_train: (tn=1670, fp=474, fn=380, tp=1764)
2025-10-19 19:11:18 | INFO | EM.print | -------- Epoch 2 --------
2025-10-19 19:11:18 | INFO | EM.print | [AUG][online][epoch=2][iter=0] start name=random_permute_features noise_std=0.01 mask_rate=0.1 seed=1000
2025-10-19 19:11:18 | INFO | EM.print | [AUG][online][epoch=2][iter=0] done name=random_permute_features shape=(1140, 1140)
2025-10-19 19:11:18 | INFO | EM.print | [ONLINE-AUG] mode=online name=random_permute_features noise_std=0.01 mask_rate=0.1 base_seed=0
2025-10-19 19:11:18 | INFO | EM.print | epoch: 2/ iteration: 1/ loss_train: 4.612916 | task_loss:0.2879 cont_loss:8.0880 adv_loss:0.0700
2025-10-19 19:11:19 | INFO | EM.print | epoch: 0002 loss_train: 4.4280 task_loss: 0.2225 cont_loss: 7.8505 adv_loss: 0.0203 auroc_train: 0.9473 auprc_train: 0.9412 precision_train: 0.8762 recall_train: 0.8848 f1_train: 0.8805 cm_train: (tn=1876, fp=268, fn=247, tp=1897)
2025-10-19 19:11:19 | INFO | EM.print | -------- Epoch 3 --------
2025-10-19 19:11:19 | INFO | EM.print | [AUG][online][epoch=3][iter=0] start name=random_permute_features noise_std=0.01 mask_rate=0.1 seed=2000
2025-10-19 19:11:19 | INFO | EM.print | [AUG][online][epoch=3][iter=0] done name=random_permute_features shape=(1140, 1140)
2025-10-19 19:11:19 | INFO | EM.print | [ONLINE-AUG] mode=online name=random_permute_features noise_std=0.01 mask_rate=0.1 base_seed=0
2025-10-19 19:11:19 | INFO | EM.print | epoch: 3/ iteration: 1/ loss_train: 15.125156 | task_loss:1.1998 cont_loss:5.5232 adv_loss:23.0950
2025-10-19 19:11:25 | INFO | EM.print | epoch: 0003 loss_train: 5.2425 task_loss: 0.7343 cont_loss: 8.2822 adv_loss: 0.7139 auroc_train: 0.4523 auprc_train: 0.4596 precision_train: 0.4735 recall_train: 0.4799 f1_train: 0.4767 cm_train: (tn=1000, fp=1144, fn=1115, tp=1029)
2025-10-19 19:11:25 | INFO | EM.print | -------- Epoch 4 --------
2025-10-19 19:11:25 | INFO | EM.print | [AUG][online][epoch=4][iter=0] start name=random_permute_features noise_std=0.01 mask_rate=0.1 seed=3000
2025-10-19 19:11:25 | INFO | EM.print | [AUG][online][epoch=4][iter=0] done name=random_permute_features shape=(1140, 1140)
2025-10-19 19:11:25 | INFO | EM.print | [ONLINE-AUG] mode=online name=random_permute_features noise_std=0.01 mask_rate=0.1 base_seed=0
2025-10-19 19:11:25 | INFO | EM.print | epoch: 4/ iteration: 1/ loss_train: 5.1635866 | task_loss:0.6914 cont_loss:8.1793 adv_loss:0.7077
2025-10-19 19:11:30 | INFO | EM.print | epoch: 0004 loss_train: 5.2249 task_loss: 0.7007 cont_loss: 8.3006 adv_loss: 0.6885 auroc_train: 0.4890 auprc_train: 0.4934 precision_train: 0.4922 recall_train: 0.4720 f1_train: 0.4819 cm_train: (tn=1100, fp=1044, fn=1132, tp=1012)
2025-10-19 19:11:30 | INFO | EM.print | -------- Epoch 5 --------
2025-10-19 19:11:30 | INFO | EM.print | [AUG][online][epoch=5][iter=0] start name=random_permute_features noise_std=0.01 mask_rate=0.1 seed=4000
2025-10-19 19:11:30 | INFO | EM.print | [AUG][online][epoch=5][iter=0] done name=random_permute_features shape=(1140, 1140)
2025-10-19 19:11:30 | INFO | EM.print | [ONLINE-AUG] mode=online name=random_permute_features noise_std=0.01 mask_rate=0.1 base_seed=0
2025-10-19 19:11:30 | INFO | EM.print | epoch: 5/ iteration: 1/ loss_train: 5.219225 | task_loss:0.6976 cont_loss:8.2953 adv_loss:0.6858
2025-10-19 19:11:35 | INFO | EM.print | epoch: 0005 loss_train: 5.2170 task_loss: 0.6943 cont_loss: 8.3095 adv_loss: 0.6687 auroc_train: 0.4990 auprc_train: 0.4975 precision_train: 0.4969 recall_train: 0.5310 f1_train: 0.5134 cm_train: (tn=993, fp=1152, fn=1005, tp=1138)
2025-10-19 19:11:35 | INFO | EM.print | -------- Epoch 6 --------
2025-10-19 19:11:35 | INFO | EM.print | [AUG][online][epoch=6][iter=0] start name=random_permute_features noise_std=0.01 mask_rate=0.1 seed=5000
2025-10-19 19:11:35 | INFO | EM.print | [AUG][online][epoch=6][iter=0] done name=random_permute_features shape=(1140, 1140)
2025-10-19 19:11:35 | INFO | EM.print | [ONLINE-AUG] mode=online name=random_permute_features noise_std=0.01 mask_rate=0.1 base_seed=0
2025-10-19 19:11:35 | INFO | EM.print | epoch: 6/ iteration: 1/ loss_train: 5.2519155 | task_loss:0.6926 cont_loss:8.3315 adv_loss:0.7159
2025-10-19 19:11:40 | INFO | EM.print | epoch: 0006 loss_train: 5.2005 task_loss: 0.6919 cont_loss: 8.2685 adv_loss: 0.6830 auroc_train: 0.4977 auprc_train: 0.4983 precision_train: 0.4975 recall_train: 0.6114 f1_train: 0.5486 cm_train: (tn=817, fp=1325, fn=834, tp=1312)
2025-10-19 19:11:40 | INFO | EM.print | -------- Epoch 7 --------
2025-10-19 19:11:40 | INFO | EM.print | [AUG][online][epoch=7][iter=0] start name=random_permute_features noise_std=0.01 mask_rate=0.1 seed=6000
2025-10-19 19:11:40 | INFO | EM.print | [AUG][online][epoch=7][iter=0] done name=random_permute_features shape=(1140, 1140)
2025-10-19 19:11:40 | INFO | EM.print | [ONLINE-AUG] mode=online name=random_permute_features noise_std=0.01 mask_rate=0.1 base_seed=0
2025-10-19 19:11:40 | INFO | EM.print | epoch: 7/ iteration: 1/ loss_train: 5.215437 | task_loss:0.6912 cont_loss:8.2944 adv_loss:0.6850
2025-10-19 19:11:46 | INFO | EM.print | epoch: 0007 loss_train: 5.2133 task_loss: 0.7104 cont_loss: 8.2796 adv_loss: 0.6796 auroc_train: 0.5006 auprc_train: 0.4991 precision_train: 0.4939 recall_train: 0.4324 f1_train: 0.4611 cm_train: (tn=1194, fp=950, fn=1217, tp=927)
2025-10-19 19:11:46 | INFO | EM.print | -------- Epoch 8 --------
2025-10-19 19:11:46 | INFO | EM.print | [AUG][online][epoch=8][iter=0] start name=random_permute_features noise_std=0.01 mask_rate=0.1 seed=7000
2025-10-19 19:11:46 | INFO | EM.print | [AUG][online][epoch=8][iter=0] done name=random_permute_features shape=(1140, 1140)
2025-10-19 19:11:46 | INFO | EM.print | [ONLINE-AUG] mode=online name=random_permute_features noise_std=0.01 mask_rate=0.1 base_seed=0
2025-10-19 19:11:46 | INFO | EM.print | epoch: 8/ iteration: 1/ loss_train: 5.205954 | task_loss:0.6916 cont_loss:8.2868 adv_loss:0.6741
2025-10-19 19:11:51 | INFO | EM.print | epoch: 0008 loss_train: 5.1879 task_loss: 0.7045 cont_loss: 8.2747 adv_loss: 0.6396 auroc_train: 0.5239 auprc_train: 0.5226 precision_train: 0.5100 recall_train: 0.5828 f1_train: 0.5440 cm_train: (tn=942, fp=1201, fn=895, tp=1250)
2025-10-19 19:11:51 | INFO | EM.print | -------- Epoch 9 --------
2025-10-19 19:11:51 | INFO | EM.print | [AUG][online][epoch=9][iter=0] start name=random_permute_features noise_std=0.01 mask_rate=0.1 seed=8000
2025-10-19 19:11:51 | INFO | EM.print | [AUG][online][epoch=9][iter=0] done name=random_permute_features shape=(1140, 1140)
2025-10-19 19:11:51 | INFO | EM.print | [ONLINE-AUG] mode=online name=random_permute_features noise_std=0.01 mask_rate=0.1 base_seed=0
2025-10-19 19:11:51 | INFO | EM.print | epoch: 9/ iteration: 1/ loss_train: 5.1794972 | task_loss:0.6902 cont_loss:8.2707 adv_loss:0.6401
2025-10-19 19:11:56 | INFO | EM.print | epoch: 0009 loss_train: 5.1624 task_loss: 0.6431 cont_loss: 8.3053 adv_loss: 0.6102 auroc_train: 0.5808 auprc_train: 0.5341 precision_train: 0.5525 recall_train: 0.5700 f1_train: 0.5611 cm_train: (tn=1157, fp=989, fn=921, tp=1221)
2025-10-19 19:11:56 | INFO | EM.print | -------- Epoch 10 --------
2025-10-19 19:11:56 | INFO | EM.print | [AUG][online][epoch=10][iter=0] start name=random_permute_features noise_std=0.01 mask_rate=0.1 seed=9000
2025-10-19 19:11:56 | INFO | EM.print | [AUG][online][epoch=10][iter=0] done name=random_permute_features shape=(1140, 1140)
2025-10-19 19:11:56 | INFO | EM.print | [ONLINE-AUG] mode=online name=random_permute_features noise_std=0.01 mask_rate=0.1 base_seed=0
2025-10-19 19:11:56 | INFO | EM.print | epoch: 10/ iteration: 1/ loss_train: 5.1505604 | task_loss:0.6193 cont_loss:8.2989 adv_loss:0.6150
2025-10-19 19:12:01 | INFO | EM.print | epoch: 0010 loss_train: 5.0678 task_loss: 0.4230 cont_loss: 8.3133 adv_loss: 0.6103 auroc_train: 0.7423 auprc_train: 0.7239 precision_train: 0.6483 recall_train: 0.7444 f1_train: 0.6930 cm_train: (tn=1278, fp=866, fn=548, tp=1596)
2025-10-19 19:12:01 | INFO | EM.print | Optimization Finished!
2025-10-19 19:12:01 | INFO | EM.result.save | Saved result text: /root/OUTPUT/result/MDA_stageA_eps0.008_steps3_data_20251019_191044/metrics/train_epoch_metrics_fold_1_20251019_191044.csv.txt
2025-10-19 19:12:01 | INFO | EM.print | [SAVE] Per-epoch train metrics saved: train_epoch_metrics_fold_1_20251019_191044.csv
2025-10-19 19:12:02 | INFO | EM.result.save | Saved result text: /root/OUTPUT/result/MDA_stageA_eps0.008_steps3_data_20251019_191044/metrics/threshold_scan_fold_1_20251019_191044.txt
2025-10-19 19:12:02 | INFO | EM.print | loss_test: 5.0623 auroc_test: 0.8648 auprc_test: 0.8552 precision_test: 0.7197 recall_test: 0.8891 f1_test: 0.7955 cm_test: (tn=332, fp=178, fn=57, tp=457)
2025-10-19 19:12:02 | INFO | EM | Fold 1 completed.
2025-10-19 19:12:02 | INFO | EM | === Fold 2/5 ===
2025-10-19 19:12:02 | INFO | EM.result.save | Saved result text: /root/OUTPUT/result/MDA_stageA_eps0.008_steps3_data_20251019_191044/metrics/adv_config_fold_2_20251019_191044.json.txt
2025-10-19 19:12:02 | INFO | EM.print | [SAVE] adv config saved: metrics/adv_config_fold_2_20251019_191044.json
2025-10-19 19:12:02 | INFO | EM.print | Start Training...
2025-10-19 19:12:02 | INFO | EM.print | -------- Epoch 1 --------
2025-10-19 19:12:02 | INFO | EM.print | [AUG][online][epoch=1][iter=0] start name=random_permute_features noise_std=0.01 mask_rate=0.1 seed=0
2025-10-19 19:12:02 | INFO | EM.print | [AUG][online][epoch=1][iter=0] done name=random_permute_features shape=(1140, 1140)
2025-10-19 19:12:02 | INFO | EM.print | [ONLINE-AUG] mode=online name=random_permute_features noise_std=0.01 mask_rate=0.1 base_seed=0
2025-10-19 19:12:02 | INFO | EM.print | epoch: 1/ iteration: 1/ loss_train: 0.78648704 | task_loss:0.7267 cont_loss:0.0689 adv_loss:0.8432
2025-10-19 19:12:04 | INFO | EM.print | epoch: 0001 loss_train: 4.7362 task_loss: 0.4869 cont_loss: 8.0835 adv_loss: 0.1423 auroc_train: 0.8435 auprc_train: 0.8389 precision_train: 0.7599 recall_train: 0.7443 f1_train: 0.7520 cm_train: (tn=1641, fp=504, fn=548, tp=1595)
2025-10-19 19:12:04 | INFO | EM.print | -------- Epoch 2 --------
2025-10-19 19:12:04 | INFO | EM.print | [AUG][online][epoch=2][iter=0] start name=random_permute_features noise_std=0.01 mask_rate=0.1 seed=1000
2025-10-19 19:12:04 | INFO | EM.print | [AUG][online][epoch=2][iter=0] done name=random_permute_features shape=(1140, 1140)
2025-10-19 19:12:04 | INFO | EM.print | [ONLINE-AUG] mode=online name=random_permute_features noise_std=0.01 mask_rate=0.1 base_seed=0
2025-10-19 19:12:04 | INFO | EM.print | epoch: 2/ iteration: 1/ loss_train: 4.5950537 | task_loss:0.1977 cont_loss:8.0931 adv_loss:0.1098
2025-10-19 19:12:05 | INFO | EM.print | epoch: 0002 loss_train: 4.5298 task_loss: 0.3011 cont_loss: 7.9568 adv_loss: 0.0362 auroc_train: 0.9461 auprc_train: 0.9349 precision_train: 0.8694 recall_train: 0.9039 f1_train: 0.8863 cm_train: (tn=1853, fp=291, fn=206, tp=1938)
2025-10-19 19:12:05 | INFO | EM.print | -------- Epoch 3 --------
2025-10-19 19:12:05 | INFO | EM.print | [AUG][online][epoch=3][iter=0] start name=random_permute_features noise_std=0.01 mask_rate=0.1 seed=2000
2025-10-19 19:12:05 | INFO | EM.print | [AUG][online][epoch=3][iter=0] done name=random_permute_features shape=(1140, 1140)
2025-10-19 19:12:05 | INFO | EM.print | [ONLINE-AUG] mode=online name=random_permute_features noise_std=0.01 mask_rate=0.1 base_seed=0
2025-10-19 19:12:05 | INFO | EM.print | epoch: 3/ iteration: 1/ loss_train: 16.385109 | task_loss:1.6734 cont_loss:7.8897 adv_loss:22.5855
2025-10-19 19:12:11 | INFO | EM.print | epoch: 0003 loss_train: 5.2208 task_loss: 0.6956 cont_loss: 8.2772 adv_loss: 0.7105 auroc_train: 0.4640 auprc_train: 0.4593 precision_train: 0.4877 recall_train: 0.6011 f1_train: 0.5385 cm_train: (tn=787, fp=1355, fn=856, tp=1290)
2025-10-19 19:12:11 | INFO | EM.print | -------- Epoch 4 --------
2025-10-19 19:12:11 | INFO | EM.print | [AUG][online][epoch=4][iter=0] start name=random_permute_features noise_std=0.01 mask_rate=0.1 seed=3000
2025-10-19 19:12:11 | INFO | EM.print | [AUG][online][epoch=4][iter=0] done name=random_permute_features shape=(1140, 1140)
2025-10-19 19:12:11 | INFO | EM.print | [ONLINE-AUG] mode=online name=random_permute_features noise_std=0.01 mask_rate=0.1 base_seed=0
2025-10-19 19:12:11 | INFO | EM.print | epoch: 4/ iteration: 1/ loss_train: 5.1904187 | task_loss:0.6987 cont_loss:8.2164 adv_loss:0.7140
2025-10-19 19:12:16 | INFO | EM.print | epoch: 0004 loss_train: 5.2358 task_loss: 0.7141 cont_loss: 8.3062 adv_loss: 0.6921 auroc_train: 0.4937 auprc_train: 0.4990 precision_train: 0.5009 recall_train: 0.4932 f1_train: 0.4971 cm_train: (tn=1092, fp=1053, fn=1086, tp=1057)
2025-10-19 19:12:16 | INFO | EM.print | -------- Epoch 5 --------
2025-10-19 19:12:16 | INFO | EM.print | [AUG][online][epoch=5][iter=0] start name=random_permute_features noise_std=0.01 mask_rate=0.1 seed=4000
2025-10-19 19:12:16 | INFO | EM.print | [AUG][online][epoch=5][iter=0] done name=random_permute_features shape=(1140, 1140)
2025-10-19 19:12:16 | INFO | EM.print | [ONLINE-AUG] mode=online name=random_permute_features noise_std=0.01 mask_rate=0.1 base_seed=0
2025-10-19 19:12:16 | INFO | EM.print | epoch: 5/ iteration: 1/ loss_train: 5.2318087 | task_loss:0.7121 cont_loss:8.3089 adv_loss:0.6828
2025-10-19 19:12:21 | INFO | EM.print | epoch: 0005 loss_train: 5.2199 task_loss: 0.6943 cont_loss: 8.3078 adv_loss: 0.6763 auroc_train: 0.4999 auprc_train: 0.4994 precision_train: 0.4998 recall_train: 0.5028 f1_train: 0.5013 cm_train: (tn=1068, fp=1078, fn=1065, tp=1077)
2025-10-19 19:12:21 | INFO | EM.print | -------- Epoch 6 --------
2025-10-19 19:12:21 | INFO | EM.print | [AUG][online][epoch=6][iter=0] start name=random_permute_features noise_std=0.01 mask_rate=0.1 seed=5000
2025-10-19 19:12:21 | INFO | EM.print | [AUG][online][epoch=6][iter=0] done name=random_permute_features shape=(1140, 1140)
2025-10-19 19:12:21 | INFO | EM.print | [ONLINE-AUG] mode=online name=random_permute_features noise_std=0.01 mask_rate=0.1 base_seed=0
2025-10-19 19:12:21 | INFO | EM.print | epoch: 6/ iteration: 1/ loss_train: 5.213507 | task_loss:0.6957 cont_loss:8.3064 adv_loss:0.6639
2025-10-19 19:12:26 | INFO | EM.print | epoch: 0006 loss_train: 5.1996 task_loss: 0.6887 cont_loss: 8.3107 adv_loss: 0.6375 auroc_train: 0.5194 auprc_train: 0.5142 precision_train: 0.5109 recall_train: 0.5375 f1_train: 0.5239 cm_train: (tn=1039, fp=1104, fn=992, tp=1153)
2025-10-19 19:12:26 | INFO | EM.print | -------- Epoch 7 --------
2025-10-19 19:12:26 | INFO | EM.print | [AUG][online][epoch=7][iter=0] start name=random_permute_features noise_std=0.01 mask_rate=0.1 seed=6000
2025-10-19 19:12:26 | INFO | EM.print | [AUG][online][epoch=7][iter=0] done name=random_permute_features shape=(1140, 1140)
2025-10-19 19:12:26 | INFO | EM.print | [ONLINE-AUG] mode=online name=random_permute_features noise_std=0.01 mask_rate=0.1 base_seed=0
2025-10-19 19:12:27 | INFO | EM.print | epoch: 7/ iteration: 1/ loss_train: 5.206634 | task_loss:0.6911 cont_loss:8.3028 adv_loss:0.6582
2025-10-19 19:12:32 | INFO | EM.print | epoch: 0007 loss_train: 5.1792 task_loss: 0.6834 cont_loss: 8.3077 adv_loss: 0.6048 auroc_train: 0.5715 auprc_train: 0.5461 precision_train: 0.5452 recall_train: 0.5485 f1_train: 0.5468 cm_train: (tn=1163, fp=981, fn=968, tp=1176)
2025-10-19 19:12:32 | INFO | EM.print | -------- Epoch 8 --------
2025-10-19 19:12:32 | INFO | EM.print | [AUG][online][epoch=8][iter=0] start name=random_permute_features noise_std=0.01 mask_rate=0.1 seed=7000
2025-10-19 19:12:32 | INFO | EM.print | [AUG][online][epoch=8][iter=0] done name=random_permute_features shape=(1140, 1140)
2025-10-19 19:12:32 | INFO | EM.print | [ONLINE-AUG] mode=online name=random_permute_features noise_std=0.01 mask_rate=0.1 base_seed=0
2025-10-19 19:12:32 | INFO | EM.print | epoch: 8/ iteration: 1/ loss_train: 5.1510057 | task_loss:0.6421 cont_loss:8.3083 adv_loss:0.5850
2025-10-19 19:12:37 | INFO | EM.print | epoch: 0008 loss_train: 5.0971 task_loss: 0.5746 cont_loss: 8.2893 adv_loss: 0.5589 auroc_train: 0.6932 auprc_train: 0.6574 precision_train: 0.6256 recall_train: 0.7408 f1_train: 0.6784 cm_train: (tn=1198, fp=949, fn=555, tp=1586)
2025-10-19 19:12:37 | INFO | EM.print | -------- Epoch 9 --------
2025-10-19 19:12:37 | INFO | EM.print | [AUG][online][epoch=9][iter=0] start name=random_permute_features noise_std=0.01 mask_rate=0.1 seed=8000
2025-10-19 19:12:37 | INFO | EM.print | [AUG][online][epoch=9][iter=0] done name=random_permute_features shape=(1140, 1140)
2025-10-19 19:12:37 | INFO | EM.print | [ONLINE-AUG] mode=online name=random_permute_features noise_std=0.01 mask_rate=0.1 base_seed=0
2025-10-19 19:12:37 | INFO | EM.print | epoch: 9/ iteration: 1/ loss_train: 5.083059 | task_loss:0.5207 cont_loss:8.2972 adv_loss:0.5706
2025-10-19 19:12:42 | INFO | EM.print | epoch: 0009 loss_train: 5.0539 task_loss: 0.4280 cont_loss: 8.3041 adv_loss: 0.5881 auroc_train: 0.8209 auprc_train: 0.8074 precision_train: 0.7219 recall_train: 0.7785 f1_train: 0.7491 cm_train: (tn=1501, fp=643, fn=475, tp=1669)
2025-10-19 19:12:42 | INFO | EM.print | -------- Epoch 10 --------
2025-10-19 19:12:42 | INFO | EM.print | [AUG][online][epoch=10][iter=0] start name=random_permute_features noise_std=0.01 mask_rate=0.1 seed=9000
2025-10-19 19:12:42 | INFO | EM.print | [AUG][online][epoch=10][iter=0] done name=random_permute_features shape=(1140, 1140)
2025-10-19 19:12:42 | INFO | EM.print | [ONLINE-AUG] mode=online name=random_permute_features noise_std=0.01 mask_rate=0.1 base_seed=0
2025-10-19 19:12:42 | INFO | EM.print | epoch: 10/ iteration: 1/ loss_train: 5.0091147 | task_loss:0.3833 cont_loss:8.2915 adv_loss:0.5526
2025-10-19 19:12:48 | INFO | EM.print | epoch: 0010 loss_train: 4.9764 task_loss: 0.3324 cont_loss: 8.3136 adv_loss: 0.5088 auroc_train: 0.8743 auprc_train: 0.8570 precision_train: 0.7804 recall_train: 0.8510 f1_train: 0.8142 cm_train: (tn=1627, fp=514, fn=320, tp=1827)
2025-10-19 19:12:48 | INFO | EM.print | Optimization Finished!
2025-10-19 19:12:48 | INFO | EM.result.save | Saved result text: /root/OUTPUT/result/MDA_stageA_eps0.008_steps3_data_20251019_191044/metrics/train_epoch_metrics_fold_2_20251019_191044.csv.txt
2025-10-19 19:12:48 | INFO | EM.print | [SAVE] Per-epoch train metrics saved: train_epoch_metrics_fold_2_20251019_191044.csv
2025-10-19 19:12:48 | INFO | EM.result.save | Saved result text: /root/OUTPUT/result/MDA_stageA_eps0.008_steps3_data_20251019_191044/metrics/threshold_scan_fold_2_20251019_191044.txt
2025-10-19 19:12:48 | INFO | EM.print | loss_test: 4.9982 auroc_test: 0.8990 auprc_test: 0.8789 precision_test: 0.8079 recall_test: 0.8806 f1_test: 0.8427 cm_test: (tn=406, fp=107, fn=61, tp=450)
2025-10-19 19:12:48 | INFO | EM | Fold 2 completed.
2025-10-19 19:12:48 | INFO | EM | === Fold 3/5 ===
2025-10-19 19:12:48 | INFO | EM.result.save | Saved result text: /root/OUTPUT/result/MDA_stageA_eps0.008_steps3_data_20251019_191044/metrics/adv_config_fold_3_20251019_191044.json.txt
2025-10-19 19:12:48 | INFO | EM.print | [SAVE] adv config saved: metrics/adv_config_fold_3_20251019_191044.json
2025-10-19 19:12:48 | INFO | EM.print | Start Training...
2025-10-19 19:12:48 | INFO | EM.print | -------- Epoch 1 --------
2025-10-19 19:12:49 | INFO | EM.print | [AUG][online][epoch=1][iter=0] start name=random_permute_features noise_std=0.01 mask_rate=0.1 seed=0
2025-10-19 19:12:49 | INFO | EM.print | [AUG][online][epoch=1][iter=0] done name=random_permute_features shape=(1140, 1140)
2025-10-19 19:12:49 | INFO | EM.print | [ONLINE-AUG] mode=online name=random_permute_features noise_std=0.01 mask_rate=0.1 base_seed=0
2025-10-19 19:12:49 | INFO | EM.print | epoch: 1/ iteration: 1/ loss_train: 0.7134251 | task_loss:0.6997 cont_loss:0.0885 adv_loss:0.6997
2025-10-19 19:12:50 | INFO | EM.print | epoch: 0001 loss_train: 4.5727 task_loss: 0.3773 cont_loss: 7.9539 adv_loss: 0.0566 auroc_train: 0.8957 auprc_train: 0.8880 precision_train: 0.8000 recall_train: 0.7951 f1_train: 0.7976 cm_train: (tn=1719, fp=426, fn=439, tp=1704)
2025-10-19 19:12:50 | INFO | EM.print | -------- Epoch 2 --------
2025-10-19 19:12:50 | INFO | EM.print | [AUG][online][epoch=2][iter=0] start name=random_permute_features noise_std=0.01 mask_rate=0.1 seed=1000
2025-10-19 19:12:50 | INFO | EM.print | [AUG][online][epoch=2][iter=0] done name=random_permute_features shape=(1140, 1140)
2025-10-19 19:12:50 | INFO | EM.print | [ONLINE-AUG] mode=online name=random_permute_features noise_std=0.01 mask_rate=0.1 base_seed=0
2025-10-19 19:12:50 | INFO | EM.print | epoch: 2/ iteration: 1/ loss_train: 4.52505 | task_loss:0.2661 cont_loss:7.9558 adv_loss:0.0593
2025-10-19 19:12:52 | INFO | EM.print | epoch: 0002 loss_train: 4.5582 task_loss: 0.4013 cont_loss: 7.9374 adv_loss: 0.0243 auroc_train: 0.9483 auprc_train: 0.9414 precision_train: 0.8657 recall_train: 0.8997 f1_train: 0.8824 cm_train: (tn=1846, fp=299, fn=215, tp=1928)
2025-10-19 19:12:52 | INFO | EM.print | -------- Epoch 3 --------
2025-10-19 19:12:52 | INFO | EM.print | [AUG][online][epoch=3][iter=0] start name=random_permute_features noise_std=0.01 mask_rate=0.1 seed=2000
2025-10-19 19:12:52 | INFO | EM.print | [AUG][online][epoch=3][iter=0] done name=random_permute_features shape=(1140, 1140)
2025-10-19 19:12:52 | INFO | EM.print | [ONLINE-AUG] mode=online name=random_permute_features noise_std=0.01 mask_rate=0.1 base_seed=0
2025-10-19 19:12:52 | INFO | EM.print | epoch: 3/ iteration: 1/ loss_train: 16.277857 | task_loss:1.2125 cont_loss:5.6962 adv_loss:25.1987
2025-10-19 19:12:57 | INFO | EM.print | epoch: 0003 loss_train: 5.2174 task_loss: 0.7026 cont_loss: 8.2655 adv_loss: 0.7103 auroc_train: 0.4526 auprc_train: 0.4617 precision_train: 0.4713 recall_train: 0.4481 f1_train: 0.4594 cm_train: (tn=1062, fp=1079, fn=1185, tp=962)
2025-10-19 19:12:57 | INFO | EM.print | -------- Epoch 4 --------
2025-10-19 19:12:57 | INFO | EM.print | [AUG][online][epoch=4][iter=0] start name=random_permute_features noise_std=0.01 mask_rate=0.1 seed=3000
2025-10-19 19:12:57 | INFO | EM.print | [AUG][online][epoch=4][iter=0] done name=random_permute_features shape=(1140, 1140)
2025-10-19 19:12:57 | INFO | EM.print | [ONLINE-AUG] mode=online name=random_permute_features noise_std=0.01 mask_rate=0.1 base_seed=0
2025-10-19 19:12:57 | INFO | EM.print | epoch: 4/ iteration: 1/ loss_train: 5.2089276 | task_loss:0.6951 cont_loss:8.2590 adv_loss:0.7074
2025-10-19 19:13:02 | INFO | EM.print | epoch: 0004 loss_train: 5.2205 task_loss: 0.6917 cont_loss: 8.2899 adv_loss: 0.6997 auroc_train: 0.4919 auprc_train: 0.4917 precision_train: 0.4978 recall_train: 0.4790 f1_train: 0.4882 cm_train: (tn=1108, fp=1036, fn=1117, tp=1027)
2025-10-19 19:13:02 | INFO | EM.print | -------- Epoch 5 --------
2025-10-19 19:13:02 | INFO | EM.print | [AUG][online][epoch=5][iter=0] start name=random_permute_features noise_std=0.01 mask_rate=0.1 seed=4000
2025-10-19 19:13:02 | INFO | EM.print | [AUG][online][epoch=5][iter=0] done name=random_permute_features shape=(1140, 1140)
2025-10-19 19:13:02 | INFO | EM.print | [ONLINE-AUG] mode=online name=random_permute_features noise_std=0.01 mask_rate=0.1 base_seed=0
2025-10-19 19:13:02 | INFO | EM.print | epoch: 5/ iteration: 1/ loss_train: 5.225284 | task_loss:0.6961 cont_loss:8.2955 adv_loss:0.6990
2025-10-19 19:13:08 | INFO | EM.print | epoch: 0005 loss_train: 5.2186 task_loss: 0.6926 cont_loss: 8.2882 adv_loss: 0.6968 auroc_train: 0.4901 auprc_train: 0.4942 precision_train: 0.4927 recall_train: 0.5380 f1_train: 0.5144 cm_train: (tn=955, fp=1188, fn=991, tp=1154)
2025-10-19 19:13:08 | INFO | EM.print | -------- Epoch 6 --------
2025-10-19 19:13:08 | INFO | EM.print | [AUG][online][epoch=6][iter=0] start name=random_permute_features noise_std=0.01 mask_rate=0.1 seed=5000
2025-10-19 19:13:08 | INFO | EM.print | [AUG][online][epoch=6][iter=0] done name=random_permute_features shape=(1140, 1140)
2025-10-19 19:13:08 | INFO | EM.print | [ONLINE-AUG] mode=online name=random_permute_features noise_std=0.01 mask_rate=0.1 base_seed=0
2025-10-19 19:13:08 | INFO | EM.print | epoch: 6/ iteration: 1/ loss_train: 5.2252817 | task_loss:0.6920 cont_loss:8.3009 adv_loss:0.6967
2025-10-19 19:13:13 | INFO | EM.print | epoch: 0006 loss_train: 5.2219 task_loss: 0.6894 cont_loss: 8.2997 adv_loss: 0.6936 auroc_train: 0.5009 auprc_train: 0.4949 precision_train: 0.4990 recall_train: 0.4893 f1_train: 0.4941 cm_train: (tn=1091, fp=1053, fn=1095, tp=1049)
2025-10-19 19:13:13 | INFO | EM.print | -------- Epoch 7 --------
2025-10-19 19:13:13 | INFO | EM.print | [AUG][online][epoch=7][iter=0] start name=random_permute_features noise_std=0.01 mask_rate=0.1 seed=6000
2025-10-19 19:13:13 | INFO | EM.print | [AUG][online][epoch=7][iter=0] done name=random_permute_features shape=(1140, 1140)
2025-10-19 19:13:13 | INFO | EM.print | [ONLINE-AUG] mode=online name=random_permute_features noise_std=0.01 mask_rate=0.1 base_seed=0
2025-10-19 19:13:13 | INFO | EM.print | epoch: 7/ iteration: 1/ loss_train: 5.2341967 | task_loss:0.6915 cont_loss:8.3162 adv_loss:0.6983
2025-10-19 19:13:18 | INFO | EM.print | epoch: 0007 loss_train: 5.2235 task_loss: 0.6782 cont_loss: 8.3114 adv_loss: 0.6940 auroc_train: 0.4950 auprc_train: 0.4917 precision_train: 0.4943 recall_train: 0.4655 f1_train: 0.4795 cm_train: (tn=1123, fp=1021, fn=1146, tp=998)
2025-10-19 19:13:18 | INFO | EM.print | -------- Epoch 8 --------
2025-10-19 19:13:18 | INFO | EM.print | [AUG][online][epoch=8][iter=0] start name=random_permute_features noise_std=0.01 mask_rate=0.1 seed=7000
2025-10-19 19:13:18 | INFO | EM.print | [AUG][online][epoch=8][iter=0] done name=random_permute_features shape=(1140, 1140)
2025-10-19 19:13:18 | INFO | EM.print | [ONLINE-AUG] mode=online name=random_permute_features noise_std=0.01 mask_rate=0.1 base_seed=0
2025-10-19 19:13:18 | INFO | EM.print | epoch: 8/ iteration: 1/ loss_train: 5.242004 | task_loss:0.7131 cont_loss:8.3159 adv_loss:0.6947
2025-10-19 19:13:24 | INFO | EM.print | epoch: 0008 loss_train: 5.2371 task_loss: 0.7085 cont_loss: 8.3114 adv_loss: 0.6940 auroc_train: 0.4968 auprc_train: 0.4925 precision_train: 0.5005 recall_train: 0.4986 f1_train: 0.4995 cm_train: (tn=1077, fp=1067, fn=1075, tp=1069)
2025-10-19 19:13:24 | INFO | EM.print | -------- Epoch 9 --------
2025-10-19 19:13:24 | INFO | EM.print | [AUG][online][epoch=9][iter=0] start name=random_permute_features noise_std=0.01 mask_rate=0.1 seed=8000
2025-10-19 19:13:24 | INFO | EM.print | [AUG][online][epoch=9][iter=0] done name=random_permute_features shape=(1140, 1140)
2025-10-19 19:13:24 | INFO | EM.print | [ONLINE-AUG] mode=online name=random_permute_features noise_std=0.01 mask_rate=0.1 base_seed=0
2025-10-19 19:13:24 | INFO | EM.print | epoch: 9/ iteration: 1/ loss_train: 5.2314873 | task_loss:0.6950 cont_loss:8.3110 adv_loss:0.6954
2025-10-19 19:13:29 | INFO | EM.print | epoch: 0009 loss_train: 5.2341 task_loss: 0.7077 cont_loss: 8.3071 adv_loss: 0.6936 auroc_train: 0.4965 auprc_train: 0.4971 precision_train: 0.5027 recall_train: 0.5280 f1_train: 0.5150 cm_train: (tn=1030, fp=1118, fn=1010, tp=1130)
2025-10-19 19:13:29 | INFO | EM.print | -------- Epoch 10 --------
2025-10-19 19:13:29 | INFO | EM.print | [AUG][online][epoch=10][iter=0] start name=random_permute_features noise_std=0.01 mask_rate=0.1 seed=9000
2025-10-19 19:13:29 | INFO | EM.print | [AUG][online][epoch=10][iter=0] done name=random_permute_features shape=(1140, 1140)
2025-10-19 19:13:29 | INFO | EM.print | [ONLINE-AUG] mode=online name=random_permute_features noise_std=0.01 mask_rate=0.1 base_seed=0
2025-10-19 19:13:29 | INFO | EM.print | epoch: 10/ iteration: 1/ loss_train: 5.2302465 | task_loss:0.6998 cont_loss:8.3066 adv_loss:0.6934
2025-10-19 19:13:34 | INFO | EM.print | epoch: 0010 loss_train: 5.2232 task_loss: 0.6932 cont_loss: 8.2997 adv_loss: 0.6929 auroc_train: 0.4780 auprc_train: 0.4840 precision_train: 0.4808 recall_train: 0.4391 f1_train: 0.4590 cm_train: (tn=1129, fp=1016, fn=1202, tp=941)
2025-10-19 19:13:34 | INFO | EM.print | Optimization Finished!
2025-10-19 19:13:34 | INFO | EM.result.save | Saved result text: /root/OUTPUT/result/MDA_stageA_eps0.008_steps3_data_20251019_191044/metrics/train_epoch_metrics_fold_3_20251019_191044.csv.txt
2025-10-19 19:13:34 | INFO | EM.print | [SAVE] Per-epoch train metrics saved: train_epoch_metrics_fold_3_20251019_191044.csv
2025-10-19 19:13:35 | INFO | EM.result.save | Saved result text: /root/OUTPUT/result/MDA_stageA_eps0.008_steps3_data_20251019_191044/metrics/threshold_scan_fold_3_20251019_191044.txt
2025-10-19 19:13:35 | INFO | EM.print | loss_test: 5.2243 auroc_test: 0.7674 auprc_test: 0.6966 precision_test: 0.4990 recall_test: 1.0000 f1_test: 0.6658 cm_test: (tn=0, fp=513, fn=0, tp=511)
2025-10-19 19:13:35 | INFO | EM | Fold 3 completed.
2025-10-19 19:13:35 | INFO | EM | === Fold 4/5 ===
2025-10-19 19:13:35 | INFO | EM.result.save | Saved result text: /root/OUTPUT/result/MDA_stageA_eps0.008_steps3_data_20251019_191044/metrics/adv_config_fold_4_20251019_191044.json.txt
2025-10-19 19:13:35 | INFO | EM.print | [SAVE] adv config saved: metrics/adv_config_fold_4_20251019_191044.json
2025-10-19 19:13:35 | INFO | EM.print | Start Training...
2025-10-19 19:13:35 | INFO | EM.print | -------- Epoch 1 --------
2025-10-19 19:13:35 | INFO | EM.print | [AUG][online][epoch=1][iter=0] start name=random_permute_features noise_std=0.01 mask_rate=0.1 seed=0
2025-10-19 19:13:35 | INFO | EM.print | [AUG][online][epoch=1][iter=0] done name=random_permute_features shape=(1140, 1140)
2025-10-19 19:13:35 | INFO | EM.print | [ONLINE-AUG] mode=online name=random_permute_features noise_std=0.01 mask_rate=0.1 base_seed=0
2025-10-19 19:13:35 | INFO | EM.print | epoch: 1/ iteration: 1/ loss_train: 0.87863326 | task_loss:0.7806 cont_loss:0.0486 adv_loss:1.0014
2025-10-19 19:13:37 | INFO | EM.print | epoch: 0001 loss_train: 4.6522 task_loss: 0.2559 cont_loss: 8.0411 adv_loss: 0.2290 auroc_train: 0.8676 auprc_train: 0.8594 precision_train: 0.7605 recall_train: 0.7800 f1_train: 0.7701 cm_train: (tn=1616, fp=527, fn=472, tp=1673)
2025-10-19 19:13:37 | INFO | EM.print | -------- Epoch 2 --------
2025-10-19 19:13:37 | INFO | EM.print | [AUG][online][epoch=2][iter=0] start name=random_permute_features noise_std=0.01 mask_rate=0.1 seed=1000
2025-10-19 19:13:37 | INFO | EM.print | [AUG][online][epoch=2][iter=0] done name=random_permute_features shape=(1140, 1140)
2025-10-19 19:13:37 | INFO | EM.print | [ONLINE-AUG] mode=online name=random_permute_features noise_std=0.01 mask_rate=0.1 base_seed=0
2025-10-19 19:13:37 | INFO | EM.print | epoch: 2/ iteration: 1/ loss_train: 4.6621795 | task_loss:0.3020 cont_loss:8.0320 adv_loss:0.2174
2025-10-19 19:13:39 | INFO | EM.print | epoch: 0002 loss_train: 4.4254 task_loss: 0.2502 cont_loss: 7.8223 adv_loss: 0.0210 auroc_train: 0.9463 auprc_train: 0.9387 precision_train: 0.8647 recall_train: 0.8889 f1_train: 0.8766 cm_train: (tn=1848, fp=298, fn=238, tp=1904)
2025-10-19 19:13:39 | INFO | EM.print | -------- Epoch 3 --------
2025-10-19 19:13:39 | INFO | EM.print | [AUG][online][epoch=3][iter=0] start name=random_permute_features noise_std=0.01 mask_rate=0.1 seed=2000
2025-10-19 19:13:39 | INFO | EM.print | [AUG][online][epoch=3][iter=0] done name=random_permute_features shape=(1140, 1140)
2025-10-19 19:13:39 | INFO | EM.print | [ONLINE-AUG] mode=online name=random_permute_features noise_std=0.01 mask_rate=0.1 base_seed=0
2025-10-19 19:13:39 | INFO | EM.print | epoch: 3/ iteration: 1/ loss_train: 15.09856 | task_loss:1.2282 cont_loss:6.5174 adv_loss:21.9226
2025-10-19 19:13:45 | INFO | EM.print | epoch: 0003 loss_train: 5.2221 task_loss: 0.7403 cont_loss: 8.2515 adv_loss: 0.7013 auroc_train: 0.4260 auprc_train: 0.4366 precision_train: 0.4525 recall_train: 0.4779 f1_train: 0.4649 cm_train: (tn=903, fp=1240, fn=1120, tp=1025)
2025-10-19 19:13:45 | INFO | EM.print | -------- Epoch 4 --------
2025-10-19 19:13:45 | INFO | EM.print | [AUG][online][epoch=4][iter=0] start name=random_permute_features noise_std=0.01 mask_rate=0.1 seed=3000
2025-10-19 19:13:45 | INFO | EM.print | [AUG][online][epoch=4][iter=0] done name=random_permute_features shape=(1140, 1140)
2025-10-19 19:13:45 | INFO | EM.print | [ONLINE-AUG] mode=online name=random_permute_features noise_std=0.01 mask_rate=0.1 base_seed=0
2025-10-19 19:13:45 | INFO | EM.print | epoch: 4/ iteration: 1/ loss_train: 5.177855 | task_loss:0.6843 cont_loss:8.2146 adv_loss:0.7037
2025-10-19 19:13:51 | INFO | EM.print | epoch: 0004 loss_train: 5.2191 task_loss: 0.6910 cont_loss: 8.2926 adv_loss: 0.6945 auroc_train: 0.5139 auprc_train: 0.5113 precision_train: 0.5087 recall_train: 0.5189 f1_train: 0.5137 cm_train: (tn=1068, fp=1075, fn=1032, tp=1113)
2025-10-19 19:13:51 | INFO | EM.print | -------- Epoch 5 --------
2025-10-19 19:13:51 | INFO | EM.print | [AUG][online][epoch=5][iter=0] start name=random_permute_features noise_std=0.01 mask_rate=0.1 seed=4000
2025-10-19 19:13:51 | INFO | EM.print | [AUG][online][epoch=5][iter=0] done name=random_permute_features shape=(1140, 1140)
2025-10-19 19:13:51 | INFO | EM.print | [ONLINE-AUG] mode=online name=random_permute_features noise_std=0.01 mask_rate=0.1 base_seed=0
2025-10-19 19:13:51 | INFO | EM.print | epoch: 5/ iteration: 1/ loss_train: 5.2351413 | task_loss:0.6945 cont_loss:8.3183 adv_loss:0.6951
2025-10-19 19:13:56 | INFO | EM.print | epoch: 0005 loss_train: 5.2106 task_loss: 0.6903 cont_loss: 8.2825 adv_loss: 0.6892 auroc_train: 0.5085 auprc_train: 0.5070 precision_train: 0.5037 recall_train: 0.5357 f1_train: 0.5192 cm_train: (tn=1011, fp=1132, fn=996, tp=1149)
2025-10-19 19:13:56 | INFO | EM.print | -------- Epoch 6 --------
2025-10-19 19:13:56 | INFO | EM.print | [AUG][online][epoch=6][iter=0] start name=random_permute_features noise_std=0.01 mask_rate=0.1 seed=5000
2025-10-19 19:13:56 | INFO | EM.print | [AUG][online][epoch=6][iter=0] done name=random_permute_features shape=(1140, 1140)
2025-10-19 19:13:56 | INFO | EM.print | [ONLINE-AUG] mode=online name=random_permute_features noise_std=0.01 mask_rate=0.1 base_seed=0
2025-10-19 19:13:56 | INFO | EM.print | epoch: 6/ iteration: 1/ loss_train: 5.217562 | task_loss:0.6991 cont_loss:8.2879 adv_loss:0.6893
2025-10-19 19:14:02 | INFO | EM.print | epoch: 0006 loss_train: 5.1973 task_loss: 0.6956 cont_loss: 8.2769 adv_loss: 0.6640 auroc_train: 0.5005 auprc_train: 0.5022 precision_train: 0.5026 recall_train: 0.4977 f1_train: 0.5001 cm_train: (tn=1082, fp=1058, fn=1079, tp=1069)
2025-10-19 19:14:02 | INFO | EM.print | -------- Epoch 7 --------
2025-10-19 19:14:02 | INFO | EM.print | [AUG][online][epoch=7][iter=0] start name=random_permute_features noise_std=0.01 mask_rate=0.1 seed=6000
2025-10-19 19:14:02 | INFO | EM.print | [AUG][online][epoch=7][iter=0] done name=random_permute_features shape=(1140, 1140)
2025-10-19 19:14:02 | INFO | EM.print | [ONLINE-AUG] mode=online name=random_permute_features noise_std=0.01 mask_rate=0.1 base_seed=0
2025-10-19 19:14:02 | INFO | EM.print | epoch: 7/ iteration: 1/ loss_train: 5.1969576 | task_loss:0.7009 cont_loss:8.2726 adv_loss:0.6632
2025-10-19 19:14:07 | INFO | EM.print | epoch: 0007 loss_train: 5.1612 task_loss: 0.6759 cont_loss: 8.2390 adv_loss: 0.6511 auroc_train: 0.5238 auprc_train: 0.5099 precision_train: 0.5145 recall_train: 0.5389 f1_train: 0.5264 cm_train: (tn=1052, fp=1091, fn=989, tp=1156)
2025-10-19 19:14:07 | INFO | EM.print | -------- Epoch 8 --------
2025-10-19 19:14:07 | INFO | EM.print | [AUG][online][epoch=8][iter=0] start name=random_permute_features noise_std=0.01 mask_rate=0.1 seed=7000
2025-10-19 19:14:07 | INFO | EM.print | [AUG][online][epoch=8][iter=0] done name=random_permute_features shape=(1140, 1140)
2025-10-19 19:14:07 | INFO | EM.print | [ONLINE-AUG] mode=online name=random_permute_features noise_std=0.01 mask_rate=0.1 base_seed=0
2025-10-19 19:14:07 | INFO | EM.print | epoch: 8/ iteration: 1/ loss_train: 5.147803 | task_loss:0.6694 cont_loss:8.2481 adv_loss:0.6203
2025-10-19 19:14:12 | INFO | EM.print | epoch: 0008 loss_train: 5.0673 task_loss: 0.5203 cont_loss: 8.2647 adv_loss: 0.5752 auroc_train: 0.6601 auprc_train: 0.6379 precision_train: 0.5982 recall_train: 0.6999 f1_train: 0.6451 cm_train: (tn=1133, fp=1009, fn=644, tp=1502)
2025-10-19 19:14:12 | INFO | EM.print | -------- Epoch 9 --------
2025-10-19 19:14:12 | INFO | EM.print | [AUG][online][epoch=9][iter=0] start name=random_permute_features noise_std=0.01 mask_rate=0.1 seed=8000
2025-10-19 19:14:12 | INFO | EM.print | [AUG][online][epoch=9][iter=0] done name=random_permute_features shape=(1140, 1140)
2025-10-19 19:14:12 | INFO | EM.print | [ONLINE-AUG] mode=online name=random_permute_features noise_std=0.01 mask_rate=0.1 base_seed=0
2025-10-19 19:14:12 | INFO | EM.print | epoch: 9/ iteration: 1/ loss_train: 5.1163797 | task_loss:0.6433 cont_loss:8.2635 adv_loss:0.5639
2025-10-19 19:14:17 | INFO | EM.print | epoch: 0009 loss_train: 5.0718 task_loss: 0.5105 cont_loss: 8.2790 adv_loss: 0.5772 auroc_train: 0.8076 auprc_train: 0.7957 precision_train: 0.7141 recall_train: 0.7484 f1_train: 0.7308 cm_train: (tn=1499, fp=643, fn=540, tp=1606)
2025-10-19 19:14:17 | INFO | EM.print | -------- Epoch 10 --------
2025-10-19 19:14:17 | INFO | EM.print | [AUG][online][epoch=10][iter=0] start name=random_permute_features noise_std=0.01 mask_rate=0.1 seed=9000
2025-10-19 19:14:17 | INFO | EM.print | [AUG][online][epoch=10][iter=0] done name=random_permute_features shape=(1140, 1140)
2025-10-19 19:14:17 | INFO | EM.print | [ONLINE-AUG] mode=online name=random_permute_features noise_std=0.01 mask_rate=0.1 base_seed=0
2025-10-19 19:14:17 | INFO | EM.print | epoch: 10/ iteration: 1/ loss_train: 5.019193 | task_loss:0.4184 cont_loss:8.2777 adv_loss:0.5563
2025-10-19 19:14:22 | INFO | EM.print | epoch: 0010 loss_train: 5.0365 task_loss: 0.4637 cont_loss: 8.2926 adv_loss: 0.5338 auroc_train: 0.8671 auprc_train: 0.8533 precision_train: 0.7805 recall_train: 0.8213 f1_train: 0.8004 cm_train: (tn=1650, fp=495, fn=383, tp=1760)
2025-10-19 19:14:22 | INFO | EM.print | Optimization Finished!
2025-10-19 19:14:22 | INFO | EM.result.save | Saved result text: /root/OUTPUT/result/MDA_stageA_eps0.008_steps3_data_20251019_191044/metrics/train_epoch_metrics_fold_4_20251019_191044.csv.txt
2025-10-19 19:14:22 | INFO | EM.print | [SAVE] Per-epoch train metrics saved: train_epoch_metrics_fold_4_20251019_191044.csv
2025-10-19 19:14:23 | INFO | EM.result.save | Saved result text: /root/OUTPUT/result/MDA_stageA_eps0.008_steps3_data_20251019_191044/metrics/threshold_scan_fold_4_20251019_191044.txt
2025-10-19 19:14:23 | INFO | EM.print | loss_test: 4.9798 auroc_test: 0.9297 auprc_test: 0.9260 precision_test: 0.8065 recall_test: 0.9241 f1_test: 0.8613 cm_test: (tn=396, fp=114, fn=39, tp=475)
2025-10-19 19:14:23 | INFO | EM | Fold 4 completed.
2025-10-19 19:14:23 | INFO | EM | === Fold 5/5 ===
2025-10-19 19:14:23 | INFO | EM.result.save | Saved result text: /root/OUTPUT/result/MDA_stageA_eps0.008_steps3_data_20251019_191044/metrics/adv_config_fold_5_20251019_191044.json.txt
2025-10-19 19:14:23 | INFO | EM.print | [SAVE] adv config saved: metrics/adv_config_fold_5_20251019_191044.json
2025-10-19 19:14:23 | INFO | EM.print | Start Training...
2025-10-19 19:14:23 | INFO | EM.print | -------- Epoch 1 --------
2025-10-19 19:14:23 | INFO | EM.print | [AUG][online][epoch=1][iter=0] start name=random_permute_features noise_std=0.01 mask_rate=0.1 seed=0
2025-10-19 19:14:23 | INFO | EM.print | [AUG][online][epoch=1][iter=0] done name=random_permute_features shape=(1140, 1140)
2025-10-19 19:14:23 | INFO | EM.print | [ONLINE-AUG] mode=online name=random_permute_features noise_std=0.01 mask_rate=0.1 base_seed=0
2025-10-19 19:14:23 | INFO | EM.print | epoch: 1/ iteration: 1/ loss_train: 0.72196877 | task_loss:0.6834 cont_loss:0.0919 adv_loss:0.7278
2025-10-19 19:14:25 | INFO | EM.print | epoch: 0001 loss_train: 4.6559 task_loss: 0.3436 cont_loss: 8.0510 adv_loss: 0.1465 auroc_train: 0.9080 auprc_train: 0.8941 precision_train: 0.8166 recall_train: 0.8554 f1_train: 0.8355 cm_train: (tn=1732, fp=412, fn=310, tp=1834)
2025-10-19 19:14:25 | INFO | EM.print | -------- Epoch 2 --------
2025-10-19 19:14:25 | INFO | EM.print | [AUG][online][epoch=2][iter=0] start name=random_permute_features noise_std=0.01 mask_rate=0.1 seed=1000
2025-10-19 19:14:25 | INFO | EM.print | [AUG][online][epoch=2][iter=0] done name=random_permute_features shape=(1140, 1140)
2025-10-19 19:14:25 | INFO | EM.print | [ONLINE-AUG] mode=online name=random_permute_features noise_std=0.01 mask_rate=0.1 base_seed=0
2025-10-19 19:14:25 | INFO | EM.print | epoch: 2/ iteration: 1/ loss_train: 4.570888 | task_loss:0.1772 cont_loss:8.0620 adv_loss:0.1141
2025-10-19 19:14:26 | INFO | EM.print | epoch: 0002 loss_train: 4.5582 task_loss: 0.3819 cont_loss: 7.9492 adv_loss: 0.0286 auroc_train: 0.9495 auprc_train: 0.9455 precision_train: 0.8665 recall_train: 0.8875 f1_train: 0.8769 cm_train: (tn=1852, fp=293, fn=241, tp=1902)
2025-10-19 19:14:26 | INFO | EM.print | -------- Epoch 3 --------
2025-10-19 19:14:26 | INFO | EM.print | [AUG][online][epoch=3][iter=0] start name=random_permute_features noise_std=0.01 mask_rate=0.1 seed=2000
2025-10-19 19:14:26 | INFO | EM.print | [AUG][online][epoch=3][iter=0] done name=random_permute_features shape=(1140, 1140)
2025-10-19 19:14:26 | INFO | EM.print | [ONLINE-AUG] mode=online name=random_permute_features noise_std=0.01 mask_rate=0.1 base_seed=0
2025-10-19 19:14:26 | INFO | EM.print | epoch: 3/ iteration: 1/ loss_train: 14.458397 | task_loss:1.2010 cont_loss:6.3813 adv_loss:20.8165
2025-10-19 19:14:31 | INFO | EM.print | epoch: 0003 loss_train: 5.2144 task_loss: 0.7017 cont_loss: 8.2536 adv_loss: 0.7183 auroc_train: 0.4605 auprc_train: 0.4659 precision_train: 0.4750 recall_train: 0.4921 f1_train: 0.4834 cm_train: (tn=981, fp=1165, fn=1088, tp=1054)
2025-10-19 19:14:31 | INFO | EM.print | -------- Epoch 4 --------
2025-10-19 19:14:31 | INFO | EM.print | [AUG][online][epoch=4][iter=0] start name=random_permute_features noise_std=0.01 mask_rate=0.1 seed=3000
2025-10-19 19:14:31 | INFO | EM.print | [AUG][online][epoch=4][iter=0] done name=random_permute_features shape=(1140, 1140)
2025-10-19 19:14:31 | INFO | EM.print | [ONLINE-AUG] mode=online name=random_permute_features noise_std=0.01 mask_rate=0.1 base_seed=0
2025-10-19 19:14:31 | INFO | EM.print | epoch: 4/ iteration: 1/ loss_train: 5.218905 | task_loss:0.6929 cont_loss:8.2720 adv_loss:0.7150
2025-10-19 19:14:36 | INFO | EM.print | epoch: 0004 loss_train: 5.2472 task_loss: 0.7288 cont_loss: 8.3103 adv_loss: 0.6972 auroc_train: 0.4888 auprc_train: 0.4925 precision_train: 0.4917 recall_train: 0.4967 f1_train: 0.4942 cm_train: (tn=1040, fp=1102, fn=1080, tp=1066)
2025-10-19 19:14:36 | INFO | EM.print | -------- Epoch 5 --------
2025-10-19 19:14:37 | INFO | EM.print | [AUG][online][epoch=5][iter=0] start name=random_permute_features noise_std=0.01 mask_rate=0.1 seed=4000
2025-10-19 19:14:37 | INFO | EM.print | [AUG][online][epoch=5][iter=0] done name=random_permute_features shape=(1140, 1140)
2025-10-19 19:14:37 | INFO | EM.print | [ONLINE-AUG] mode=online name=random_permute_features noise_std=0.01 mask_rate=0.1 base_seed=0
2025-10-19 19:14:37 | INFO | EM.print | epoch: 5/ iteration: 1/ loss_train: 5.2382035 | task_loss:0.7030 cont_loss:8.3140 adv_loss:0.6983
2025-10-19 19:14:42 | INFO | EM.print | epoch: 0005 loss_train: 5.2320 task_loss: 0.6937 cont_loss: 8.3124 adv_loss: 0.6960 auroc_train: 0.4986 auprc_train: 0.4933 precision_train: 0.5048 recall_train: 0.4212 f1_train: 0.4592 cm_train: (tn=1258, fp=886, fn=1241, tp=903)
2025-10-19 19:14:42 | INFO | EM.print | -------- Epoch 6 --------
2025-10-19 19:14:42 | INFO | EM.print | [AUG][online][epoch=6][iter=0] start name=random_permute_features noise_std=0.01 mask_rate=0.1 seed=5000
2025-10-19 19:14:42 | INFO | EM.print | [AUG][online][epoch=6][iter=0] done name=random_permute_features shape=(1140, 1140)
2025-10-19 19:14:42 | INFO | EM.print | [ONLINE-AUG] mode=online name=random_permute_features noise_std=0.01 mask_rate=0.1 base_seed=0
2025-10-19 19:14:42 | INFO | EM.print | epoch: 6/ iteration: 1/ loss_train: 5.2309976 | task_loss:0.6942 cont_loss:8.3130 adv_loss:0.6930
2025-10-19 19:14:47 | INFO | EM.print | epoch: 0006 loss_train: 5.2281 task_loss: 0.6914 cont_loss: 8.3076 adv_loss: 0.6956 auroc_train: 0.4883 auprc_train: 0.4858 precision_train: 0.4908 recall_train: 0.5207 f1_train: 0.5053 cm_train: (tn=981, fp=1160, fn=1029, tp=1118)
2025-10-19 19:14:47 | INFO | EM.print | -------- Epoch 7 --------
2025-10-19 19:14:47 | INFO | EM.print | [AUG][online][epoch=7][iter=0] start name=random_permute_features noise_std=0.01 mask_rate=0.1 seed=6000
2025-10-19 19:14:47 | INFO | EM.print | [AUG][online][epoch=7][iter=0] done name=random_permute_features shape=(1140, 1140)
2025-10-19 19:14:47 | INFO | EM.print | [ONLINE-AUG] mode=online name=random_permute_features noise_std=0.01 mask_rate=0.1 base_seed=0
2025-10-19 19:14:47 | INFO | EM.print | epoch: 7/ iteration: 1/ loss_train: 5.2258315 | task_loss:0.6891 cont_loss:8.3069 adv_loss:0.6939
2025-10-19 19:14:52 | INFO | EM.print | epoch: 0007 loss_train: 5.2271 task_loss: 0.6993 cont_loss: 8.3007 adv_loss: 0.6940 auroc_train: 0.4964 auprc_train: 0.4960 precision_train: 0.5012 recall_train: 0.6601 f1_train: 0.5698 cm_train: (tn=734, fp=1409, fn=729, tp=1416)
2025-10-19 19:14:52 | INFO | EM.print | -------- Epoch 8 --------
2025-10-19 19:14:52 | INFO | EM.print | [AUG][online][epoch=8][iter=0] start name=random_permute_features noise_std=0.01 mask_rate=0.1 seed=7000
2025-10-19 19:14:52 | INFO | EM.print | [AUG][online][epoch=8][iter=0] done name=random_permute_features shape=(1140, 1140)
2025-10-19 19:14:52 | INFO | EM.print | [ONLINE-AUG] mode=online name=random_permute_features noise_std=0.01 mask_rate=0.1 base_seed=0
2025-10-19 19:14:52 | INFO | EM.print | epoch: 8/ iteration: 1/ loss_train: 5.2266955 | task_loss:0.6978 cont_loss:8.3017 adv_loss:0.6935
2025-10-19 19:14:57 | INFO | EM.print | epoch: 0008 loss_train: 5.2185 task_loss: 0.6949 cont_loss: 8.2932 adv_loss: 0.6890 auroc_train: 0.4973 auprc_train: 0.4947 precision_train: 0.4975 recall_train: 0.6110 f1_train: 0.5485 cm_train: (tn=821, fp=1323, fn=834, tp=1310)
2025-10-19 19:14:57 | INFO | EM.print | -------- Epoch 9 --------
2025-10-19 19:14:57 | INFO | EM.print | [AUG][online][epoch=9][iter=0] start name=random_permute_features noise_std=0.01 mask_rate=0.1 seed=8000
2025-10-19 19:14:57 | INFO | EM.print | [AUG][online][epoch=9][iter=0] done name=random_permute_features shape=(1140, 1140)
2025-10-19 19:14:57 | INFO | EM.print | [ONLINE-AUG] mode=online name=random_permute_features noise_std=0.01 mask_rate=0.1 base_seed=0
2025-10-19 19:14:58 | INFO | EM.print | epoch: 9/ iteration: 1/ loss_train: 5.217241 | task_loss:0.6940 cont_loss:8.2916 adv_loss:0.6891
2025-10-19 19:15:03 | INFO | EM.print | epoch: 0009 loss_train: 5.1781 task_loss: 0.6943 cont_loss: 8.2345 adv_loss: 0.6735 auroc_train: 0.4962 auprc_train: 0.5028 precision_train: 0.4931 recall_train: 0.4970 f1_train: 0.4950 cm_train: (tn=1050, fp=1095, fn=1078, tp=1065)
2025-10-19 19:15:03 | INFO | EM.print | -------- Epoch 10 --------
2025-10-19 19:15:03 | INFO | EM.print | [AUG][online][epoch=10][iter=0] start name=random_permute_features noise_std=0.01 mask_rate=0.1 seed=9000
2025-10-19 19:15:03 | INFO | EM.print | [AUG][online][epoch=10][iter=0] done name=random_permute_features shape=(1140, 1140)
2025-10-19 19:15:03 | INFO | EM.print | [ONLINE-AUG] mode=online name=random_permute_features noise_std=0.01 mask_rate=0.1 base_seed=0
2025-10-19 19:15:03 | INFO | EM.print | epoch: 10/ iteration: 1/ loss_train: 5.1659074 | task_loss:0.6835 cont_loss:8.2204 adv_loss:0.6743
2025-10-19 19:15:08 | INFO | EM.print | epoch: 0010 loss_train: 5.1748 task_loss: 0.6725 cont_loss: 8.2762 adv_loss: 0.6405 auroc_train: 0.5362 auprc_train: 0.5285 precision_train: 0.5201 recall_train: 0.5082 f1_train: 0.5140 cm_train: (tn=1140, fp=1005, fn=1054, tp=1089)
2025-10-19 19:15:08 | INFO | EM.print | Optimization Finished!
2025-10-19 19:15:08 | INFO | EM.result.save | Saved result text: /root/OUTPUT/result/MDA_stageA_eps0.008_steps3_data_20251019_191044/metrics/train_epoch_metrics_fold_5_20251019_191044.csv.txt
2025-10-19 19:15:08 | INFO | EM.print | [SAVE] Per-epoch train metrics saved: train_epoch_metrics_fold_5_20251019_191044.csv
2025-10-19 19:15:09 | INFO | EM.result.save | Saved result text: /root/OUTPUT/result/MDA_stageA_eps0.008_steps3_data_20251019_191044/metrics/threshold_scan_fold_5_20251019_191044.txt
2025-10-19 19:15:09 | INFO | EM.print | loss_test: 5.1752 auroc_test: 0.6733 auprc_test: 0.6314 precision_test: 0.6449 recall_test: 0.5770 f1_test: 0.6091 cm_test: (tn=348, fp=163, fn=217, tp=296)
2025-10-19 19:15:09 | INFO | EM | Fold 5 completed.
2025-10-19 19:15:09 | INFO | EM | === 5-Fold Cross Validation Results ===
2025-10-19 19:15:09 | INFO | EM | AUROC: 0.8269 ± 0.0942
2025-10-19 19:15:09 | INFO | EM | AUPRC: 0.7976 ± 0.1133
2025-10-19 19:15:09 | INFO | EM | F1-Score: 0.7549 ± 0.0999
2025-10-19 19:15:09 | INFO | EM | Loss: 5.0880 ± 0.0965
2025-10-19 19:15:09 | INFO | EM.result.save | Saved result text: /root/OUTPUT/result/MDA_stageA_eps0.008_steps3_data_20251019_191044/result_summary_20251019_191044.txt
2025-10-19 19:15:09 | INFO | EM | Detailed Results:
2025-10-19 19:15:09 | INFO | EM | Fold 1: AUROC=0.8648, AUPRC=0.8552, F1=0.7955
2025-10-19 19:15:09 | INFO | EM | Fold 2: AUROC=0.8990, AUPRC=0.8789, F1=0.8427
2025-10-19 19:15:09 | INFO | EM | Fold 3: AUROC=0.7674, AUPRC=0.6966, F1=0.6658
2025-10-19 19:15:09 | INFO | EM | Fold 4: AUROC=0.9297, AUPRC=0.9260, F1=0.8613
2025-10-19 19:15:09 | INFO | EM | Fold 5: AUROC=0.6733, AUPRC=0.6314, F1=0.6091
2025-10-19 19:15:09 | INFO | EM.result.save | Saved result text: /root/OUTPUT/result/MDA_stageA_eps0.008_steps3_data_20251019_191044/per_fold_20251019_191044.txt
2025-10-19 19:15:09 | INFO | EM.result.save | Saved result text: /root/OUTPUT/result/MDA_stageA_eps0.008_steps3_data_20251019_191044/metrics/result_extra_20251019_191044.txt
2025-10-19 19:15:09 | INFO | EM | Precision: 0.6956 ± 0.1155
2025-10-19 19:15:09 | INFO | EM | Recall: 0.8542 ± 0.1448
2025-10-19 19:15:09 | INFO | EM | Confusion Matrix (sum): tn=1482, fp=1075, fn=374, tp=2189
2025-10-19 19:15:09 | INFO | EM | All folds completed!
2025-10-19 19:15:09 | INFO | EM | ================================================================================
2025-10-19 19:15:09 | INFO | EM | RUN END   | run_id=20251019_191044 | run_name=MDA_stageA_eps0.008_steps3
2025-10-19 19:15:09 | INFO | EM | RESULT DIR: /root/OUTPUT/result/MDA_stageA_eps0.008_steps3_data_20251019_191044
2025-10-19 19:15:09 | INFO | EM | ================================================================================
